#! /usr/local/bin/vvp
:ivl_version "14.0 (devel)" "(s20251012-116-g98391b56b)";
:ivl_delay_selection "TYPICAL";
:vpi_time_precision + 0;
:vpi_module "/usr/local/lib/ivl/system.vpi";
:vpi_module "/usr/local/lib/ivl/vhdl_sys.vpi";
:vpi_module "/usr/local/lib/ivl/vhdl_textio.vpi";
:vpi_module "/usr/local/lib/ivl/v2005_math.vpi";
:vpi_module "/usr/local/lib/ivl/va_math.vpi";
S_0x7def50 .scope module, "multiplexor_test" "multiplexor_test" 2 1;
 .timescale 0 0;
P_0x7de8a0 .param/l "WIDTH" 1 2 3, +C4<00000000000000000000000000000101>;
v0x82f770_0 .var "in0", 4 0;
v0x82f850_0 .var "in1", 4 0;
v0x82f920_0 .net "mux_out", 4 0, L_0x82faf0;  1 drivers
v0x82fa20_0 .var "sel", 0 0;
S_0x7f15f0 .scope task, "expect" "expect" 2 22, 2 22 0, S_0x7def50;
 .timescale 0 0;
v0x7f17d0_0 .var "exp_out", 4 0;
TD_multiplexor_test.expect ;
    %load/vec4 v0x82f920_0;
    %load/vec4 v0x7f17d0_0;
    %cmp/ne;
    %jmp/0xz  T_0.0, 6;
    %vpi_call 2 25 "$display", "TEST FAILED" {0 0 0};
    %vpi_call 2 26 "$display", "At time %0d sel=%b in0=%b in1=%b mux_out=%b", $time, v0x82fa20_0, v0x82f770_0, v0x82f850_0, v0x82f920_0 {0 0 0};
    %vpi_call 2 28 "$display", "mux_out should be %b", v0x7f17d0_0 {0 0 0};
    %vpi_call 2 29 "$finish" {0 0 0};
    %jmp T_0.1;
T_0.0 ;
    %vpi_call 2 32 "$display", "At time %0d sel=%b in0=%b in1=%b, mux_out=%b", $time, v0x82fa20_0, v0x82f770_0, v0x82f850_0, v0x82f920_0 {0 0 0};
T_0.1 ;
    %end;
S_0x82f050 .scope module, "multiplexor_inst" "multiplexor" 2 14, 3 1 0, S_0x7def50;
 .timescale 0 0;
    .port_info 0 /INPUT 5 "in0";
    .port_info 1 /INPUT 5 "in1";
    .port_info 2 /INPUT 1 "sel";
    .port_info 3 /OUTPUT 5 "mux_out";
P_0x82f250 .param/l "WIDTH" 0 3 3, +C4<00000000000000000000000000000101>;
v0x82f350_0 .net "in0", 4 0, v0x82f770_0;  1 drivers
v0x82f430_0 .net "in1", 4 0, v0x82f850_0;  1 drivers
v0x82f510_0 .net "mux_out", 4 0, L_0x82faf0;  alias, 1 drivers
v0x82f600_0 .net "sel", 0 0, v0x82fa20_0;  1 drivers
L_0x82faf0 .functor MUXZ 5, v0x82f770_0, v0x82f850_0, v0x82fa20_0, C4<>;
    .scope S_0x7def50;
T_1 ;
    %pushi/vec4 0, 0, 1;
    %store/vec4 v0x82fa20_0, 0, 1;
    %pushi/vec4 21, 0, 5;
    %store/vec4 v0x82f770_0, 0, 5;
    %pushi/vec4 0, 0, 5;
    %store/vec4 v0x82f850_0, 0, 5;
    %delay 1, 0;
    %pushi/vec4 21, 0, 5;
    %store/vec4 v0x7f17d0_0, 0, 5;
    %fork TD_multiplexor_test.expect, S_0x7f15f0;
    %join;
    %pushi/vec4 0, 0, 1;
    %store/vec4 v0x82fa20_0, 0, 1;
    %pushi/vec4 10, 0, 5;
    %store/vec4 v0x82f770_0, 0, 5;
    %pushi/vec4 0, 0, 5;
    %store/vec4 v0x82f850_0, 0, 5;
    %delay 1, 0;
    %pushi/vec4 10, 0, 5;
    %store/vec4 v0x7f17d0_0, 0, 5;
    %fork TD_multiplexor_test.expect, S_0x7f15f0;
    %join;
    %pushi/vec4 1, 0, 1;
    %store/vec4 v0x82fa20_0, 0, 1;
    %pushi/vec4 0, 0, 5;
    %store/vec4 v0x82f770_0, 0, 5;
    %pushi/vec4 21, 0, 5;
    %store/vec4 v0x82f850_0, 0, 5;
    %delay 1, 0;
    %pushi/vec4 21, 0, 5;
    %store/vec4 v0x7f17d0_0, 0, 5;
    %fork TD_multiplexor_test.expect, S_0x7f15f0;
    %join;
    %pushi/vec4 1, 0, 1;
    %store/vec4 v0x82fa20_0, 0, 1;
    %pushi/vec4 0, 0, 5;
    %store/vec4 v0x82f770_0, 0, 5;
    %pushi/vec4 10, 0, 5;
    %store/vec4 v0x82f850_0, 0, 5;
    %delay 1, 0;
    %pushi/vec4 10, 0, 5;
    %store/vec4 v0x7f17d0_0, 0, 5;
    %fork TD_multiplexor_test.expect, S_0x7f15f0;
    %join;
    %vpi_call 2 42 "$display", "TEST PASSED" {0 0 0};
    %vpi_call 2 43 "$finish" {0 0 0};
    %end;
    .thread T_1;
# The file index is used to find the file name in the following table.
:file_names 4;
    "N/A";
    "<interactive>";
    "./multiplexor_test.v";
    "./multiplexor.v";
