#! /usr/local/bin/vvp
:ivl_version "14.0 (devel)" "(s20251012-116-g98391b56b)";
:ivl_delay_selection "TYPICAL";
:vpi_time_precision - 12;
:vpi_module "/usr/local/lib/ivl/system.vpi";
:vpi_module "/usr/local/lib/ivl/vhdl_sys.vpi";
:vpi_module "/usr/local/lib/ivl/vhdl_textio.vpi";
:vpi_module "/usr/local/lib/ivl/v2005_math.vpi";
:vpi_module "/usr/local/lib/ivl/va_math.vpi";
S_0x1b2bf50 .scope module, "mx_sin_top_tb" "mx_sin_top_tb" 2 3;
 .timescale -9 -12;
v0x1bc2180_0 .net "any_nan", 0 0, v0x1bbdfb0_0;  1 drivers
v0x1bc2290_0 .var "elems_in", 31 0;
v0x1bc23a0_0 .net "elems_out", 31 0, v0x1bc0c10_0;  1 drivers
v0x1bc2490_0 .var/i "errors", 31 0;
v0x1bc2570_0 .net "overflow", 0 0, v0x1bc1160_0;  1 drivers
v0x1bc26b0_0 .var "scale_in", 7 0;
v0x1bc27c0_0 .net "scale_out", 7 0, v0x1bc1220_0;  1 drivers
S_0x1b88ca0 .scope module, "dut" "mx_loopback_top" 2 13, 3 1 0, S_0x1b2bf50;
 .timescale 0 0;
    .port_info 0 /INPUT 32 "elems_in";
    .port_info 1 /INPUT 8 "scale_in";
    .port_info 2 /OUTPUT 32 "elems_out";
    .port_info 3 /OUTPUT 8 "scale_out";
    .port_info 4 /OUTPUT 1 "any_nan";
    .port_info 5 /OUTPUT 1 "overflow";
v0x1bc13e0_0 .net "any_nan", 0 0, v0x1bbdfb0_0;  alias, 1 drivers
v0x1bc14d0_0 .net "elems_in", 31 0, v0x1bc2290_0;  1 drivers
v0x1bc15a0_0 .net "elems_out", 31 0, v0x1bc0c10_0;  alias, 1 drivers
v0x1bc16a0_0 .net "overflow", 0 0, v0x1bc1160_0;  alias, 1 drivers
v0x1bc1770_0 .net/s "phase0_q16", 31 0, v0x1bbe520_0;  1 drivers
v0x1bc1860_0 .net/s "phase1_q16", 31 0, v0x1bbe600_0;  1 drivers
v0x1bc1950_0 .net/s "phase2_q16", 31 0, v0x1bbe6e0_0;  1 drivers
v0x1bc1a40_0 .net/s "phase3_q16", 31 0, v0x1bbe7c0_0;  1 drivers
v0x1bc1b50_0 .net "scale_in", 7 0, v0x1bc26b0_0;  1 drivers
v0x1bc1c10_0 .net "scale_out", 7 0, v0x1bc1220_0;  alias, 1 drivers
S_0x1b88e80 .scope module, "u_decoder" "mx_decoder" 3 14, 4 1 0, S_0x1b88ca0;
 .timescale 0 0;
    .port_info 0 /INPUT 32 "elems_in";
    .port_info 1 /INPUT 8 "scale_in";
    .port_info 2 /OUTPUT 32 "phase0_q16";
    .port_info 3 /OUTPUT 32 "phase1_q16";
    .port_info 4 /OUTPUT 32 "phase2_q16";
    .port_info 5 /OUTPUT 32 "phase3_q16";
    .port_info 6 /OUTPUT 1 "any_nan";
v0x1bbdc30_0 .net *"_ivl_1", 7 0, L_0x1bc28d0;  1 drivers
v0x1bbdd30_0 .net *"_ivl_13", 7 0, L_0x1bc2e20;  1 drivers
v0x1bbde10_0 .net *"_ivl_5", 7 0, L_0x1bc2a80;  1 drivers
v0x1bbded0_0 .net *"_ivl_9", 7 0, L_0x1bc2c50;  1 drivers
v0x1bbdfb0_0 .var "any_nan", 0 0;
v0x1bbe0c0_0 .net "elems_in", 31 0, v0x1bc2290_0;  alias, 1 drivers
v0x1bbe1a0_0 .net/s "p0", 31 0, L_0x1bc2970;  1 drivers
v0x1bbe280_0 .net/s "p1", 31 0, L_0x1bc2bb0;  1 drivers
v0x1bbe360_0 .net/s "p2", 31 0, L_0x1bc2cf0;  1 drivers
v0x1bbe440_0 .net/s "p3", 31 0, L_0x1bc2ec0;  1 drivers
v0x1bbe520_0 .var/s "phase0_q16", 31 0;
v0x1bbe600_0 .var/s "phase1_q16", 31 0;
v0x1bbe6e0_0 .var/s "phase2_q16", 31 0;
v0x1bbe7c0_0 .var/s "phase3_q16", 31 0;
v0x1bbe8a0_0 .net "scale_in", 7 0, v0x1bc26b0_0;  alias, 1 drivers
E_0x1b6aeb0/0 .event anyedge, v0x1bbe1a0_0, v0x1bbe8a0_0, v0x1bbe280_0, v0x1bbe360_0;
E_0x1b6aeb0/1 .event anyedge, v0x1bbe440_0;
E_0x1b6aeb0 .event/or E_0x1b6aeb0/0, E_0x1b6aeb0/1;
L_0x1bc28d0 .part v0x1bc2290_0, 0, 8;
L_0x1bc2970 .ufunc/vec4 TD_mx_sin_top_tb.dut.u_decoder.decode_e5m2_q16, 32, L_0x1bc28d0 (v0x1bbd1b0_0) S_0x1b85120;
L_0x1bc2a80 .part v0x1bc2290_0, 8, 8;
L_0x1bc2bb0 .ufunc/vec4 TD_mx_sin_top_tb.dut.u_decoder.decode_e5m2_q16, 32, L_0x1bc2a80 (v0x1bbd1b0_0) S_0x1b85120;
L_0x1bc2c50 .part v0x1bc2290_0, 16, 8;
L_0x1bc2cf0 .ufunc/vec4 TD_mx_sin_top_tb.dut.u_decoder.decode_e5m2_q16, 32, L_0x1bc2c50 (v0x1bbd1b0_0) S_0x1b85120;
L_0x1bc2e20 .part v0x1bc2290_0, 24, 8;
L_0x1bc2ec0 .ufunc/vec4 TD_mx_sin_top_tb.dut.u_decoder.decode_e5m2_q16, 32, L_0x1bc2e20 (v0x1bbd1b0_0) S_0x1b85120;
S_0x1b85120 .scope autofunction.vec4.u32, "decode_e5m2_q16" "decode_e5m2_q16" 4 11, 4 11 0, S_0x1b88e80;
 .timescale 0 0;
; Variable decode_e5m2_q16 is vec4 return value of scope S_0x1b85120
v0x1b9a580_0 .var "exp", 4 0;
v0x1bbd0f0_0 .var/i "exp_unbias", 31 0;
v0x1bbd1b0_0 .var "fp", 7 0;
v0x1bbd290_0 .var/i "frac_q16", 31 0;
v0x1bbd3c0_0 .var "mant", 1 0;
v0x1bbd4a0_0 .var/i "sig_q16", 31 0;
v0x1bbd580_0 .var "sign", 0 0;
v0x1bbd640_0 .var/s "tmp", 63 0;
TD_mx_sin_top_tb.dut.u_decoder.decode_e5m2_q16 ;
    %load/vec4 v0x1bbd1b0_0;
    %parti/s 1, 7, 4;
    %store/vec4 v0x1bbd580_0, 0, 1;
    %load/vec4 v0x1bbd1b0_0;
    %parti/s 5, 2, 3;
    %store/vec4 v0x1b9a580_0, 0, 5;
    %load/vec4 v0x1bbd1b0_0;
    %parti/s 2, 0, 2;
    %store/vec4 v0x1bbd3c0_0, 0, 2;
    %load/vec4 v0x1b9a580_0;
    %cmpi/e 31, 0, 5;
    %jmp/0xz  T_0.0, 4;
    %pushi/vec4 2147483647, 0, 32;
    %ret/vec4 0, 0, 32;  Assign to decode_e5m2_q16 (store_vec4_to_lval)
    %jmp T_0.1;
T_0.0 ;
    %load/vec4 v0x1b9a580_0;
    %cmpi/e 0, 0, 5;
    %jmp/0xz  T_0.2, 4;
    %load/vec4 v0x1bbd3c0_0;
    %cmpi/e 0, 0, 2;
    %jmp/0xz  T_0.4, 4;
    %pushi/vec4 0, 0, 32;
    %ret/vec4 0, 0, 32;  Assign to decode_e5m2_q16 (store_vec4_to_lval)
    %jmp T_0.5;
T_0.4 ;
    %pushi/vec4 0, 0, 14;
    %load/vec4 v0x1bbd3c0_0;
    %concat/vec4; draw_concat_vec4
    %pad/u 32;
    %ix/load 4, 14, 0;
    %flag_set/imm 4, 0;
    %shiftl 4;
    %store/vec4 v0x1bbd290_0, 0, 32;
    %pushi/vec4 4294967282, 0, 32;
    %store/vec4 v0x1bbd0f0_0, 0, 32;
    %load/vec4 v0x1bbd290_0;
    %pad/s 64;
    %load/vec4 v0x1bbd0f0_0;
    %inv;
    %addi 1, 0, 32;
    %ix/vec4 4;
    %shiftr/s 4;
    %store/vec4 v0x1bbd640_0, 0, 64;
    %load/vec4 v0x1bbd580_0;
    %flag_set/vec4 8;
    %jmp/0xz  T_0.6, 8;
    %load/vec4 v0x1bbd640_0;
    %inv;
    %addi 1, 0, 64;
    %store/vec4 v0x1bbd640_0, 0, 64;
T_0.6 ;
    %load/vec4 v0x1bbd640_0;
    %parti/s 32, 0, 2;
    %ret/vec4 0, 0, 32;  Assign to decode_e5m2_q16 (store_vec4_to_lval)
T_0.5 ;
    %jmp T_0.3;
T_0.2 ;
    %pushi/vec4 65536, 0, 32;
    %pushi/vec4 0, 0, 14;
    %load/vec4 v0x1bbd3c0_0;
    %concat/vec4; draw_concat_vec4
    %pad/u 32;
    %ix/load 4, 14, 0;
    %flag_set/imm 4, 0;
    %shiftl 4;
    %add;
    %store/vec4 v0x1bbd4a0_0, 0, 32;
    %pushi/vec4 0, 0, 1;
    %load/vec4 v0x1b9a580_0;
    %concat/vec4; draw_concat_vec4
    %pad/s 32;
    %subi 15, 0, 32;
    %store/vec4 v0x1bbd0f0_0, 0, 32;
    %load/vec4 v0x1bbd0f0_0;
    %cmpi/s 0, 0, 32;
    %flag_inv 5; GE is !LT
    %jmp/0xz  T_0.8, 5;
    %load/vec4 v0x1bbd4a0_0;
    %pad/s 64;
    %load/vec4 v0x1bbd0f0_0;
    %ix/vec4 4;
    %shiftl 4;
    %store/vec4 v0x1bbd640_0, 0, 64;
    %jmp T_0.9;
T_0.8 ;
    %load/vec4 v0x1bbd4a0_0;
    %pad/s 64;
    %load/vec4 v0x1bbd0f0_0;
    %inv;
    %addi 1, 0, 32;
    %ix/vec4 4;
    %shiftr/s 4;
    %store/vec4 v0x1bbd640_0, 0, 64;
T_0.9 ;
    %load/vec4 v0x1bbd580_0;
    %flag_set/vec4 8;
    %jmp/0xz  T_0.10, 8;
    %load/vec4 v0x1bbd640_0;
    %inv;
    %addi 1, 0, 64;
    %store/vec4 v0x1bbd640_0, 0, 64;
T_0.10 ;
    %load/vec4 v0x1bbd640_0;
    %parti/s 32, 0, 2;
    %ret/vec4 0, 0, 32;  Assign to decode_e5m2_q16 (store_vec4_to_lval)
T_0.3 ;
T_0.1 ;
    %end;
S_0x1bbd720 .scope autofunction.vec4.u32, "mul_q16" "mul_q16" 4 48, 4 48 0, S_0x1b88e80;
 .timescale 0 0;
v0x1bbd8d0_0 .var/s "a", 31 0;
v0x1bbd9b0_0 .var/s "b", 7 0;
; Variable mul_q16 is vec4 return value of scope S_0x1bbd720
v0x1bbdb50_0 .var/s "scale_exponent_8bit", 7 0;
TD_mx_sin_top_tb.dut.u_decoder.mul_q16 ;
    %load/vec4 v0x1bbd9b0_0;
    %cmpi/e 255, 0, 8;
    %jmp/1 T_1.14, 4;
    %flag_mov 8, 4;
    %load/vec4 v0x1bbd8d0_0;
    %cmpi/e 2147483647, 0, 32;
    %flag_or 4, 8;
T_1.14;
    %jmp/0xz  T_1.12, 4;
    %pushi/vec4 2147483647, 0, 32;
    %ret/vec4 0, 0, 32;  Assign to mul_q16 (store_vec4_to_lval)
    %jmp T_1.13;
T_1.12 ;
    %pushi/vec4 0, 0, 1;
    %load/vec4 v0x1bbd9b0_0;
    %concat/vec4; draw_concat_vec4
    %subi 127, 0, 9;
    %pad/s 8;
    %store/vec4 v0x1bbdb50_0, 0, 8;
    %load/vec4 v0x1bbdb50_0;
    %pad/s 32;
    %cmpi/s 0, 0, 32;
    %flag_inv 5; GE is !LT
    %jmp/0xz  T_1.15, 5;
    %load/vec4 v0x1bbd8d0_0;
    %load/vec4 v0x1bbdb50_0;
    %ix/vec4 4;
    %shiftl 4;
    %ret/vec4 0, 0, 32;  Assign to mul_q16 (store_vec4_to_lval)
    %jmp T_1.16;
T_1.15 ;
    %load/vec4 v0x1bbd8d0_0;
    %load/vec4 v0x1bbdb50_0;
    %inv;
    %addi 1, 0, 8;
    %ix/vec4 4;
    %shiftr/s 4;
    %ret/vec4 0, 0, 32;  Assign to mul_q16 (store_vec4_to_lval)
T_1.16 ;
T_1.13 ;
    %end;
S_0x1bbea60 .scope module, "u_encoder" "mx_encoder" 3 24, 5 1 0, S_0x1b88ca0;
 .timescale 0 0;
    .port_info 0 /INPUT 32 "in0_q16";
    .port_info 1 /INPUT 32 "in1_q16";
    .port_info 2 /INPUT 32 "in2_q16";
    .port_info 3 /INPUT 32 "in3_q16";
    .port_info 4 /OUTPUT 32 "elems_out";
    .port_info 5 /OUTPUT 8 "scale_out";
    .port_info 6 /OUTPUT 1 "overflow";
v0x1bc0350_0 .var/s "a0", 31 0;
v0x1bc0450_0 .var/s "a1", 31 0;
v0x1bc0530_0 .var/s "a2", 31 0;
v0x1bc05f0_0 .var/s "a3", 31 0;
v0x1bc06d0_0 .var/s "e", 7 0;
v0x1bc0800_0 .var "e5_0", 7 0;
v0x1bc08e0_0 .var "e5_1", 7 0;
v0x1bc09c0_0 .var "e5_2", 7 0;
v0x1bc0aa0_0 .var "e5_3", 7 0;
v0x1bc0c10_0 .var "elems_out", 31 0;
v0x1bc0cf0_0 .net/s "in0_q16", 31 0, v0x1bbe520_0;  alias, 1 drivers
v0x1bc0db0_0 .net/s "in1_q16", 31 0, v0x1bbe600_0;  alias, 1 drivers
v0x1bc0e50_0 .net/s "in2_q16", 31 0, v0x1bbe6e0_0;  alias, 1 drivers
v0x1bc0ef0_0 .net/s "in3_q16", 31 0, v0x1bbe7c0_0;  alias, 1 drivers
v0x1bc0fc0_0 .var/s "maxa", 31 0;
v0x1bc1080_0 .var/i "msb_idx", 31 0;
v0x1bc1160_0 .var "overflow", 0 0;
v0x1bc1220_0 .var "scale_out", 7 0;
E_0x1b4eb10/0 .event anyedge, v0x1bbe520_0, v0x1bbe600_0, v0x1bbe6e0_0, v0x1bbe7c0_0;
E_0x1b4eb10/1 .event anyedge, v0x1bc0350_0, v0x1bc0450_0, v0x1bc0fc0_0, v0x1bc0530_0;
E_0x1b4eb10/2 .event anyedge, v0x1bc05f0_0, v0x1bc1080_0, v0x1bc06d0_0, v0x1bc1220_0;
E_0x1b4eb10/3 .event anyedge, v0x1bc0aa0_0, v0x1bc09c0_0, v0x1bc08e0_0, v0x1bc0800_0;
E_0x1b4eb10 .event/or E_0x1b4eb10/0, E_0x1b4eb10/1, E_0x1b4eb10/2, E_0x1b4eb10/3;
S_0x1bbeca0 .scope autofunction.vec4.u32, "abs32" "abs32" 5 11, 5 11 0, S_0x1bbea60;
 .timescale 0 0;
; Variable abs32 is vec4 return value of scope S_0x1bbeca0
v0x1bbefa0_0 .var/s "v", 31 0;
TD_mx_sin_top_tb.dut.u_encoder.abs32 ;
    %load/vec4 v0x1bbefa0_0;
    %cmpi/s 0, 0, 32;
    %flag_mov 8, 5;
    %jmp/0 T_2.17, 8;
    %load/vec4 v0x1bbefa0_0;
    %inv;
    %addi 1, 0, 32;
    %jmp/1 T_2.18, 8;
T_2.17 ; End of true expr.
    %load/vec4 v0x1bbefa0_0;
    %jmp/0 T_2.18, 8;
 ; End of false expr.
    %blend;
T_2.18;
    %ret/vec4 0, 0, 32;  Assign to abs32 (store_vec4_to_lval)
    %end;
S_0x1bbf080 .scope autofunction.vec4.s8, "enc_e5m2" "enc_e5m2" 5 43, 5 43 0, S_0x1bbea60;
 .timescale 0 0;
v0x1bbf280_0 .var/s "a", 31 0;
v0x1bbf360_0 .var/s "e", 7 0;
; Variable enc_e5m2 is vec4 return value of scope S_0x1bbf080
v0x1bbf500_0 .var "exp", 4 0;
v0x1bbf5e0_0 .var/s "m_q16", 63 0;
v0x1bbf710_0 .var "mant", 1 0;
v0x1bbf7f0_0 .var "sign", 0 0;
v0x1bbf8b0_0 .var/s "val_q16", 31 0;
TD_mx_sin_top_tb.dut.u_encoder.enc_e5m2 ;
    %load/vec4 v0x1bbf8b0_0;
    %parti/s 1, 31, 6;
    %store/vec4 v0x1bbf7f0_0, 0, 1;
    %load/vec4 v0x1bbf7f0_0;
    %flag_set/vec4 8;
    %jmp/0 T_3.19, 8;
    %load/vec4 v0x1bbf8b0_0;
    %inv;
    %addi 1, 0, 32;
    %jmp/1 T_3.20, 8;
T_3.19 ; End of true expr.
    %load/vec4 v0x1bbf8b0_0;
    %jmp/0 T_3.20, 8;
 ; End of false expr.
    %blend;
T_3.20;
    %store/vec4 v0x1bbf280_0, 0, 32;
    %load/vec4 v0x1bbf280_0;
    %cmpi/e 0, 0, 32;
    %jmp/0xz  T_3.21, 4;
    %load/vec4 v0x1bbf7f0_0;
    %concati/vec4 0, 0, 7;
    %ret/vec4 0, 0, 8;  Assign to enc_e5m2 (store_vec4_to_lval)
    %jmp T_3.22;
T_3.21 ;
    %alloc S_0x1bbfdf0;
    %load/vec4 v0x1bbf280_0;
    %load/vec4 v0x1bbf360_0;
    %store/vec4 v0x1bc00d0_0, 0, 8;
    %store/vec4 v0x1bbffd0_0, 0, 32;
    %callf/vec4 TD_mx_sin_top_tb.dut.u_encoder.scale_to_m_q16, S_0x1bbfdf0;
    %free S_0x1bbfdf0;
    %store/vec4 v0x1bbf5e0_0, 0, 64;
    %load/vec4 v0x1bbf5e0_0;
    %cmpi/s 65536, 0, 64;
    %jmp/0xz  T_3.23, 5;
    %pushi/vec4 65536, 0, 64;
    %store/vec4 v0x1bbf5e0_0, 0, 64;
T_3.23 ;
    %load/vec4 v0x1bbf5e0_0;
    %cmpi/s 114688, 0, 64;
    %flag_or 5, 4; GT is !LE
    %flag_inv 5;
    %jmp/0xz  T_3.25, 5;
    %pushi/vec4 114688, 0, 64;
    %store/vec4 v0x1bbf5e0_0, 0, 64;
T_3.25 ;
    %load/vec4 v0x1bbf5e0_0;
    %pushi/vec4 4294967295, 0, 32;
    %concati/vec4 4294909952, 0, 32;
    %add;
    %ix/load 4, 14, 0;
    %flag_set/imm 4, 0;
    %shiftr/s 4;
    %pad/s 2;
    %store/vec4 v0x1bbf710_0, 0, 2;
    %pushi/vec4 15, 0, 5;
    %store/vec4 v0x1bbf500_0, 0, 5;
    %load/vec4 v0x1bbf7f0_0;
    %load/vec4 v0x1bbf500_0;
    %concat/vec4; draw_concat_vec4
    %load/vec4 v0x1bbf710_0;
    %concat/vec4; draw_concat_vec4
    %ret/vec4 0, 0, 8;  Assign to enc_e5m2 (store_vec4_to_lval)
T_3.22 ;
    %end;
S_0x1bbf990 .scope autofunction.vec4.u32, "msb_index32" "msb_index32" 5 18, 5 18 0, S_0x1bbea60;
 .timescale 0 0;
v0x1bbfb70_0 .var/i "i", 31 0;
; Variable msb_index32 is vec4 return value of scope S_0x1bbf990
v0x1bbfd30_0 .var "v", 31 0;
TD_mx_sin_top_tb.dut.u_encoder.msb_index32 ;
    %pushi/vec4 4294967295, 0, 32;
    %ret/vec4 0, 0, 32;  Assign to msb_index32 (store_vec4_to_lval)
    %pushi/vec4 31, 0, 32;
    %store/vec4 v0x1bbfb70_0, 0, 32;
T_4.27 ; Top of for-loop
    %load/vec4 v0x1bbfb70_0;
    %cmpi/s 0, 0, 32;
    %flag_inv 5; GE is !LT
	  %jmp/0xz T_4.28, 5;
    %load/vec4 v0x1bbfd30_0;
    %load/vec4 v0x1bbfb70_0;
    %part/s 1;
    %flag_set/vec4 9;
    %flag_get/vec4 9;
    %jmp/0 T_4.32, 9;
    %retload/vec4 0; Load msb_index32 (draw_signal_vec4)
    %cmpi/s 0, 0, 32;
    %flag_get/vec4 5;
    %and;
T_4.32;
    %flag_set/vec4 8;
    %jmp/0xz  T_4.30, 8;
    %load/vec4 v0x1bbfb70_0;
    %ret/vec4 0, 0, 32;  Assign to msb_index32 (store_vec4_to_lval)
T_4.30 ;
T_4.29 ; for-loop step statement
    %load/vec4 v0x1bbfb70_0;
    %subi 1, 0, 32;
    %store/vec4 v0x1bbfb70_0, 0, 32;
    %jmp T_4.27;
T_4.28 ; for-loop exit label
    %end;
S_0x1bbfdf0 .scope autofunction.vec4.u64, "scale_to_m_q16" "scale_to_m_q16" 5 30, 5 30 0, S_0x1bbea60;
 .timescale 0 0;
v0x1bbffd0_0 .var/s "a", 31 0;
v0x1bc00d0_0 .var/s "e", 7 0;
; Variable scale_to_m_q16 is vec4 return value of scope S_0x1bbfdf0
v0x1bc0270_0 .var/s "t", 63 0;
TD_mx_sin_top_tb.dut.u_encoder.scale_to_m_q16 ;
    %load/vec4 v0x1bbffd0_0;
    %pad/s 64;
    %store/vec4 v0x1bc0270_0, 0, 64;
    %load/vec4 v0x1bc00d0_0;
    %pad/s 32;
    %cmpi/s 0, 0, 32;
    %flag_inv 5; GE is !LT
    %jmp/0xz  T_5.33, 5;
    %load/vec4 v0x1bc0270_0;
    %load/vec4 v0x1bc00d0_0;
    %ix/vec4 4;
    %shiftr/s 4;
    %ret/vec4 0, 0, 64;  Assign to scale_to_m_q16 (store_vec4_to_lval)
    %jmp T_5.34;
T_5.33 ;
    %load/vec4 v0x1bc0270_0;
    %load/vec4 v0x1bc00d0_0;
    %inv;
    %addi 1, 0, 8;
    %ix/vec4 4;
    %shiftl 4;
    %ret/vec4 0, 0, 64;  Assign to scale_to_m_q16 (store_vec4_to_lval)
T_5.34 ;
    %end;
S_0x1bc1d50 .scope task, "run_loopback_case" "run_loopback_case" 2 22, 2 22 0, S_0x1b2bf50;
 .timescale -9 -12;
v0x1bc1f00_0 .var "elems", 31 0;
v0x1bc1fe0_0 .var "name", 255 0;
v0x1bc20c0_0 .var "scale", 7 0;
TD_mx_sin_top_tb.run_loopback_case ;
    %load/vec4 v0x1bc1f00_0;
    %store/vec4 v0x1bc2290_0, 0, 32;
    %load/vec4 v0x1bc20c0_0;
    %store/vec4 v0x1bc26b0_0, 0, 8;
    %delay 1000, 0;
    %vpi_call 2 31 "$display", "CASE %-32s IN scale=0x%02h elems=0x%08h | OUT scale=0x%02h elems=0x%08h any_nan=%0b overflow=%0b", v0x1bc1fe0_0, v0x1bc26b0_0, v0x1bc2290_0, v0x1bc27c0_0, v0x1bc23a0_0, v0x1bc2180_0, v0x1bc2570_0 {0 0 0};
    %load/vec4 v0x1bc2180_0;
    %flag_set/vec4 8;
    %jmp/1 T_6.39, 8;
    %load/vec4 v0x1bc2570_0;
    %flag_set/vec4 9;
    %flag_or 8, 9;
T_6.39;
    %jmp/1 T_6.38, 8;
    %load/vec4 v0x1bc27c0_0;
    %load/vec4 v0x1bc26b0_0;
    %cmp/ne;
    %flag_or 8, 6;
T_6.38;
    %jmp/1 T_6.37, 8;
    %load/vec4 v0x1bc23a0_0;
    %load/vec4 v0x1bc2290_0;
    %cmp/ne;
    %flag_or 8, 6;
T_6.37;
    %jmp/0xz  T_6.35, 8;
    %vpi_call 2 35 "$display", "ERROR %-31s expected scale=0x%02h elems=0x%08h", v0x1bc1fe0_0, v0x1bc26b0_0, v0x1bc2290_0 {0 0 0};
    %load/vec4 v0x1bc2490_0;
    %addi 1, 0, 32;
    %store/vec4 v0x1bc2490_0, 0, 32;
T_6.35 ;
    %end;
    .scope S_0x1b88e80;
T_7 ;
    %wait E_0x1b6aeb0;
    %pushi/vec4 0, 0, 1;
    %store/vec4 v0x1bbdfb0_0, 0, 1;
    %alloc S_0x1bbd720;
    %load/vec4 v0x1bbe1a0_0;
    %load/vec4 v0x1bbe8a0_0;
    %store/vec4 v0x1bbd9b0_0, 0, 8;
    %store/vec4 v0x1bbd8d0_0, 0, 32;
    %callf/vec4 TD_mx_sin_top_tb.dut.u_decoder.mul_q16, S_0x1bbd720;
    %free S_0x1bbd720;
    %store/vec4 v0x1bbe520_0, 0, 32;
    %alloc S_0x1bbd720;
    %load/vec4 v0x1bbe280_0;
    %load/vec4 v0x1bbe8a0_0;
    %store/vec4 v0x1bbd9b0_0, 0, 8;
    %store/vec4 v0x1bbd8d0_0, 0, 32;
    %callf/vec4 TD_mx_sin_top_tb.dut.u_decoder.mul_q16, S_0x1bbd720;
    %free S_0x1bbd720;
    %store/vec4 v0x1bbe600_0, 0, 32;
    %alloc S_0x1bbd720;
    %load/vec4 v0x1bbe360_0;
    %load/vec4 v0x1bbe8a0_0;
    %store/vec4 v0x1bbd9b0_0, 0, 8;
    %store/vec4 v0x1bbd8d0_0, 0, 32;
    %callf/vec4 TD_mx_sin_top_tb.dut.u_decoder.mul_q16, S_0x1bbd720;
    %free S_0x1bbd720;
    %store/vec4 v0x1bbe6e0_0, 0, 32;
    %alloc S_0x1bbd720;
    %load/vec4 v0x1bbe440_0;
    %load/vec4 v0x1bbe8a0_0;
    %store/vec4 v0x1bbd9b0_0, 0, 8;
    %store/vec4 v0x1bbd8d0_0, 0, 32;
    %callf/vec4 TD_mx_sin_top_tb.dut.u_decoder.mul_q16, S_0x1bbd720;
    %free S_0x1bbd720;
    %store/vec4 v0x1bbe7c0_0, 0, 32;
    %load/vec4 v0x1bbe8a0_0;
    %cmpi/e 255, 0, 8;
    %jmp/1 T_7.5, 4;
    %flag_mov 8, 4;
    %load/vec4 v0x1bbe1a0_0;
    %cmpi/e 2147483647, 0, 32;
    %flag_or 4, 8;
T_7.5;
    %jmp/1 T_7.4, 4;
    %flag_mov 8, 4;
    %load/vec4 v0x1bbe280_0;
    %cmpi/e 2147483647, 0, 32;
    %flag_or 4, 8;
T_7.4;
    %jmp/1 T_7.3, 4;
    %flag_mov 8, 4;
    %load/vec4 v0x1bbe360_0;
    %cmpi/e 2147483647, 0, 32;
    %flag_or 4, 8;
T_7.3;
    %jmp/1 T_7.2, 4;
    %flag_mov 8, 4;
    %load/vec4 v0x1bbe440_0;
    %cmpi/e 2147483647, 0, 32;
    %flag_or 4, 8;
T_7.2;
    %jmp/0xz  T_7.0, 4;
    %pushi/vec4 1, 0, 1;
    %store/vec4 v0x1bbdfb0_0, 0, 1;
    %pushi/vec4 0, 0, 32;
    %store/vec4 v0x1bbe520_0, 0, 32;
    %pushi/vec4 0, 0, 32;
    %store/vec4 v0x1bbe600_0, 0, 32;
    %pushi/vec4 0, 0, 32;
    %store/vec4 v0x1bbe6e0_0, 0, 32;
    %pushi/vec4 0, 0, 32;
    %store/vec4 v0x1bbe7c0_0, 0, 32;
T_7.0 ;
    %jmp T_7;
    .thread T_7, $push;
    .scope S_0x1bbea60;
T_8 ;
    %wait E_0x1b4eb10;
    %pushi/vec4 0, 0, 1;
    %store/vec4 v0x1bc1160_0, 0, 1;
    %alloc S_0x1bbeca0;
    %load/vec4 v0x1bc0cf0_0;
    %store/vec4 v0x1bbefa0_0, 0, 32;
    %callf/vec4 TD_mx_sin_top_tb.dut.u_encoder.abs32, S_0x1bbeca0;
    %free S_0x1bbeca0;
    %store/vec4 v0x1bc0350_0, 0, 32;
    %alloc S_0x1bbeca0;
    %load/vec4 v0x1bc0db0_0;
    %store/vec4 v0x1bbefa0_0, 0, 32;
    %callf/vec4 TD_mx_sin_top_tb.dut.u_encoder.abs32, S_0x1bbeca0;
    %free S_0x1bbeca0;
    %store/vec4 v0x1bc0450_0, 0, 32;
    %alloc S_0x1bbeca0;
    %load/vec4 v0x1bc0e50_0;
    %store/vec4 v0x1bbefa0_0, 0, 32;
    %callf/vec4 TD_mx_sin_top_tb.dut.u_encoder.abs32, S_0x1bbeca0;
    %free S_0x1bbeca0;
    %store/vec4 v0x1bc0530_0, 0, 32;
    %alloc S_0x1bbeca0;
    %load/vec4 v0x1bc0ef0_0;
    %store/vec4 v0x1bbefa0_0, 0, 32;
    %callf/vec4 TD_mx_sin_top_tb.dut.u_encoder.abs32, S_0x1bbeca0;
    %free S_0x1bbeca0;
    %store/vec4 v0x1bc05f0_0, 0, 32;
    %load/vec4 v0x1bc0350_0;
    %store/vec4 v0x1bc0fc0_0, 0, 32;
    %load/vec4 v0x1bc0fc0_0;
    %load/vec4 v0x1bc0450_0;
    %cmp/s;
    %jmp/0xz  T_8.0, 5;
    %load/vec4 v0x1bc0450_0;
    %store/vec4 v0x1bc0fc0_0, 0, 32;
T_8.0 ;
    %load/vec4 v0x1bc0fc0_0;
    %load/vec4 v0x1bc0530_0;
    %cmp/s;
    %jmp/0xz  T_8.2, 5;
    %load/vec4 v0x1bc0530_0;
    %store/vec4 v0x1bc0fc0_0, 0, 32;
T_8.2 ;
    %load/vec4 v0x1bc0fc0_0;
    %load/vec4 v0x1bc05f0_0;
    %cmp/s;
    %jmp/0xz  T_8.4, 5;
    %load/vec4 v0x1bc05f0_0;
    %store/vec4 v0x1bc0fc0_0, 0, 32;
T_8.4 ;
    %load/vec4 v0x1bc0fc0_0;
    %cmpi/e 0, 0, 32;
    %jmp/0xz  T_8.6, 4;
    %pushi/vec4 127, 0, 8;
    %store/vec4 v0x1bc1220_0, 0, 8;
    %pushi/vec4 0, 0, 32;
    %store/vec4 v0x1bc0c10_0, 0, 32;
    %jmp T_8.7;
T_8.6 ;
    %alloc S_0x1bbf990;
    %load/vec4 v0x1bc0fc0_0;
    %store/vec4 v0x1bbfd30_0, 0, 32;
    %callf/vec4 TD_mx_sin_top_tb.dut.u_encoder.msb_index32, S_0x1bbf990;
    %free S_0x1bbf990;
    %store/vec4 v0x1bc1080_0, 0, 32;
    %load/vec4 v0x1bc1080_0;
    %subi 16, 0, 32;
    %pad/s 8;
    %store/vec4 v0x1bc06d0_0, 0, 8;
    %load/vec4 v0x1bc06d0_0;
    %pad/s 32;
    %cmpi/s 127, 0, 32;
    %flag_or 5, 4; GT is !LE
    %flag_inv 5;
    %jmp/0xz  T_8.8, 5;
    %pushi/vec4 127, 0, 8;
    %store/vec4 v0x1bc06d0_0, 0, 8;
    %pushi/vec4 1, 0, 1;
    %store/vec4 v0x1bc1160_0, 0, 1;
T_8.8 ;
    %load/vec4 v0x1bc06d0_0;
    %pad/s 32;
    %cmpi/s 4294967169, 0, 32;
    %jmp/0xz  T_8.10, 5;
    %pushi/vec4 129, 0, 8;
    %store/vec4 v0x1bc06d0_0, 0, 8;
T_8.10 ;
    %load/vec4 v0x1bc06d0_0;
    %addi 127, 0, 8;
    %store/vec4 v0x1bc1220_0, 0, 8;
    %load/vec4 v0x1bc1220_0;
    %cmpi/e 255, 0, 8;
    %jmp/0xz  T_8.12, 4;
    %pushi/vec4 254, 0, 8;
    %store/vec4 v0x1bc1220_0, 0, 8;
    %pushi/vec4 1, 0, 1;
    %store/vec4 v0x1bc1160_0, 0, 1;
T_8.12 ;
    %alloc S_0x1bbf080;
    %load/vec4 v0x1bc0cf0_0;
    %load/vec4 v0x1bc06d0_0;
    %store/vec4 v0x1bbf360_0, 0, 8;
    %store/vec4 v0x1bbf8b0_0, 0, 32;
    %callf/vec4 TD_mx_sin_top_tb.dut.u_encoder.enc_e5m2, S_0x1bbf080;
    %free S_0x1bbf080;
    %store/vec4 v0x1bc0800_0, 0, 8;
    %alloc S_0x1bbf080;
    %load/vec4 v0x1bc0db0_0;
    %load/vec4 v0x1bc06d0_0;
    %store/vec4 v0x1bbf360_0, 0, 8;
    %store/vec4 v0x1bbf8b0_0, 0, 32;
    %callf/vec4 TD_mx_sin_top_tb.dut.u_encoder.enc_e5m2, S_0x1bbf080;
    %free S_0x1bbf080;
    %store/vec4 v0x1bc08e0_0, 0, 8;
    %alloc S_0x1bbf080;
    %load/vec4 v0x1bc0e50_0;
    %load/vec4 v0x1bc06d0_0;
    %store/vec4 v0x1bbf360_0, 0, 8;
    %store/vec4 v0x1bbf8b0_0, 0, 32;
    %callf/vec4 TD_mx_sin_top_tb.dut.u_encoder.enc_e5m2, S_0x1bbf080;
    %free S_0x1bbf080;
    %store/vec4 v0x1bc09c0_0, 0, 8;
    %alloc S_0x1bbf080;
    %load/vec4 v0x1bc0ef0_0;
    %load/vec4 v0x1bc06d0_0;
    %store/vec4 v0x1bbf360_0, 0, 8;
    %store/vec4 v0x1bbf8b0_0, 0, 32;
    %callf/vec4 TD_mx_sin_top_tb.dut.u_encoder.enc_e5m2, S_0x1bbf080;
    %free S_0x1bbf080;
    %store/vec4 v0x1bc0aa0_0, 0, 8;
    %load/vec4 v0x1bc0aa0_0;
    %load/vec4 v0x1bc09c0_0;
    %concat/vec4; draw_concat_vec4
    %load/vec4 v0x1bc08e0_0;
    %concat/vec4; draw_concat_vec4
    %load/vec4 v0x1bc0800_0;
    %concat/vec4; draw_concat_vec4
    %store/vec4 v0x1bc0c10_0, 0, 32;
T_8.7 ;
    %jmp T_8;
    .thread T_8, $push;
    .scope S_0x1b2bf50;
T_9 ;
    %pushi/vec4 0, 0, 32;
    %store/vec4 v0x1bc2490_0, 0, 32;
    %pushi/vec4 0, 0, 32;
    %store/vec4 v0x1bc2290_0, 0, 32;
    %pushi/vec4 0, 0, 8;
    %store/vec4 v0x1bc26b0_0, 0, 8;
    %pushi/vec4 0, 0, 32; draw_string_vec4
    %pushi/vec4 0, 0, 32; draw_string_vec4
    %concat/vec4; draw_string_vec4
    %pushi/vec4 0, 0, 32; draw_string_vec4
    %concat/vec4; draw_string_vec4
    %pushi/vec4 0, 0, 32; draw_string_vec4
    %concat/vec4; draw_string_vec4
    %pushi/vec4 0, 0, 32; draw_string_vec4
    %concat/vec4; draw_string_vec4
    %pushi/vec4 0, 0, 32; draw_string_vec4
    %concat/vec4; draw_string_vec4
    %pushi/vec4 122, 0, 32; draw_string_vec4
    %concat/vec4; draw_string_vec4
    %pushi/vec4 1701998451, 0, 32; draw_string_vec4
    %concat/vec4; draw_string_vec4
    %store/vec4 v0x1bc1fe0_0, 0, 256;
    %pushi/vec4 0, 0, 32;
    %store/vec4 v0x1bc1f00_0, 0, 32;
    %pushi/vec4 127, 0, 8;
    %store/vec4 v0x1bc20c0_0, 0, 8;
    %fork TD_mx_sin_top_tb.run_loopback_case, S_0x1bc1d50;
    %join;
    %pushi/vec4 0, 0, 32; draw_string_vec4
    %pushi/vec4 0, 0, 32; draw_string_vec4
    %concat/vec4; draw_string_vec4
    %pushi/vec4 0, 0, 32; draw_string_vec4
    %concat/vec4; draw_string_vec4
    %pushi/vec4 0, 0, 32; draw_string_vec4
    %concat/vec4; draw_string_vec4
    %pushi/vec4 0, 0, 32; draw_string_vec4
    %concat/vec4; draw_string_vec4
    %pushi/vec4 0, 0, 32; draw_string_vec4
    %concat/vec4; draw_string_vec4
    %pushi/vec4 1634495520, 0, 32; draw_string_vec4
    %concat/vec4; draw_string_vec4
    %pushi/vec4 724643376, 0, 32; draw_string_vec4
    %concat/vec4; draw_string_vec4
    %store/vec4 v0x1bc1fe0_0, 0, 256;
    %pushi/vec4 1010580540, 0, 32;
    %store/vec4 v0x1bc1f00_0, 0, 32;
    %pushi/vec4 127, 0, 8;
    %store/vec4 v0x1bc20c0_0, 0, 8;
    %fork TD_mx_sin_top_tb.run_loopback_case, S_0x1bc1d50;
    %join;
    %pushi/vec4 0, 0, 32; draw_string_vec4
    %pushi/vec4 0, 0, 32; draw_string_vec4
    %concat/vec4; draw_string_vec4
    %pushi/vec4 0, 0, 32; draw_string_vec4
    %concat/vec4; draw_string_vec4
    %pushi/vec4 0, 0, 32; draw_string_vec4
    %concat/vec4; draw_string_vec4
    %pushi/vec4 0, 0, 32; draw_string_vec4
    %concat/vec4; draw_string_vec4
    %pushi/vec4 0, 0, 32; draw_string_vec4
    %concat/vec4; draw_string_vec4
    %pushi/vec4 1634495520, 0, 32; draw_string_vec4
    %concat/vec4; draw_string_vec4
    %pushi/vec4 758197808, 0, 32; draw_string_vec4
    %concat/vec4; draw_string_vec4
    %store/vec4 v0x1bc1fe0_0, 0, 256;
    %pushi/vec4 3166485692, 0, 32;
    %store/vec4 v0x1bc1f00_0, 0, 32;
    %pushi/vec4 127, 0, 8;
    %store/vec4 v0x1bc20c0_0, 0, 8;
    %fork TD_mx_sin_top_tb.run_loopback_case, S_0x1bc1d50;
    %join;
    %pushi/vec4 0, 0, 32; draw_string_vec4
    %pushi/vec4 0, 0, 32; draw_string_vec4
    %concat/vec4; draw_string_vec4
    %pushi/vec4 0, 0, 32; draw_string_vec4
    %concat/vec4; draw_string_vec4
    %pushi/vec4 0, 0, 32; draw_string_vec4
    %concat/vec4; draw_string_vec4
    %pushi/vec4 0, 0, 32; draw_string_vec4
    %concat/vec4; draw_string_vec4
    %pushi/vec4 7170424, 0, 32; draw_string_vec4
    %concat/vec4; draw_string_vec4
    %pushi/vec4 1701060723, 0, 32; draw_string_vec4
    %concat/vec4; draw_string_vec4
    %pushi/vec4 1768386163, 0, 32; draw_string_vec4
    %concat/vec4; draw_string_vec4
    %store/vec4 v0x1bc1fe0_0, 0, 256;
    %pushi/vec4 3158096956, 0, 32;
    %store/vec4 v0x1bc1f00_0, 0, 32;
    %pushi/vec4 127, 0, 8;
    %store/vec4 v0x1bc20c0_0, 0, 8;
    %fork TD_mx_sin_top_tb.run_loopback_case, S_0x1bc1d50;
    %join;
    %pushi/vec4 0, 0, 32; draw_string_vec4
    %pushi/vec4 0, 0, 32; draw_string_vec4
    %concat/vec4; draw_string_vec4
    %pushi/vec4 0, 0, 32; draw_string_vec4
    %concat/vec4; draw_string_vec4
    %pushi/vec4 0, 0, 32; draw_string_vec4
    %concat/vec4; draw_string_vec4
    %pushi/vec4 0, 0, 32; draw_string_vec4
    %concat/vec4; draw_string_vec4
    %pushi/vec4 29539, 0, 32; draw_string_vec4
    %concat/vec4; draw_string_vec4
    %pushi/vec4 1634493728, 0, 32; draw_string_vec4
    %concat/vec4; draw_string_vec4
    %pushi/vec4 845032753, 0, 32; draw_string_vec4
    %concat/vec4; draw_string_vec4
    %store/vec4 v0x1bc1fe0_0, 0, 256;
    %pushi/vec4 1010580540, 0, 32;
    %store/vec4 v0x1bc1f00_0, 0, 32;
    %pushi/vec4 126, 0, 8;
    %store/vec4 v0x1bc20c0_0, 0, 8;
    %fork TD_mx_sin_top_tb.run_loopback_case, S_0x1bc1d50;
    %join;
    %pushi/vec4 0, 0, 32; draw_string_vec4
    %pushi/vec4 0, 0, 32; draw_string_vec4
    %concat/vec4; draw_string_vec4
    %pushi/vec4 0, 0, 32; draw_string_vec4
    %concat/vec4; draw_string_vec4
    %pushi/vec4 0, 0, 32; draw_string_vec4
    %concat/vec4; draw_string_vec4
    %pushi/vec4 0, 0, 32; draw_string_vec4
    %concat/vec4; draw_string_vec4
    %pushi/vec4 115, 0, 32; draw_string_vec4
    %concat/vec4; draw_string_vec4
    %pushi/vec4 1667329125, 0, 32; draw_string_vec4
    %concat/vec4; draw_string_vec4
    %pushi/vec4 540171825, 0, 32; draw_string_vec4
    %concat/vec4; draw_string_vec4
    %store/vec4 v0x1bc1fe0_0, 0, 256;
    %pushi/vec4 1010580540, 0, 32;
    %store/vec4 v0x1bc1f00_0, 0, 32;
    %pushi/vec4 128, 0, 8;
    %store/vec4 v0x1bc20c0_0, 0, 8;
    %fork TD_mx_sin_top_tb.run_loopback_case, S_0x1bc1d50;
    %join;
    %pushi/vec4 0, 0, 32; draw_string_vec4
    %pushi/vec4 0, 0, 32; draw_string_vec4
    %concat/vec4; draw_string_vec4
    %pushi/vec4 0, 0, 32; draw_string_vec4
    %concat/vec4; draw_string_vec4
    %pushi/vec4 0, 0, 32; draw_string_vec4
    %concat/vec4; draw_string_vec4
    %pushi/vec4 0, 0, 32; draw_string_vec4
    %concat/vec4; draw_string_vec4
    %pushi/vec4 109, 0, 32; draw_string_vec4
    %concat/vec4; draw_string_vec4
    %pushi/vec4 1634628713, 0, 32; draw_string_vec4
    %concat/vec4; draw_string_vec4
    %pushi/vec4 1936941427, 0, 32; draw_string_vec4
    %concat/vec4; draw_string_vec4
    %store/vec4 v0x1bc1fe0_0, 0, 256;
    %pushi/vec4 1061043516, 0, 32;
    %store/vec4 v0x1bc1f00_0, 0, 32;
    %pushi/vec4 127, 0, 8;
    %store/vec4 v0x1bc20c0_0, 0, 8;
    %fork TD_mx_sin_top_tb.run_loopback_case, S_0x1bc1d50;
    %join;
    %load/vec4 v0x1bc2490_0;
    %cmpi/e 0, 0, 32;
    %jmp/0xz  T_9.0, 4;
    %vpi_call 2 56 "$display", "PASS: decoder -> encoder loopback preserved all canonical MX inputs." {0 0 0};
    %jmp T_9.1;
T_9.0 ;
    %vpi_call 2 58 "$display", "FAIL: %0d loopback mismatch(es).", v0x1bc2490_0 {0 0 0};
T_9.1 ;
    %vpi_call 2 60 "$finish" {0 0 0};
    %end;
    .thread T_9;
# The file index is used to find the file name in the following table.
:file_names 6;
    "N/A";
    "<interactive>";
    "tb/mx_sin_top_tb.v";
    "src/mx_loopback_top.v";
    "src/mx_decoder.v";
    "src/mx_encoder.v";
