============================================================
  Generated by:           Genus(TM) Synthesis Solution 25.12-s067_1
  Generated on:           Jul 25 2026  03:22:40 pm
  Module:                 mac_param
  Operating conditions:   PVT_1P1V_0C (balanced_tree)
  Wireload mode:          enclosed
  Area mode:              timing library
============================================================


Path 1: MET (201 ps) Setup Check with Pin result_reg[25]/CK->D
          Group: clk
     Startpoint: (R) result_reg[0]/CK
          Clock: (R) clk
       Endpoint: (R) result_reg[25]/D
          Clock: (R) clk

                     Capture       Launch     
        Clock Edge:+     840            0     
       Src Latency:+       0            0     
       Net Latency:+       0 (I)        0 (I) 
           Arrival:=     840            0     
                                              
             Setup:-      21                  
     Required Time:=     819                  
      Launch Clock:-       0                  
         Data Path:-     618                  
             Slack:=     201                  

#------------------------------------------------------------------------------------------------------------------
#              Timing Point                Flags    Arc   Edge   Cell     Fanout Load Trans Delay Arrival Instance 
#                                                                                (fF)  (ps)  (ps)   (ps)  Location 
#------------------------------------------------------------------------------------------------------------------
  result_reg[0]/CK                         -       -      R     (arrival)     38    -     0     0       0    (-,-) 
  result_reg[0]/Q                          -       CK->Q  R     DFFRHQX1       4  3.3    26    65      65    (-,-) 
  csa_tree_ADD_TC_OP_groupi_g2267__5477/Y  -       A->Y   R     AND2X1         2  1.0    10    30      95    (-,-) 
  csa_tree_ADD_TC_OP_groupi_g2238__6417/CO -       CI->CO R     ADDFX1         1  0.7    11    38     133    (-,-) 
  csa_tree_ADD_TC_OP_groupi_g2216__8428/CO -       CI->CO R     ADDFX1         1  0.7    11    38     172    (-,-) 
  csa_tree_ADD_TC_OP_groupi_g2204__9945/CO -       CI->CO R     ADDFX1         1  0.7    10    38     210    (-,-) 
  csa_tree_ADD_TC_OP_groupi_g2196__7098/CO -       CI->CO R     ADDFX1         1  0.7    10    38     248    (-,-) 
  csa_tree_ADD_TC_OP_groupi_g2177__2346/CO -       CI->CO R     ADDFX1         1  0.7    10    38     286    (-,-) 
  csa_tree_ADD_TC_OP_groupi_g2168__1881/CO -       CI->CO R     ADDFX1         1  0.7    10    38     324    (-,-) 
  csa_tree_ADD_TC_OP_groupi_g2166__7098/CO -       CI->CO R     ADDFX1         3  1.4    15    41     365    (-,-) 
  csa_tree_ADD_TC_OP_groupi_g2164__5122/Y  -       B1->Y  F     AOI221X1       3  1.3    41    26     391    (-,-) 
  csa_tree_ADD_TC_OP_groupi_g2160__3680/Y  -       B->Y   R     NOR2X1         2  0.8    21    25     416    (-,-) 
  csa_tree_ADD_TC_OP_groupi_g2157__8428/Y  -       C->Y   F     NAND3BXL       1  0.4    26    24     440    (-,-) 
  csa_tree_ADD_TC_OP_groupi_g2153__2398/Y  -       C0->Y  R     OAI211X1       3  0.9    28    16     457    (-,-) 
  csa_tree_ADD_TC_OP_groupi_g2148__2346/Y  -       AN->Y  R     NOR2BX1        4  1.4    29    32     489    (-,-) 
  csa_tree_ADD_TC_OP_groupi_g2145__9315/Y  -       D->Y   R     AND4XL         2  0.6    11    48     537    (-,-) 
  csa_tree_ADD_TC_OP_groupi_g2138__7098/Y  -       B->Y   F     NAND2XL        2  0.8    23    19     556    (-,-) 
  csa_tree_ADD_TC_OP_groupi_g2132__3680/Y  -       B->Y   R     XNOR2X1        1  0.3     6    36     592    (-,-) 
  g2497/Y                                  -       B1->Y  R     AO22XL         1  0.4     8    26     618    (-,-) 
  result_reg[25]/D                         <<<     -      R     DFFRHQX1       1    -     -     0     618    (-,-) 
#------------------------------------------------------------------------------------------------------------------

