============================================================
  Generated by:           Genus(TM) Synthesis Solution 25.12-s067_1
  Generated on:           Jul 25 2026  03:22:40 pm
  Module:                 mac_param
  Operating conditions:   PVT_1P1V_0C (balanced_tree)
  Wireload mode:          enclosed
  Area mode:              timing library
============================================================

Timing
--------

Clock Period 
-------------
clk    840.0 


  Cost    Critical         Violating 
 Group   Path Slack  TNS     Paths   
-------------------------------------
clk           200.9   0.0          0 
default    No paths   0.0            
-------------------------------------
Total                 0.0          0 

Instance Count
--------------
Leaf Instance Count             343 
Physical Instance count           0 
Sequential Instance Count        38 
Combinational Instance Count    305 
Hierarchical Instance Count       0 

Area
----
Cell Area                          1106.028
Physical Cell Area                 0.000
Total Cell Area (Cell+Physical)    1106.028
Net Area                           0.000
Total Area (Cell+Physical+Net)     1106.028

Max Fanout                         38 (clk)
Min Fanout                         0 (n_101)
Average Fanout                     2.0
Terms to net ratio                 2.9524
Terms to instance ratio            3.6152
Runtime                            36.213666 seconds
Elapsed Runtime                    40 seconds
Genus peak memory usage            2314.66 
Innovus peak memory usage          no_value 
Hostname                           localhost
