#! /usr/local/bin/vvp
:ivl_version "14.0 (devel)" "(s20251012-116-g98391b56b)";
:ivl_delay_selection "TYPICAL";
:vpi_time_precision + 0;
:vpi_module "/usr/local/lib/ivl/system.vpi";
:vpi_module "/usr/local/lib/ivl/vhdl_sys.vpi";
:vpi_module "/usr/local/lib/ivl/vhdl_textio.vpi";
:vpi_module "/usr/local/lib/ivl/v2005_math.vpi";
:vpi_module "/usr/local/lib/ivl/va_math.vpi";
S_0x24f3300 .scope module, "alu_12bit_tb" "alu_12bit_tb" 2 1;
 .timescale 0 0;
P_0x252d1a0 .param/l "NUM_OF_TESTS" 1 2 3, +C4<00000000000000000000000000001010>;
P_0x252d1e0 .param/l "WIDTH" 1 2 4, +C4<00000000000000000000000000001100>;
v0x257c080_0 .var "A", 11 0;
v0x257c160_0 .var "B", 11 0;
v0x257c230_0 .net "C", 0 0, v0x2557010_0;  1 drivers
v0x257c350_0 .net "G", 0 0, L_0x25a4ce0;  1 drivers
v0x257c3f0_0 .net "N", 0 0, v0x25570b0_0;  1 drivers
v0x257c530_0 .net "P", 0 0, L_0x25a47b0;  1 drivers
v0x257c5d0_0 .net "V", 0 0, v0x2557170_0;  1 drivers
v0x257c6c0_0 .net "Z", 0 0, L_0x25a4560;  1 drivers
v0x257c760_0 .var "carry_in", 0 0;
v0x257c890_0 .net "resultado", 11 0, L_0x2594410;  1 drivers
v0x257c930_0 .var "seletor", 3 0;
v0x257ca60_0 .var "sub", 0 0;
S_0x25166c0 .scope module, "dut" "alu12bit" 2 16, 3 1 0, S_0x24f3300;
 .timescale 0 0;
    .port_info 0 /INPUT 12 "A";
    .port_info 1 /INPUT 12 "B";
    .port_info 2 /INPUT 4 "seletor";
    .port_info 3 /INPUT 1 "carry_in";
    .port_info 4 /OUTPUT 12 "resultado";
    .port_info 5 /OUTPUT 1 "C";
    .port_info 6 /OUTPUT 1 "V";
    .port_info 7 /OUTPUT 1 "Z";
    .port_info 8 /OUTPUT 1 "N";
    .port_info 9 /OUTPUT 1 "propagated_out";
    .port_info 10 /OUTPUT 1 "generated_out";
L_0x25a46a0 .functor AND 1, v0x25577e0_0, v0x2579980_0, C4<1>, C4<1>;
L_0x25a47b0 .functor AND 1, L_0x25a46a0, v0x25688b0_0, C4<1>, C4<1>;
L_0x25a4910 .functor AND 1, v0x25577e0_0, v0x25797a0_0, C4<1>, C4<1>;
L_0x25a49d0 .functor OR 1, v0x2557600_0, L_0x25a4910, C4<0>, C4<0>;
L_0x25a4ae0 .functor AND 1, v0x25577e0_0, v0x2579980_0, C4<1>, C4<1>;
L_0x25a4be0 .functor AND 1, L_0x25a4ae0, v0x25686d0_0, C4<1>, C4<1>;
L_0x25a4ce0 .functor OR 1, L_0x25a49d0, L_0x25a4be0, C4<0>, C4<0>;
v0x257a210_0 .net "A", 11 0, v0x257c080_0;  1 drivers
v0x257a310_0 .net "B", 11 0, v0x257c160_0;  1 drivers
v0x257a3f0_0 .net "C", 0 0, v0x2557010_0;  alias, 1 drivers
v0x257a490_0 .net "C4", 0 0, v0x25680e0_0;  1 drivers
v0x257a530_0 .net "C8", 0 0, v0x25791f0_0;  1 drivers
v0x257a660_0 .net "G0", 0 0, v0x25686d0_0;  1 drivers
v0x257a700_0 .net "G1", 0 0, v0x25797a0_0;  1 drivers
v0x257a7d0_0 .net "G2", 0 0, v0x2557600_0;  1 drivers
v0x257a8a0_0 .net "N", 0 0, v0x25570b0_0;  alias, 1 drivers
v0x257aa00_0 .net "P0", 0 0, v0x25688b0_0;  1 drivers
v0x257aad0_0 .net "P1", 0 0, v0x2579980_0;  1 drivers
v0x257aba0_0 .net "P2", 0 0, v0x25577e0_0;  1 drivers
v0x257ac70_0 .net "V", 0 0, v0x2557170_0;  alias, 1 drivers
v0x257ad40_0 .net "Z", 0 0, L_0x25a4560;  alias, 1 drivers
L_0x7f76f1cdc018 .functor BUFT 1, C4<000000000000>, C4<0>, C4<0>, C4<0>;
v0x257ade0_0 .net/2u *"_ivl_14", 11 0, L_0x7f76f1cdc018;  1 drivers
v0x257ae80_0 .net *"_ivl_18", 0 0, L_0x25a46a0;  1 drivers
v0x257af20_0 .net *"_ivl_22", 0 0, L_0x25a4910;  1 drivers
v0x257b0d0_0 .net *"_ivl_24", 0 0, L_0x25a49d0;  1 drivers
v0x257b170_0 .net *"_ivl_26", 0 0, L_0x25a4ae0;  1 drivers
v0x257b230_0 .net *"_ivl_28", 0 0, L_0x25a4be0;  1 drivers
v0x257b310_0 .net "carry_in", 0 0, v0x257c760_0;  1 drivers
v0x257b3b0_0 .net "generated_out", 0 0, L_0x25a4ce0;  alias, 1 drivers
v0x257b470_0 .net "propagated_out", 0 0, L_0x25a47b0;  alias, 1 drivers
v0x257b530_0 .net "result_high", 3 0, v0x2557bd0_0;  1 drivers
v0x257b620_0 .net "result_low", 3 0, v0x2568ca0_0;  1 drivers
v0x257b6f0_0 .net "result_mid", 3 0, v0x2579e80_0;  1 drivers
v0x257b7c0_0 .net "resultado", 11 0, L_0x2594410;  alias, 1 drivers
v0x257b880_0 .net "seletor", 3 0, v0x257c930_0;  1 drivers
L_0x25845a0 .part v0x257c080_0, 0, 4;
L_0x25847a0 .part v0x257c160_0, 0, 4;
L_0x258c3e0 .part v0x257c080_0, 4, 4;
L_0x258c590 .part v0x257c160_0, 4, 4;
L_0x2594180 .part v0x257c080_0, 8, 4;
L_0x2594330 .part v0x257c160_0, 8, 4;
L_0x2594410 .concat [ 4 4 4 0], v0x2568ca0_0, v0x2579e80_0, v0x2557bd0_0;
L_0x25a4560 .cmp/eq 12, L_0x2594410, L_0x7f76f1cdc018;
S_0x24d00b0 .scope module, "ula_higher" "ula" 3 45, 4 1 0, S_0x25166c0;
 .timescale 0 0;
    .port_info 0 /INPUT 4 "A";
    .port_info 1 /INPUT 4 "B";
    .port_info 2 /INPUT 4 "seletor";
    .port_info 3 /INPUT 1 "carry_in";
    .port_info 4 /OUTPUT 4 "resultado";
    .port_info 5 /OUTPUT 1 "C";
    .port_info 6 /OUTPUT 1 "V";
    .port_info 7 /OUTPUT 1 "Z";
    .port_info 8 /OUTPUT 1 "N";
    .port_info 9 /OUTPUT 1 "propagated_out";
    .port_info 10 /OUTPUT 1 "generated_out";
P_0x24e32a0 .param/l "WIDTH" 1 4 15, +C4<00000000000000000000000000000100>;
v0x2556e70_0 .net "A", 3 0, L_0x2594180;  1 drivers
v0x2556f50_0 .net "B", 3 0, L_0x2594330;  1 drivers
v0x2557010_0 .var "C", 0 0;
v0x25570b0_0 .var "N", 0 0;
v0x2557170_0 .var "V", 0 0;
v0x2557280_0 .var "Z", 0 0;
v0x2557340_0 .net "carry_in", 0 0, v0x25791f0_0;  alias, 1 drivers
v0x2557430_0 .net "carry_out_somador_cla", 0 0, L_0x258fc10;  1 drivers
v0x25574d0_0 .net "carry_out_subtrator_cla", 0 0, L_0x2594090;  1 drivers
v0x2557600_0 .var "generated_out", 0 0;
v0x25576a0_0 .net "generated_sub", 0 0, L_0x2593f00;  1 drivers
v0x2557740_0 .net "generated_sum", 0 0, L_0x2590080;  1 drivers
v0x25577e0_0 .var "propagated_out", 0 0;
v0x2557880_0 .net "propagated_sub", 0 0, L_0x2593e60;  1 drivers
v0x2557970_0 .net "propagated_sum", 0 0, L_0x258ff90;  1 drivers
v0x2557a10_0 .net "result_somador_cla", 3 0, L_0x258fe80;  1 drivers
v0x2557ae0_0 .net "result_subtrator_cla", 3 0, L_0x2593da0;  1 drivers
v0x2557bd0_0 .var "resultado", 3 0;
v0x2557c90_0 .net "seletor", 3 0, v0x257c930_0;  alias, 1 drivers
E_0x24797a0/0 .event anyedge, v0x2557c90_0, v0x254e5e0_0, v0x254e6c0_0, v0x254e860_0;
E_0x24797a0/1 .event anyedge, v0x254e460_0, v0x2557bd0_0, v0x254e7a0_0, v0x254e520_0;
E_0x24797a0/2 .event anyedge, v0x25563c0_0, v0x2556670_0, v0x2556300_0, v0x25560c0_0;
E_0x24797a0 .event/or E_0x24797a0/0, E_0x24797a0/1, E_0x24797a0/2;
S_0x252ca20 .scope module, "somador_cla_i" "somador_cla" 4 30, 5 1 0, S_0x24d00b0;
 .timescale 0 0;
    .port_info 0 /INPUT 4 "operandA";
    .port_info 1 /INPUT 4 "operandB";
    .port_info 2 /INPUT 1 "carry_in";
    .port_info 3 /OUTPUT 4 "result";
    .port_info 4 /OUTPUT 1 "carry_out";
    .port_info 5 /OUTPUT 1 "propagated";
    .port_info 6 /OUTPUT 1 "generated";
P_0x2516940 .param/l "WIDTH" 0 5 3, +C4<00000000000000000000000000000100>;
L_0x258f820 .functor XOR 4, L_0x2594180, L_0x2594330, C4<0000>, C4<0000>;
L_0x258f890 .functor AND 4, L_0x2594180, L_0x2594330, C4<1111>, C4<1111>;
L_0x258fb50 .functor BUFZ 1, v0x25791f0_0, C4<0>, C4<0>, C4<0>;
L_0x258fe80 .functor XOR 4, L_0x258f820, L_0x258fd00, C4<0000>, C4<0000>;
v0x254dec0_0 .net "C", 4 0, L_0x258f900;  1 drivers
v0x254dfc0_0 .net "G", 3 0, L_0x258f890;  1 drivers
v0x254e0a0_0 .net "P", 3 0, L_0x258f820;  1 drivers
v0x254e190_0 .net *"_ivl_39", 0 0, L_0x258fb50;  1 drivers
v0x254e270_0 .net *"_ivl_43", 3 0, L_0x258fd00;  1 drivers
v0x254e3a0_0 .net "carry_in", 0 0, v0x25791f0_0;  alias, 1 drivers
v0x254e460_0 .net "carry_out", 0 0, L_0x258fc10;  alias, 1 drivers
v0x254e520_0 .net "generated", 0 0, L_0x2590080;  alias, 1 drivers
v0x254e5e0_0 .net "operandA", 3 0, L_0x2594180;  alias, 1 drivers
v0x254e6c0_0 .net "operandB", 3 0, L_0x2594330;  alias, 1 drivers
v0x254e7a0_0 .net "propagated", 0 0, L_0x258ff90;  alias, 1 drivers
v0x254e860_0 .net "result", 3 0, L_0x258fe80;  alias, 1 drivers
L_0x258c630 .part L_0x258f890, 0, 1;
L_0x258c8b0 .part L_0x258f820, 0, 1;
L_0x258ca40 .part L_0x258f900, 0, 1;
L_0x258cc40 .part L_0x258f890, 1, 1;
L_0x258cdd0 .part L_0x258f820, 1, 1;
L_0x258cfb0 .part L_0x258f890, 0, 1;
L_0x258d330 .part L_0x258f820, 0, 2;
L_0x258d4c0 .part L_0x258f900, 0, 1;
L_0x258d760 .part L_0x258f890, 2, 1;
L_0x258d8a0 .part L_0x258f820, 2, 1;
L_0x258da40 .part L_0x258f890, 1, 1;
L_0x258db50 .part L_0x258f820, 1, 2;
L_0x258dd50 .part L_0x258f890, 0, 1;
L_0x258e0e0 .part L_0x258f820, 0, 3;
L_0x258e2f0 .part L_0x258f900, 0, 1;
L_0x258e480 .part L_0x258f890, 3, 1;
L_0x258e650 .part L_0x258f820, 3, 1;
L_0x258e7e0 .part L_0x258f890, 2, 1;
L_0x258eb40 .part L_0x258f820, 2, 2;
L_0x258ede0 .part L_0x258f890, 1, 1;
L_0x258e990 .part L_0x258f820, 1, 3;
L_0x258f130 .part L_0x258f890, 0, 1;
L_0x258f670 .part L_0x258f900, 0, 1;
LS_0x258f900_0_0 .concat8 [ 1 1 1 1], L_0x258fb50, L_0x258c6d0, L_0x258cd30, L_0x258d800;
LS_0x258f900_0_4 .concat8 [ 1 0 0 0], L_0x258e5b0;
L_0x258f900 .concat8 [ 4 1 0 0], LS_0x258f900_0_0, LS_0x258f900_0_4;
L_0x258fc10 .part L_0x258f900, 4, 1;
L_0x258fd00 .part L_0x258f900, 0, 4;
L_0x258ff90 .part L_0x258f820, 3, 1;
L_0x2590080 .part L_0x258f890, 3, 1;
S_0x252b630 .scope generate, "carry_logic[1]" "carry_logic[1]" 5 27, 5 27 0, S_0x252ca20;
 .timescale 0 0;
P_0x24dd110 .param/l "i" 1 5 27, +C4<01>;
v0x2548140_0 .net *"_ivl_2", 0 0, L_0x258c630;  1 drivers
v0x2548240_0 .net *"_ivl_4", 0 0, L_0x258c6d0;  1 drivers
v0x2548300_0 .net "carry_item", 1 0, L_0x258c770;  1 drivers
L_0x258c6d0 .reduce/or L_0x258c770;
L_0x258c770 .concat8 [ 1 1 0 0], L_0x258c630, L_0x258cae0;
S_0x2501dd0 .scope generate, "genblk1[1]" "genblk1[1]" 5 32, 5 32 0, S_0x252b630;
 .timescale 0 0;
P_0x25140b0 .param/l "j" 1 5 32, +C4<01>;
S_0x2500650 .scope generate, "genblk1" "genblk1" 5 33, 5 33 0, S_0x2501dd0;
 .timescale 0 0;
L_0x258cae0 .functor AND 1, L_0x258c950, L_0x258ca40, C4<1>, C4<1>;
v0x2469b40_0 .net *"_ivl_0", 0 0, L_0x258c8b0;  1 drivers
v0x2547ee0_0 .net *"_ivl_2", 0 0, L_0x258c950;  1 drivers
v0x2547fa0_0 .net *"_ivl_3", 0 0, L_0x258ca40;  1 drivers
v0x2548060_0 .net *"_ivl_4", 0 0, L_0x258cae0;  1 drivers
L_0x258c950 .reduce/and L_0x258c8b0;
S_0x25483f0 .scope generate, "carry_logic[2]" "carry_logic[2]" 5 27, 5 27 0, S_0x252ca20;
 .timescale 0 0;
P_0x2548610 .param/l "i" 1 5 27, +C4<010>;
v0x2549770_0 .net *"_ivl_2", 0 0, L_0x258cc40;  1 drivers
v0x2549870_0 .net *"_ivl_4", 0 0, L_0x258cd30;  1 drivers
v0x2549930_0 .net "carry_item", 2 0, L_0x258d1a0;  1 drivers
L_0x258cd30 .reduce/or L_0x258d1a0;
L_0x258d1a0 .concat8 [ 1 1 1 0], L_0x258cc40, L_0x258d090, L_0x258d600;
S_0x25486d0 .scope generate, "genblk1[1]" "genblk1[1]" 5 32, 5 32 0, S_0x25483f0;
 .timescale 0 0;
P_0x25488d0 .param/l "j" 1 5 32, +C4<01>;
S_0x25489b0 .scope generate, "genblk1" "genblk1" 5 33, 5 33 0, S_0x25486d0;
 .timescale 0 0;
L_0x258d090 .functor AND 1, L_0x258cec0, L_0x258cfb0, C4<1>, C4<1>;
v0x2548b90_0 .net *"_ivl_0", 0 0, L_0x258cdd0;  1 drivers
v0x2548c90_0 .net *"_ivl_2", 0 0, L_0x258cec0;  1 drivers
v0x2548d50_0 .net *"_ivl_3", 0 0, L_0x258cfb0;  1 drivers
v0x2548e40_0 .net *"_ivl_4", 0 0, L_0x258d090;  1 drivers
L_0x258cec0 .reduce/and L_0x258cdd0;
S_0x2548f20 .scope generate, "genblk1[2]" "genblk1[2]" 5 32, 5 32 0, S_0x25483f0;
 .timescale 0 0;
P_0x2549140 .param/l "j" 1 5 32, +C4<010>;
S_0x2549200 .scope generate, "genblk1" "genblk1" 5 33, 5 33 0, S_0x2548f20;
 .timescale 0 0;
L_0x258d600 .functor AND 1, L_0x258d3d0, L_0x258d4c0, C4<1>, C4<1>;
v0x25493e0_0 .net *"_ivl_0", 1 0, L_0x258d330;  1 drivers
v0x25494e0_0 .net *"_ivl_2", 0 0, L_0x258d3d0;  1 drivers
v0x25495a0_0 .net *"_ivl_3", 0 0, L_0x258d4c0;  1 drivers
v0x2549690_0 .net *"_ivl_4", 0 0, L_0x258d600;  1 drivers
L_0x258d3d0 .reduce/and L_0x258d330;
S_0x2549a20 .scope generate, "carry_logic[3]" "carry_logic[3]" 5 27, 5 27 0, S_0x252ca20;
 .timescale 0 0;
P_0x2549c50 .param/l "i" 1 5 27, +C4<011>;
v0x254b610_0 .net *"_ivl_2", 0 0, L_0x258d760;  1 drivers
v0x254b710_0 .net *"_ivl_4", 0 0, L_0x258d800;  1 drivers
v0x254b7d0_0 .net "carry_item", 3 0, L_0x258df00;  1 drivers
L_0x258d800 .reduce/or L_0x258df00;
L_0x258df00 .concat8 [ 1 1 1 1], L_0x258d760, L_0x258dae0, L_0x258ddf0, L_0x258dbf0;
S_0x2549d10 .scope generate, "genblk1[1]" "genblk1[1]" 5 32, 5 32 0, S_0x2549a20;
 .timescale 0 0;
P_0x2549f10 .param/l "j" 1 5 32, +C4<01>;
S_0x2549ff0 .scope generate, "genblk1" "genblk1" 5 33, 5 33 0, S_0x2549d10;
 .timescale 0 0;
L_0x258dae0 .functor AND 1, L_0x258d9a0, L_0x258da40, C4<1>, C4<1>;
v0x254a1d0_0 .net *"_ivl_0", 0 0, L_0x258d8a0;  1 drivers
v0x254a2d0_0 .net *"_ivl_2", 0 0, L_0x258d9a0;  1 drivers
v0x254a390_0 .net *"_ivl_3", 0 0, L_0x258da40;  1 drivers
v0x254a480_0 .net *"_ivl_4", 0 0, L_0x258dae0;  1 drivers
L_0x258d9a0 .reduce/and L_0x258d8a0;
S_0x254a560 .scope generate, "genblk1[2]" "genblk1[2]" 5 32, 5 32 0, S_0x2549a20;
 .timescale 0 0;
P_0x254a780 .param/l "j" 1 5 32, +C4<010>;
S_0x254a840 .scope generate, "genblk1" "genblk1" 5 33, 5 33 0, S_0x254a560;
 .timescale 0 0;
L_0x258ddf0 .functor AND 1, L_0x258dc60, L_0x258dd50, C4<1>, C4<1>;
v0x254aa20_0 .net *"_ivl_0", 1 0, L_0x258db50;  1 drivers
v0x254ab20_0 .net *"_ivl_2", 0 0, L_0x258dc60;  1 drivers
v0x254abe0_0 .net *"_ivl_3", 0 0, L_0x258dd50;  1 drivers
v0x254acd0_0 .net *"_ivl_4", 0 0, L_0x258ddf0;  1 drivers
L_0x258dc60 .reduce/and L_0x258db50;
S_0x254adb0 .scope generate, "genblk1[3]" "genblk1[3]" 5 32, 5 32 0, S_0x2549a20;
 .timescale 0 0;
P_0x254afe0 .param/l "j" 1 5 32, +C4<011>;
S_0x254b0a0 .scope generate, "genblk1" "genblk1" 5 33, 5 33 0, S_0x254adb0;
 .timescale 0 0;
L_0x258dbf0 .functor AND 1, L_0x258e200, L_0x258e2f0, C4<1>, C4<1>;
v0x254b280_0 .net *"_ivl_0", 2 0, L_0x258e0e0;  1 drivers
v0x254b380_0 .net *"_ivl_2", 0 0, L_0x258e200;  1 drivers
v0x254b440_0 .net *"_ivl_3", 0 0, L_0x258e2f0;  1 drivers
v0x254b530_0 .net *"_ivl_4", 0 0, L_0x258dbf0;  1 drivers
L_0x258e200 .reduce/and L_0x258e0e0;
S_0x254b8c0 .scope generate, "carry_logic[4]" "carry_logic[4]" 5 27, 5 27 0, S_0x252ca20;
 .timescale 0 0;
P_0x254bac0 .param/l "i" 1 5 27, +C4<0100>;
v0x254dc10_0 .net *"_ivl_2", 0 0, L_0x258e480;  1 drivers
v0x254dd10_0 .net *"_ivl_4", 0 0, L_0x258e5b0;  1 drivers
v0x254ddd0_0 .net "carry_item", 4 0, L_0x258f3a0;  1 drivers
L_0x258e5b0 .reduce/or L_0x258f3a0;
LS_0x258f3a0_0_0 .concat8 [ 1 1 1 1], L_0x258e480, L_0x258ea30, L_0x258ef30, L_0x258f290;
LS_0x258f3a0_0_4 .concat8 [ 1 0 0 0], L_0x258f710;
L_0x258f3a0 .concat8 [ 4 1 0 0], LS_0x258f3a0_0_0, LS_0x258f3a0_0_4;
S_0x254bba0 .scope generate, "genblk1[1]" "genblk1[1]" 5 32, 5 32 0, S_0x254b8c0;
 .timescale 0 0;
P_0x254bda0 .param/l "j" 1 5 32, +C4<01>;
S_0x254be80 .scope generate, "genblk1" "genblk1" 5 33, 5 33 0, S_0x254bba0;
 .timescale 0 0;
L_0x258ea30 .functor AND 1, L_0x258e6f0, L_0x258e7e0, C4<1>, C4<1>;
v0x254c060_0 .net *"_ivl_0", 0 0, L_0x258e650;  1 drivers
v0x254c160_0 .net *"_ivl_2", 0 0, L_0x258e6f0;  1 drivers
v0x254c220_0 .net *"_ivl_3", 0 0, L_0x258e7e0;  1 drivers
v0x254c310_0 .net *"_ivl_4", 0 0, L_0x258ea30;  1 drivers
L_0x258e6f0 .reduce/and L_0x258e650;
S_0x254c3f0 .scope generate, "genblk1[2]" "genblk1[2]" 5 32, 5 32 0, S_0x254b8c0;
 .timescale 0 0;
P_0x254c610 .param/l "j" 1 5 32, +C4<010>;
S_0x254c6d0 .scope generate, "genblk1" "genblk1" 5 33, 5 33 0, S_0x254c3f0;
 .timescale 0 0;
L_0x258ef30 .functor AND 1, L_0x258ecf0, L_0x258ede0, C4<1>, C4<1>;
v0x254c8b0_0 .net *"_ivl_0", 1 0, L_0x258eb40;  1 drivers
v0x254c9b0_0 .net *"_ivl_2", 0 0, L_0x258ecf0;  1 drivers
v0x254ca70_0 .net *"_ivl_3", 0 0, L_0x258ede0;  1 drivers
v0x254cb60_0 .net *"_ivl_4", 0 0, L_0x258ef30;  1 drivers
L_0x258ecf0 .reduce/and L_0x258eb40;
S_0x254cc40 .scope generate, "genblk1[3]" "genblk1[3]" 5 32, 5 32 0, S_0x254b8c0;
 .timescale 0 0;
P_0x254ce70 .param/l "j" 1 5 32, +C4<011>;
S_0x254cf30 .scope generate, "genblk1" "genblk1" 5 33, 5 33 0, S_0x254cc40;
 .timescale 0 0;
L_0x258f290 .functor AND 1, L_0x258f040, L_0x258f130, C4<1>, C4<1>;
v0x254d110_0 .net *"_ivl_0", 2 0, L_0x258e990;  1 drivers
v0x254d210_0 .net *"_ivl_2", 0 0, L_0x258f040;  1 drivers
v0x254d2d0_0 .net *"_ivl_3", 0 0, L_0x258f130;  1 drivers
v0x254d3c0_0 .net *"_ivl_4", 0 0, L_0x258f290;  1 drivers
L_0x258f040 .reduce/and L_0x258e990;
S_0x254d4a0 .scope generate, "genblk1[4]" "genblk1[4]" 5 32, 5 32 0, S_0x254b8c0;
 .timescale 0 0;
P_0x254d6a0 .param/l "j" 1 5 32, +C4<0100>;
S_0x254d780 .scope generate, "genblk1" "genblk1" 5 33, 5 33 0, S_0x254d4a0;
 .timescale 0 0;
L_0x258f710 .functor AND 1, L_0x258f5d0, L_0x258f670, C4<1>, C4<1>;
v0x254d960_0 .net *"_ivl_1", 0 0, L_0x258f5d0;  1 drivers
v0x254da40_0 .net *"_ivl_2", 0 0, L_0x258f670;  1 drivers
v0x254db20_0 .net *"_ivl_3", 0 0, L_0x258f710;  1 drivers
L_0x258f5d0 .reduce/and L_0x258f820;
S_0x254ea20 .scope module, "subtrator_cla_i" "subtrator" 4 42, 6 1 0, S_0x24d00b0;
 .timescale 0 0;
    .port_info 0 /INPUT 4 "operandA";
    .port_info 1 /INPUT 4 "operandB";
    .port_info 2 /INPUT 1 "carry_in";
    .port_info 3 /OUTPUT 4 "result";
    .port_info 4 /OUTPUT 1 "carry_out";
    .port_info 5 /OUTPUT 1 "propagated";
    .port_info 6 /OUTPUT 1 "generated";
P_0x254ebd0 .param/l "WIDTH" 0 6 3, +C4<00000000000000000000000000000100>;
L_0x2590260 .functor NOT 4, L_0x2594330, C4<0000>, C4<0000>, C4<0000>;
L_0x2590320 .functor NOT 1, v0x25791f0_0, C4<0>, C4<0>, C4<0>;
v0x2556580_0 .net "carry_in", 0 0, v0x25791f0_0;  alias, 1 drivers
v0x2556670_0 .net "carry_out", 0 0, L_0x2594090;  alias, 1 drivers
v0x2556710_0 .net "carry_out_somador", 0 0, L_0x2593b30;  1 drivers
v0x2556810_0 .net "changed_B", 3 0, L_0x2590260;  1 drivers
v0x25568e0_0 .net "changed_carry_in", 0 0, L_0x2590320;  1 drivers
v0x2556980_0 .net "generated", 0 0, L_0x2593f00;  alias, 1 drivers
v0x2556a50_0 .net "operandA", 3 0, L_0x2594180;  alias, 1 drivers
v0x2556b40_0 .net "operandB", 3 0, L_0x2594330;  alias, 1 drivers
v0x2556be0_0 .net "propagated", 0 0, L_0x2593e60;  alias, 1 drivers
v0x2556d40_0 .net "result", 3 0, L_0x2593da0;  alias, 1 drivers
L_0x2594090 .reduce/nor L_0x2593b30;
S_0x254edf0 .scope module, "somador_cla_i" "somador_cla" 6 24, 5 1 0, S_0x254ea20;
 .timescale 0 0;
    .port_info 0 /INPUT 4 "operandA";
    .port_info 1 /INPUT 4 "operandB";
    .port_info 2 /INPUT 1 "carry_in";
    .port_info 3 /OUTPUT 4 "result";
    .port_info 4 /OUTPUT 1 "carry_out";
    .port_info 5 /OUTPUT 1 "propagated";
    .port_info 6 /OUTPUT 1 "generated";
P_0x254efd0 .param/l "WIDTH" 0 5 3, +C4<00000000000000000000000000000100>;
L_0x25936f0 .functor XOR 4, L_0x2594180, L_0x2590260, C4<0000>, C4<0000>;
L_0x2593760 .functor AND 4, L_0x2594180, L_0x2590260, C4<1111>, C4<1111>;
L_0x2593a70 .functor BUFZ 1, L_0x2590320, C4<0>, C4<0>, C4<0>;
L_0x2593da0 .functor XOR 4, L_0x25936f0, L_0x2593c20, C4<0000>, C4<0000>;
v0x2555a60_0 .net "C", 4 0, L_0x25937d0;  1 drivers
v0x2555b60_0 .net "G", 3 0, L_0x2593760;  1 drivers
v0x2555c40_0 .net "P", 3 0, L_0x25936f0;  1 drivers
v0x2555d30_0 .net *"_ivl_39", 0 0, L_0x2593a70;  1 drivers
v0x2555e10_0 .net *"_ivl_43", 3 0, L_0x2593c20;  1 drivers
v0x2555f40_0 .net "carry_in", 0 0, L_0x2590320;  alias, 1 drivers
v0x2556000_0 .net "carry_out", 0 0, L_0x2593b30;  alias, 1 drivers
v0x25560c0_0 .net "generated", 0 0, L_0x2593f00;  alias, 1 drivers
v0x2556180_0 .net "operandA", 3 0, L_0x2594180;  alias, 1 drivers
v0x2556240_0 .net "operandB", 3 0, L_0x2590260;  alias, 1 drivers
v0x2556300_0 .net "propagated", 0 0, L_0x2593e60;  alias, 1 drivers
v0x25563c0_0 .net "result", 3 0, L_0x2593da0;  alias, 1 drivers
L_0x25903e0 .part L_0x2593760, 0, 1;
L_0x2590660 .part L_0x25936f0, 0, 1;
L_0x25907f0 .part L_0x25937d0, 0, 1;
L_0x25909f0 .part L_0x2593760, 1, 1;
L_0x2590b80 .part L_0x25936f0, 1, 1;
L_0x2590d60 .part L_0x2593760, 0, 1;
L_0x25910e0 .part L_0x25936f0, 0, 2;
L_0x2591270 .part L_0x25937d0, 0, 1;
L_0x2591510 .part L_0x2593760, 2, 1;
L_0x25916e0 .part L_0x25936f0, 2, 1;
L_0x2591910 .part L_0x2593760, 1, 1;
L_0x2591a20 .part L_0x25936f0, 1, 2;
L_0x2591c20 .part L_0x2593760, 0, 1;
L_0x2591fb0 .part L_0x25936f0, 0, 3;
L_0x25921c0 .part L_0x25937d0, 0, 1;
L_0x2592350 .part L_0x2593760, 3, 1;
L_0x2592520 .part L_0x25936f0, 3, 1;
L_0x25926b0 .part L_0x2593760, 2, 1;
L_0x2592a10 .part L_0x25936f0, 2, 2;
L_0x2592cb0 .part L_0x2593760, 1, 1;
L_0x2592860 .part L_0x25936f0, 1, 3;
L_0x2593000 .part L_0x2593760, 0, 1;
L_0x2593540 .part L_0x25937d0, 0, 1;
LS_0x25937d0_0_0 .concat8 [ 1 1 1 1], L_0x2593a70, L_0x2590480, L_0x2590ae0, L_0x2591640;
LS_0x25937d0_0_4 .concat8 [ 1 0 0 0], L_0x2592480;
L_0x25937d0 .concat8 [ 4 1 0 0], LS_0x25937d0_0_0, LS_0x25937d0_0_4;
L_0x2593b30 .part L_0x25937d0, 4, 1;
L_0x2593c20 .part L_0x25937d0, 0, 4;
L_0x2593e60 .part L_0x25936f0, 3, 1;
L_0x2593f00 .part L_0x2593760, 3, 1;
S_0x254f190 .scope generate, "carry_logic[1]" "carry_logic[1]" 5 27, 5 27 0, S_0x254edf0;
 .timescale 0 0;
P_0x254f3b0 .param/l "i" 1 5 27, +C4<01>;
v0x254fce0_0 .net *"_ivl_2", 0 0, L_0x25903e0;  1 drivers
v0x254fde0_0 .net *"_ivl_4", 0 0, L_0x2590480;  1 drivers
v0x254fea0_0 .net "carry_item", 1 0, L_0x2590520;  1 drivers
L_0x2590480 .reduce/or L_0x2590520;
L_0x2590520 .concat8 [ 1 1 0 0], L_0x25903e0, L_0x2590890;
S_0x254f490 .scope generate, "genblk1[1]" "genblk1[1]" 5 32, 5 32 0, S_0x254f190;
 .timescale 0 0;
P_0x254f690 .param/l "j" 1 5 32, +C4<01>;
S_0x254f770 .scope generate, "genblk1" "genblk1" 5 33, 5 33 0, S_0x254f490;
 .timescale 0 0;
L_0x2590890 .functor AND 1, L_0x2590700, L_0x25907f0, C4<1>, C4<1>;
v0x254f950_0 .net *"_ivl_0", 0 0, L_0x2590660;  1 drivers
v0x254fa50_0 .net *"_ivl_2", 0 0, L_0x2590700;  1 drivers
v0x254fb10_0 .net *"_ivl_3", 0 0, L_0x25907f0;  1 drivers
v0x254fc00_0 .net *"_ivl_4", 0 0, L_0x2590890;  1 drivers
L_0x2590700 .reduce/and L_0x2590660;
S_0x254ff90 .scope generate, "carry_logic[2]" "carry_logic[2]" 5 27, 5 27 0, S_0x254edf0;
 .timescale 0 0;
P_0x25501b0 .param/l "i" 1 5 27, +C4<010>;
v0x2551310_0 .net *"_ivl_2", 0 0, L_0x25909f0;  1 drivers
v0x2551410_0 .net *"_ivl_4", 0 0, L_0x2590ae0;  1 drivers
v0x25514d0_0 .net "carry_item", 2 0, L_0x2590f50;  1 drivers
L_0x2590ae0 .reduce/or L_0x2590f50;
L_0x2590f50 .concat8 [ 1 1 1 0], L_0x25909f0, L_0x2590e40, L_0x25913b0;
S_0x2550270 .scope generate, "genblk1[1]" "genblk1[1]" 5 32, 5 32 0, S_0x254ff90;
 .timescale 0 0;
P_0x2550470 .param/l "j" 1 5 32, +C4<01>;
S_0x2550550 .scope generate, "genblk1" "genblk1" 5 33, 5 33 0, S_0x2550270;
 .timescale 0 0;
L_0x2590e40 .functor AND 1, L_0x2590c70, L_0x2590d60, C4<1>, C4<1>;
v0x2550730_0 .net *"_ivl_0", 0 0, L_0x2590b80;  1 drivers
v0x2550830_0 .net *"_ivl_2", 0 0, L_0x2590c70;  1 drivers
v0x25508f0_0 .net *"_ivl_3", 0 0, L_0x2590d60;  1 drivers
v0x25509e0_0 .net *"_ivl_4", 0 0, L_0x2590e40;  1 drivers
L_0x2590c70 .reduce/and L_0x2590b80;
S_0x2550ac0 .scope generate, "genblk1[2]" "genblk1[2]" 5 32, 5 32 0, S_0x254ff90;
 .timescale 0 0;
P_0x2550ce0 .param/l "j" 1 5 32, +C4<010>;
S_0x2550da0 .scope generate, "genblk1" "genblk1" 5 33, 5 33 0, S_0x2550ac0;
 .timescale 0 0;
L_0x25913b0 .functor AND 1, L_0x2591180, L_0x2591270, C4<1>, C4<1>;
v0x2550f80_0 .net *"_ivl_0", 1 0, L_0x25910e0;  1 drivers
v0x2551080_0 .net *"_ivl_2", 0 0, L_0x2591180;  1 drivers
v0x2551140_0 .net *"_ivl_3", 0 0, L_0x2591270;  1 drivers
v0x2551230_0 .net *"_ivl_4", 0 0, L_0x25913b0;  1 drivers
L_0x2591180 .reduce/and L_0x25910e0;
S_0x25515c0 .scope generate, "carry_logic[3]" "carry_logic[3]" 5 27, 5 27 0, S_0x254edf0;
 .timescale 0 0;
P_0x25517f0 .param/l "i" 1 5 27, +C4<011>;
v0x25531b0_0 .net *"_ivl_2", 0 0, L_0x2591510;  1 drivers
v0x25532b0_0 .net *"_ivl_4", 0 0, L_0x2591640;  1 drivers
v0x2553370_0 .net "carry_item", 3 0, L_0x2591dd0;  1 drivers
L_0x2591640 .reduce/or L_0x2591dd0;
L_0x2591dd0 .concat8 [ 1 1 1 1], L_0x2591510, L_0x25919b0, L_0x2591cc0, L_0x2591ac0;
S_0x25518b0 .scope generate, "genblk1[1]" "genblk1[1]" 5 32, 5 32 0, S_0x25515c0;
 .timescale 0 0;
P_0x2551ab0 .param/l "j" 1 5 32, +C4<01>;
S_0x2551b90 .scope generate, "genblk1" "genblk1" 5 33, 5 33 0, S_0x25518b0;
 .timescale 0 0;
L_0x25919b0 .functor AND 1, L_0x2591870, L_0x2591910, C4<1>, C4<1>;
v0x2551d70_0 .net *"_ivl_0", 0 0, L_0x25916e0;  1 drivers
v0x2551e70_0 .net *"_ivl_2", 0 0, L_0x2591870;  1 drivers
v0x2551f30_0 .net *"_ivl_3", 0 0, L_0x2591910;  1 drivers
v0x2552020_0 .net *"_ivl_4", 0 0, L_0x25919b0;  1 drivers
L_0x2591870 .reduce/and L_0x25916e0;
S_0x2552100 .scope generate, "genblk1[2]" "genblk1[2]" 5 32, 5 32 0, S_0x25515c0;
 .timescale 0 0;
P_0x2552320 .param/l "j" 1 5 32, +C4<010>;
S_0x25523e0 .scope generate, "genblk1" "genblk1" 5 33, 5 33 0, S_0x2552100;
 .timescale 0 0;
L_0x2591cc0 .functor AND 1, L_0x2591b30, L_0x2591c20, C4<1>, C4<1>;
v0x25525c0_0 .net *"_ivl_0", 1 0, L_0x2591a20;  1 drivers
v0x25526c0_0 .net *"_ivl_2", 0 0, L_0x2591b30;  1 drivers
v0x2552780_0 .net *"_ivl_3", 0 0, L_0x2591c20;  1 drivers
v0x2552870_0 .net *"_ivl_4", 0 0, L_0x2591cc0;  1 drivers
L_0x2591b30 .reduce/and L_0x2591a20;
S_0x2552950 .scope generate, "genblk1[3]" "genblk1[3]" 5 32, 5 32 0, S_0x25515c0;
 .timescale 0 0;
P_0x2552b80 .param/l "j" 1 5 32, +C4<011>;
S_0x2552c40 .scope generate, "genblk1" "genblk1" 5 33, 5 33 0, S_0x2552950;
 .timescale 0 0;
L_0x2591ac0 .functor AND 1, L_0x25920d0, L_0x25921c0, C4<1>, C4<1>;
v0x2552e20_0 .net *"_ivl_0", 2 0, L_0x2591fb0;  1 drivers
v0x2552f20_0 .net *"_ivl_2", 0 0, L_0x25920d0;  1 drivers
v0x2552fe0_0 .net *"_ivl_3", 0 0, L_0x25921c0;  1 drivers
v0x25530d0_0 .net *"_ivl_4", 0 0, L_0x2591ac0;  1 drivers
L_0x25920d0 .reduce/and L_0x2591fb0;
S_0x2553460 .scope generate, "carry_logic[4]" "carry_logic[4]" 5 27, 5 27 0, S_0x254edf0;
 .timescale 0 0;
P_0x2553660 .param/l "i" 1 5 27, +C4<0100>;
v0x25557b0_0 .net *"_ivl_2", 0 0, L_0x2592350;  1 drivers
v0x25558b0_0 .net *"_ivl_4", 0 0, L_0x2592480;  1 drivers
v0x2555970_0 .net "carry_item", 4 0, L_0x2593270;  1 drivers
L_0x2592480 .reduce/or L_0x2593270;
LS_0x2593270_0_0 .concat8 [ 1 1 1 1], L_0x2592350, L_0x2592900, L_0x2592e00, L_0x2593160;
LS_0x2593270_0_4 .concat8 [ 1 0 0 0], L_0x25935e0;
L_0x2593270 .concat8 [ 4 1 0 0], LS_0x2593270_0_0, LS_0x2593270_0_4;
S_0x2553740 .scope generate, "genblk1[1]" "genblk1[1]" 5 32, 5 32 0, S_0x2553460;
 .timescale 0 0;
P_0x2553940 .param/l "j" 1 5 32, +C4<01>;
S_0x2553a20 .scope generate, "genblk1" "genblk1" 5 33, 5 33 0, S_0x2553740;
 .timescale 0 0;
L_0x2592900 .functor AND 1, L_0x25925c0, L_0x25926b0, C4<1>, C4<1>;
v0x2553c00_0 .net *"_ivl_0", 0 0, L_0x2592520;  1 drivers
v0x2553d00_0 .net *"_ivl_2", 0 0, L_0x25925c0;  1 drivers
v0x2553dc0_0 .net *"_ivl_3", 0 0, L_0x25926b0;  1 drivers
v0x2553eb0_0 .net *"_ivl_4", 0 0, L_0x2592900;  1 drivers
L_0x25925c0 .reduce/and L_0x2592520;
S_0x2553f90 .scope generate, "genblk1[2]" "genblk1[2]" 5 32, 5 32 0, S_0x2553460;
 .timescale 0 0;
P_0x25541b0 .param/l "j" 1 5 32, +C4<010>;
S_0x2554270 .scope generate, "genblk1" "genblk1" 5 33, 5 33 0, S_0x2553f90;
 .timescale 0 0;
L_0x2592e00 .functor AND 1, L_0x2592bc0, L_0x2592cb0, C4<1>, C4<1>;
v0x2554450_0 .net *"_ivl_0", 1 0, L_0x2592a10;  1 drivers
v0x2554550_0 .net *"_ivl_2", 0 0, L_0x2592bc0;  1 drivers
v0x2554610_0 .net *"_ivl_3", 0 0, L_0x2592cb0;  1 drivers
v0x2554700_0 .net *"_ivl_4", 0 0, L_0x2592e00;  1 drivers
L_0x2592bc0 .reduce/and L_0x2592a10;
S_0x25547e0 .scope generate, "genblk1[3]" "genblk1[3]" 5 32, 5 32 0, S_0x2553460;
 .timescale 0 0;
P_0x2554a10 .param/l "j" 1 5 32, +C4<011>;
S_0x2554ad0 .scope generate, "genblk1" "genblk1" 5 33, 5 33 0, S_0x25547e0;
 .timescale 0 0;
L_0x2593160 .functor AND 1, L_0x2592f10, L_0x2593000, C4<1>, C4<1>;
v0x2554cb0_0 .net *"_ivl_0", 2 0, L_0x2592860;  1 drivers
v0x2554db0_0 .net *"_ivl_2", 0 0, L_0x2592f10;  1 drivers
v0x2554e70_0 .net *"_ivl_3", 0 0, L_0x2593000;  1 drivers
v0x2554f60_0 .net *"_ivl_4", 0 0, L_0x2593160;  1 drivers
L_0x2592f10 .reduce/and L_0x2592860;
S_0x2555040 .scope generate, "genblk1[4]" "genblk1[4]" 5 32, 5 32 0, S_0x2553460;
 .timescale 0 0;
P_0x2555240 .param/l "j" 1 5 32, +C4<0100>;
S_0x2555320 .scope generate, "genblk1" "genblk1" 5 33, 5 33 0, S_0x2555040;
 .timescale 0 0;
L_0x25935e0 .functor AND 1, L_0x25934a0, L_0x2593540, C4<1>, C4<1>;
v0x2555500_0 .net *"_ivl_1", 0 0, L_0x25934a0;  1 drivers
v0x25555e0_0 .net *"_ivl_2", 0 0, L_0x2593540;  1 drivers
v0x25556c0_0 .net *"_ivl_3", 0 0, L_0x25935e0;  1 drivers
L_0x25934a0 .reduce/and L_0x25936f0;
S_0x2557f30 .scope module, "ula_lower" "ula" 3 23, 4 1 0, S_0x25166c0;
 .timescale 0 0;
    .port_info 0 /INPUT 4 "A";
    .port_info 1 /INPUT 4 "B";
    .port_info 2 /INPUT 4 "seletor";
    .port_info 3 /INPUT 1 "carry_in";
    .port_info 4 /OUTPUT 4 "resultado";
    .port_info 5 /OUTPUT 1 "C";
    .port_info 6 /OUTPUT 1 "V";
    .port_info 7 /OUTPUT 1 "Z";
    .port_info 8 /OUTPUT 1 "N";
    .port_info 9 /OUTPUT 1 "propagated_out";
    .port_info 10 /OUTPUT 1 "generated_out";
P_0x2558130 .param/l "WIDTH" 1 4 15, +C4<00000000000000000000000000000100>;
v0x2567f40_0 .net "A", 3 0, L_0x25845a0;  1 drivers
v0x2568020_0 .net "B", 3 0, L_0x25847a0;  1 drivers
v0x25680e0_0 .var "C", 0 0;
v0x2568180_0 .var "N", 0 0;
v0x2568240_0 .var "V", 0 0;
v0x2568350_0 .var "Z", 0 0;
v0x2568410_0 .net "carry_in", 0 0, v0x257c760_0;  alias, 1 drivers
v0x2568500_0 .net "carry_out_somador_cla", 0 0, L_0x2580030;  1 drivers
v0x25685a0_0 .net "carry_out_subtrator_cla", 0 0, L_0x25844b0;  1 drivers
v0x25686d0_0 .var "generated_out", 0 0;
v0x2568770_0 .net "generated_sub", 0 0, L_0x2584320;  1 drivers
v0x2568810_0 .net "generated_sum", 0 0, L_0x25804a0;  1 drivers
v0x25688b0_0 .var "propagated_out", 0 0;
v0x2568950_0 .net "propagated_sub", 0 0, L_0x2584280;  1 drivers
v0x2568a40_0 .net "propagated_sum", 0 0, L_0x25803b0;  1 drivers
v0x2568ae0_0 .net "result_somador_cla", 3 0, L_0x25802a0;  1 drivers
v0x2568bb0_0 .net "result_subtrator_cla", 3 0, L_0x25841c0;  1 drivers
v0x2568ca0_0 .var "resultado", 3 0;
v0x2568d60_0 .net "seletor", 3 0, v0x257c930_0;  alias, 1 drivers
E_0x24794a0/0 .event anyedge, v0x2557c90_0, v0x255f5f0_0, v0x255f6d0_0, v0x255f870_0;
E_0x24794a0/1 .event anyedge, v0x255f470_0, v0x2568ca0_0, v0x255f7b0_0, v0x255f530_0;
E_0x24794a0/2 .event anyedge, v0x2567450_0, v0x2567740_0, v0x2567390_0, v0x2567150_0;
E_0x24794a0 .event/or E_0x24794a0/0, E_0x24794a0/1, E_0x24794a0/2;
S_0x2558240 .scope module, "somador_cla_i" "somador_cla" 4 30, 5 1 0, S_0x2557f30;
 .timescale 0 0;
    .port_info 0 /INPUT 4 "operandA";
    .port_info 1 /INPUT 4 "operandB";
    .port_info 2 /INPUT 1 "carry_in";
    .port_info 3 /OUTPUT 4 "result";
    .port_info 4 /OUTPUT 1 "carry_out";
    .port_info 5 /OUTPUT 1 "propagated";
    .port_info 6 /OUTPUT 1 "generated";
P_0x2558440 .param/l "WIDTH" 0 5 3, +C4<00000000000000000000000000000100>;
L_0x257fc80 .functor XOR 4, L_0x25845a0, L_0x25847a0, C4<0000>, C4<0000>;
L_0x257fcf0 .functor AND 4, L_0x25845a0, L_0x25847a0, C4<1111>, C4<1111>;
L_0x257ff70 .functor BUFZ 1, v0x257c760_0, C4<0>, C4<0>, C4<0>;
L_0x25802a0 .functor XOR 4, L_0x257fc80, L_0x2580120, C4<0000>, C4<0000>;
v0x255eed0_0 .net "C", 4 0, L_0x257fd60;  1 drivers
v0x255efd0_0 .net "G", 3 0, L_0x257fcf0;  1 drivers
v0x255f0b0_0 .net "P", 3 0, L_0x257fc80;  1 drivers
v0x255f1a0_0 .net *"_ivl_39", 0 0, L_0x257ff70;  1 drivers
v0x255f280_0 .net *"_ivl_43", 3 0, L_0x2580120;  1 drivers
v0x255f3b0_0 .net "carry_in", 0 0, v0x257c760_0;  alias, 1 drivers
v0x255f470_0 .net "carry_out", 0 0, L_0x2580030;  alias, 1 drivers
v0x255f530_0 .net "generated", 0 0, L_0x25804a0;  alias, 1 drivers
v0x255f5f0_0 .net "operandA", 3 0, L_0x25845a0;  alias, 1 drivers
v0x255f6d0_0 .net "operandB", 3 0, L_0x25847a0;  alias, 1 drivers
v0x255f7b0_0 .net "propagated", 0 0, L_0x25803b0;  alias, 1 drivers
v0x255f870_0 .net "result", 3 0, L_0x25802a0;  alias, 1 drivers
L_0x257cb00 .part L_0x257fcf0, 0, 1;
L_0x257cda0 .part L_0x257fc80, 0, 1;
L_0x257cf40 .part L_0x257fd60, 0, 1;
L_0x257d100 .part L_0x257fcf0, 1, 1;
L_0x257d2c0 .part L_0x257fc80, 1, 1;
L_0x257d4a0 .part L_0x257fcf0, 0, 1;
L_0x257d7b0 .part L_0x257fc80, 0, 2;
L_0x257d940 .part L_0x257fd60, 0, 1;
L_0x257db70 .part L_0x257fcf0, 2, 1;
L_0x257dd40 .part L_0x257fc80, 2, 1;
L_0x257df70 .part L_0x257fcf0, 1, 1;
L_0x257e040 .part L_0x257fc80, 1, 2;
L_0x257e240 .part L_0x257fcf0, 0, 1;
L_0x257e590 .part L_0x257fc80, 0, 3;
L_0x257e7a0 .part L_0x257fd60, 0, 1;
L_0x257e930 .part L_0x257fcf0, 3, 1;
L_0x257eb00 .part L_0x257fc80, 3, 1;
L_0x257ec90 .part L_0x257fcf0, 2, 1;
L_0x257efb0 .part L_0x257fc80, 2, 2;
L_0x257f250 .part L_0x257fcf0, 1, 1;
L_0x257ee40 .part L_0x257fc80, 1, 3;
L_0x257f560 .part L_0x257fcf0, 0, 1;
L_0x257fad0 .part L_0x257fd60, 0, 1;
LS_0x257fd60_0_0 .concat8 [ 1 1 1 1], L_0x257ff70, L_0x257cc00, L_0x257d220, L_0x257dca0;
LS_0x257fd60_0_4 .concat8 [ 1 0 0 0], L_0x257ea60;
L_0x257fd60 .concat8 [ 4 1 0 0], LS_0x257fd60_0_0, LS_0x257fd60_0_4;
L_0x2580030 .part L_0x257fd60, 4, 1;
L_0x2580120 .part L_0x257fd60, 0, 4;
L_0x25803b0 .part L_0x257fc80, 3, 1;
L_0x25804a0 .part L_0x257fcf0, 3, 1;
S_0x2558600 .scope generate, "carry_logic[1]" "carry_logic[1]" 5 27, 5 27 0, S_0x2558240;
 .timescale 0 0;
P_0x2558820 .param/l "i" 1 5 27, +C4<01>;
v0x2559150_0 .net *"_ivl_2", 0 0, L_0x257cb00;  1 drivers
v0x2559250_0 .net *"_ivl_4", 0 0, L_0x257cc00;  1 drivers
v0x2559310_0 .net "carry_item", 1 0, L_0x257cd00;  1 drivers
L_0x257cc00 .reduce/or L_0x257cd00;
L_0x257cd00 .concat8 [ 1 1 0 0], L_0x257cb00, L_0x25253a0;
S_0x2558900 .scope generate, "genblk1[1]" "genblk1[1]" 5 32, 5 32 0, S_0x2558600;
 .timescale 0 0;
P_0x2558b00 .param/l "j" 1 5 32, +C4<01>;
S_0x2558be0 .scope generate, "genblk1" "genblk1" 5 33, 5 33 0, S_0x2558900;
 .timescale 0 0;
L_0x25253a0 .functor AND 1, L_0x257ce70, L_0x257cf40, C4<1>, C4<1>;
v0x2558dc0_0 .net *"_ivl_0", 0 0, L_0x257cda0;  1 drivers
v0x2558ec0_0 .net *"_ivl_2", 0 0, L_0x257ce70;  1 drivers
v0x2558f80_0 .net *"_ivl_3", 0 0, L_0x257cf40;  1 drivers
v0x2559070_0 .net *"_ivl_4", 0 0, L_0x25253a0;  1 drivers
L_0x257ce70 .reduce/and L_0x257cda0;
S_0x2559400 .scope generate, "carry_logic[2]" "carry_logic[2]" 5 27, 5 27 0, S_0x2558240;
 .timescale 0 0;
P_0x2559620 .param/l "i" 1 5 27, +C4<010>;
v0x255a780_0 .net *"_ivl_2", 0 0, L_0x257d100;  1 drivers
v0x255a880_0 .net *"_ivl_4", 0 0, L_0x257d220;  1 drivers
v0x255a940_0 .net "carry_item", 2 0, L_0x257d620;  1 drivers
L_0x257d220 .reduce/or L_0x257d620;
L_0x257d620 .concat8 [ 1 1 1 0], L_0x257d100, L_0x24ce740, L_0x24ddcc0;
S_0x25596e0 .scope generate, "genblk1[1]" "genblk1[1]" 5 32, 5 32 0, S_0x2559400;
 .timescale 0 0;
P_0x25598e0 .param/l "j" 1 5 32, +C4<01>;
S_0x25599c0 .scope generate, "genblk1" "genblk1" 5 33, 5 33 0, S_0x25596e0;
 .timescale 0 0;
L_0x24ce740 .functor AND 1, L_0x257d3b0, L_0x257d4a0, C4<1>, C4<1>;
v0x2559ba0_0 .net *"_ivl_0", 0 0, L_0x257d2c0;  1 drivers
v0x2559ca0_0 .net *"_ivl_2", 0 0, L_0x257d3b0;  1 drivers
v0x2559d60_0 .net *"_ivl_3", 0 0, L_0x257d4a0;  1 drivers
v0x2559e50_0 .net *"_ivl_4", 0 0, L_0x24ce740;  1 drivers
L_0x257d3b0 .reduce/and L_0x257d2c0;
S_0x2559f30 .scope generate, "genblk1[2]" "genblk1[2]" 5 32, 5 32 0, S_0x2559400;
 .timescale 0 0;
P_0x255a150 .param/l "j" 1 5 32, +C4<010>;
S_0x255a210 .scope generate, "genblk1" "genblk1" 5 33, 5 33 0, S_0x2559f30;
 .timescale 0 0;
L_0x24ddcc0 .functor AND 1, L_0x257d850, L_0x257d940, C4<1>, C4<1>;
v0x255a3f0_0 .net *"_ivl_0", 1 0, L_0x257d7b0;  1 drivers
v0x255a4f0_0 .net *"_ivl_2", 0 0, L_0x257d850;  1 drivers
v0x255a5b0_0 .net *"_ivl_3", 0 0, L_0x257d940;  1 drivers
v0x255a6a0_0 .net *"_ivl_4", 0 0, L_0x24ddcc0;  1 drivers
L_0x257d850 .reduce/and L_0x257d7b0;
S_0x255aa30 .scope generate, "carry_logic[3]" "carry_logic[3]" 5 27, 5 27 0, S_0x2558240;
 .timescale 0 0;
P_0x255ac60 .param/l "i" 1 5 27, +C4<011>;
v0x255c620_0 .net *"_ivl_2", 0 0, L_0x257db70;  1 drivers
v0x255c720_0 .net *"_ivl_4", 0 0, L_0x257dca0;  1 drivers
v0x255c7e0_0 .net "carry_item", 3 0, L_0x257e3b0;  1 drivers
L_0x257dca0 .reduce/or L_0x257e3b0;
L_0x257e3b0 .concat8 [ 1 1 1 1], L_0x257db70, L_0x24dece0, L_0x24f18a0, L_0x257e0e0;
S_0x255ad20 .scope generate, "genblk1[1]" "genblk1[1]" 5 32, 5 32 0, S_0x255aa30;
 .timescale 0 0;
P_0x255af20 .param/l "j" 1 5 32, +C4<01>;
S_0x255b000 .scope generate, "genblk1" "genblk1" 5 33, 5 33 0, S_0x255ad20;
 .timescale 0 0;
L_0x24dece0 .functor AND 1, L_0x257ded0, L_0x257df70, C4<1>, C4<1>;
v0x255b1e0_0 .net *"_ivl_0", 0 0, L_0x257dd40;  1 drivers
v0x255b2e0_0 .net *"_ivl_2", 0 0, L_0x257ded0;  1 drivers
v0x255b3a0_0 .net *"_ivl_3", 0 0, L_0x257df70;  1 drivers
v0x255b490_0 .net *"_ivl_4", 0 0, L_0x24dece0;  1 drivers
L_0x257ded0 .reduce/and L_0x257dd40;
S_0x255b570 .scope generate, "genblk1[2]" "genblk1[2]" 5 32, 5 32 0, S_0x255aa30;
 .timescale 0 0;
P_0x255b790 .param/l "j" 1 5 32, +C4<010>;
S_0x255b850 .scope generate, "genblk1" "genblk1" 5 33, 5 33 0, S_0x255b570;
 .timescale 0 0;
L_0x24f18a0 .functor AND 1, L_0x257e150, L_0x257e240, C4<1>, C4<1>;
v0x255ba30_0 .net *"_ivl_0", 1 0, L_0x257e040;  1 drivers
v0x255bb30_0 .net *"_ivl_2", 0 0, L_0x257e150;  1 drivers
v0x255bbf0_0 .net *"_ivl_3", 0 0, L_0x257e240;  1 drivers
v0x255bce0_0 .net *"_ivl_4", 0 0, L_0x24f18a0;  1 drivers
L_0x257e150 .reduce/and L_0x257e040;
S_0x255bdc0 .scope generate, "genblk1[3]" "genblk1[3]" 5 32, 5 32 0, S_0x255aa30;
 .timescale 0 0;
P_0x255bff0 .param/l "j" 1 5 32, +C4<011>;
S_0x255c0b0 .scope generate, "genblk1" "genblk1" 5 33, 5 33 0, S_0x255bdc0;
 .timescale 0 0;
L_0x257e0e0 .functor AND 1, L_0x257e6b0, L_0x257e7a0, C4<1>, C4<1>;
v0x255c290_0 .net *"_ivl_0", 2 0, L_0x257e590;  1 drivers
v0x255c390_0 .net *"_ivl_2", 0 0, L_0x257e6b0;  1 drivers
v0x255c450_0 .net *"_ivl_3", 0 0, L_0x257e7a0;  1 drivers
v0x255c540_0 .net *"_ivl_4", 0 0, L_0x257e0e0;  1 drivers
L_0x257e6b0 .reduce/and L_0x257e590;
S_0x255c8d0 .scope generate, "carry_logic[4]" "carry_logic[4]" 5 27, 5 27 0, S_0x2558240;
 .timescale 0 0;
P_0x255cad0 .param/l "i" 1 5 27, +C4<0100>;
v0x255ec20_0 .net *"_ivl_2", 0 0, L_0x257e930;  1 drivers
v0x255ed20_0 .net *"_ivl_4", 0 0, L_0x257ea60;  1 drivers
v0x255ede0_0 .net "carry_item", 4 0, L_0x257f800;  1 drivers
L_0x257ea60 .reduce/or L_0x257f800;
LS_0x257f800_0_0 .concat8 [ 1 1 1 1], L_0x257e930, L_0x2500fc0, L_0x2501fe0, L_0x257f6c0;
LS_0x257f800_0_4 .concat8 [ 1 0 0 0], L_0x257fb70;
L_0x257f800 .concat8 [ 4 1 0 0], LS_0x257f800_0_0, LS_0x257f800_0_4;
S_0x255cbb0 .scope generate, "genblk1[1]" "genblk1[1]" 5 32, 5 32 0, S_0x255c8d0;
 .timescale 0 0;
P_0x255cdb0 .param/l "j" 1 5 32, +C4<01>;
S_0x255ce90 .scope generate, "genblk1" "genblk1" 5 33, 5 33 0, S_0x255cbb0;
 .timescale 0 0;
L_0x2500fc0 .functor AND 1, L_0x257eba0, L_0x257ec90, C4<1>, C4<1>;
v0x255d070_0 .net *"_ivl_0", 0 0, L_0x257eb00;  1 drivers
v0x255d170_0 .net *"_ivl_2", 0 0, L_0x257eba0;  1 drivers
v0x255d230_0 .net *"_ivl_3", 0 0, L_0x257ec90;  1 drivers
v0x255d320_0 .net *"_ivl_4", 0 0, L_0x2500fc0;  1 drivers
L_0x257eba0 .reduce/and L_0x257eb00;
S_0x255d400 .scope generate, "genblk1[2]" "genblk1[2]" 5 32, 5 32 0, S_0x255c8d0;
 .timescale 0 0;
P_0x255d620 .param/l "j" 1 5 32, +C4<010>;
S_0x255d6e0 .scope generate, "genblk1" "genblk1" 5 33, 5 33 0, S_0x255d400;
 .timescale 0 0;
L_0x2501fe0 .functor AND 1, L_0x257f160, L_0x257f250, C4<1>, C4<1>;
v0x255d8c0_0 .net *"_ivl_0", 1 0, L_0x257efb0;  1 drivers
v0x255d9c0_0 .net *"_ivl_2", 0 0, L_0x257f160;  1 drivers
v0x255da80_0 .net *"_ivl_3", 0 0, L_0x257f250;  1 drivers
v0x255db70_0 .net *"_ivl_4", 0 0, L_0x2501fe0;  1 drivers
L_0x257f160 .reduce/and L_0x257efb0;
S_0x255dc50 .scope generate, "genblk1[3]" "genblk1[3]" 5 32, 5 32 0, S_0x255c8d0;
 .timescale 0 0;
P_0x255de80 .param/l "j" 1 5 32, +C4<011>;
S_0x255df40 .scope generate, "genblk1" "genblk1" 5 33, 5 33 0, S_0x255dc50;
 .timescale 0 0;
L_0x257f6c0 .functor AND 1, L_0x257f470, L_0x257f560, C4<1>, C4<1>;
v0x255e120_0 .net *"_ivl_0", 2 0, L_0x257ee40;  1 drivers
v0x255e220_0 .net *"_ivl_2", 0 0, L_0x257f470;  1 drivers
v0x255e2e0_0 .net *"_ivl_3", 0 0, L_0x257f560;  1 drivers
v0x255e3d0_0 .net *"_ivl_4", 0 0, L_0x257f6c0;  1 drivers
L_0x257f470 .reduce/and L_0x257ee40;
S_0x255e4b0 .scope generate, "genblk1[4]" "genblk1[4]" 5 32, 5 32 0, S_0x255c8d0;
 .timescale 0 0;
P_0x255e6b0 .param/l "j" 1 5 32, +C4<0100>;
S_0x255e790 .scope generate, "genblk1" "genblk1" 5 33, 5 33 0, S_0x255e4b0;
 .timescale 0 0;
L_0x257fb70 .functor AND 1, L_0x257fa30, L_0x257fad0, C4<1>, C4<1>;
v0x255e970_0 .net *"_ivl_1", 0 0, L_0x257fa30;  1 drivers
v0x255ea50_0 .net *"_ivl_2", 0 0, L_0x257fad0;  1 drivers
v0x255eb30_0 .net *"_ivl_3", 0 0, L_0x257fb70;  1 drivers
L_0x257fa30 .reduce/and L_0x257fc80;
S_0x255fa70 .scope module, "subtrator_cla_i" "subtrator" 4 42, 6 1 0, S_0x2557f30;
 .timescale 0 0;
    .port_info 0 /INPUT 4 "operandA";
    .port_info 1 /INPUT 4 "operandB";
    .port_info 2 /INPUT 1 "carry_in";
    .port_info 3 /OUTPUT 4 "result";
    .port_info 4 /OUTPUT 1 "carry_out";
    .port_info 5 /OUTPUT 1 "propagated";
    .port_info 6 /OUTPUT 1 "generated";
P_0x255fc20 .param/l "WIDTH" 0 6 3, +C4<00000000000000000000000000000100>;
L_0x2580680 .functor NOT 4, L_0x25847a0, C4<0000>, C4<0000>, C4<0000>;
L_0x2580740 .functor NOT 1, v0x257c760_0, C4<0>, C4<0>, C4<0>;
v0x2567650_0 .net "carry_in", 0 0, v0x257c760_0;  alias, 1 drivers
v0x2567740_0 .net "carry_out", 0 0, L_0x25844b0;  alias, 1 drivers
v0x25677e0_0 .net "carry_out_somador", 0 0, L_0x2583f50;  1 drivers
v0x25678e0_0 .net "changed_B", 3 0, L_0x2580680;  1 drivers
v0x25679b0_0 .net "changed_carry_in", 0 0, L_0x2580740;  1 drivers
v0x2567a50_0 .net "generated", 0 0, L_0x2584320;  alias, 1 drivers
v0x2567b20_0 .net "operandA", 3 0, L_0x25845a0;  alias, 1 drivers
v0x2567c10_0 .net "operandB", 3 0, L_0x25847a0;  alias, 1 drivers
v0x2567cb0_0 .net "propagated", 0 0, L_0x2584280;  alias, 1 drivers
v0x2567e10_0 .net "result", 3 0, L_0x25841c0;  alias, 1 drivers
L_0x25844b0 .reduce/nor L_0x2583f50;
S_0x255fe40 .scope module, "somador_cla_i" "somador_cla" 6 24, 5 1 0, S_0x255fa70;
 .timescale 0 0;
    .port_info 0 /INPUT 4 "operandA";
    .port_info 1 /INPUT 4 "operandB";
    .port_info 2 /INPUT 1 "carry_in";
    .port_info 3 /OUTPUT 4 "result";
    .port_info 4 /OUTPUT 1 "carry_out";
    .port_info 5 /OUTPUT 1 "propagated";
    .port_info 6 /OUTPUT 1 "generated";
P_0x2560020 .param/l "WIDTH" 0 5 3, +C4<00000000000000000000000000000100>;
L_0x2583b10 .functor XOR 4, L_0x25845a0, L_0x2580680, C4<0000>, C4<0000>;
L_0x2583b80 .functor AND 4, L_0x25845a0, L_0x2580680, C4<1111>, C4<1111>;
L_0x2583e90 .functor BUFZ 1, L_0x2580740, C4<0>, C4<0>, C4<0>;
L_0x25841c0 .functor XOR 4, L_0x2583b10, L_0x2584040, C4<0000>, C4<0000>;
v0x2566af0_0 .net "C", 4 0, L_0x2583bf0;  1 drivers
v0x2566bf0_0 .net "G", 3 0, L_0x2583b80;  1 drivers
v0x2566cd0_0 .net "P", 3 0, L_0x2583b10;  1 drivers
v0x2566dc0_0 .net *"_ivl_39", 0 0, L_0x2583e90;  1 drivers
v0x2566ea0_0 .net *"_ivl_43", 3 0, L_0x2584040;  1 drivers
v0x2566fd0_0 .net "carry_in", 0 0, L_0x2580740;  alias, 1 drivers
v0x2567090_0 .net "carry_out", 0 0, L_0x2583f50;  alias, 1 drivers
v0x2567150_0 .net "generated", 0 0, L_0x2584320;  alias, 1 drivers
v0x2567210_0 .net "operandA", 3 0, L_0x25845a0;  alias, 1 drivers
v0x25672d0_0 .net "operandB", 3 0, L_0x2580680;  alias, 1 drivers
v0x2567390_0 .net "propagated", 0 0, L_0x2584280;  alias, 1 drivers
v0x2567450_0 .net "result", 3 0, L_0x25841c0;  alias, 1 drivers
L_0x2580800 .part L_0x2583b80, 0, 1;
L_0x2580a80 .part L_0x2583b10, 0, 1;
L_0x2580c10 .part L_0x2583bf0, 0, 1;
L_0x2580e10 .part L_0x2583b80, 1, 1;
L_0x2580fa0 .part L_0x2583b10, 1, 1;
L_0x2581180 .part L_0x2583b80, 0, 1;
L_0x2581500 .part L_0x2583b10, 0, 2;
L_0x2581690 .part L_0x2583bf0, 0, 1;
L_0x2581930 .part L_0x2583b80, 2, 1;
L_0x2581b00 .part L_0x2583b10, 2, 1;
L_0x2581d30 .part L_0x2583b80, 1, 1;
L_0x2581e40 .part L_0x2583b10, 1, 2;
L_0x2582040 .part L_0x2583b80, 0, 1;
L_0x25823d0 .part L_0x2583b10, 0, 3;
L_0x25825e0 .part L_0x2583bf0, 0, 1;
L_0x2582770 .part L_0x2583b80, 3, 1;
L_0x2582940 .part L_0x2583b10, 3, 1;
L_0x2582ad0 .part L_0x2583b80, 2, 1;
L_0x2582e30 .part L_0x2583b10, 2, 2;
L_0x25830d0 .part L_0x2583b80, 1, 1;
L_0x2582c80 .part L_0x2583b10, 1, 3;
L_0x2583420 .part L_0x2583b80, 0, 1;
L_0x2583960 .part L_0x2583bf0, 0, 1;
LS_0x2583bf0_0_0 .concat8 [ 1 1 1 1], L_0x2583e90, L_0x25808a0, L_0x2580f00, L_0x2581a60;
LS_0x2583bf0_0_4 .concat8 [ 1 0 0 0], L_0x25828a0;
L_0x2583bf0 .concat8 [ 4 1 0 0], LS_0x2583bf0_0_0, LS_0x2583bf0_0_4;
L_0x2583f50 .part L_0x2583bf0, 4, 1;
L_0x2584040 .part L_0x2583bf0, 0, 4;
L_0x2584280 .part L_0x2583b10, 3, 1;
L_0x2584320 .part L_0x2583b80, 3, 1;
S_0x2560220 .scope generate, "carry_logic[1]" "carry_logic[1]" 5 27, 5 27 0, S_0x255fe40;
 .timescale 0 0;
P_0x2560440 .param/l "i" 1 5 27, +C4<01>;
v0x2560d70_0 .net *"_ivl_2", 0 0, L_0x2580800;  1 drivers
v0x2560e70_0 .net *"_ivl_4", 0 0, L_0x25808a0;  1 drivers
v0x2560f30_0 .net "carry_item", 1 0, L_0x2580940;  1 drivers
L_0x25808a0 .reduce/or L_0x2580940;
L_0x2580940 .concat8 [ 1 1 0 0], L_0x2580800, L_0x2580cb0;
S_0x2560520 .scope generate, "genblk1[1]" "genblk1[1]" 5 32, 5 32 0, S_0x2560220;
 .timescale 0 0;
P_0x2560720 .param/l "j" 1 5 32, +C4<01>;
S_0x2560800 .scope generate, "genblk1" "genblk1" 5 33, 5 33 0, S_0x2560520;
 .timescale 0 0;
L_0x2580cb0 .functor AND 1, L_0x2580b20, L_0x2580c10, C4<1>, C4<1>;
v0x25609e0_0 .net *"_ivl_0", 0 0, L_0x2580a80;  1 drivers
v0x2560ae0_0 .net *"_ivl_2", 0 0, L_0x2580b20;  1 drivers
v0x2560ba0_0 .net *"_ivl_3", 0 0, L_0x2580c10;  1 drivers
v0x2560c90_0 .net *"_ivl_4", 0 0, L_0x2580cb0;  1 drivers
L_0x2580b20 .reduce/and L_0x2580a80;
S_0x2561020 .scope generate, "carry_logic[2]" "carry_logic[2]" 5 27, 5 27 0, S_0x255fe40;
 .timescale 0 0;
P_0x2561240 .param/l "i" 1 5 27, +C4<010>;
v0x25623a0_0 .net *"_ivl_2", 0 0, L_0x2580e10;  1 drivers
v0x25624a0_0 .net *"_ivl_4", 0 0, L_0x2580f00;  1 drivers
v0x2562560_0 .net "carry_item", 2 0, L_0x2581370;  1 drivers
L_0x2580f00 .reduce/or L_0x2581370;
L_0x2581370 .concat8 [ 1 1 1 0], L_0x2580e10, L_0x2581260, L_0x25817d0;
S_0x2561300 .scope generate, "genblk1[1]" "genblk1[1]" 5 32, 5 32 0, S_0x2561020;
 .timescale 0 0;
P_0x2561500 .param/l "j" 1 5 32, +C4<01>;
S_0x25615e0 .scope generate, "genblk1" "genblk1" 5 33, 5 33 0, S_0x2561300;
 .timescale 0 0;
L_0x2581260 .functor AND 1, L_0x2581090, L_0x2581180, C4<1>, C4<1>;
v0x25617c0_0 .net *"_ivl_0", 0 0, L_0x2580fa0;  1 drivers
v0x25618c0_0 .net *"_ivl_2", 0 0, L_0x2581090;  1 drivers
v0x2561980_0 .net *"_ivl_3", 0 0, L_0x2581180;  1 drivers
v0x2561a70_0 .net *"_ivl_4", 0 0, L_0x2581260;  1 drivers
L_0x2581090 .reduce/and L_0x2580fa0;
S_0x2561b50 .scope generate, "genblk1[2]" "genblk1[2]" 5 32, 5 32 0, S_0x2561020;
 .timescale 0 0;
P_0x2561d70 .param/l "j" 1 5 32, +C4<010>;
S_0x2561e30 .scope generate, "genblk1" "genblk1" 5 33, 5 33 0, S_0x2561b50;
 .timescale 0 0;
L_0x25817d0 .functor AND 1, L_0x25815a0, L_0x2581690, C4<1>, C4<1>;
v0x2562010_0 .net *"_ivl_0", 1 0, L_0x2581500;  1 drivers
v0x2562110_0 .net *"_ivl_2", 0 0, L_0x25815a0;  1 drivers
v0x25621d0_0 .net *"_ivl_3", 0 0, L_0x2581690;  1 drivers
v0x25622c0_0 .net *"_ivl_4", 0 0, L_0x25817d0;  1 drivers
L_0x25815a0 .reduce/and L_0x2581500;
S_0x2562650 .scope generate, "carry_logic[3]" "carry_logic[3]" 5 27, 5 27 0, S_0x255fe40;
 .timescale 0 0;
P_0x2562880 .param/l "i" 1 5 27, +C4<011>;
v0x2564240_0 .net *"_ivl_2", 0 0, L_0x2581930;  1 drivers
v0x2564340_0 .net *"_ivl_4", 0 0, L_0x2581a60;  1 drivers
v0x2564400_0 .net "carry_item", 3 0, L_0x25821f0;  1 drivers
L_0x2581a60 .reduce/or L_0x25821f0;
L_0x25821f0 .concat8 [ 1 1 1 1], L_0x2581930, L_0x2581dd0, L_0x25820e0, L_0x2581ee0;
S_0x2562940 .scope generate, "genblk1[1]" "genblk1[1]" 5 32, 5 32 0, S_0x2562650;
 .timescale 0 0;
P_0x2562b40 .param/l "j" 1 5 32, +C4<01>;
S_0x2562c20 .scope generate, "genblk1" "genblk1" 5 33, 5 33 0, S_0x2562940;
 .timescale 0 0;
L_0x2581dd0 .functor AND 1, L_0x2581c90, L_0x2581d30, C4<1>, C4<1>;
v0x2562e00_0 .net *"_ivl_0", 0 0, L_0x2581b00;  1 drivers
v0x2562f00_0 .net *"_ivl_2", 0 0, L_0x2581c90;  1 drivers
v0x2562fc0_0 .net *"_ivl_3", 0 0, L_0x2581d30;  1 drivers
v0x25630b0_0 .net *"_ivl_4", 0 0, L_0x2581dd0;  1 drivers
L_0x2581c90 .reduce/and L_0x2581b00;
S_0x2563190 .scope generate, "genblk1[2]" "genblk1[2]" 5 32, 5 32 0, S_0x2562650;
 .timescale 0 0;
P_0x25633b0 .param/l "j" 1 5 32, +C4<010>;
S_0x2563470 .scope generate, "genblk1" "genblk1" 5 33, 5 33 0, S_0x2563190;
 .timescale 0 0;
L_0x25820e0 .functor AND 1, L_0x2581f50, L_0x2582040, C4<1>, C4<1>;
v0x2563650_0 .net *"_ivl_0", 1 0, L_0x2581e40;  1 drivers
v0x2563750_0 .net *"_ivl_2", 0 0, L_0x2581f50;  1 drivers
v0x2563810_0 .net *"_ivl_3", 0 0, L_0x2582040;  1 drivers
v0x2563900_0 .net *"_ivl_4", 0 0, L_0x25820e0;  1 drivers
L_0x2581f50 .reduce/and L_0x2581e40;
S_0x25639e0 .scope generate, "genblk1[3]" "genblk1[3]" 5 32, 5 32 0, S_0x2562650;
 .timescale 0 0;
P_0x2563c10 .param/l "j" 1 5 32, +C4<011>;
S_0x2563cd0 .scope generate, "genblk1" "genblk1" 5 33, 5 33 0, S_0x25639e0;
 .timescale 0 0;
L_0x2581ee0 .functor AND 1, L_0x25824f0, L_0x25825e0, C4<1>, C4<1>;
v0x2563eb0_0 .net *"_ivl_0", 2 0, L_0x25823d0;  1 drivers
v0x2563fb0_0 .net *"_ivl_2", 0 0, L_0x25824f0;  1 drivers
v0x2564070_0 .net *"_ivl_3", 0 0, L_0x25825e0;  1 drivers
v0x2564160_0 .net *"_ivl_4", 0 0, L_0x2581ee0;  1 drivers
L_0x25824f0 .reduce/and L_0x25823d0;
S_0x25644f0 .scope generate, "carry_logic[4]" "carry_logic[4]" 5 27, 5 27 0, S_0x255fe40;
 .timescale 0 0;
P_0x25646f0 .param/l "i" 1 5 27, +C4<0100>;
v0x2566840_0 .net *"_ivl_2", 0 0, L_0x2582770;  1 drivers
v0x2566940_0 .net *"_ivl_4", 0 0, L_0x25828a0;  1 drivers
v0x2566a00_0 .net "carry_item", 4 0, L_0x2583690;  1 drivers
L_0x25828a0 .reduce/or L_0x2583690;
LS_0x2583690_0_0 .concat8 [ 1 1 1 1], L_0x2582770, L_0x2582d20, L_0x2583220, L_0x2583580;
LS_0x2583690_0_4 .concat8 [ 1 0 0 0], L_0x2583a00;
L_0x2583690 .concat8 [ 4 1 0 0], LS_0x2583690_0_0, LS_0x2583690_0_4;
S_0x25647d0 .scope generate, "genblk1[1]" "genblk1[1]" 5 32, 5 32 0, S_0x25644f0;
 .timescale 0 0;
P_0x25649d0 .param/l "j" 1 5 32, +C4<01>;
S_0x2564ab0 .scope generate, "genblk1" "genblk1" 5 33, 5 33 0, S_0x25647d0;
 .timescale 0 0;
L_0x2582d20 .functor AND 1, L_0x25829e0, L_0x2582ad0, C4<1>, C4<1>;
v0x2564c90_0 .net *"_ivl_0", 0 0, L_0x2582940;  1 drivers
v0x2564d90_0 .net *"_ivl_2", 0 0, L_0x25829e0;  1 drivers
v0x2564e50_0 .net *"_ivl_3", 0 0, L_0x2582ad0;  1 drivers
v0x2564f40_0 .net *"_ivl_4", 0 0, L_0x2582d20;  1 drivers
L_0x25829e0 .reduce/and L_0x2582940;
S_0x2565020 .scope generate, "genblk1[2]" "genblk1[2]" 5 32, 5 32 0, S_0x25644f0;
 .timescale 0 0;
P_0x2565240 .param/l "j" 1 5 32, +C4<010>;
S_0x2565300 .scope generate, "genblk1" "genblk1" 5 33, 5 33 0, S_0x2565020;
 .timescale 0 0;
L_0x2583220 .functor AND 1, L_0x2582fe0, L_0x25830d0, C4<1>, C4<1>;
v0x25654e0_0 .net *"_ivl_0", 1 0, L_0x2582e30;  1 drivers
v0x25655e0_0 .net *"_ivl_2", 0 0, L_0x2582fe0;  1 drivers
v0x25656a0_0 .net *"_ivl_3", 0 0, L_0x25830d0;  1 drivers
v0x2565790_0 .net *"_ivl_4", 0 0, L_0x2583220;  1 drivers
L_0x2582fe0 .reduce/and L_0x2582e30;
S_0x2565870 .scope generate, "genblk1[3]" "genblk1[3]" 5 32, 5 32 0, S_0x25644f0;
 .timescale 0 0;
P_0x2565aa0 .param/l "j" 1 5 32, +C4<011>;
S_0x2565b60 .scope generate, "genblk1" "genblk1" 5 33, 5 33 0, S_0x2565870;
 .timescale 0 0;
L_0x2583580 .functor AND 1, L_0x2583330, L_0x2583420, C4<1>, C4<1>;
v0x2565d40_0 .net *"_ivl_0", 2 0, L_0x2582c80;  1 drivers
v0x2565e40_0 .net *"_ivl_2", 0 0, L_0x2583330;  1 drivers
v0x2565f00_0 .net *"_ivl_3", 0 0, L_0x2583420;  1 drivers
v0x2565ff0_0 .net *"_ivl_4", 0 0, L_0x2583580;  1 drivers
L_0x2583330 .reduce/and L_0x2582c80;
S_0x25660d0 .scope generate, "genblk1[4]" "genblk1[4]" 5 32, 5 32 0, S_0x25644f0;
 .timescale 0 0;
P_0x25662d0 .param/l "j" 1 5 32, +C4<0100>;
S_0x25663b0 .scope generate, "genblk1" "genblk1" 5 33, 5 33 0, S_0x25660d0;
 .timescale 0 0;
L_0x2583a00 .functor AND 1, L_0x25838c0, L_0x2583960, C4<1>, C4<1>;
v0x2566590_0 .net *"_ivl_1", 0 0, L_0x25838c0;  1 drivers
v0x2566670_0 .net *"_ivl_2", 0 0, L_0x2583960;  1 drivers
v0x2566750_0 .net *"_ivl_3", 0 0, L_0x2583a00;  1 drivers
L_0x25838c0 .reduce/and L_0x2583b10;
S_0x2568fc0 .scope module, "ula_mid" "ula" 3 34, 4 1 0, S_0x25166c0;
 .timescale 0 0;
    .port_info 0 /INPUT 4 "A";
    .port_info 1 /INPUT 4 "B";
    .port_info 2 /INPUT 4 "seletor";
    .port_info 3 /INPUT 1 "carry_in";
    .port_info 4 /OUTPUT 4 "resultado";
    .port_info 5 /OUTPUT 1 "C";
    .port_info 6 /OUTPUT 1 "V";
    .port_info 7 /OUTPUT 1 "Z";
    .port_info 8 /OUTPUT 1 "N";
    .port_info 9 /OUTPUT 1 "propagated_out";
    .port_info 10 /OUTPUT 1 "generated_out";
P_0x25691d0 .param/l "WIDTH" 1 4 15, +C4<00000000000000000000000000000100>;
v0x2579050_0 .net "A", 3 0, L_0x258c3e0;  1 drivers
v0x2579130_0 .net "B", 3 0, L_0x258c590;  1 drivers
v0x25791f0_0 .var "C", 0 0;
v0x2579290_0 .var "N", 0 0;
v0x2579330_0 .var "V", 0 0;
v0x2579440_0 .var "Z", 0 0;
v0x2579500_0 .net "carry_in", 0 0, v0x25680e0_0;  alias, 1 drivers
v0x25795a0_0 .net "carry_out_somador_cla", 0 0, L_0x2587e70;  1 drivers
v0x2579640_0 .net "carry_out_subtrator_cla", 0 0, L_0x258c2f0;  1 drivers
v0x25797a0_0 .var "generated_out", 0 0;
v0x2579840_0 .net "generated_sub", 0 0, L_0x258c160;  1 drivers
v0x25798e0_0 .net "generated_sum", 0 0, L_0x25882e0;  1 drivers
v0x2579980_0 .var "propagated_out", 0 0;
v0x2579a20_0 .net "propagated_sub", 0 0, L_0x258c0c0;  1 drivers
v0x2579b10_0 .net "propagated_sum", 0 0, L_0x25881f0;  1 drivers
v0x2579bb0_0 .net "result_somador_cla", 3 0, L_0x25880e0;  1 drivers
v0x2579c80_0 .net "result_subtrator_cla", 3 0, L_0x258c000;  1 drivers
v0x2579e80_0 .var "resultado", 3 0;
v0x2579f40_0 .net "seletor", 3 0, v0x257c930_0;  alias, 1 drivers
E_0x2486140/0 .event anyedge, v0x2557c90_0, v0x25706c0_0, v0x25707a0_0, v0x2570940_0;
E_0x2486140/1 .event anyedge, v0x2570560_0, v0x2579e80_0, v0x2570880_0, v0x2570600_0;
E_0x2486140/2 .event anyedge, v0x2578550_0, v0x2578810_0, v0x2578490_0, v0x2578250_0;
E_0x2486140 .event/or E_0x2486140/0, E_0x2486140/1, E_0x2486140/2;
S_0x2569310 .scope module, "somador_cla_i" "somador_cla" 4 30, 5 1 0, S_0x2568fc0;
 .timescale 0 0;
    .port_info 0 /INPUT 4 "operandA";
    .port_info 1 /INPUT 4 "operandB";
    .port_info 2 /INPUT 1 "carry_in";
    .port_info 3 /OUTPUT 4 "result";
    .port_info 4 /OUTPUT 1 "carry_out";
    .port_info 5 /OUTPUT 1 "propagated";
    .port_info 6 /OUTPUT 1 "generated";
P_0x2569510 .param/l "WIDTH" 0 5 3, +C4<00000000000000000000000000000100>;
L_0x2587a80 .functor XOR 4, L_0x258c3e0, L_0x258c590, C4<0000>, C4<0000>;
L_0x2587af0 .functor AND 4, L_0x258c3e0, L_0x258c590, C4<1111>, C4<1111>;
L_0x2587db0 .functor BUFZ 1, v0x25680e0_0, C4<0>, C4<0>, C4<0>;
L_0x25880e0 .functor XOR 4, L_0x2587a80, L_0x2587f60, C4<0000>, C4<0000>;
v0x256ffe0_0 .net "C", 4 0, L_0x2587b60;  1 drivers
v0x25700e0_0 .net "G", 3 0, L_0x2587af0;  1 drivers
v0x25701c0_0 .net "P", 3 0, L_0x2587a80;  1 drivers
v0x25702b0_0 .net *"_ivl_39", 0 0, L_0x2587db0;  1 drivers
v0x2570390_0 .net *"_ivl_43", 3 0, L_0x2587f60;  1 drivers
v0x25704c0_0 .net "carry_in", 0 0, v0x25680e0_0;  alias, 1 drivers
v0x2570560_0 .net "carry_out", 0 0, L_0x2587e70;  alias, 1 drivers
v0x2570600_0 .net "generated", 0 0, L_0x25882e0;  alias, 1 drivers
v0x25706c0_0 .net "operandA", 3 0, L_0x258c3e0;  alias, 1 drivers
v0x25707a0_0 .net "operandB", 3 0, L_0x258c590;  alias, 1 drivers
v0x2570880_0 .net "propagated", 0 0, L_0x25881f0;  alias, 1 drivers
v0x2570940_0 .net "result", 3 0, L_0x25880e0;  alias, 1 drivers
L_0x2584890 .part L_0x2587af0, 0, 1;
L_0x2584b10 .part L_0x2587a80, 0, 1;
L_0x2584ca0 .part L_0x2587b60, 0, 1;
L_0x2584ea0 .part L_0x2587af0, 1, 1;
L_0x2585030 .part L_0x2587a80, 1, 1;
L_0x2585210 .part L_0x2587af0, 0, 1;
L_0x2585590 .part L_0x2587a80, 0, 2;
L_0x2585720 .part L_0x2587b60, 0, 1;
L_0x25859c0 .part L_0x2587af0, 2, 1;
L_0x2585b00 .part L_0x2587a80, 2, 1;
L_0x2585ca0 .part L_0x2587af0, 1, 1;
L_0x2585db0 .part L_0x2587a80, 1, 2;
L_0x2585fb0 .part L_0x2587af0, 0, 1;
L_0x2586340 .part L_0x2587a80, 0, 3;
L_0x2586550 .part L_0x2587b60, 0, 1;
L_0x25866e0 .part L_0x2587af0, 3, 1;
L_0x25868b0 .part L_0x2587a80, 3, 1;
L_0x2586a40 .part L_0x2587af0, 2, 1;
L_0x2586da0 .part L_0x2587a80, 2, 2;
L_0x2587040 .part L_0x2587af0, 1, 1;
L_0x2586bf0 .part L_0x2587a80, 1, 3;
L_0x2587390 .part L_0x2587af0, 0, 1;
L_0x25878d0 .part L_0x2587b60, 0, 1;
LS_0x2587b60_0_0 .concat8 [ 1 1 1 1], L_0x2587db0, L_0x2584930, L_0x2584f90, L_0x2585a60;
LS_0x2587b60_0_4 .concat8 [ 1 0 0 0], L_0x2586810;
L_0x2587b60 .concat8 [ 4 1 0 0], LS_0x2587b60_0_0, LS_0x2587b60_0_4;
L_0x2587e70 .part L_0x2587b60, 4, 1;
L_0x2587f60 .part L_0x2587b60, 0, 4;
L_0x25881f0 .part L_0x2587a80, 3, 1;
L_0x25882e0 .part L_0x2587af0, 3, 1;
S_0x2569710 .scope generate, "carry_logic[1]" "carry_logic[1]" 5 27, 5 27 0, S_0x2569310;
 .timescale 0 0;
P_0x2569930 .param/l "i" 1 5 27, +C4<01>;
v0x256a260_0 .net *"_ivl_2", 0 0, L_0x2584890;  1 drivers
v0x256a360_0 .net *"_ivl_4", 0 0, L_0x2584930;  1 drivers
v0x256a420_0 .net "carry_item", 1 0, L_0x25849d0;  1 drivers
L_0x2584930 .reduce/or L_0x25849d0;
L_0x25849d0 .concat8 [ 1 1 0 0], L_0x2584890, L_0x2584d40;
S_0x2569a10 .scope generate, "genblk1[1]" "genblk1[1]" 5 32, 5 32 0, S_0x2569710;
 .timescale 0 0;
P_0x2569c10 .param/l "j" 1 5 32, +C4<01>;
S_0x2569cf0 .scope generate, "genblk1" "genblk1" 5 33, 5 33 0, S_0x2569a10;
 .timescale 0 0;
L_0x2584d40 .functor AND 1, L_0x2584bb0, L_0x2584ca0, C4<1>, C4<1>;
v0x2569ed0_0 .net *"_ivl_0", 0 0, L_0x2584b10;  1 drivers
v0x2569fd0_0 .net *"_ivl_2", 0 0, L_0x2584bb0;  1 drivers
v0x256a090_0 .net *"_ivl_3", 0 0, L_0x2584ca0;  1 drivers
v0x256a180_0 .net *"_ivl_4", 0 0, L_0x2584d40;  1 drivers
L_0x2584bb0 .reduce/and L_0x2584b10;
S_0x256a510 .scope generate, "carry_logic[2]" "carry_logic[2]" 5 27, 5 27 0, S_0x2569310;
 .timescale 0 0;
P_0x256a730 .param/l "i" 1 5 27, +C4<010>;
v0x256b890_0 .net *"_ivl_2", 0 0, L_0x2584ea0;  1 drivers
v0x256b990_0 .net *"_ivl_4", 0 0, L_0x2584f90;  1 drivers
v0x256ba50_0 .net "carry_item", 2 0, L_0x2585400;  1 drivers
L_0x2584f90 .reduce/or L_0x2585400;
L_0x2585400 .concat8 [ 1 1 1 0], L_0x2584ea0, L_0x25852f0, L_0x2585860;
S_0x256a7f0 .scope generate, "genblk1[1]" "genblk1[1]" 5 32, 5 32 0, S_0x256a510;
 .timescale 0 0;
P_0x256a9f0 .param/l "j" 1 5 32, +C4<01>;
S_0x256aad0 .scope generate, "genblk1" "genblk1" 5 33, 5 33 0, S_0x256a7f0;
 .timescale 0 0;
L_0x25852f0 .functor AND 1, L_0x2585120, L_0x2585210, C4<1>, C4<1>;
v0x256acb0_0 .net *"_ivl_0", 0 0, L_0x2585030;  1 drivers
v0x256adb0_0 .net *"_ivl_2", 0 0, L_0x2585120;  1 drivers
v0x256ae70_0 .net *"_ivl_3", 0 0, L_0x2585210;  1 drivers
v0x256af60_0 .net *"_ivl_4", 0 0, L_0x25852f0;  1 drivers
L_0x2585120 .reduce/and L_0x2585030;
S_0x256b040 .scope generate, "genblk1[2]" "genblk1[2]" 5 32, 5 32 0, S_0x256a510;
 .timescale 0 0;
P_0x256b260 .param/l "j" 1 5 32, +C4<010>;
S_0x256b320 .scope generate, "genblk1" "genblk1" 5 33, 5 33 0, S_0x256b040;
 .timescale 0 0;
L_0x2585860 .functor AND 1, L_0x2585630, L_0x2585720, C4<1>, C4<1>;
v0x256b500_0 .net *"_ivl_0", 1 0, L_0x2585590;  1 drivers
v0x256b600_0 .net *"_ivl_2", 0 0, L_0x2585630;  1 drivers
v0x256b6c0_0 .net *"_ivl_3", 0 0, L_0x2585720;  1 drivers
v0x256b7b0_0 .net *"_ivl_4", 0 0, L_0x2585860;  1 drivers
L_0x2585630 .reduce/and L_0x2585590;
S_0x256bb40 .scope generate, "carry_logic[3]" "carry_logic[3]" 5 27, 5 27 0, S_0x2569310;
 .timescale 0 0;
P_0x256bd70 .param/l "i" 1 5 27, +C4<011>;
v0x256d730_0 .net *"_ivl_2", 0 0, L_0x25859c0;  1 drivers
v0x256d830_0 .net *"_ivl_4", 0 0, L_0x2585a60;  1 drivers
v0x256d8f0_0 .net "carry_item", 3 0, L_0x2586160;  1 drivers
L_0x2585a60 .reduce/or L_0x2586160;
L_0x2586160 .concat8 [ 1 1 1 1], L_0x25859c0, L_0x2585d40, L_0x2586050, L_0x2585e50;
S_0x256be30 .scope generate, "genblk1[1]" "genblk1[1]" 5 32, 5 32 0, S_0x256bb40;
 .timescale 0 0;
P_0x256c030 .param/l "j" 1 5 32, +C4<01>;
S_0x256c110 .scope generate, "genblk1" "genblk1" 5 33, 5 33 0, S_0x256be30;
 .timescale 0 0;
L_0x2585d40 .functor AND 1, L_0x2585c00, L_0x2585ca0, C4<1>, C4<1>;
v0x256c2f0_0 .net *"_ivl_0", 0 0, L_0x2585b00;  1 drivers
v0x256c3f0_0 .net *"_ivl_2", 0 0, L_0x2585c00;  1 drivers
v0x256c4b0_0 .net *"_ivl_3", 0 0, L_0x2585ca0;  1 drivers
v0x256c5a0_0 .net *"_ivl_4", 0 0, L_0x2585d40;  1 drivers
L_0x2585c00 .reduce/and L_0x2585b00;
S_0x256c680 .scope generate, "genblk1[2]" "genblk1[2]" 5 32, 5 32 0, S_0x256bb40;
 .timescale 0 0;
P_0x256c8a0 .param/l "j" 1 5 32, +C4<010>;
S_0x256c960 .scope generate, "genblk1" "genblk1" 5 33, 5 33 0, S_0x256c680;
 .timescale 0 0;
L_0x2586050 .functor AND 1, L_0x2585ec0, L_0x2585fb0, C4<1>, C4<1>;
v0x256cb40_0 .net *"_ivl_0", 1 0, L_0x2585db0;  1 drivers
v0x256cc40_0 .net *"_ivl_2", 0 0, L_0x2585ec0;  1 drivers
v0x256cd00_0 .net *"_ivl_3", 0 0, L_0x2585fb0;  1 drivers
v0x256cdf0_0 .net *"_ivl_4", 0 0, L_0x2586050;  1 drivers
L_0x2585ec0 .reduce/and L_0x2585db0;
S_0x256ced0 .scope generate, "genblk1[3]" "genblk1[3]" 5 32, 5 32 0, S_0x256bb40;
 .timescale 0 0;
P_0x256d100 .param/l "j" 1 5 32, +C4<011>;
S_0x256d1c0 .scope generate, "genblk1" "genblk1" 5 33, 5 33 0, S_0x256ced0;
 .timescale 0 0;
L_0x2585e50 .functor AND 1, L_0x2586460, L_0x2586550, C4<1>, C4<1>;
v0x256d3a0_0 .net *"_ivl_0", 2 0, L_0x2586340;  1 drivers
v0x256d4a0_0 .net *"_ivl_2", 0 0, L_0x2586460;  1 drivers
v0x256d560_0 .net *"_ivl_3", 0 0, L_0x2586550;  1 drivers
v0x256d650_0 .net *"_ivl_4", 0 0, L_0x2585e50;  1 drivers
L_0x2586460 .reduce/and L_0x2586340;
S_0x256d9e0 .scope generate, "carry_logic[4]" "carry_logic[4]" 5 27, 5 27 0, S_0x2569310;
 .timescale 0 0;
P_0x256dbe0 .param/l "i" 1 5 27, +C4<0100>;
v0x256fd30_0 .net *"_ivl_2", 0 0, L_0x25866e0;  1 drivers
v0x256fe30_0 .net *"_ivl_4", 0 0, L_0x2586810;  1 drivers
v0x256fef0_0 .net "carry_item", 4 0, L_0x2587600;  1 drivers
L_0x2586810 .reduce/or L_0x2587600;
LS_0x2587600_0_0 .concat8 [ 1 1 1 1], L_0x25866e0, L_0x2586c90, L_0x2587190, L_0x25874f0;
LS_0x2587600_0_4 .concat8 [ 1 0 0 0], L_0x2587970;
L_0x2587600 .concat8 [ 4 1 0 0], LS_0x2587600_0_0, LS_0x2587600_0_4;
S_0x256dcc0 .scope generate, "genblk1[1]" "genblk1[1]" 5 32, 5 32 0, S_0x256d9e0;
 .timescale 0 0;
P_0x256dec0 .param/l "j" 1 5 32, +C4<01>;
S_0x256dfa0 .scope generate, "genblk1" "genblk1" 5 33, 5 33 0, S_0x256dcc0;
 .timescale 0 0;
L_0x2586c90 .functor AND 1, L_0x2586950, L_0x2586a40, C4<1>, C4<1>;
v0x256e180_0 .net *"_ivl_0", 0 0, L_0x25868b0;  1 drivers
v0x256e280_0 .net *"_ivl_2", 0 0, L_0x2586950;  1 drivers
v0x256e340_0 .net *"_ivl_3", 0 0, L_0x2586a40;  1 drivers
v0x256e430_0 .net *"_ivl_4", 0 0, L_0x2586c90;  1 drivers
L_0x2586950 .reduce/and L_0x25868b0;
S_0x256e510 .scope generate, "genblk1[2]" "genblk1[2]" 5 32, 5 32 0, S_0x256d9e0;
 .timescale 0 0;
P_0x256e730 .param/l "j" 1 5 32, +C4<010>;
S_0x256e7f0 .scope generate, "genblk1" "genblk1" 5 33, 5 33 0, S_0x256e510;
 .timescale 0 0;
L_0x2587190 .functor AND 1, L_0x2586f50, L_0x2587040, C4<1>, C4<1>;
v0x256e9d0_0 .net *"_ivl_0", 1 0, L_0x2586da0;  1 drivers
v0x256ead0_0 .net *"_ivl_2", 0 0, L_0x2586f50;  1 drivers
v0x256eb90_0 .net *"_ivl_3", 0 0, L_0x2587040;  1 drivers
v0x256ec80_0 .net *"_ivl_4", 0 0, L_0x2587190;  1 drivers
L_0x2586f50 .reduce/and L_0x2586da0;
S_0x256ed60 .scope generate, "genblk1[3]" "genblk1[3]" 5 32, 5 32 0, S_0x256d9e0;
 .timescale 0 0;
P_0x256ef90 .param/l "j" 1 5 32, +C4<011>;
S_0x256f050 .scope generate, "genblk1" "genblk1" 5 33, 5 33 0, S_0x256ed60;
 .timescale 0 0;
L_0x25874f0 .functor AND 1, L_0x25872a0, L_0x2587390, C4<1>, C4<1>;
v0x256f230_0 .net *"_ivl_0", 2 0, L_0x2586bf0;  1 drivers
v0x256f330_0 .net *"_ivl_2", 0 0, L_0x25872a0;  1 drivers
v0x256f3f0_0 .net *"_ivl_3", 0 0, L_0x2587390;  1 drivers
v0x256f4e0_0 .net *"_ivl_4", 0 0, L_0x25874f0;  1 drivers
L_0x25872a0 .reduce/and L_0x2586bf0;
S_0x256f5c0 .scope generate, "genblk1[4]" "genblk1[4]" 5 32, 5 32 0, S_0x256d9e0;
 .timescale 0 0;
P_0x256f7c0 .param/l "j" 1 5 32, +C4<0100>;
S_0x256f8a0 .scope generate, "genblk1" "genblk1" 5 33, 5 33 0, S_0x256f5c0;
 .timescale 0 0;
L_0x2587970 .functor AND 1, L_0x2587830, L_0x25878d0, C4<1>, C4<1>;
v0x256fa80_0 .net *"_ivl_1", 0 0, L_0x2587830;  1 drivers
v0x256fb60_0 .net *"_ivl_2", 0 0, L_0x25878d0;  1 drivers
v0x256fc40_0 .net *"_ivl_3", 0 0, L_0x2587970;  1 drivers
L_0x2587830 .reduce/and L_0x2587a80;
S_0x2570b40 .scope module, "subtrator_cla_i" "subtrator" 4 42, 6 1 0, S_0x2568fc0;
 .timescale 0 0;
    .port_info 0 /INPUT 4 "operandA";
    .port_info 1 /INPUT 4 "operandB";
    .port_info 2 /INPUT 1 "carry_in";
    .port_info 3 /OUTPUT 4 "result";
    .port_info 4 /OUTPUT 1 "carry_out";
    .port_info 5 /OUTPUT 1 "propagated";
    .port_info 6 /OUTPUT 1 "generated";
P_0x2570cf0 .param/l "WIDTH" 0 6 3, +C4<00000000000000000000000000000100>;
L_0x25884c0 .functor NOT 4, L_0x258c590, C4<0000>, C4<0000>, C4<0000>;
L_0x2588580 .functor NOT 1, v0x25680e0_0, C4<0>, C4<0>, C4<0>;
v0x2578750_0 .net "carry_in", 0 0, v0x25680e0_0;  alias, 1 drivers
v0x2578810_0 .net "carry_out", 0 0, L_0x258c2f0;  alias, 1 drivers
v0x25788d0_0 .net "carry_out_somador", 0 0, L_0x258bd90;  1 drivers
v0x25789a0_0 .net "changed_B", 3 0, L_0x25884c0;  1 drivers
v0x2578a70_0 .net "changed_carry_in", 0 0, L_0x2588580;  1 drivers
v0x2578b60_0 .net "generated", 0 0, L_0x258c160;  alias, 1 drivers
v0x2578c30_0 .net "operandA", 3 0, L_0x258c3e0;  alias, 1 drivers
v0x2578d20_0 .net "operandB", 3 0, L_0x258c590;  alias, 1 drivers
v0x2578dc0_0 .net "propagated", 0 0, L_0x258c0c0;  alias, 1 drivers
v0x2578f20_0 .net "result", 3 0, L_0x258c000;  alias, 1 drivers
L_0x258c2f0 .reduce/nor L_0x258bd90;
S_0x2570f40 .scope module, "somador_cla_i" "somador_cla" 6 24, 5 1 0, S_0x2570b40;
 .timescale 0 0;
    .port_info 0 /INPUT 4 "operandA";
    .port_info 1 /INPUT 4 "operandB";
    .port_info 2 /INPUT 1 "carry_in";
    .port_info 3 /OUTPUT 4 "result";
    .port_info 4 /OUTPUT 1 "carry_out";
    .port_info 5 /OUTPUT 1 "propagated";
    .port_info 6 /OUTPUT 1 "generated";
P_0x2571120 .param/l "WIDTH" 0 5 3, +C4<00000000000000000000000000000100>;
L_0x258b950 .functor XOR 4, L_0x258c3e0, L_0x25884c0, C4<0000>, C4<0000>;
L_0x258b9c0 .functor AND 4, L_0x258c3e0, L_0x25884c0, C4<1111>, C4<1111>;
L_0x258bcd0 .functor BUFZ 1, L_0x2588580, C4<0>, C4<0>, C4<0>;
L_0x258c000 .functor XOR 4, L_0x258b950, L_0x258be80, C4<0000>, C4<0000>;
v0x2577bf0_0 .net "C", 4 0, L_0x258ba30;  1 drivers
v0x2577cf0_0 .net "G", 3 0, L_0x258b9c0;  1 drivers
v0x2577dd0_0 .net "P", 3 0, L_0x258b950;  1 drivers
v0x2577ec0_0 .net *"_ivl_39", 0 0, L_0x258bcd0;  1 drivers
v0x2577fa0_0 .net *"_ivl_43", 3 0, L_0x258be80;  1 drivers
v0x25780d0_0 .net "carry_in", 0 0, L_0x2588580;  alias, 1 drivers
v0x2578190_0 .net "carry_out", 0 0, L_0x258bd90;  alias, 1 drivers
v0x2578250_0 .net "generated", 0 0, L_0x258c160;  alias, 1 drivers
v0x2578310_0 .net "operandA", 3 0, L_0x258c3e0;  alias, 1 drivers
v0x25783d0_0 .net "operandB", 3 0, L_0x25884c0;  alias, 1 drivers
v0x2578490_0 .net "propagated", 0 0, L_0x258c0c0;  alias, 1 drivers
v0x2578550_0 .net "result", 3 0, L_0x258c000;  alias, 1 drivers
L_0x2588640 .part L_0x258b9c0, 0, 1;
L_0x25888c0 .part L_0x258b950, 0, 1;
L_0x2588a50 .part L_0x258ba30, 0, 1;
L_0x2588c50 .part L_0x258b9c0, 1, 1;
L_0x2588de0 .part L_0x258b950, 1, 1;
L_0x2588fc0 .part L_0x258b9c0, 0, 1;
L_0x2589340 .part L_0x258b950, 0, 2;
L_0x25894d0 .part L_0x258ba30, 0, 1;
L_0x2589770 .part L_0x258b9c0, 2, 1;
L_0x2589940 .part L_0x258b950, 2, 1;
L_0x2589b70 .part L_0x258b9c0, 1, 1;
L_0x2589c80 .part L_0x258b950, 1, 2;
L_0x2589e80 .part L_0x258b9c0, 0, 1;
L_0x258a210 .part L_0x258b950, 0, 3;
L_0x258a420 .part L_0x258ba30, 0, 1;
L_0x258a5b0 .part L_0x258b9c0, 3, 1;
L_0x258a780 .part L_0x258b950, 3, 1;
L_0x258a910 .part L_0x258b9c0, 2, 1;
L_0x258ac70 .part L_0x258b950, 2, 2;
L_0x258af10 .part L_0x258b9c0, 1, 1;
L_0x258aac0 .part L_0x258b950, 1, 3;
L_0x258b260 .part L_0x258b9c0, 0, 1;
L_0x258b7a0 .part L_0x258ba30, 0, 1;
LS_0x258ba30_0_0 .concat8 [ 1 1 1 1], L_0x258bcd0, L_0x25886e0, L_0x2588d40, L_0x25898a0;
LS_0x258ba30_0_4 .concat8 [ 1 0 0 0], L_0x258a6e0;
L_0x258ba30 .concat8 [ 4 1 0 0], LS_0x258ba30_0_0, LS_0x258ba30_0_4;
L_0x258bd90 .part L_0x258ba30, 4, 1;
L_0x258be80 .part L_0x258ba30, 0, 4;
L_0x258c0c0 .part L_0x258b950, 3, 1;
L_0x258c160 .part L_0x258b9c0, 3, 1;
S_0x2571320 .scope generate, "carry_logic[1]" "carry_logic[1]" 5 27, 5 27 0, S_0x2570f40;
 .timescale 0 0;
P_0x2571540 .param/l "i" 1 5 27, +C4<01>;
v0x2571e70_0 .net *"_ivl_2", 0 0, L_0x2588640;  1 drivers
v0x2571f70_0 .net *"_ivl_4", 0 0, L_0x25886e0;  1 drivers
v0x2572030_0 .net "carry_item", 1 0, L_0x2588780;  1 drivers
L_0x25886e0 .reduce/or L_0x2588780;
L_0x2588780 .concat8 [ 1 1 0 0], L_0x2588640, L_0x2588af0;
S_0x2571620 .scope generate, "genblk1[1]" "genblk1[1]" 5 32, 5 32 0, S_0x2571320;
 .timescale 0 0;
P_0x2571820 .param/l "j" 1 5 32, +C4<01>;
S_0x2571900 .scope generate, "genblk1" "genblk1" 5 33, 5 33 0, S_0x2571620;
 .timescale 0 0;
L_0x2588af0 .functor AND 1, L_0x2588960, L_0x2588a50, C4<1>, C4<1>;
v0x2571ae0_0 .net *"_ivl_0", 0 0, L_0x25888c0;  1 drivers
v0x2571be0_0 .net *"_ivl_2", 0 0, L_0x2588960;  1 drivers
v0x2571ca0_0 .net *"_ivl_3", 0 0, L_0x2588a50;  1 drivers
v0x2571d90_0 .net *"_ivl_4", 0 0, L_0x2588af0;  1 drivers
L_0x2588960 .reduce/and L_0x25888c0;
S_0x2572120 .scope generate, "carry_logic[2]" "carry_logic[2]" 5 27, 5 27 0, S_0x2570f40;
 .timescale 0 0;
P_0x2572340 .param/l "i" 1 5 27, +C4<010>;
v0x25734a0_0 .net *"_ivl_2", 0 0, L_0x2588c50;  1 drivers
v0x25735a0_0 .net *"_ivl_4", 0 0, L_0x2588d40;  1 drivers
v0x2573660_0 .net "carry_item", 2 0, L_0x25891b0;  1 drivers
L_0x2588d40 .reduce/or L_0x25891b0;
L_0x25891b0 .concat8 [ 1 1 1 0], L_0x2588c50, L_0x25890a0, L_0x2589610;
S_0x2572400 .scope generate, "genblk1[1]" "genblk1[1]" 5 32, 5 32 0, S_0x2572120;
 .timescale 0 0;
P_0x2572600 .param/l "j" 1 5 32, +C4<01>;
S_0x25726e0 .scope generate, "genblk1" "genblk1" 5 33, 5 33 0, S_0x2572400;
 .timescale 0 0;
L_0x25890a0 .functor AND 1, L_0x2588ed0, L_0x2588fc0, C4<1>, C4<1>;
v0x25728c0_0 .net *"_ivl_0", 0 0, L_0x2588de0;  1 drivers
v0x25729c0_0 .net *"_ivl_2", 0 0, L_0x2588ed0;  1 drivers
v0x2572a80_0 .net *"_ivl_3", 0 0, L_0x2588fc0;  1 drivers
v0x2572b70_0 .net *"_ivl_4", 0 0, L_0x25890a0;  1 drivers
L_0x2588ed0 .reduce/and L_0x2588de0;
S_0x2572c50 .scope generate, "genblk1[2]" "genblk1[2]" 5 32, 5 32 0, S_0x2572120;
 .timescale 0 0;
P_0x2572e70 .param/l "j" 1 5 32, +C4<010>;
S_0x2572f30 .scope generate, "genblk1" "genblk1" 5 33, 5 33 0, S_0x2572c50;
 .timescale 0 0;
L_0x2589610 .functor AND 1, L_0x25893e0, L_0x25894d0, C4<1>, C4<1>;
v0x2573110_0 .net *"_ivl_0", 1 0, L_0x2589340;  1 drivers
v0x2573210_0 .net *"_ivl_2", 0 0, L_0x25893e0;  1 drivers
v0x25732d0_0 .net *"_ivl_3", 0 0, L_0x25894d0;  1 drivers
v0x25733c0_0 .net *"_ivl_4", 0 0, L_0x2589610;  1 drivers
L_0x25893e0 .reduce/and L_0x2589340;
S_0x2573750 .scope generate, "carry_logic[3]" "carry_logic[3]" 5 27, 5 27 0, S_0x2570f40;
 .timescale 0 0;
P_0x2573980 .param/l "i" 1 5 27, +C4<011>;
v0x2575340_0 .net *"_ivl_2", 0 0, L_0x2589770;  1 drivers
v0x2575440_0 .net *"_ivl_4", 0 0, L_0x25898a0;  1 drivers
v0x2575500_0 .net "carry_item", 3 0, L_0x258a030;  1 drivers
L_0x25898a0 .reduce/or L_0x258a030;
L_0x258a030 .concat8 [ 1 1 1 1], L_0x2589770, L_0x2589c10, L_0x2589f20, L_0x2589d20;
S_0x2573a40 .scope generate, "genblk1[1]" "genblk1[1]" 5 32, 5 32 0, S_0x2573750;
 .timescale 0 0;
P_0x2573c40 .param/l "j" 1 5 32, +C4<01>;
S_0x2573d20 .scope generate, "genblk1" "genblk1" 5 33, 5 33 0, S_0x2573a40;
 .timescale 0 0;
L_0x2589c10 .functor AND 1, L_0x2589ad0, L_0x2589b70, C4<1>, C4<1>;
v0x2573f00_0 .net *"_ivl_0", 0 0, L_0x2589940;  1 drivers
v0x2574000_0 .net *"_ivl_2", 0 0, L_0x2589ad0;  1 drivers
v0x25740c0_0 .net *"_ivl_3", 0 0, L_0x2589b70;  1 drivers
v0x25741b0_0 .net *"_ivl_4", 0 0, L_0x2589c10;  1 drivers
L_0x2589ad0 .reduce/and L_0x2589940;
S_0x2574290 .scope generate, "genblk1[2]" "genblk1[2]" 5 32, 5 32 0, S_0x2573750;
 .timescale 0 0;
P_0x25744b0 .param/l "j" 1 5 32, +C4<010>;
S_0x2574570 .scope generate, "genblk1" "genblk1" 5 33, 5 33 0, S_0x2574290;
 .timescale 0 0;
L_0x2589f20 .functor AND 1, L_0x2589d90, L_0x2589e80, C4<1>, C4<1>;
v0x2574750_0 .net *"_ivl_0", 1 0, L_0x2589c80;  1 drivers
v0x2574850_0 .net *"_ivl_2", 0 0, L_0x2589d90;  1 drivers
v0x2574910_0 .net *"_ivl_3", 0 0, L_0x2589e80;  1 drivers
v0x2574a00_0 .net *"_ivl_4", 0 0, L_0x2589f20;  1 drivers
L_0x2589d90 .reduce/and L_0x2589c80;
S_0x2574ae0 .scope generate, "genblk1[3]" "genblk1[3]" 5 32, 5 32 0, S_0x2573750;
 .timescale 0 0;
P_0x2574d10 .param/l "j" 1 5 32, +C4<011>;
S_0x2574dd0 .scope generate, "genblk1" "genblk1" 5 33, 5 33 0, S_0x2574ae0;
 .timescale 0 0;
L_0x2589d20 .functor AND 1, L_0x258a330, L_0x258a420, C4<1>, C4<1>;
v0x2574fb0_0 .net *"_ivl_0", 2 0, L_0x258a210;  1 drivers
v0x25750b0_0 .net *"_ivl_2", 0 0, L_0x258a330;  1 drivers
v0x2575170_0 .net *"_ivl_3", 0 0, L_0x258a420;  1 drivers
v0x2575260_0 .net *"_ivl_4", 0 0, L_0x2589d20;  1 drivers
L_0x258a330 .reduce/and L_0x258a210;
S_0x25755f0 .scope generate, "carry_logic[4]" "carry_logic[4]" 5 27, 5 27 0, S_0x2570f40;
 .timescale 0 0;
P_0x25757f0 .param/l "i" 1 5 27, +C4<0100>;
v0x2577940_0 .net *"_ivl_2", 0 0, L_0x258a5b0;  1 drivers
v0x2577a40_0 .net *"_ivl_4", 0 0, L_0x258a6e0;  1 drivers
v0x2577b00_0 .net "carry_item", 4 0, L_0x258b4d0;  1 drivers
L_0x258a6e0 .reduce/or L_0x258b4d0;
LS_0x258b4d0_0_0 .concat8 [ 1 1 1 1], L_0x258a5b0, L_0x258ab60, L_0x258b060, L_0x258b3c0;
LS_0x258b4d0_0_4 .concat8 [ 1 0 0 0], L_0x258b840;
L_0x258b4d0 .concat8 [ 4 1 0 0], LS_0x258b4d0_0_0, LS_0x258b4d0_0_4;
S_0x25758d0 .scope generate, "genblk1[1]" "genblk1[1]" 5 32, 5 32 0, S_0x25755f0;
 .timescale 0 0;
P_0x2575ad0 .param/l "j" 1 5 32, +C4<01>;
S_0x2575bb0 .scope generate, "genblk1" "genblk1" 5 33, 5 33 0, S_0x25758d0;
 .timescale 0 0;
L_0x258ab60 .functor AND 1, L_0x258a820, L_0x258a910, C4<1>, C4<1>;
v0x2575d90_0 .net *"_ivl_0", 0 0, L_0x258a780;  1 drivers
v0x2575e90_0 .net *"_ivl_2", 0 0, L_0x258a820;  1 drivers
v0x2575f50_0 .net *"_ivl_3", 0 0, L_0x258a910;  1 drivers
v0x2576040_0 .net *"_ivl_4", 0 0, L_0x258ab60;  1 drivers
L_0x258a820 .reduce/and L_0x258a780;
S_0x2576120 .scope generate, "genblk1[2]" "genblk1[2]" 5 32, 5 32 0, S_0x25755f0;
 .timescale 0 0;
P_0x2576340 .param/l "j" 1 5 32, +C4<010>;
S_0x2576400 .scope generate, "genblk1" "genblk1" 5 33, 5 33 0, S_0x2576120;
 .timescale 0 0;
L_0x258b060 .functor AND 1, L_0x258ae20, L_0x258af10, C4<1>, C4<1>;
v0x25765e0_0 .net *"_ivl_0", 1 0, L_0x258ac70;  1 drivers
v0x25766e0_0 .net *"_ivl_2", 0 0, L_0x258ae20;  1 drivers
v0x25767a0_0 .net *"_ivl_3", 0 0, L_0x258af10;  1 drivers
v0x2576890_0 .net *"_ivl_4", 0 0, L_0x258b060;  1 drivers
L_0x258ae20 .reduce/and L_0x258ac70;
S_0x2576970 .scope generate, "genblk1[3]" "genblk1[3]" 5 32, 5 32 0, S_0x25755f0;
 .timescale 0 0;
P_0x2576ba0 .param/l "j" 1 5 32, +C4<011>;
S_0x2576c60 .scope generate, "genblk1" "genblk1" 5 33, 5 33 0, S_0x2576970;
 .timescale 0 0;
L_0x258b3c0 .functor AND 1, L_0x258b170, L_0x258b260, C4<1>, C4<1>;
v0x2576e40_0 .net *"_ivl_0", 2 0, L_0x258aac0;  1 drivers
v0x2576f40_0 .net *"_ivl_2", 0 0, L_0x258b170;  1 drivers
v0x2577000_0 .net *"_ivl_3", 0 0, L_0x258b260;  1 drivers
v0x25770f0_0 .net *"_ivl_4", 0 0, L_0x258b3c0;  1 drivers
L_0x258b170 .reduce/and L_0x258aac0;
S_0x25771d0 .scope generate, "genblk1[4]" "genblk1[4]" 5 32, 5 32 0, S_0x25755f0;
 .timescale 0 0;
P_0x25773d0 .param/l "j" 1 5 32, +C4<0100>;
S_0x25774b0 .scope generate, "genblk1" "genblk1" 5 33, 5 33 0, S_0x25771d0;
 .timescale 0 0;
L_0x258b840 .functor AND 1, L_0x258b700, L_0x258b7a0, C4<1>, C4<1>;
v0x2577690_0 .net *"_ivl_1", 0 0, L_0x258b700;  1 drivers
v0x2577770_0 .net *"_ivl_2", 0 0, L_0x258b7a0;  1 drivers
v0x2577850_0 .net *"_ivl_3", 0 0, L_0x258b840;  1 drivers
L_0x258b700 .reduce/and L_0x258b950;
S_0x257baa0 .scope task, "expect" "expect" 2 56, 2 56 0, S_0x24f3300;
 .timescale 0 0;
v0x257bc50_0 .var "C_in", 0 0;
v0x257bd10_0 .var "opA", 11 0;
v0x257bdf0_0 .var "opB", 11 0;
v0x257bee0_0 .var "sub", 0 0;
v0x257bfa0_0 .var "tempResult", 12 0;
TD_alu_12bit_tb.expect ;
    %load/vec4 v0x257bee0_0;
    %flag_set/vec4 8;
    %jmp/0xz  T_0.0, 8;
    %load/vec4 v0x257bd10_0;
    %pad/u 13;
    %load/vec4 v0x257bdf0_0;
    %pad/u 13;
    %sub;
    %load/vec4 v0x257bc50_0;
    %pad/u 13;
    %sub;
    %store/vec4 v0x257bfa0_0, 0, 13;
    %jmp T_0.1;
T_0.0 ;
    %load/vec4 v0x257bd10_0;
    %pad/u 13;
    %load/vec4 v0x257bdf0_0;
    %pad/u 13;
    %add;
    %load/vec4 v0x257bc50_0;
    %pad/u 13;
    %add;
    %store/vec4 v0x257bfa0_0, 0, 13;
T_0.1 ;
    %load/vec4 v0x257bfa0_0;
    %parti/s 12, 0, 2;
    %load/vec4 v0x257c890_0;
    %cmp/ne;
    %jmp/1 T_0.4, 4;
    %flag_mov 8, 4;
    %load/vec4 v0x257bfa0_0;
    %parti/s 1, 12, 5;
    %load/vec4 v0x257c230_0;
    %cmp/ne;
    %flag_or 4, 8;
T_0.4;
    %jmp/0xz  T_0.2, 4;
    %vpi_call 2 73 "$display", "TESTE FALHOU" {0 0 0};
    %vpi_call 2 74 "$display", "sub? %b", v0x257bee0_0 {0 0 0};
    %vpi_call 2 75 "$display", "operandA = %b | operandB = %b | carry_in= %b | result = %b | expected = %b | carry_out = %b", v0x257c080_0, v0x257c160_0, v0x257c760_0, v0x257c890_0, &PV<v0x257bfa0_0, 0, 12>, v0x257c230_0 {0 0 0};
    %jmp T_0.3;
T_0.2 ;
    %vpi_call 2 78 "$display", "TESTE PASSOU" {0 0 0};
T_0.3 ;
    %end;
    .scope S_0x2557f30;
T_1 ;
    %wait E_0x24794a0;
    %pushi/vec4 0, 0, 1;
    %store/vec4 v0x25680e0_0, 0, 1;
    %pushi/vec4 0, 0, 1;
    %store/vec4 v0x2568350_0, 0, 1;
    %pushi/vec4 0, 0, 1;
    %store/vec4 v0x2568180_0, 0, 1;
    %pushi/vec4 0, 0, 1;
    %store/vec4 v0x2568240_0, 0, 1;
    %pushi/vec4 0, 0, 1;
    %store/vec4 v0x25688b0_0, 0, 1;
    %pushi/vec4 0, 0, 1;
    %store/vec4 v0x25686d0_0, 0, 1;
    %load/vec4 v0x2568d60_0;
    %dup/vec4;
    %pushi/vec4 0, 0, 4;
    %cmp/u;
    %jmp/1 T_1.0, 6;
    %dup/vec4;
    %pushi/vec4 1, 0, 4;
    %cmp/u;
    %jmp/1 T_1.1, 6;
    %dup/vec4;
    %pushi/vec4 2, 0, 4;
    %cmp/u;
    %jmp/1 T_1.2, 6;
    %dup/vec4;
    %pushi/vec4 3, 0, 4;
    %cmp/u;
    %jmp/1 T_1.3, 6;
    %dup/vec4;
    %pushi/vec4 4, 0, 4;
    %cmp/u;
    %jmp/1 T_1.4, 6;
    %dup/vec4;
    %pushi/vec4 5, 0, 4;
    %cmp/u;
    %jmp/1 T_1.5, 6;
    %dup/vec4;
    %pushi/vec4 6, 0, 4;
    %cmp/u;
    %jmp/1 T_1.6, 6;
    %dup/vec4;
    %pushi/vec4 7, 0, 4;
    %cmp/u;
    %jmp/1 T_1.7, 6;
    %dup/vec4;
    %pushi/vec4 8, 0, 4;
    %cmp/u;
    %jmp/1 T_1.8, 6;
    %dup/vec4;
    %pushi/vec4 9, 0, 4;
    %cmp/u;
    %jmp/1 T_1.9, 6;
    %pushi/vec4 0, 0, 4;
    %store/vec4 v0x2568ca0_0, 0, 4;
    %jmp T_1.11;
T_1.0 ;
    %load/vec4 v0x2567f40_0;
    %load/vec4 v0x2568020_0;
    %and;
    %store/vec4 v0x2568ca0_0, 0, 4;
    %jmp T_1.11;
T_1.1 ;
    %load/vec4 v0x2567f40_0;
    %load/vec4 v0x2568020_0;
    %or;
    %store/vec4 v0x2568ca0_0, 0, 4;
    %jmp T_1.11;
T_1.2 ;
    %load/vec4 v0x2567f40_0;
    %inv;
    %store/vec4 v0x2568ca0_0, 0, 4;
    %jmp T_1.11;
T_1.3 ;
    %load/vec4 v0x2567f40_0;
    %load/vec4 v0x2568020_0;
    %and;
    %inv;
    %store/vec4 v0x2568ca0_0, 0, 4;
    %jmp T_1.11;
T_1.4 ;
    %load/vec4 v0x2568ae0_0;
    %store/vec4 v0x2568ca0_0, 0, 4;
    %load/vec4 v0x2568500_0;
    %store/vec4 v0x25680e0_0, 0, 1;
    %load/vec4 v0x2568ca0_0;
    %pushi/vec4 0, 0, 4;
    %cmp/e;
    %flag_get/vec4 4;
    %store/vec4 v0x2568350_0, 0, 1;
    %load/vec4 v0x2568ca0_0;
    %parti/s 1, 3, 3;
    %store/vec4 v0x2568180_0, 0, 1;
    %load/vec4 v0x2567f40_0;
    %parti/s 1, 3, 3;
    %load/vec4 v0x2568020_0;
    %parti/s 1, 3, 3;
    %cmp/e;
    %flag_get/vec4 4;
    %jmp/0 T_1.12, 4;
    %load/vec4 v0x2568ca0_0;
    %parti/s 1, 3, 3;
    %load/vec4 v0x2567f40_0;
    %parti/s 1, 3, 3;
    %cmp/ne;
    %flag_get/vec4 4;
    %and;
T_1.12;
    %store/vec4 v0x2568240_0, 0, 1;
    %load/vec4 v0x2568a40_0;
    %store/vec4 v0x25688b0_0, 0, 1;
    %load/vec4 v0x2568810_0;
    %store/vec4 v0x25686d0_0, 0, 1;
    %jmp T_1.11;
T_1.5 ;
    %load/vec4 v0x2568bb0_0;
    %store/vec4 v0x2568ca0_0, 0, 4;
    %load/vec4 v0x25685a0_0;
    %store/vec4 v0x25680e0_0, 0, 1;
    %load/vec4 v0x2568ca0_0;
    %pushi/vec4 0, 0, 4;
    %cmp/e;
    %flag_get/vec4 4;
    %store/vec4 v0x2568350_0, 0, 1;
    %load/vec4 v0x2568ca0_0;
    %parti/s 1, 3, 3;
    %store/vec4 v0x2568180_0, 0, 1;
    %load/vec4 v0x2567f40_0;
    %parti/s 1, 3, 3;
    %load/vec4 v0x2568020_0;
    %parti/s 1, 3, 3;
    %cmp/ne;
    %flag_get/vec4 4;
    %jmp/0 T_1.13, 4;
    %load/vec4 v0x2568ca0_0;
    %parti/s 1, 3, 3;
    %load/vec4 v0x2567f40_0;
    %parti/s 1, 3, 3;
    %cmp/ne;
    %flag_get/vec4 4;
    %and;
T_1.13;
    %store/vec4 v0x2568240_0, 0, 1;
    %load/vec4 v0x2568950_0;
    %store/vec4 v0x25688b0_0, 0, 1;
    %load/vec4 v0x2568770_0;
    %store/vec4 v0x25686d0_0, 0, 1;
    %jmp T_1.11;
T_1.6 ;
    %load/vec4 v0x2567f40_0;
    %load/vec4 v0x2568020_0;
    %pad/u 32;
    %cmpi/u 4, 0, 32;
    %flag_or 5, 4; GT is !LE
    %flag_inv 5;
    %flag_mov 8, 5;
    %jmp/0 T_1.14, 8;
    %pushi/vec4 4, 0, 32;
    %jmp/1 T_1.15, 8;
T_1.14 ; End of true expr.
    %load/vec4 v0x2568020_0;
    %pad/u 32;
    %jmp/0 T_1.15, 8;
 ; End of false expr.
    %blend;
T_1.15;
    %ix/vec4 4;
    %shiftl 4;
    %store/vec4 v0x2568ca0_0, 0, 4;
    %jmp T_1.11;
T_1.7 ;
    %load/vec4 v0x2567f40_0;
    %load/vec4 v0x2568020_0;
    %pad/u 32;
    %cmpi/u 4, 0, 32;
    %flag_or 5, 4; GT is !LE
    %flag_inv 5;
    %flag_mov 8, 5;
    %jmp/0 T_1.16, 8;
    %pushi/vec4 4, 0, 32;
    %jmp/1 T_1.17, 8;
T_1.16 ; End of true expr.
    %load/vec4 v0x2568020_0;
    %pad/u 32;
    %jmp/0 T_1.17, 8;
 ; End of false expr.
    %blend;
T_1.17;
    %ix/vec4 4;
    %shiftr 4;
    %store/vec4 v0x2568ca0_0, 0, 4;
    %jmp T_1.11;
T_1.8 ;
    %load/vec4 v0x2567f40_0;
    %load/vec4 v0x2568020_0;
    %xor;
    %store/vec4 v0x2568ca0_0, 0, 4;
    %jmp T_1.11;
T_1.9 ;
    %load/vec4 v0x2567f40_0;
    %load/vec4 v0x2568020_0;
    %or;
    %inv;
    %store/vec4 v0x2568ca0_0, 0, 4;
    %jmp T_1.11;
T_1.11 ;
    %pop/vec4 1;
    %jmp T_1;
    .thread T_1, $push;
    .scope S_0x2568fc0;
T_2 ;
    %wait E_0x2486140;
    %pushi/vec4 0, 0, 1;
    %store/vec4 v0x25791f0_0, 0, 1;
    %pushi/vec4 0, 0, 1;
    %store/vec4 v0x2579440_0, 0, 1;
    %pushi/vec4 0, 0, 1;
    %store/vec4 v0x2579290_0, 0, 1;
    %pushi/vec4 0, 0, 1;
    %store/vec4 v0x2579330_0, 0, 1;
    %pushi/vec4 0, 0, 1;
    %store/vec4 v0x2579980_0, 0, 1;
    %pushi/vec4 0, 0, 1;
    %store/vec4 v0x25797a0_0, 0, 1;
    %load/vec4 v0x2579f40_0;
    %dup/vec4;
    %pushi/vec4 0, 0, 4;
    %cmp/u;
    %jmp/1 T_2.0, 6;
    %dup/vec4;
    %pushi/vec4 1, 0, 4;
    %cmp/u;
    %jmp/1 T_2.1, 6;
    %dup/vec4;
    %pushi/vec4 2, 0, 4;
    %cmp/u;
    %jmp/1 T_2.2, 6;
    %dup/vec4;
    %pushi/vec4 3, 0, 4;
    %cmp/u;
    %jmp/1 T_2.3, 6;
    %dup/vec4;
    %pushi/vec4 4, 0, 4;
    %cmp/u;
    %jmp/1 T_2.4, 6;
    %dup/vec4;
    %pushi/vec4 5, 0, 4;
    %cmp/u;
    %jmp/1 T_2.5, 6;
    %dup/vec4;
    %pushi/vec4 6, 0, 4;
    %cmp/u;
    %jmp/1 T_2.6, 6;
    %dup/vec4;
    %pushi/vec4 7, 0, 4;
    %cmp/u;
    %jmp/1 T_2.7, 6;
    %dup/vec4;
    %pushi/vec4 8, 0, 4;
    %cmp/u;
    %jmp/1 T_2.8, 6;
    %dup/vec4;
    %pushi/vec4 9, 0, 4;
    %cmp/u;
    %jmp/1 T_2.9, 6;
    %pushi/vec4 0, 0, 4;
    %store/vec4 v0x2579e80_0, 0, 4;
    %jmp T_2.11;
T_2.0 ;
    %load/vec4 v0x2579050_0;
    %load/vec4 v0x2579130_0;
    %and;
    %store/vec4 v0x2579e80_0, 0, 4;
    %jmp T_2.11;
T_2.1 ;
    %load/vec4 v0x2579050_0;
    %load/vec4 v0x2579130_0;
    %or;
    %store/vec4 v0x2579e80_0, 0, 4;
    %jmp T_2.11;
T_2.2 ;
    %load/vec4 v0x2579050_0;
    %inv;
    %store/vec4 v0x2579e80_0, 0, 4;
    %jmp T_2.11;
T_2.3 ;
    %load/vec4 v0x2579050_0;
    %load/vec4 v0x2579130_0;
    %and;
    %inv;
    %store/vec4 v0x2579e80_0, 0, 4;
    %jmp T_2.11;
T_2.4 ;
    %load/vec4 v0x2579bb0_0;
    %store/vec4 v0x2579e80_0, 0, 4;
    %load/vec4 v0x25795a0_0;
    %store/vec4 v0x25791f0_0, 0, 1;
    %load/vec4 v0x2579e80_0;
    %pushi/vec4 0, 0, 4;
    %cmp/e;
    %flag_get/vec4 4;
    %store/vec4 v0x2579440_0, 0, 1;
    %load/vec4 v0x2579e80_0;
    %parti/s 1, 3, 3;
    %store/vec4 v0x2579290_0, 0, 1;
    %load/vec4 v0x2579050_0;
    %parti/s 1, 3, 3;
    %load/vec4 v0x2579130_0;
    %parti/s 1, 3, 3;
    %cmp/e;
    %flag_get/vec4 4;
    %jmp/0 T_2.12, 4;
    %load/vec4 v0x2579e80_0;
    %parti/s 1, 3, 3;
    %load/vec4 v0x2579050_0;
    %parti/s 1, 3, 3;
    %cmp/ne;
    %flag_get/vec4 4;
    %and;
T_2.12;
    %store/vec4 v0x2579330_0, 0, 1;
    %load/vec4 v0x2579b10_0;
    %store/vec4 v0x2579980_0, 0, 1;
    %load/vec4 v0x25798e0_0;
    %store/vec4 v0x25797a0_0, 0, 1;
    %jmp T_2.11;
T_2.5 ;
    %load/vec4 v0x2579c80_0;
    %store/vec4 v0x2579e80_0, 0, 4;
    %load/vec4 v0x2579640_0;
    %store/vec4 v0x25791f0_0, 0, 1;
    %load/vec4 v0x2579e80_0;
    %pushi/vec4 0, 0, 4;
    %cmp/e;
    %flag_get/vec4 4;
    %store/vec4 v0x2579440_0, 0, 1;
    %load/vec4 v0x2579e80_0;
    %parti/s 1, 3, 3;
    %store/vec4 v0x2579290_0, 0, 1;
    %load/vec4 v0x2579050_0;
    %parti/s 1, 3, 3;
    %load/vec4 v0x2579130_0;
    %parti/s 1, 3, 3;
    %cmp/ne;
    %flag_get/vec4 4;
    %jmp/0 T_2.13, 4;
    %load/vec4 v0x2579e80_0;
    %parti/s 1, 3, 3;
    %load/vec4 v0x2579050_0;
    %parti/s 1, 3, 3;
    %cmp/ne;
    %flag_get/vec4 4;
    %and;
T_2.13;
    %store/vec4 v0x2579330_0, 0, 1;
    %load/vec4 v0x2579a20_0;
    %store/vec4 v0x2579980_0, 0, 1;
    %load/vec4 v0x2579840_0;
    %store/vec4 v0x25797a0_0, 0, 1;
    %jmp T_2.11;
T_2.6 ;
    %load/vec4 v0x2579050_0;
    %load/vec4 v0x2579130_0;
    %pad/u 32;
    %cmpi/u 4, 0, 32;
    %flag_or 5, 4; GT is !LE
    %flag_inv 5;
    %flag_mov 8, 5;
    %jmp/0 T_2.14, 8;
    %pushi/vec4 4, 0, 32;
    %jmp/1 T_2.15, 8;
T_2.14 ; End of true expr.
    %load/vec4 v0x2579130_0;
    %pad/u 32;
    %jmp/0 T_2.15, 8;
 ; End of false expr.
    %blend;
T_2.15;
    %ix/vec4 4;
    %shiftl 4;
    %store/vec4 v0x2579e80_0, 0, 4;
    %jmp T_2.11;
T_2.7 ;
    %load/vec4 v0x2579050_0;
    %load/vec4 v0x2579130_0;
    %pad/u 32;
    %cmpi/u 4, 0, 32;
    %flag_or 5, 4; GT is !LE
    %flag_inv 5;
    %flag_mov 8, 5;
    %jmp/0 T_2.16, 8;
    %pushi/vec4 4, 0, 32;
    %jmp/1 T_2.17, 8;
T_2.16 ; End of true expr.
    %load/vec4 v0x2579130_0;
    %pad/u 32;
    %jmp/0 T_2.17, 8;
 ; End of false expr.
    %blend;
T_2.17;
    %ix/vec4 4;
    %shiftr 4;
    %store/vec4 v0x2579e80_0, 0, 4;
    %jmp T_2.11;
T_2.8 ;
    %load/vec4 v0x2579050_0;
    %load/vec4 v0x2579130_0;
    %xor;
    %store/vec4 v0x2579e80_0, 0, 4;
    %jmp T_2.11;
T_2.9 ;
    %load/vec4 v0x2579050_0;
    %load/vec4 v0x2579130_0;
    %or;
    %inv;
    %store/vec4 v0x2579e80_0, 0, 4;
    %jmp T_2.11;
T_2.11 ;
    %pop/vec4 1;
    %jmp T_2;
    .thread T_2, $push;
    .scope S_0x24d00b0;
T_3 ;
    %wait E_0x24797a0;
    %pushi/vec4 0, 0, 1;
    %store/vec4 v0x2557010_0, 0, 1;
    %pushi/vec4 0, 0, 1;
    %store/vec4 v0x2557280_0, 0, 1;
    %pushi/vec4 0, 0, 1;
    %store/vec4 v0x25570b0_0, 0, 1;
    %pushi/vec4 0, 0, 1;
    %store/vec4 v0x2557170_0, 0, 1;
    %pushi/vec4 0, 0, 1;
    %store/vec4 v0x25577e0_0, 0, 1;
    %pushi/vec4 0, 0, 1;
    %store/vec4 v0x2557600_0, 0, 1;
    %load/vec4 v0x2557c90_0;
    %dup/vec4;
    %pushi/vec4 0, 0, 4;
    %cmp/u;
    %jmp/1 T_3.0, 6;
    %dup/vec4;
    %pushi/vec4 1, 0, 4;
    %cmp/u;
    %jmp/1 T_3.1, 6;
    %dup/vec4;
    %pushi/vec4 2, 0, 4;
    %cmp/u;
    %jmp/1 T_3.2, 6;
    %dup/vec4;
    %pushi/vec4 3, 0, 4;
    %cmp/u;
    %jmp/1 T_3.3, 6;
    %dup/vec4;
    %pushi/vec4 4, 0, 4;
    %cmp/u;
    %jmp/1 T_3.4, 6;
    %dup/vec4;
    %pushi/vec4 5, 0, 4;
    %cmp/u;
    %jmp/1 T_3.5, 6;
    %dup/vec4;
    %pushi/vec4 6, 0, 4;
    %cmp/u;
    %jmp/1 T_3.6, 6;
    %dup/vec4;
    %pushi/vec4 7, 0, 4;
    %cmp/u;
    %jmp/1 T_3.7, 6;
    %dup/vec4;
    %pushi/vec4 8, 0, 4;
    %cmp/u;
    %jmp/1 T_3.8, 6;
    %dup/vec4;
    %pushi/vec4 9, 0, 4;
    %cmp/u;
    %jmp/1 T_3.9, 6;
    %pushi/vec4 0, 0, 4;
    %store/vec4 v0x2557bd0_0, 0, 4;
    %jmp T_3.11;
T_3.0 ;
    %load/vec4 v0x2556e70_0;
    %load/vec4 v0x2556f50_0;
    %and;
    %store/vec4 v0x2557bd0_0, 0, 4;
    %jmp T_3.11;
T_3.1 ;
    %load/vec4 v0x2556e70_0;
    %load/vec4 v0x2556f50_0;
    %or;
    %store/vec4 v0x2557bd0_0, 0, 4;
    %jmp T_3.11;
T_3.2 ;
    %load/vec4 v0x2556e70_0;
    %inv;
    %store/vec4 v0x2557bd0_0, 0, 4;
    %jmp T_3.11;
T_3.3 ;
    %load/vec4 v0x2556e70_0;
    %load/vec4 v0x2556f50_0;
    %and;
    %inv;
    %store/vec4 v0x2557bd0_0, 0, 4;
    %jmp T_3.11;
T_3.4 ;
    %load/vec4 v0x2557a10_0;
    %store/vec4 v0x2557bd0_0, 0, 4;
    %load/vec4 v0x2557430_0;
    %store/vec4 v0x2557010_0, 0, 1;
    %load/vec4 v0x2557bd0_0;
    %pushi/vec4 0, 0, 4;
    %cmp/e;
    %flag_get/vec4 4;
    %store/vec4 v0x2557280_0, 0, 1;
    %load/vec4 v0x2557bd0_0;
    %parti/s 1, 3, 3;
    %store/vec4 v0x25570b0_0, 0, 1;
    %load/vec4 v0x2556e70_0;
    %parti/s 1, 3, 3;
    %load/vec4 v0x2556f50_0;
    %parti/s 1, 3, 3;
    %cmp/e;
    %flag_get/vec4 4;
    %jmp/0 T_3.12, 4;
    %load/vec4 v0x2557bd0_0;
    %parti/s 1, 3, 3;
    %load/vec4 v0x2556e70_0;
    %parti/s 1, 3, 3;
    %cmp/ne;
    %flag_get/vec4 4;
    %and;
T_3.12;
    %store/vec4 v0x2557170_0, 0, 1;
    %load/vec4 v0x2557970_0;
    %store/vec4 v0x25577e0_0, 0, 1;
    %load/vec4 v0x2557740_0;
    %store/vec4 v0x2557600_0, 0, 1;
    %jmp T_3.11;
T_3.5 ;
    %load/vec4 v0x2557ae0_0;
    %store/vec4 v0x2557bd0_0, 0, 4;
    %load/vec4 v0x25574d0_0;
    %store/vec4 v0x2557010_0, 0, 1;
    %load/vec4 v0x2557bd0_0;
    %pushi/vec4 0, 0, 4;
    %cmp/e;
    %flag_get/vec4 4;
    %store/vec4 v0x2557280_0, 0, 1;
    %load/vec4 v0x2557bd0_0;
    %parti/s 1, 3, 3;
    %store/vec4 v0x25570b0_0, 0, 1;
    %load/vec4 v0x2556e70_0;
    %parti/s 1, 3, 3;
    %load/vec4 v0x2556f50_0;
    %parti/s 1, 3, 3;
    %cmp/ne;
    %flag_get/vec4 4;
    %jmp/0 T_3.13, 4;
    %load/vec4 v0x2557bd0_0;
    %parti/s 1, 3, 3;
    %load/vec4 v0x2556e70_0;
    %parti/s 1, 3, 3;
    %cmp/ne;
    %flag_get/vec4 4;
    %and;
T_3.13;
    %store/vec4 v0x2557170_0, 0, 1;
    %load/vec4 v0x2557880_0;
    %store/vec4 v0x25577e0_0, 0, 1;
    %load/vec4 v0x25576a0_0;
    %store/vec4 v0x2557600_0, 0, 1;
    %jmp T_3.11;
T_3.6 ;
    %load/vec4 v0x2556e70_0;
    %load/vec4 v0x2556f50_0;
    %pad/u 32;
    %cmpi/u 4, 0, 32;
    %flag_or 5, 4; GT is !LE
    %flag_inv 5;
    %flag_mov 8, 5;
    %jmp/0 T_3.14, 8;
    %pushi/vec4 4, 0, 32;
    %jmp/1 T_3.15, 8;
T_3.14 ; End of true expr.
    %load/vec4 v0x2556f50_0;
    %pad/u 32;
    %jmp/0 T_3.15, 8;
 ; End of false expr.
    %blend;
T_3.15;
    %ix/vec4 4;
    %shiftl 4;
    %store/vec4 v0x2557bd0_0, 0, 4;
    %jmp T_3.11;
T_3.7 ;
    %load/vec4 v0x2556e70_0;
    %load/vec4 v0x2556f50_0;
    %pad/u 32;
    %cmpi/u 4, 0, 32;
    %flag_or 5, 4; GT is !LE
    %flag_inv 5;
    %flag_mov 8, 5;
    %jmp/0 T_3.16, 8;
    %pushi/vec4 4, 0, 32;
    %jmp/1 T_3.17, 8;
T_3.16 ; End of true expr.
    %load/vec4 v0x2556f50_0;
    %pad/u 32;
    %jmp/0 T_3.17, 8;
 ; End of false expr.
    %blend;
T_3.17;
    %ix/vec4 4;
    %shiftr 4;
    %store/vec4 v0x2557bd0_0, 0, 4;
    %jmp T_3.11;
T_3.8 ;
    %load/vec4 v0x2556e70_0;
    %load/vec4 v0x2556f50_0;
    %xor;
    %store/vec4 v0x2557bd0_0, 0, 4;
    %jmp T_3.11;
T_3.9 ;
    %load/vec4 v0x2556e70_0;
    %load/vec4 v0x2556f50_0;
    %or;
    %inv;
    %store/vec4 v0x2557bd0_0, 0, 4;
    %jmp T_3.11;
T_3.11 ;
    %pop/vec4 1;
    %jmp T_3;
    .thread T_3, $push;
    .scope S_0x24f3300;
T_4 ;
    %pushi/vec4 10, 0, 32;
T_4.0 %dup/vec4;
    %cmpi/s 0, 0, 32;
    %jmp/1xz T_4.1, 5;
    %jmp/1 T_4.1, 4;
    %subi 1, 0, 32;
    %vpi_func 2 32 "$random" 32 {0 0 0};
    %pad/s 12;
    %store/vec4 v0x257c080_0, 0, 12;
    %vpi_func 2 33 "$random" 32 {0 0 0};
    %pad/s 12;
    %store/vec4 v0x257c160_0, 0, 12;
    %vpi_func 2 34 "$random" 32 {0 0 0};
    %pad/s 1;
    %store/vec4 v0x257c760_0, 0, 1;
    %pushi/vec4 4, 0, 4;
    %store/vec4 v0x257c930_0, 0, 4;
    %pushi/vec4 0, 0, 1;
    %store/vec4 v0x257ca60_0, 0, 1;
    %delay 10, 0;
    %load/vec4 v0x257c080_0;
    %store/vec4 v0x257bd10_0, 0, 12;
    %load/vec4 v0x257c160_0;
    %store/vec4 v0x257bdf0_0, 0, 12;
    %load/vec4 v0x257c760_0;
    %store/vec4 v0x257bc50_0, 0, 1;
    %load/vec4 v0x257ca60_0;
    %store/vec4 v0x257bee0_0, 0, 1;
    %fork TD_alu_12bit_tb.expect, S_0x257baa0;
    %join;
    %jmp T_4.0;
T_4.1 ;
    %pop/vec4 1;
    %pushi/vec4 10, 0, 32;
T_4.2 %dup/vec4;
    %cmpi/s 0, 0, 32;
    %jmp/1xz T_4.3, 5;
    %jmp/1 T_4.3, 4;
    %subi 1, 0, 32;
    %vpi_func 2 43 "$random" 32 {0 0 0};
    %pad/s 12;
    %store/vec4 v0x257c080_0, 0, 12;
    %vpi_func 2 44 "$random" 32 {0 0 0};
    %pad/s 12;
    %store/vec4 v0x257c160_0, 0, 12;
    %vpi_func 2 45 "$random" 32 {0 0 0};
    %pad/s 1;
    %store/vec4 v0x257c760_0, 0, 1;
    %pushi/vec4 5, 0, 4;
    %store/vec4 v0x257c930_0, 0, 4;
    %pushi/vec4 1, 0, 1;
    %store/vec4 v0x257ca60_0, 0, 1;
    %delay 10, 0;
    %load/vec4 v0x257c080_0;
    %store/vec4 v0x257bd10_0, 0, 12;
    %load/vec4 v0x257c160_0;
    %store/vec4 v0x257bdf0_0, 0, 12;
    %load/vec4 v0x257c760_0;
    %store/vec4 v0x257bc50_0, 0, 1;
    %load/vec4 v0x257ca60_0;
    %store/vec4 v0x257bee0_0, 0, 1;
    %fork TD_alu_12bit_tb.expect, S_0x257baa0;
    %join;
    %jmp T_4.2;
T_4.3 ;
    %pop/vec4 1;
    %vpi_call 2 53 "$finish" {0 0 0};
    %end;
    .thread T_4;
# The file index is used to find the file name in the following table.
:file_names 7;
    "N/A";
    "<interactive>";
    "alu_12bit_tb.v";
    "alu12bit.v";
    "4bit_ula_behav.v";
    "somador_cla.v";
    "subtrator.v";
