xrun(64): 25.03-s010: (c) Copyright 1995-2026 Cadence Design Systems, Inc.
TOOL:	xrun(64)	25.03-s010: Started on Apr 11, 2026 at 08:31:31 -03
xrun
	-timescale 1ns/1ps
	4bit_ula_behav.v
	8bit_alu.v
	alu_8bit_tb.v
Recompiling... reason: file './alu_8bit_tb.v' is newer than expected.
	expected: Sun Mar 29 14:56:23 2026
	actual:   Sun Mar 29 15:19:20 2026
file: alu_8bit_tb.v
	module worklib.alu_8bit_tb:v
		errors: 0, warnings: 0
		Caching library 'worklib' ....... Done
	Elaborating the design hierarchy:
    ula ula_lower(
                |
xmelab: *W,CUVWSP (./8bit_alu.v,23|16): 4 output ports were not connected:
xmelab: (./4bit_ula_behav.v,7): C
xmelab: (./4bit_ula_behav.v,8): V
xmelab: (./4bit_ula_behav.v,9): Z
xmelab: (./4bit_ula_behav.v,10): N

		Caching library 'worklib' ....... Done
    ula ula_higher(
                 |
xmelab: *W,CUVWSP (./8bit_alu.v,35|17): 1 output port was not connected:
xmelab: (./4bit_ula_behav.v,9): Z

	Top level design units:
		alu_8bit_tb
	Building instance overlay tables: .................... Done
	Generating native compiled code:
		worklib.alu_8bit_tb:v <0x74136fb5>
			streams:   5, words:  5774
	Building instance specific data structures.
	Loading native compiled code:     .................... Done
	Design hierarchy summary:
		                 Instances  Unique
		Modules:                10       5
		Registers:              24      17
		Scalar wires:          100       -
		Expanded wires:         16       4
		Vectored wires:         20       -
		Always blocks:           2       1
		Initial blocks:          1       1
		Cont. assignments:      91      19
		Pseudo assignments:      5       -
		Simulation timescale:  1ps
	Writing initial simulation snapshot: worklib.alu_8bit_tb:v
TOOL:	xrun(64)	25.03-s010: Exiting on Apr 11, 2026 at 08:32:32 -03  (total: 00:01:01)
