============================================================
  Generated by:           Genus(TM) Synthesis Solution 25.12-s067_1
  Generated on:           Jul 25 2026  03:51:02 pm
  Module:                 mac_param
  Operating conditions:   PVT_1P1V_0C (balanced_tree)
  Wireload mode:          enclosed
  Area mode:              timing library
============================================================


Path 1: MET (102 ps) Setup Check with Pin result_reg[73]/CK->D
          Group: clk
     Startpoint: (R) result_reg[0]/CK
          Clock: (R) clk
       Endpoint: (F) result_reg[73]/D
          Clock: (R) clk

                     Capture       Launch     
        Clock Edge:+    1280            0     
       Src Latency:+       0            0     
       Net Latency:+       0 (I)        0 (I) 
           Arrival:=    1280            0     
                                              
             Setup:-      12                  
     Required Time:=    1268                  
      Launch Clock:-       0                  
         Data Path:-    1167                  
             Slack:=     102                  

#---------------------------------------------------------------------------------------------------------------------
#                Timing Point                 Flags    Arc   Edge   Cell     Fanout Load Trans Delay Arrival Instance 
#                                                                                   (fF)  (ps)  (ps)   (ps)  Location 
#---------------------------------------------------------------------------------------------------------------------
  result_reg[0]/CK                            -       -      R     (arrival)     86    -     0     0       0    (-,-) 
  result_reg[0]/Q                             -       CK->Q  R     DFFRHQX1       4  3.3    26    65      65    (-,-) 
  WALLACE_CSA_DUMMY_OP_groupi_g28791/Y        -       B->Y   F     NAND2XL        3  0.9    26    25      90    (-,-) 
  WALLACE_CSA_DUMMY_OP_groupi_g27691__1881/Y  -       A0->Y  R     OAI21XL        1  0.7    28    28     118    (-,-) 
  WALLACE_CSA_DUMMY_OP_groupi_g27566__4319/CO -       CI->CO R     ADDFX1         2  0.6    10    42     160    (-,-) 
  WALLACE_CSA_DUMMY_OP_groupi_g27527/Y        -       A->Y   F     INVXL          1  0.3     6     8     168    (-,-) 
  WALLACE_CSA_DUMMY_OP_groupi_g27510__5526/Y  -       A1->Y  R     OAI21XL        2  0.9    31    23     191    (-,-) 
  WALLACE_CSA_DUMMY_OP_groupi_g27487/Y        -       A->Y   F     INVXL          1  0.3     9    16     207    (-,-) 
  WALLACE_CSA_DUMMY_OP_groupi_g27460__7098/Y  -       A1->Y  R     OAI21XL        1  0.7    27    22     228    (-,-) 
  WALLACE_CSA_DUMMY_OP_groupi_g27360__5107/CO -       CI->CO R     ADDFX1         1  0.7    10    42     270    (-,-) 
  WALLACE_CSA_DUMMY_OP_groupi_g27304__6260/CO -       CI->CO R     ADDFX1         1  0.7    10    38     308    (-,-) 
  WALLACE_CSA_DUMMY_OP_groupi_g27240__7410/CO -       CI->CO R     ADDFX1         2  1.1    13    40     348    (-,-) 
  WALLACE_CSA_DUMMY_OP_groupi_g27232__7482/Y  -       B->Y   F     NAND2BX1       2  0.6    15    15     363    (-,-) 
  WALLACE_CSA_DUMMY_OP_groupi_g27189__6783/Y  -       A1->Y  R     OAI221X1       2  0.9    39    28     391    (-,-) 
  WALLACE_CSA_DUMMY_OP_groupi_g29224/Y        -       A1N->Y R     OAI2BB1X1      2  0.9    12    33     424    (-,-) 
  WALLACE_CSA_DUMMY_OP_groupi_g27085__6417/Y  -       A1N->Y R     OAI2BB1X1      2  1.1    15    29     452    (-,-) 
  WALLACE_CSA_DUMMY_OP_groupi_g27077__6161/Y  -       B->Y   F     NAND2BX1       2  0.8    18    17     470    (-,-) 
  WALLACE_CSA_DUMMY_OP_groupi_g27071__7098/Y  -       B->Y   R     NOR2X1         1  0.5    14    16     485    (-,-) 
  WALLACE_CSA_DUMMY_OP_groupi_g29225/Y        -       B->Y   F     NOR2X1         3  1.1    15    13     498    (-,-) 
  WALLACE_CSA_DUMMY_OP_groupi_g27042__7482/Y  -       A1->Y  F     OA21X1         1  0.4     7    33     531    (-,-) 
  WALLACE_CSA_DUMMY_OP_groupi_g27036__5122/Y  -       A1->Y  R     OAI21X1        3  1.2    27    21     552    (-,-) 
  WALLACE_CSA_DUMMY_OP_groupi_g27035__1705/Y  -       B->Y   F     NAND2XL        1  0.4    17    20     572    (-,-) 
  WALLACE_CSA_DUMMY_OP_groupi_g27033__1617/Y  -       C0->Y  R     OAI211X1       4  1.7    38    17     589    (-,-) 
  g29690/Y                                    -       D->Y   F     NAND4BBXL      1  0.4    40    36     625    (-,-) 
  WALLACE_CSA_DUMMY_OP_groupi_g27024__5477/Y  -       C0->Y  R     OAI211X1       2  1.1    31    22     646    (-,-) 
  WALLACE_CSA_DUMMY_OP_groupi_g27018__9945/Y  -       B->Y   F     NAND2X1        2  0.6    17    21     667    (-,-) 
  WALLACE_CSA_DUMMY_OP_groupi_g27012__1881/Y  -       B->Y   R     NOR2X1         1  0.3    12    14     681    (-,-) 
  WALLACE_CSA_DUMMY_OP_groupi_g29226/Y        -       B->Y   F     NOR2XL         2  0.8    15    12     694    (-,-) 
  WALLACE_CSA_DUMMY_OP_groupi_g29227/Y        -       A1->Y  R     OAI21XL        2  0.9    32    26     720    (-,-) 
  WALLACE_CSA_DUMMY_OP_groupi_g27001__1617/Y  -       A1N->Y R     OAI2BB1X1      3  1.4    16    33     753    (-,-) 
  WALLACE_CSA_DUMMY_OP_groupi_g26999__6783/Y  -       B1->Y  F     AOI221X1       4  1.6    45    29     782    (-,-) 
  WALLACE_CSA_DUMMY_OP_groupi_g26991__6417/Y  -       A1->Y  R     OAI21X1        4  1.9    40    38     820    (-,-) 
  WALLACE_CSA_DUMMY_OP_groupi_g26984__6161/Y  -       B->Y   F     NAND2X1        2  0.7    20    25     845    (-,-) 
  WALLACE_CSA_DUMMY_OP_groupi_g2/Y            -       AN->Y  F     NAND4BX1       1  0.3    34    44     889    (-,-) 
  WALLACE_CSA_DUMMY_OP_groupi_g26964__5107/Y  -       AN->Y  F     NOR2BX1        3  1.3    17    26     914    (-,-) 
  WALLACE_CSA_DUMMY_OP_groupi_g26951__5115/Y  -       B->Y   R     NOR2X1         2  0.8    18    17     931    (-,-) 
  WALLACE_CSA_DUMMY_OP_groupi_g26944__2802/Y  -       D->Y   F     NAND4BX1       1  0.4    34    27     959    (-,-) 
  WALLACE_CSA_DUMMY_OP_groupi_g26928__9945/Y  -       C0->Y  R     OAI211X1       2  1.1    31    20     978    (-,-) 
  WALLACE_CSA_DUMMY_OP_groupi_g26917__1705/Y  -       B->Y   F     NAND2X1        3  0.9    21    23    1001    (-,-) 
  g29689/Y                                    -       AN->Y  F     NAND4BBXL      1  0.4    38    45    1046    (-,-) 
  WALLACE_CSA_DUMMY_OP_groupi_g26905__6417/Y  -       C0->Y  R     OAI211X1       1  0.7    25    20    1066    (-,-) 
  WALLACE_CSA_DUMMY_OP_groupi_g26897__4733/CO -       CI->CO R     ADDFX1         1  0.6    10    41    1107    (-,-) 
  WALLACE_CSA_DUMMY_OP_groupi_g26895__5115/Y  -       B->Y   F     XOR2XL         1  0.2     5    32    1138    (-,-) 
  g29621/Y                                    -       B1->Y  F     AO22XL         1  0.4     8    28    1167    (-,-) 
  result_reg[73]/D                            <<<     -      F     DFFRHQX1       1    -     -     0    1167    (-,-) 
#---------------------------------------------------------------------------------------------------------------------

