============================================================
  Generated by:           Genus(TM) Synthesis Solution 25.12-s067_1
  Generated on:           Jul 25 2026  03:51:02 pm
  Module:                 mac_param
  Operating conditions:   PVT_1P1V_0C (balanced_tree)
  Wireload mode:          enclosed
  Area mode:              timing library
============================================================

Timing
--------

Clock Period 
-------------
clk   1280.0 


  Cost    Critical         Violating 
 Group   Path Slack  TNS     Paths   
-------------------------------------
clk           101.5   0.0          0 
default    No paths   0.0            
-------------------------------------
Total                 0.0          0 

Instance Count
--------------
Leaf Instance Count             2594 
Physical Instance count            0 
Sequential Instance Count         86 
Combinational Instance Count    2508 
Hierarchical Instance Count        0 

Area
----
Cell Area                          7340.688
Physical Cell Area                 0.000
Total Cell Area (Cell+Physical)    7340.688
Net Area                           0.000
Total Area (Cell+Physical+Net)     7340.688

Max Fanout                         86 (clk)
Min Fanout                         0 (rst_n)
Average Fanout                     2.5
Terms to net ratio                 3.4660
Terms to instance ratio            4.2864
Runtime                            84.87531 seconds
Elapsed Runtime                    97 seconds
Genus peak memory usage            2444.51 
Innovus peak memory usage          no_value 
Hostname                           localhost
