============================================================
  Generated by:           Genus(TM) Synthesis Solution 25.12-s067_1
  Generated on:           Aug 22 2026  01:48:40 pm
  Module:                 pattern_detector
  Operating conditions:   PVT_0P9V_125C (balanced_tree)
  Wireload mode:          enclosed
  Area mode:              timing library
============================================================

# SETUP                  WNS  TNS    FEP 
# -----------------------------------------
 View: ALL               4.4  0.0      0 
    Group : in2out       N/A  N/A    N/A 
    Group : in2reg       4.4  0.0      0 
    Group : reg2out   6915.0  0.0      0 
    Group : reg2reg    388.7  0.0      0 

# -----------------------------------------
# DRV                        WNS  TNS  FEP 
# -------------------------------------------
 View: ALL                                 
    Check: max_transition    N/A  N/A    0 
    Check: max_capacitance   N/A  N/A    0 
    Check: max_fanout        N/A  N/A    0 

# -------------------------------------------
