============================================================
  Generated by:           Genus(TM) Synthesis Solution 25.12-s067_1
  Generated on:           Aug 22 2026  01:48:40 pm
  Module:                 pattern_detector
  Operating conditions:   PVT_0P9V_125C (balanced_tree)
  Wireload mode:          enclosed
  Area mode:              timing library
============================================================


Path 1: MET (4 ps) Setup Check with Pin mac_i_result_reg[34]/CK->D
          Group: clk
     Startpoint: (R) rom_data[1]
          Clock: (R) clk
       Endpoint: (R) mac_i_result_reg[34]/D
          Clock: (R) clk

                     Capture       Launch     
        Clock Edge:+    9050            0     
        Drv Adjust:+       0            0     
       Src Latency:+       0            0     
       Net Latency:+       0 (I)        0 (I) 
           Arrival:=    9050            0     
                                              
             Setup:-      94                  
       Uncertainty:-     200                  
     Required Time:=    8756                  
      Launch Clock:-       0                  
       Input Delay:-    1600                  
         Data Path:-    7151                  
             Slack:=       4                  

Exceptions/Constraints:
  input_delay             1600            constraint.sdc_line_15_30_1   

#------------------------------------------------------------------------------------------------------------------
#              Timing Point                Flags    Arc   Edge   Cell     Fanout Load Trans Delay Arrival Instance 
#                                                                                (fF)  (ps)  (ps)   (ps)  Location 
#------------------------------------------------------------------------------------------------------------------
  rom_data[1]                              -       -      R     (arrival)     19  7.4   150     0    1600    (-,-) 
  csa_tree_ADD_TC_OP_groupi_g7036/Y        -       A->Y   F     INVX1         16  6.2   188   183    1783    (-,-) 
  csa_tree_ADD_TC_OP_groupi_g6838__7482/Y  -       B->Y   F     OR2X1         16  6.3   173   250    2034    (-,-) 
  csa_tree_ADD_TC_OP_groupi_g6700__2346/Y  -       A0->Y  R     OAI22X1        1  0.6   100   158    2192    (-,-) 
  csa_tree_ADD_TC_OP_groupi_g6671__7410/S  -       CI->S  R     ADDFX1         1  0.8    46   290    2482    (-,-) 
  csa_tree_ADD_TC_OP_groupi_g6621__4319/CO -       B->CO  R     ADDFX1         1  0.8    43   205    2687    (-,-) 
  csa_tree_ADD_TC_OP_groupi_g6596__6783/CO -       B->CO  R     ADDFX1         1  0.6    39   201    2888    (-,-) 
  csa_tree_ADD_TC_OP_groupi_g6578__5115/CO -       CI->CO R     ADDFX1         1  0.6    39   186    3074    (-,-) 
  csa_tree_ADD_TC_OP_groupi_g6572__1705/CO -       CI->CO R     ADDFX1         1  0.6    39   186    3260    (-,-) 
  csa_tree_ADD_TC_OP_groupi_g6562__2398/CO -       CI->CO R     ADDFX1         1  0.6    39   186    3446    (-,-) 
  csa_tree_ADD_TC_OP_groupi_g6558__1666/CO -       CI->CO R     ADDFX1         1  0.6    39   186    3632    (-,-) 
  csa_tree_ADD_TC_OP_groupi_g6557__2346/CO -       CI->CO R     ADDFX1         1  0.6    39   186    3818    (-,-) 
  csa_tree_ADD_TC_OP_groupi_g6556__2883/CO -       CI->CO R     ADDFX1         1  0.6    39   186    4004    (-,-) 
  csa_tree_ADD_TC_OP_groupi_g6555__9945/CO -       CI->CO R     ADDFX1         1  0.6    39   186    4190    (-,-) 
  csa_tree_ADD_TC_OP_groupi_g6554__9315/CO -       CI->CO R     ADDFX1         1  0.6    39   186    4376    (-,-) 
  csa_tree_ADD_TC_OP_groupi_g6553__6161/CO -       CI->CO R     ADDFX1         1  0.6    39   186    4562    (-,-) 
  csa_tree_ADD_TC_OP_groupi_g6552__4733/CO -       CI->CO R     ADDFX1         1  0.6    39   186    4748    (-,-) 
  csa_tree_ADD_TC_OP_groupi_g6551__7482/CO -       CI->CO R     ADDFX1         1  0.6    39   186    4934    (-,-) 
  csa_tree_ADD_TC_OP_groupi_g6550__5115/CO -       CI->CO R     ADDFX1         1  0.6    39   186    5120    (-,-) 
  csa_tree_ADD_TC_OP_groupi_g6549__1881/CO -       CI->CO R     ADDFX1         1  0.6    39   186    5306    (-,-) 
  csa_tree_ADD_TC_OP_groupi_g6548__6131/CO -       CI->CO R     ADDFX1         1  0.6    39   186    5492    (-,-) 
  csa_tree_ADD_TC_OP_groupi_g6547__7098/CO -       CI->CO R     ADDFX1         1  0.6    39   186    5678    (-,-) 
  csa_tree_ADD_TC_OP_groupi_g6546__8246/CO -       CI->CO R     ADDFX1         1  0.6    39   186    5864    (-,-) 
  csa_tree_ADD_TC_OP_groupi_g6545__5122/CO -       CI->CO R     ADDFX1         1  0.6    39   186    6050    (-,-) 
  csa_tree_ADD_TC_OP_groupi_g6544__1705/CO -       CI->CO R     ADDFX1         1  0.6    39   186    6236    (-,-) 
  csa_tree_ADD_TC_OP_groupi_g6543__2802/CO -       CI->CO R     ADDFX1         1  0.6    39   186    6422    (-,-) 
  csa_tree_ADD_TC_OP_groupi_g6542__1617/CO -       CI->CO R     ADDFX1         1  0.6    39   186    6608    (-,-) 
  csa_tree_ADD_TC_OP_groupi_g6541__3680/CO -       CI->CO R     ADDFX1         1  0.6    39   186    6794    (-,-) 
  csa_tree_ADD_TC_OP_groupi_g6540__6783/CO -       CI->CO R     ADDFX1         1  0.6    39   186    6980    (-,-) 
  csa_tree_ADD_TC_OP_groupi_g6539__5526/CO -       CI->CO R     ADDFX1         1  0.6    39   186    7166    (-,-) 
  csa_tree_ADD_TC_OP_groupi_g6538__8428/CO -       CI->CO R     ADDFX1         1  0.6    39   186    7352    (-,-) 
  csa_tree_ADD_TC_OP_groupi_g6537__4319/CO -       CI->CO R     ADDFX1         1  0.6    39   186    7538    (-,-) 
  csa_tree_ADD_TC_OP_groupi_g6536__6260/CO -       CI->CO R     ADDFX1         1  0.6    39   186    7724    (-,-) 
  csa_tree_ADD_TC_OP_groupi_g6535__5107/CO -       CI->CO R     ADDFX1         1  0.6    39   186    7910    (-,-) 
  csa_tree_ADD_TC_OP_groupi_g6534__2398/CO -       CI->CO R     ADDFX1         1  0.6    39   186    8096    (-,-) 
  csa_tree_ADD_TC_OP_groupi_g6533__5477/CO -       CI->CO R     ADDFX1         1  0.6    39   186    8282    (-,-) 
  csa_tree_ADD_TC_OP_groupi_g6532__6417/CO -       CI->CO R     ADDFX1         1  0.4    35   184    8466    (-,-) 
  csa_tree_ADD_TC_OP_groupi_g6531__7410/Y  -       B->Y   R     XOR2XL         1  0.2    22   121    8587    (-,-) 
  g5038__7410/Y                            -       A1->Y  R     AO22XL         1  0.3    28   164    8751    (-,-) 
  mac_i_result_reg[34]/D                   -       -      R     DFFRHQX1       1    -     -     0    8751    (-,-) 
#------------------------------------------------------------------------------------------------------------------



Path 2: MET (47 ps) Setup Check with Pin mac_i_result_reg[33]/CK->D
          Group: clk
     Startpoint: (R) rom_data[1]
          Clock: (R) clk
       Endpoint: (R) mac_i_result_reg[33]/D
          Clock: (R) clk

                     Capture       Launch     
        Clock Edge:+    9050            0     
        Drv Adjust:+       0            0     
       Src Latency:+       0            0     
       Net Latency:+       0 (I)        0 (I) 
           Arrival:=    9050            0     
                                              
             Setup:-      98                  
       Uncertainty:-     200                  
     Required Time:=    8752                  
      Launch Clock:-       0                  
       Input Delay:-    1600                  
         Data Path:-    7105                  
             Slack:=      47                  

Exceptions/Constraints:
  input_delay             1600            constraint.sdc_line_15_30_1   

#------------------------------------------------------------------------------------------------------------------
#              Timing Point                Flags    Arc   Edge   Cell     Fanout Load Trans Delay Arrival Instance 
#                                                                                (fF)  (ps)  (ps)   (ps)  Location 
#------------------------------------------------------------------------------------------------------------------
  rom_data[1]                              -       -      R     (arrival)     19  7.4   150     0    1600    (-,-) 
  csa_tree_ADD_TC_OP_groupi_g7036/Y        -       A->Y   F     INVX1         16  6.2   188   183    1783    (-,-) 
  csa_tree_ADD_TC_OP_groupi_g6838__7482/Y  -       B->Y   F     OR2X1         16  6.3   173   250    2034    (-,-) 
  csa_tree_ADD_TC_OP_groupi_g6700__2346/Y  -       A0->Y  R     OAI22X1        1  0.6   100   158    2192    (-,-) 
  csa_tree_ADD_TC_OP_groupi_g6671__7410/S  -       CI->S  R     ADDFX1         1  0.8    46   290    2482    (-,-) 
  csa_tree_ADD_TC_OP_groupi_g6621__4319/CO -       B->CO  R     ADDFX1         1  0.8    43   205    2687    (-,-) 
  csa_tree_ADD_TC_OP_groupi_g6596__6783/CO -       B->CO  R     ADDFX1         1  0.6    39   201    2888    (-,-) 
  csa_tree_ADD_TC_OP_groupi_g6578__5115/CO -       CI->CO R     ADDFX1         1  0.6    39   186    3074    (-,-) 
  csa_tree_ADD_TC_OP_groupi_g6572__1705/CO -       CI->CO R     ADDFX1         1  0.6    39   186    3260    (-,-) 
  csa_tree_ADD_TC_OP_groupi_g6562__2398/CO -       CI->CO R     ADDFX1         1  0.6    39   186    3446    (-,-) 
  csa_tree_ADD_TC_OP_groupi_g6558__1666/CO -       CI->CO R     ADDFX1         1  0.6    39   186    3632    (-,-) 
  csa_tree_ADD_TC_OP_groupi_g6557__2346/CO -       CI->CO R     ADDFX1         1  0.6    39   186    3818    (-,-) 
  csa_tree_ADD_TC_OP_groupi_g6556__2883/CO -       CI->CO R     ADDFX1         1  0.6    39   186    4004    (-,-) 
  csa_tree_ADD_TC_OP_groupi_g6555__9945/CO -       CI->CO R     ADDFX1         1  0.6    39   186    4190    (-,-) 
  csa_tree_ADD_TC_OP_groupi_g6554__9315/CO -       CI->CO R     ADDFX1         1  0.6    39   186    4376    (-,-) 
  csa_tree_ADD_TC_OP_groupi_g6553__6161/CO -       CI->CO R     ADDFX1         1  0.6    39   186    4562    (-,-) 
  csa_tree_ADD_TC_OP_groupi_g6552__4733/CO -       CI->CO R     ADDFX1         1  0.6    39   186    4748    (-,-) 
  csa_tree_ADD_TC_OP_groupi_g6551__7482/CO -       CI->CO R     ADDFX1         1  0.6    39   186    4934    (-,-) 
  csa_tree_ADD_TC_OP_groupi_g6550__5115/CO -       CI->CO R     ADDFX1         1  0.6    39   186    5120    (-,-) 
  csa_tree_ADD_TC_OP_groupi_g6549__1881/CO -       CI->CO R     ADDFX1         1  0.6    39   186    5306    (-,-) 
  csa_tree_ADD_TC_OP_groupi_g6548__6131/CO -       CI->CO R     ADDFX1         1  0.6    39   186    5492    (-,-) 
  csa_tree_ADD_TC_OP_groupi_g6547__7098/CO -       CI->CO R     ADDFX1         1  0.6    39   186    5678    (-,-) 
  csa_tree_ADD_TC_OP_groupi_g6546__8246/CO -       CI->CO R     ADDFX1         1  0.6    39   186    5864    (-,-) 
  csa_tree_ADD_TC_OP_groupi_g6545__5122/CO -       CI->CO R     ADDFX1         1  0.6    39   186    6050    (-,-) 
  csa_tree_ADD_TC_OP_groupi_g6544__1705/CO -       CI->CO R     ADDFX1         1  0.6    39   186    6236    (-,-) 
  csa_tree_ADD_TC_OP_groupi_g6543__2802/CO -       CI->CO R     ADDFX1         1  0.6    39   186    6422    (-,-) 
  csa_tree_ADD_TC_OP_groupi_g6542__1617/CO -       CI->CO R     ADDFX1         1  0.6    39   186    6608    (-,-) 
  csa_tree_ADD_TC_OP_groupi_g6541__3680/CO -       CI->CO R     ADDFX1         1  0.6    39   186    6794    (-,-) 
  csa_tree_ADD_TC_OP_groupi_g6540__6783/CO -       CI->CO R     ADDFX1         1  0.6    39   186    6980    (-,-) 
  csa_tree_ADD_TC_OP_groupi_g6539__5526/CO -       CI->CO R     ADDFX1         1  0.6    39   186    7166    (-,-) 
  csa_tree_ADD_TC_OP_groupi_g6538__8428/CO -       CI->CO R     ADDFX1         1  0.6    39   186    7352    (-,-) 
  csa_tree_ADD_TC_OP_groupi_g6537__4319/CO -       CI->CO R     ADDFX1         1  0.6    39   186    7538    (-,-) 
  csa_tree_ADD_TC_OP_groupi_g6536__6260/CO -       CI->CO R     ADDFX1         1  0.6    39   186    7724    (-,-) 
  csa_tree_ADD_TC_OP_groupi_g6535__5107/CO -       CI->CO R     ADDFX1         1  0.6    39   186    7910    (-,-) 
  csa_tree_ADD_TC_OP_groupi_g6534__2398/CO -       CI->CO R     ADDFX1         1  0.6    39   186    8096    (-,-) 
  csa_tree_ADD_TC_OP_groupi_g6533__5477/CO -       CI->CO R     ADDFX1         1  0.6    39   186    8282    (-,-) 
  csa_tree_ADD_TC_OP_groupi_g6532__6417/S  -       CI->S  R     ADDFX1         1  0.2    33   255    8537    (-,-) 
  g5057__5115/Y                            -       A1->Y  R     AO22XL         1  0.2    24   168    8705    (-,-) 
  mac_i_result_reg[33]/D                   -       -      R     DFFRX1         1    -     -     0    8705    (-,-) 
#------------------------------------------------------------------------------------------------------------------



Path 3: MET (233 ps) Setup Check with Pin mac_i_result_reg[32]/CK->D
          Group: clk
     Startpoint: (R) rom_data[1]
          Clock: (R) clk
       Endpoint: (R) mac_i_result_reg[32]/D
          Clock: (R) clk

                     Capture       Launch     
        Clock Edge:+    9050            0     
        Drv Adjust:+       0            0     
       Src Latency:+       0            0     
       Net Latency:+       0 (I)        0 (I) 
           Arrival:=    9050            0     
                                              
             Setup:-      98                  
       Uncertainty:-     200                  
     Required Time:=    8752                  
      Launch Clock:-       0                  
       Input Delay:-    1600                  
         Data Path:-    6919                  
             Slack:=     233                  

Exceptions/Constraints:
  input_delay             1600            constraint.sdc_line_15_30_1   

#------------------------------------------------------------------------------------------------------------------
#              Timing Point                Flags    Arc   Edge   Cell     Fanout Load Trans Delay Arrival Instance 
#                                                                                (fF)  (ps)  (ps)   (ps)  Location 
#------------------------------------------------------------------------------------------------------------------
  rom_data[1]                              -       -      R     (arrival)     19  7.4   150     0    1600    (-,-) 
  csa_tree_ADD_TC_OP_groupi_g7036/Y        -       A->Y   F     INVX1         16  6.2   188   183    1783    (-,-) 
  csa_tree_ADD_TC_OP_groupi_g6838__7482/Y  -       B->Y   F     OR2X1         16  6.3   173   250    2034    (-,-) 
  csa_tree_ADD_TC_OP_groupi_g6700__2346/Y  -       A0->Y  R     OAI22X1        1  0.6   100   158    2192    (-,-) 
  csa_tree_ADD_TC_OP_groupi_g6671__7410/S  -       CI->S  R     ADDFX1         1  0.8    46   290    2482    (-,-) 
  csa_tree_ADD_TC_OP_groupi_g6621__4319/CO -       B->CO  R     ADDFX1         1  0.8    43   205    2687    (-,-) 
  csa_tree_ADD_TC_OP_groupi_g6596__6783/CO -       B->CO  R     ADDFX1         1  0.6    39   201    2888    (-,-) 
  csa_tree_ADD_TC_OP_groupi_g6578__5115/CO -       CI->CO R     ADDFX1         1  0.6    39   186    3074    (-,-) 
  csa_tree_ADD_TC_OP_groupi_g6572__1705/CO -       CI->CO R     ADDFX1         1  0.6    39   186    3260    (-,-) 
  csa_tree_ADD_TC_OP_groupi_g6562__2398/CO -       CI->CO R     ADDFX1         1  0.6    39   186    3446    (-,-) 
  csa_tree_ADD_TC_OP_groupi_g6558__1666/CO -       CI->CO R     ADDFX1         1  0.6    39   186    3632    (-,-) 
  csa_tree_ADD_TC_OP_groupi_g6557__2346/CO -       CI->CO R     ADDFX1         1  0.6    39   186    3818    (-,-) 
  csa_tree_ADD_TC_OP_groupi_g6556__2883/CO -       CI->CO R     ADDFX1         1  0.6    39   186    4004    (-,-) 
  csa_tree_ADD_TC_OP_groupi_g6555__9945/CO -       CI->CO R     ADDFX1         1  0.6    39   186    4190    (-,-) 
  csa_tree_ADD_TC_OP_groupi_g6554__9315/CO -       CI->CO R     ADDFX1         1  0.6    39   186    4376    (-,-) 
  csa_tree_ADD_TC_OP_groupi_g6553__6161/CO -       CI->CO R     ADDFX1         1  0.6    39   186    4562    (-,-) 
  csa_tree_ADD_TC_OP_groupi_g6552__4733/CO -       CI->CO R     ADDFX1         1  0.6    39   186    4748    (-,-) 
  csa_tree_ADD_TC_OP_groupi_g6551__7482/CO -       CI->CO R     ADDFX1         1  0.6    39   186    4934    (-,-) 
  csa_tree_ADD_TC_OP_groupi_g6550__5115/CO -       CI->CO R     ADDFX1         1  0.6    39   186    5120    (-,-) 
  csa_tree_ADD_TC_OP_groupi_g6549__1881/CO -       CI->CO R     ADDFX1         1  0.6    39   186    5306    (-,-) 
  csa_tree_ADD_TC_OP_groupi_g6548__6131/CO -       CI->CO R     ADDFX1         1  0.6    39   186    5492    (-,-) 
  csa_tree_ADD_TC_OP_groupi_g6547__7098/CO -       CI->CO R     ADDFX1         1  0.6    39   186    5678    (-,-) 
  csa_tree_ADD_TC_OP_groupi_g6546__8246/CO -       CI->CO R     ADDFX1         1  0.6    39   186    5864    (-,-) 
  csa_tree_ADD_TC_OP_groupi_g6545__5122/CO -       CI->CO R     ADDFX1         1  0.6    39   186    6050    (-,-) 
  csa_tree_ADD_TC_OP_groupi_g6544__1705/CO -       CI->CO R     ADDFX1         1  0.6    39   186    6236    (-,-) 
  csa_tree_ADD_TC_OP_groupi_g6543__2802/CO -       CI->CO R     ADDFX1         1  0.6    39   186    6422    (-,-) 
  csa_tree_ADD_TC_OP_groupi_g6542__1617/CO -       CI->CO R     ADDFX1         1  0.6    39   186    6608    (-,-) 
  csa_tree_ADD_TC_OP_groupi_g6541__3680/CO -       CI->CO R     ADDFX1         1  0.6    39   186    6794    (-,-) 
  csa_tree_ADD_TC_OP_groupi_g6540__6783/CO -       CI->CO R     ADDFX1         1  0.6    39   186    6980    (-,-) 
  csa_tree_ADD_TC_OP_groupi_g6539__5526/CO -       CI->CO R     ADDFX1         1  0.6    39   186    7166    (-,-) 
  csa_tree_ADD_TC_OP_groupi_g6538__8428/CO -       CI->CO R     ADDFX1         1  0.6    39   186    7352    (-,-) 
  csa_tree_ADD_TC_OP_groupi_g6537__4319/CO -       CI->CO R     ADDFX1         1  0.6    39   186    7538    (-,-) 
  csa_tree_ADD_TC_OP_groupi_g6536__6260/CO -       CI->CO R     ADDFX1         1  0.6    39   186    7724    (-,-) 
  csa_tree_ADD_TC_OP_groupi_g6535__5107/CO -       CI->CO R     ADDFX1         1  0.6    39   186    7910    (-,-) 
  csa_tree_ADD_TC_OP_groupi_g6534__2398/CO -       CI->CO R     ADDFX1         1  0.6    39   186    8096    (-,-) 
  csa_tree_ADD_TC_OP_groupi_g6533__5477/S  -       CI->S  R     ADDFX1         1  0.2    33   255    8351    (-,-) 
  g5056__1881/Y                            -       A1->Y  R     AO22XL         1  0.2    24   168    8519    (-,-) 
  mac_i_result_reg[32]/D                   -       -      R     DFFRX1         1    -     -     0    8519    (-,-) 
#------------------------------------------------------------------------------------------------------------------



Path 4: MET (419 ps) Setup Check with Pin mac_i_result_reg[31]/CK->D
          Group: clk
     Startpoint: (R) rom_data[1]
          Clock: (R) clk
       Endpoint: (R) mac_i_result_reg[31]/D
          Clock: (R) clk

                     Capture       Launch     
        Clock Edge:+    9050            0     
        Drv Adjust:+       0            0     
       Src Latency:+       0            0     
       Net Latency:+       0 (I)        0 (I) 
           Arrival:=    9050            0     
                                              
             Setup:-      98                  
       Uncertainty:-     200                  
     Required Time:=    8752                  
      Launch Clock:-       0                  
       Input Delay:-    1600                  
         Data Path:-    6733                  
             Slack:=     419                  

Exceptions/Constraints:
  input_delay             1600            constraint.sdc_line_15_30_1   

#------------------------------------------------------------------------------------------------------------------
#              Timing Point                Flags    Arc   Edge   Cell     Fanout Load Trans Delay Arrival Instance 
#                                                                                (fF)  (ps)  (ps)   (ps)  Location 
#------------------------------------------------------------------------------------------------------------------
  rom_data[1]                              -       -      R     (arrival)     19  7.4   150     0    1600    (-,-) 
  csa_tree_ADD_TC_OP_groupi_g7036/Y        -       A->Y   F     INVX1         16  6.2   188   183    1783    (-,-) 
  csa_tree_ADD_TC_OP_groupi_g6838__7482/Y  -       B->Y   F     OR2X1         16  6.3   173   250    2034    (-,-) 
  csa_tree_ADD_TC_OP_groupi_g6700__2346/Y  -       A0->Y  R     OAI22X1        1  0.6   100   158    2192    (-,-) 
  csa_tree_ADD_TC_OP_groupi_g6671__7410/S  -       CI->S  R     ADDFX1         1  0.8    46   290    2482    (-,-) 
  csa_tree_ADD_TC_OP_groupi_g6621__4319/CO -       B->CO  R     ADDFX1         1  0.8    43   205    2687    (-,-) 
  csa_tree_ADD_TC_OP_groupi_g6596__6783/CO -       B->CO  R     ADDFX1         1  0.6    39   201    2888    (-,-) 
  csa_tree_ADD_TC_OP_groupi_g6578__5115/CO -       CI->CO R     ADDFX1         1  0.6    39   186    3074    (-,-) 
  csa_tree_ADD_TC_OP_groupi_g6572__1705/CO -       CI->CO R     ADDFX1         1  0.6    39   186    3260    (-,-) 
  csa_tree_ADD_TC_OP_groupi_g6562__2398/CO -       CI->CO R     ADDFX1         1  0.6    39   186    3446    (-,-) 
  csa_tree_ADD_TC_OP_groupi_g6558__1666/CO -       CI->CO R     ADDFX1         1  0.6    39   186    3632    (-,-) 
  csa_tree_ADD_TC_OP_groupi_g6557__2346/CO -       CI->CO R     ADDFX1         1  0.6    39   186    3818    (-,-) 
  csa_tree_ADD_TC_OP_groupi_g6556__2883/CO -       CI->CO R     ADDFX1         1  0.6    39   186    4004    (-,-) 
  csa_tree_ADD_TC_OP_groupi_g6555__9945/CO -       CI->CO R     ADDFX1         1  0.6    39   186    4190    (-,-) 
  csa_tree_ADD_TC_OP_groupi_g6554__9315/CO -       CI->CO R     ADDFX1         1  0.6    39   186    4376    (-,-) 
  csa_tree_ADD_TC_OP_groupi_g6553__6161/CO -       CI->CO R     ADDFX1         1  0.6    39   186    4562    (-,-) 
  csa_tree_ADD_TC_OP_groupi_g6552__4733/CO -       CI->CO R     ADDFX1         1  0.6    39   186    4748    (-,-) 
  csa_tree_ADD_TC_OP_groupi_g6551__7482/CO -       CI->CO R     ADDFX1         1  0.6    39   186    4934    (-,-) 
  csa_tree_ADD_TC_OP_groupi_g6550__5115/CO -       CI->CO R     ADDFX1         1  0.6    39   186    5120    (-,-) 
  csa_tree_ADD_TC_OP_groupi_g6549__1881/CO -       CI->CO R     ADDFX1         1  0.6    39   186    5306    (-,-) 
  csa_tree_ADD_TC_OP_groupi_g6548__6131/CO -       CI->CO R     ADDFX1         1  0.6    39   186    5492    (-,-) 
  csa_tree_ADD_TC_OP_groupi_g6547__7098/CO -       CI->CO R     ADDFX1         1  0.6    39   186    5678    (-,-) 
  csa_tree_ADD_TC_OP_groupi_g6546__8246/CO -       CI->CO R     ADDFX1         1  0.6    39   186    5864    (-,-) 
  csa_tree_ADD_TC_OP_groupi_g6545__5122/CO -       CI->CO R     ADDFX1         1  0.6    39   186    6050    (-,-) 
  csa_tree_ADD_TC_OP_groupi_g6544__1705/CO -       CI->CO R     ADDFX1         1  0.6    39   186    6236    (-,-) 
  csa_tree_ADD_TC_OP_groupi_g6543__2802/CO -       CI->CO R     ADDFX1         1  0.6    39   186    6422    (-,-) 
  csa_tree_ADD_TC_OP_groupi_g6542__1617/CO -       CI->CO R     ADDFX1         1  0.6    39   186    6608    (-,-) 
  csa_tree_ADD_TC_OP_groupi_g6541__3680/CO -       CI->CO R     ADDFX1         1  0.6    39   186    6794    (-,-) 
  csa_tree_ADD_TC_OP_groupi_g6540__6783/CO -       CI->CO R     ADDFX1         1  0.6    39   186    6980    (-,-) 
  csa_tree_ADD_TC_OP_groupi_g6539__5526/CO -       CI->CO R     ADDFX1         1  0.6    39   186    7166    (-,-) 
  csa_tree_ADD_TC_OP_groupi_g6538__8428/CO -       CI->CO R     ADDFX1         1  0.6    39   186    7352    (-,-) 
  csa_tree_ADD_TC_OP_groupi_g6537__4319/CO -       CI->CO R     ADDFX1         1  0.6    39   186    7538    (-,-) 
  csa_tree_ADD_TC_OP_groupi_g6536__6260/CO -       CI->CO R     ADDFX1         1  0.6    39   186    7724    (-,-) 
  csa_tree_ADD_TC_OP_groupi_g6535__5107/CO -       CI->CO R     ADDFX1         1  0.6    39   186    7910    (-,-) 
  csa_tree_ADD_TC_OP_groupi_g6534__2398/S  -       CI->S  R     ADDFX1         1  0.2    33   255    8165    (-,-) 
  g5055__6131/Y                            -       A1->Y  R     AO22XL         1  0.2    24   168    8333    (-,-) 
  mac_i_result_reg[31]/D                   -       -      R     DFFRX1         1    -     -     0    8333    (-,-) 
#------------------------------------------------------------------------------------------------------------------



Path 5: MET (606 ps) Setup Check with Pin mac_i_result_reg[30]/CK->D
          Group: clk
     Startpoint: (R) rom_data[1]
          Clock: (R) clk
       Endpoint: (R) mac_i_result_reg[30]/D
          Clock: (R) clk

                     Capture       Launch     
        Clock Edge:+    9050            0     
        Drv Adjust:+       0            0     
       Src Latency:+       0            0     
       Net Latency:+       0 (I)        0 (I) 
           Arrival:=    9050            0     
                                              
             Setup:-      94                  
       Uncertainty:-     200                  
     Required Time:=    8756                  
      Launch Clock:-       0                  
       Input Delay:-    1600                  
         Data Path:-    6549                  
             Slack:=     606                  

Exceptions/Constraints:
  input_delay             1600            constraint.sdc_line_15_30_1   

#------------------------------------------------------------------------------------------------------------------
#              Timing Point                Flags    Arc   Edge   Cell     Fanout Load Trans Delay Arrival Instance 
#                                                                                (fF)  (ps)  (ps)   (ps)  Location 
#------------------------------------------------------------------------------------------------------------------
  rom_data[1]                              -       -      R     (arrival)     19  7.4   150     0    1600    (-,-) 
  csa_tree_ADD_TC_OP_groupi_g7036/Y        -       A->Y   F     INVX1         16  6.2   188   183    1783    (-,-) 
  csa_tree_ADD_TC_OP_groupi_g6838__7482/Y  -       B->Y   F     OR2X1         16  6.3   173   250    2034    (-,-) 
  csa_tree_ADD_TC_OP_groupi_g6700__2346/Y  -       A0->Y  R     OAI22X1        1  0.6   100   158    2192    (-,-) 
  csa_tree_ADD_TC_OP_groupi_g6671__7410/S  -       CI->S  R     ADDFX1         1  0.8    46   290    2482    (-,-) 
  csa_tree_ADD_TC_OP_groupi_g6621__4319/CO -       B->CO  R     ADDFX1         1  0.8    43   205    2687    (-,-) 
  csa_tree_ADD_TC_OP_groupi_g6596__6783/CO -       B->CO  R     ADDFX1         1  0.6    39   201    2888    (-,-) 
  csa_tree_ADD_TC_OP_groupi_g6578__5115/CO -       CI->CO R     ADDFX1         1  0.6    39   186    3074    (-,-) 
  csa_tree_ADD_TC_OP_groupi_g6572__1705/CO -       CI->CO R     ADDFX1         1  0.6    39   186    3260    (-,-) 
  csa_tree_ADD_TC_OP_groupi_g6562__2398/CO -       CI->CO R     ADDFX1         1  0.6    39   186    3446    (-,-) 
  csa_tree_ADD_TC_OP_groupi_g6558__1666/CO -       CI->CO R     ADDFX1         1  0.6    39   186    3632    (-,-) 
  csa_tree_ADD_TC_OP_groupi_g6557__2346/CO -       CI->CO R     ADDFX1         1  0.6    39   186    3818    (-,-) 
  csa_tree_ADD_TC_OP_groupi_g6556__2883/CO -       CI->CO R     ADDFX1         1  0.6    39   186    4004    (-,-) 
  csa_tree_ADD_TC_OP_groupi_g6555__9945/CO -       CI->CO R     ADDFX1         1  0.6    39   186    4190    (-,-) 
  csa_tree_ADD_TC_OP_groupi_g6554__9315/CO -       CI->CO R     ADDFX1         1  0.6    39   186    4376    (-,-) 
  csa_tree_ADD_TC_OP_groupi_g6553__6161/CO -       CI->CO R     ADDFX1         1  0.6    39   186    4562    (-,-) 
  csa_tree_ADD_TC_OP_groupi_g6552__4733/CO -       CI->CO R     ADDFX1         1  0.6    39   186    4748    (-,-) 
  csa_tree_ADD_TC_OP_groupi_g6551__7482/CO -       CI->CO R     ADDFX1         1  0.6    39   186    4934    (-,-) 
  csa_tree_ADD_TC_OP_groupi_g6550__5115/CO -       CI->CO R     ADDFX1         1  0.6    39   186    5120    (-,-) 
  csa_tree_ADD_TC_OP_groupi_g6549__1881/CO -       CI->CO R     ADDFX1         1  0.6    39   186    5306    (-,-) 
  csa_tree_ADD_TC_OP_groupi_g6548__6131/CO -       CI->CO R     ADDFX1         1  0.6    39   186    5492    (-,-) 
  csa_tree_ADD_TC_OP_groupi_g6547__7098/CO -       CI->CO R     ADDFX1         1  0.6    39   186    5678    (-,-) 
  csa_tree_ADD_TC_OP_groupi_g6546__8246/CO -       CI->CO R     ADDFX1         1  0.6    39   186    5864    (-,-) 
  csa_tree_ADD_TC_OP_groupi_g6545__5122/CO -       CI->CO R     ADDFX1         1  0.6    39   186    6050    (-,-) 
  csa_tree_ADD_TC_OP_groupi_g6544__1705/CO -       CI->CO R     ADDFX1         1  0.6    39   186    6236    (-,-) 
  csa_tree_ADD_TC_OP_groupi_g6543__2802/CO -       CI->CO R     ADDFX1         1  0.6    39   186    6422    (-,-) 
  csa_tree_ADD_TC_OP_groupi_g6542__1617/CO -       CI->CO R     ADDFX1         1  0.6    39   186    6608    (-,-) 
  csa_tree_ADD_TC_OP_groupi_g6541__3680/CO -       CI->CO R     ADDFX1         1  0.6    39   186    6794    (-,-) 
  csa_tree_ADD_TC_OP_groupi_g6540__6783/CO -       CI->CO R     ADDFX1         1  0.6    39   186    6980    (-,-) 
  csa_tree_ADD_TC_OP_groupi_g6539__5526/CO -       CI->CO R     ADDFX1         1  0.6    39   186    7166    (-,-) 
  csa_tree_ADD_TC_OP_groupi_g6538__8428/CO -       CI->CO R     ADDFX1         1  0.6    39   186    7352    (-,-) 
  csa_tree_ADD_TC_OP_groupi_g6537__4319/CO -       CI->CO R     ADDFX1         1  0.6    39   186    7538    (-,-) 
  csa_tree_ADD_TC_OP_groupi_g6536__6260/CO -       CI->CO R     ADDFX1         1  0.6    39   186    7724    (-,-) 
  csa_tree_ADD_TC_OP_groupi_g6535__5107/S  -       CI->S  R     ADDFX1         1  0.2    33   255    7979    (-,-) 
  g5054__7098/Y                            -       A1->Y  R     AO22XL         1  0.3    28   170    8149    (-,-) 
  mac_i_result_reg[30]/D                   -       -      R     DFFRHQX1       1    -     -     0    8149    (-,-) 
#------------------------------------------------------------------------------------------------------------------



Path 6: MET (791 ps) Setup Check with Pin mac_i_result_reg[29]/CK->D
          Group: clk
     Startpoint: (R) rom_data[1]
          Clock: (R) clk
       Endpoint: (R) mac_i_result_reg[29]/D
          Clock: (R) clk

                     Capture       Launch     
        Clock Edge:+    9050            0     
        Drv Adjust:+       0            0     
       Src Latency:+       0            0     
       Net Latency:+       0 (I)        0 (I) 
           Arrival:=    9050            0     
                                              
             Setup:-      98                  
       Uncertainty:-     200                  
     Required Time:=    8752                  
      Launch Clock:-       0                  
       Input Delay:-    1600                  
         Data Path:-    6361                  
             Slack:=     791                  

Exceptions/Constraints:
  input_delay             1600            constraint.sdc_line_15_30_1   

#------------------------------------------------------------------------------------------------------------------
#              Timing Point                Flags    Arc   Edge   Cell     Fanout Load Trans Delay Arrival Instance 
#                                                                                (fF)  (ps)  (ps)   (ps)  Location 
#------------------------------------------------------------------------------------------------------------------
  rom_data[1]                              -       -      R     (arrival)     19  7.4   150     0    1600    (-,-) 
  csa_tree_ADD_TC_OP_groupi_g7036/Y        -       A->Y   F     INVX1         16  6.2   188   183    1783    (-,-) 
  csa_tree_ADD_TC_OP_groupi_g6838__7482/Y  -       B->Y   F     OR2X1         16  6.3   173   250    2034    (-,-) 
  csa_tree_ADD_TC_OP_groupi_g6700__2346/Y  -       A0->Y  R     OAI22X1        1  0.6   100   158    2192    (-,-) 
  csa_tree_ADD_TC_OP_groupi_g6671__7410/S  -       CI->S  R     ADDFX1         1  0.8    46   290    2482    (-,-) 
  csa_tree_ADD_TC_OP_groupi_g6621__4319/CO -       B->CO  R     ADDFX1         1  0.8    43   205    2687    (-,-) 
  csa_tree_ADD_TC_OP_groupi_g6596__6783/CO -       B->CO  R     ADDFX1         1  0.6    39   201    2888    (-,-) 
  csa_tree_ADD_TC_OP_groupi_g6578__5115/CO -       CI->CO R     ADDFX1         1  0.6    39   186    3074    (-,-) 
  csa_tree_ADD_TC_OP_groupi_g6572__1705/CO -       CI->CO R     ADDFX1         1  0.6    39   186    3260    (-,-) 
  csa_tree_ADD_TC_OP_groupi_g6562__2398/CO -       CI->CO R     ADDFX1         1  0.6    39   186    3446    (-,-) 
  csa_tree_ADD_TC_OP_groupi_g6558__1666/CO -       CI->CO R     ADDFX1         1  0.6    39   186    3632    (-,-) 
  csa_tree_ADD_TC_OP_groupi_g6557__2346/CO -       CI->CO R     ADDFX1         1  0.6    39   186    3818    (-,-) 
  csa_tree_ADD_TC_OP_groupi_g6556__2883/CO -       CI->CO R     ADDFX1         1  0.6    39   186    4004    (-,-) 
  csa_tree_ADD_TC_OP_groupi_g6555__9945/CO -       CI->CO R     ADDFX1         1  0.6    39   186    4190    (-,-) 
  csa_tree_ADD_TC_OP_groupi_g6554__9315/CO -       CI->CO R     ADDFX1         1  0.6    39   186    4376    (-,-) 
  csa_tree_ADD_TC_OP_groupi_g6553__6161/CO -       CI->CO R     ADDFX1         1  0.6    39   186    4562    (-,-) 
  csa_tree_ADD_TC_OP_groupi_g6552__4733/CO -       CI->CO R     ADDFX1         1  0.6    39   186    4748    (-,-) 
  csa_tree_ADD_TC_OP_groupi_g6551__7482/CO -       CI->CO R     ADDFX1         1  0.6    39   186    4934    (-,-) 
  csa_tree_ADD_TC_OP_groupi_g6550__5115/CO -       CI->CO R     ADDFX1         1  0.6    39   186    5120    (-,-) 
  csa_tree_ADD_TC_OP_groupi_g6549__1881/CO -       CI->CO R     ADDFX1         1  0.6    39   186    5306    (-,-) 
  csa_tree_ADD_TC_OP_groupi_g6548__6131/CO -       CI->CO R     ADDFX1         1  0.6    39   186    5492    (-,-) 
  csa_tree_ADD_TC_OP_groupi_g6547__7098/CO -       CI->CO R     ADDFX1         1  0.6    39   186    5678    (-,-) 
  csa_tree_ADD_TC_OP_groupi_g6546__8246/CO -       CI->CO R     ADDFX1         1  0.6    39   186    5864    (-,-) 
  csa_tree_ADD_TC_OP_groupi_g6545__5122/CO -       CI->CO R     ADDFX1         1  0.6    39   186    6050    (-,-) 
  csa_tree_ADD_TC_OP_groupi_g6544__1705/CO -       CI->CO R     ADDFX1         1  0.6    39   186    6236    (-,-) 
  csa_tree_ADD_TC_OP_groupi_g6543__2802/CO -       CI->CO R     ADDFX1         1  0.6    39   186    6422    (-,-) 
  csa_tree_ADD_TC_OP_groupi_g6542__1617/CO -       CI->CO R     ADDFX1         1  0.6    39   186    6608    (-,-) 
  csa_tree_ADD_TC_OP_groupi_g6541__3680/CO -       CI->CO R     ADDFX1         1  0.6    39   186    6794    (-,-) 
  csa_tree_ADD_TC_OP_groupi_g6540__6783/CO -       CI->CO R     ADDFX1         1  0.6    39   186    6980    (-,-) 
  csa_tree_ADD_TC_OP_groupi_g6539__5526/CO -       CI->CO R     ADDFX1         1  0.6    39   186    7166    (-,-) 
  csa_tree_ADD_TC_OP_groupi_g6538__8428/CO -       CI->CO R     ADDFX1         1  0.6    39   186    7352    (-,-) 
  csa_tree_ADD_TC_OP_groupi_g6537__4319/CO -       CI->CO R     ADDFX1         1  0.6    39   186    7538    (-,-) 
  csa_tree_ADD_TC_OP_groupi_g6536__6260/S  -       CI->S  R     ADDFX1         1  0.2    33   255    7793    (-,-) 
  g5040__5477/Y                            -       A1->Y  R     AO22XL         1  0.2    24   168    7961    (-,-) 
  mac_i_result_reg[29]/D                   -       -      R     DFFRX1         1    -     -     0    7961    (-,-) 
#------------------------------------------------------------------------------------------------------------------



Path 7: MET (978 ps) Setup Check with Pin mac_i_result_reg[28]/CK->D
          Group: clk
     Startpoint: (R) rom_data[1]
          Clock: (R) clk
       Endpoint: (R) mac_i_result_reg[28]/D
          Clock: (R) clk

                     Capture       Launch     
        Clock Edge:+    9050            0     
        Drv Adjust:+       0            0     
       Src Latency:+       0            0     
       Net Latency:+       0 (I)        0 (I) 
           Arrival:=    9050            0     
                                              
             Setup:-      94                  
       Uncertainty:-     200                  
     Required Time:=    8756                  
      Launch Clock:-       0                  
       Input Delay:-    1600                  
         Data Path:-    6177                  
             Slack:=     978                  

Exceptions/Constraints:
  input_delay             1600            constraint.sdc_line_15_30_1   

#------------------------------------------------------------------------------------------------------------------
#              Timing Point                Flags    Arc   Edge   Cell     Fanout Load Trans Delay Arrival Instance 
#                                                                                (fF)  (ps)  (ps)   (ps)  Location 
#------------------------------------------------------------------------------------------------------------------
  rom_data[1]                              -       -      R     (arrival)     19  7.4   150     0    1600    (-,-) 
  csa_tree_ADD_TC_OP_groupi_g7036/Y        -       A->Y   F     INVX1         16  6.2   188   183    1783    (-,-) 
  csa_tree_ADD_TC_OP_groupi_g6838__7482/Y  -       B->Y   F     OR2X1         16  6.3   173   250    2034    (-,-) 
  csa_tree_ADD_TC_OP_groupi_g6700__2346/Y  -       A0->Y  R     OAI22X1        1  0.6   100   158    2192    (-,-) 
  csa_tree_ADD_TC_OP_groupi_g6671__7410/S  -       CI->S  R     ADDFX1         1  0.8    46   290    2482    (-,-) 
  csa_tree_ADD_TC_OP_groupi_g6621__4319/CO -       B->CO  R     ADDFX1         1  0.8    43   205    2687    (-,-) 
  csa_tree_ADD_TC_OP_groupi_g6596__6783/CO -       B->CO  R     ADDFX1         1  0.6    39   201    2888    (-,-) 
  csa_tree_ADD_TC_OP_groupi_g6578__5115/CO -       CI->CO R     ADDFX1         1  0.6    39   186    3074    (-,-) 
  csa_tree_ADD_TC_OP_groupi_g6572__1705/CO -       CI->CO R     ADDFX1         1  0.6    39   186    3260    (-,-) 
  csa_tree_ADD_TC_OP_groupi_g6562__2398/CO -       CI->CO R     ADDFX1         1  0.6    39   186    3446    (-,-) 
  csa_tree_ADD_TC_OP_groupi_g6558__1666/CO -       CI->CO R     ADDFX1         1  0.6    39   186    3632    (-,-) 
  csa_tree_ADD_TC_OP_groupi_g6557__2346/CO -       CI->CO R     ADDFX1         1  0.6    39   186    3818    (-,-) 
  csa_tree_ADD_TC_OP_groupi_g6556__2883/CO -       CI->CO R     ADDFX1         1  0.6    39   186    4004    (-,-) 
  csa_tree_ADD_TC_OP_groupi_g6555__9945/CO -       CI->CO R     ADDFX1         1  0.6    39   186    4190    (-,-) 
  csa_tree_ADD_TC_OP_groupi_g6554__9315/CO -       CI->CO R     ADDFX1         1  0.6    39   186    4376    (-,-) 
  csa_tree_ADD_TC_OP_groupi_g6553__6161/CO -       CI->CO R     ADDFX1         1  0.6    39   186    4562    (-,-) 
  csa_tree_ADD_TC_OP_groupi_g6552__4733/CO -       CI->CO R     ADDFX1         1  0.6    39   186    4748    (-,-) 
  csa_tree_ADD_TC_OP_groupi_g6551__7482/CO -       CI->CO R     ADDFX1         1  0.6    39   186    4934    (-,-) 
  csa_tree_ADD_TC_OP_groupi_g6550__5115/CO -       CI->CO R     ADDFX1         1  0.6    39   186    5120    (-,-) 
  csa_tree_ADD_TC_OP_groupi_g6549__1881/CO -       CI->CO R     ADDFX1         1  0.6    39   186    5306    (-,-) 
  csa_tree_ADD_TC_OP_groupi_g6548__6131/CO -       CI->CO R     ADDFX1         1  0.6    39   186    5492    (-,-) 
  csa_tree_ADD_TC_OP_groupi_g6547__7098/CO -       CI->CO R     ADDFX1         1  0.6    39   186    5678    (-,-) 
  csa_tree_ADD_TC_OP_groupi_g6546__8246/CO -       CI->CO R     ADDFX1         1  0.6    39   186    5864    (-,-) 
  csa_tree_ADD_TC_OP_groupi_g6545__5122/CO -       CI->CO R     ADDFX1         1  0.6    39   186    6050    (-,-) 
  csa_tree_ADD_TC_OP_groupi_g6544__1705/CO -       CI->CO R     ADDFX1         1  0.6    39   186    6236    (-,-) 
  csa_tree_ADD_TC_OP_groupi_g6543__2802/CO -       CI->CO R     ADDFX1         1  0.6    39   186    6422    (-,-) 
  csa_tree_ADD_TC_OP_groupi_g6542__1617/CO -       CI->CO R     ADDFX1         1  0.6    39   186    6608    (-,-) 
  csa_tree_ADD_TC_OP_groupi_g6541__3680/CO -       CI->CO R     ADDFX1         1  0.6    39   186    6794    (-,-) 
  csa_tree_ADD_TC_OP_groupi_g6540__6783/CO -       CI->CO R     ADDFX1         1  0.6    39   186    6980    (-,-) 
  csa_tree_ADD_TC_OP_groupi_g6539__5526/CO -       CI->CO R     ADDFX1         1  0.6    39   186    7166    (-,-) 
  csa_tree_ADD_TC_OP_groupi_g6538__8428/CO -       CI->CO R     ADDFX1         1  0.6    39   186    7352    (-,-) 
  csa_tree_ADD_TC_OP_groupi_g6537__4319/S  -       CI->S  R     ADDFX1         1  0.2    33   255    7607    (-,-) 
  g5035__2883/Y                            -       A1->Y  R     AO22XL         1  0.3    28   170    7777    (-,-) 
  mac_i_result_reg[28]/D                   -       -      R     DFFRHQX1       1    -     -     0    7777    (-,-) 
#------------------------------------------------------------------------------------------------------------------



Path 8: MET (1163 ps) Setup Check with Pin mac_i_result_reg[27]/CK->D
          Group: clk
     Startpoint: (R) rom_data[1]
          Clock: (R) clk
       Endpoint: (R) mac_i_result_reg[27]/D
          Clock: (R) clk

                     Capture       Launch     
        Clock Edge:+    9050            0     
        Drv Adjust:+       0            0     
       Src Latency:+       0            0     
       Net Latency:+       0 (I)        0 (I) 
           Arrival:=    9050            0     
                                              
             Setup:-      98                  
       Uncertainty:-     200                  
     Required Time:=    8752                  
      Launch Clock:-       0                  
       Input Delay:-    1600                  
         Data Path:-    5989                  
             Slack:=    1163                  

Exceptions/Constraints:
  input_delay             1600            constraint.sdc_line_15_30_1   

#------------------------------------------------------------------------------------------------------------------
#              Timing Point                Flags    Arc   Edge   Cell     Fanout Load Trans Delay Arrival Instance 
#                                                                                (fF)  (ps)  (ps)   (ps)  Location 
#------------------------------------------------------------------------------------------------------------------
  rom_data[1]                              -       -      R     (arrival)     19  7.4   150     0    1600    (-,-) 
  csa_tree_ADD_TC_OP_groupi_g7036/Y        -       A->Y   F     INVX1         16  6.2   188   183    1783    (-,-) 
  csa_tree_ADD_TC_OP_groupi_g6838__7482/Y  -       B->Y   F     OR2X1         16  6.3   173   250    2034    (-,-) 
  csa_tree_ADD_TC_OP_groupi_g6700__2346/Y  -       A0->Y  R     OAI22X1        1  0.6   100   158    2192    (-,-) 
  csa_tree_ADD_TC_OP_groupi_g6671__7410/S  -       CI->S  R     ADDFX1         1  0.8    46   290    2482    (-,-) 
  csa_tree_ADD_TC_OP_groupi_g6621__4319/CO -       B->CO  R     ADDFX1         1  0.8    43   205    2687    (-,-) 
  csa_tree_ADD_TC_OP_groupi_g6596__6783/CO -       B->CO  R     ADDFX1         1  0.6    39   201    2888    (-,-) 
  csa_tree_ADD_TC_OP_groupi_g6578__5115/CO -       CI->CO R     ADDFX1         1  0.6    39   186    3074    (-,-) 
  csa_tree_ADD_TC_OP_groupi_g6572__1705/CO -       CI->CO R     ADDFX1         1  0.6    39   186    3260    (-,-) 
  csa_tree_ADD_TC_OP_groupi_g6562__2398/CO -       CI->CO R     ADDFX1         1  0.6    39   186    3446    (-,-) 
  csa_tree_ADD_TC_OP_groupi_g6558__1666/CO -       CI->CO R     ADDFX1         1  0.6    39   186    3632    (-,-) 
  csa_tree_ADD_TC_OP_groupi_g6557__2346/CO -       CI->CO R     ADDFX1         1  0.6    39   186    3818    (-,-) 
  csa_tree_ADD_TC_OP_groupi_g6556__2883/CO -       CI->CO R     ADDFX1         1  0.6    39   186    4004    (-,-) 
  csa_tree_ADD_TC_OP_groupi_g6555__9945/CO -       CI->CO R     ADDFX1         1  0.6    39   186    4190    (-,-) 
  csa_tree_ADD_TC_OP_groupi_g6554__9315/CO -       CI->CO R     ADDFX1         1  0.6    39   186    4376    (-,-) 
  csa_tree_ADD_TC_OP_groupi_g6553__6161/CO -       CI->CO R     ADDFX1         1  0.6    39   186    4562    (-,-) 
  csa_tree_ADD_TC_OP_groupi_g6552__4733/CO -       CI->CO R     ADDFX1         1  0.6    39   186    4748    (-,-) 
  csa_tree_ADD_TC_OP_groupi_g6551__7482/CO -       CI->CO R     ADDFX1         1  0.6    39   186    4934    (-,-) 
  csa_tree_ADD_TC_OP_groupi_g6550__5115/CO -       CI->CO R     ADDFX1         1  0.6    39   186    5120    (-,-) 
  csa_tree_ADD_TC_OP_groupi_g6549__1881/CO -       CI->CO R     ADDFX1         1  0.6    39   186    5306    (-,-) 
  csa_tree_ADD_TC_OP_groupi_g6548__6131/CO -       CI->CO R     ADDFX1         1  0.6    39   186    5492    (-,-) 
  csa_tree_ADD_TC_OP_groupi_g6547__7098/CO -       CI->CO R     ADDFX1         1  0.6    39   186    5678    (-,-) 
  csa_tree_ADD_TC_OP_groupi_g6546__8246/CO -       CI->CO R     ADDFX1         1  0.6    39   186    5864    (-,-) 
  csa_tree_ADD_TC_OP_groupi_g6545__5122/CO -       CI->CO R     ADDFX1         1  0.6    39   186    6050    (-,-) 
  csa_tree_ADD_TC_OP_groupi_g6544__1705/CO -       CI->CO R     ADDFX1         1  0.6    39   186    6236    (-,-) 
  csa_tree_ADD_TC_OP_groupi_g6543__2802/CO -       CI->CO R     ADDFX1         1  0.6    39   186    6422    (-,-) 
  csa_tree_ADD_TC_OP_groupi_g6542__1617/CO -       CI->CO R     ADDFX1         1  0.6    39   186    6608    (-,-) 
  csa_tree_ADD_TC_OP_groupi_g6541__3680/CO -       CI->CO R     ADDFX1         1  0.6    39   186    6794    (-,-) 
  csa_tree_ADD_TC_OP_groupi_g6540__6783/CO -       CI->CO R     ADDFX1         1  0.6    39   186    6980    (-,-) 
  csa_tree_ADD_TC_OP_groupi_g6539__5526/CO -       CI->CO R     ADDFX1         1  0.6    39   186    7166    (-,-) 
  csa_tree_ADD_TC_OP_groupi_g6538__8428/S  -       CI->S  R     ADDFX1         1  0.2    33   255    7421    (-,-) 
  g5058__7482/Y                            -       A1->Y  R     AO22XL         1  0.2    24   168    7589    (-,-) 
  mac_i_result_reg[27]/D                   -       -      R     DFFRX1         1    -     -     0    7589    (-,-) 
#------------------------------------------------------------------------------------------------------------------



Path 9: MET (1350 ps) Setup Check with Pin mac_i_result_reg[26]/CK->D
          Group: clk
     Startpoint: (R) rom_data[1]
          Clock: (R) clk
       Endpoint: (R) mac_i_result_reg[26]/D
          Clock: (R) clk

                     Capture       Launch     
        Clock Edge:+    9050            0     
        Drv Adjust:+       0            0     
       Src Latency:+       0            0     
       Net Latency:+       0 (I)        0 (I) 
           Arrival:=    9050            0     
                                              
             Setup:-      94                  
       Uncertainty:-     200                  
     Required Time:=    8756                  
      Launch Clock:-       0                  
       Input Delay:-    1600                  
         Data Path:-    5805                  
             Slack:=    1350                  

Exceptions/Constraints:
  input_delay             1600            constraint.sdc_line_15_30_1   

#------------------------------------------------------------------------------------------------------------------
#              Timing Point                Flags    Arc   Edge   Cell     Fanout Load Trans Delay Arrival Instance 
#                                                                                (fF)  (ps)  (ps)   (ps)  Location 
#------------------------------------------------------------------------------------------------------------------
  rom_data[1]                              -       -      R     (arrival)     19  7.4   150     0    1600    (-,-) 
  csa_tree_ADD_TC_OP_groupi_g7036/Y        -       A->Y   F     INVX1         16  6.2   188   183    1783    (-,-) 
  csa_tree_ADD_TC_OP_groupi_g6838__7482/Y  -       B->Y   F     OR2X1         16  6.3   173   250    2034    (-,-) 
  csa_tree_ADD_TC_OP_groupi_g6700__2346/Y  -       A0->Y  R     OAI22X1        1  0.6   100   158    2192    (-,-) 
  csa_tree_ADD_TC_OP_groupi_g6671__7410/S  -       CI->S  R     ADDFX1         1  0.8    46   290    2482    (-,-) 
  csa_tree_ADD_TC_OP_groupi_g6621__4319/CO -       B->CO  R     ADDFX1         1  0.8    43   205    2687    (-,-) 
  csa_tree_ADD_TC_OP_groupi_g6596__6783/CO -       B->CO  R     ADDFX1         1  0.6    39   201    2888    (-,-) 
  csa_tree_ADD_TC_OP_groupi_g6578__5115/CO -       CI->CO R     ADDFX1         1  0.6    39   186    3074    (-,-) 
  csa_tree_ADD_TC_OP_groupi_g6572__1705/CO -       CI->CO R     ADDFX1         1  0.6    39   186    3260    (-,-) 
  csa_tree_ADD_TC_OP_groupi_g6562__2398/CO -       CI->CO R     ADDFX1         1  0.6    39   186    3446    (-,-) 
  csa_tree_ADD_TC_OP_groupi_g6558__1666/CO -       CI->CO R     ADDFX1         1  0.6    39   186    3632    (-,-) 
  csa_tree_ADD_TC_OP_groupi_g6557__2346/CO -       CI->CO R     ADDFX1         1  0.6    39   186    3818    (-,-) 
  csa_tree_ADD_TC_OP_groupi_g6556__2883/CO -       CI->CO R     ADDFX1         1  0.6    39   186    4004    (-,-) 
  csa_tree_ADD_TC_OP_groupi_g6555__9945/CO -       CI->CO R     ADDFX1         1  0.6    39   186    4190    (-,-) 
  csa_tree_ADD_TC_OP_groupi_g6554__9315/CO -       CI->CO R     ADDFX1         1  0.6    39   186    4376    (-,-) 
  csa_tree_ADD_TC_OP_groupi_g6553__6161/CO -       CI->CO R     ADDFX1         1  0.6    39   186    4562    (-,-) 
  csa_tree_ADD_TC_OP_groupi_g6552__4733/CO -       CI->CO R     ADDFX1         1  0.6    39   186    4748    (-,-) 
  csa_tree_ADD_TC_OP_groupi_g6551__7482/CO -       CI->CO R     ADDFX1         1  0.6    39   186    4934    (-,-) 
  csa_tree_ADD_TC_OP_groupi_g6550__5115/CO -       CI->CO R     ADDFX1         1  0.6    39   186    5120    (-,-) 
  csa_tree_ADD_TC_OP_groupi_g6549__1881/CO -       CI->CO R     ADDFX1         1  0.6    39   186    5306    (-,-) 
  csa_tree_ADD_TC_OP_groupi_g6548__6131/CO -       CI->CO R     ADDFX1         1  0.6    39   186    5492    (-,-) 
  csa_tree_ADD_TC_OP_groupi_g6547__7098/CO -       CI->CO R     ADDFX1         1  0.6    39   186    5678    (-,-) 
  csa_tree_ADD_TC_OP_groupi_g6546__8246/CO -       CI->CO R     ADDFX1         1  0.6    39   186    5864    (-,-) 
  csa_tree_ADD_TC_OP_groupi_g6545__5122/CO -       CI->CO R     ADDFX1         1  0.6    39   186    6050    (-,-) 
  csa_tree_ADD_TC_OP_groupi_g6544__1705/CO -       CI->CO R     ADDFX1         1  0.6    39   186    6236    (-,-) 
  csa_tree_ADD_TC_OP_groupi_g6543__2802/CO -       CI->CO R     ADDFX1         1  0.6    39   186    6422    (-,-) 
  csa_tree_ADD_TC_OP_groupi_g6542__1617/CO -       CI->CO R     ADDFX1         1  0.6    39   186    6608    (-,-) 
  csa_tree_ADD_TC_OP_groupi_g6541__3680/CO -       CI->CO R     ADDFX1         1  0.6    39   186    6794    (-,-) 
  csa_tree_ADD_TC_OP_groupi_g6540__6783/CO -       CI->CO R     ADDFX1         1  0.6    39   186    6980    (-,-) 
  csa_tree_ADD_TC_OP_groupi_g6539__5526/S  -       CI->S  R     ADDFX1         1  0.2    33   255    7235    (-,-) 
  g5053__8246/Y                            -       A1->Y  R     AO22XL         1  0.3    28   170    7405    (-,-) 
  mac_i_result_reg[26]/D                   -       -      R     DFFRHQX1       1    -     -     0    7405    (-,-) 
#------------------------------------------------------------------------------------------------------------------



Path 10: MET (1535 ps) Setup Check with Pin mac_i_result_reg[25]/CK->D
          Group: clk
     Startpoint: (R) rom_data[1]
          Clock: (R) clk
       Endpoint: (R) mac_i_result_reg[25]/D
          Clock: (R) clk

                     Capture       Launch     
        Clock Edge:+    9050            0     
        Drv Adjust:+       0            0     
       Src Latency:+       0            0     
       Net Latency:+       0 (I)        0 (I) 
           Arrival:=    9050            0     
                                              
             Setup:-      98                  
       Uncertainty:-     200                  
     Required Time:=    8752                  
      Launch Clock:-       0                  
       Input Delay:-    1600                  
         Data Path:-    5617                  
             Slack:=    1535                  

Exceptions/Constraints:
  input_delay             1600            constraint.sdc_line_15_30_1   

#------------------------------------------------------------------------------------------------------------------
#              Timing Point                Flags    Arc   Edge   Cell     Fanout Load Trans Delay Arrival Instance 
#                                                                                (fF)  (ps)  (ps)   (ps)  Location 
#------------------------------------------------------------------------------------------------------------------
  rom_data[1]                              -       -      R     (arrival)     19  7.4   150     0    1600    (-,-) 
  csa_tree_ADD_TC_OP_groupi_g7036/Y        -       A->Y   F     INVX1         16  6.2   188   183    1783    (-,-) 
  csa_tree_ADD_TC_OP_groupi_g6838__7482/Y  -       B->Y   F     OR2X1         16  6.3   173   250    2034    (-,-) 
  csa_tree_ADD_TC_OP_groupi_g6700__2346/Y  -       A0->Y  R     OAI22X1        1  0.6   100   158    2192    (-,-) 
  csa_tree_ADD_TC_OP_groupi_g6671__7410/S  -       CI->S  R     ADDFX1         1  0.8    46   290    2482    (-,-) 
  csa_tree_ADD_TC_OP_groupi_g6621__4319/CO -       B->CO  R     ADDFX1         1  0.8    43   205    2687    (-,-) 
  csa_tree_ADD_TC_OP_groupi_g6596__6783/CO -       B->CO  R     ADDFX1         1  0.6    39   201    2888    (-,-) 
  csa_tree_ADD_TC_OP_groupi_g6578__5115/CO -       CI->CO R     ADDFX1         1  0.6    39   186    3074    (-,-) 
  csa_tree_ADD_TC_OP_groupi_g6572__1705/CO -       CI->CO R     ADDFX1         1  0.6    39   186    3260    (-,-) 
  csa_tree_ADD_TC_OP_groupi_g6562__2398/CO -       CI->CO R     ADDFX1         1  0.6    39   186    3446    (-,-) 
  csa_tree_ADD_TC_OP_groupi_g6558__1666/CO -       CI->CO R     ADDFX1         1  0.6    39   186    3632    (-,-) 
  csa_tree_ADD_TC_OP_groupi_g6557__2346/CO -       CI->CO R     ADDFX1         1  0.6    39   186    3818    (-,-) 
  csa_tree_ADD_TC_OP_groupi_g6556__2883/CO -       CI->CO R     ADDFX1         1  0.6    39   186    4004    (-,-) 
  csa_tree_ADD_TC_OP_groupi_g6555__9945/CO -       CI->CO R     ADDFX1         1  0.6    39   186    4190    (-,-) 
  csa_tree_ADD_TC_OP_groupi_g6554__9315/CO -       CI->CO R     ADDFX1         1  0.6    39   186    4376    (-,-) 
  csa_tree_ADD_TC_OP_groupi_g6553__6161/CO -       CI->CO R     ADDFX1         1  0.6    39   186    4562    (-,-) 
  csa_tree_ADD_TC_OP_groupi_g6552__4733/CO -       CI->CO R     ADDFX1         1  0.6    39   186    4748    (-,-) 
  csa_tree_ADD_TC_OP_groupi_g6551__7482/CO -       CI->CO R     ADDFX1         1  0.6    39   186    4934    (-,-) 
  csa_tree_ADD_TC_OP_groupi_g6550__5115/CO -       CI->CO R     ADDFX1         1  0.6    39   186    5120    (-,-) 
  csa_tree_ADD_TC_OP_groupi_g6549__1881/CO -       CI->CO R     ADDFX1         1  0.6    39   186    5306    (-,-) 
  csa_tree_ADD_TC_OP_groupi_g6548__6131/CO -       CI->CO R     ADDFX1         1  0.6    39   186    5492    (-,-) 
  csa_tree_ADD_TC_OP_groupi_g6547__7098/CO -       CI->CO R     ADDFX1         1  0.6    39   186    5678    (-,-) 
  csa_tree_ADD_TC_OP_groupi_g6546__8246/CO -       CI->CO R     ADDFX1         1  0.6    39   186    5864    (-,-) 
  csa_tree_ADD_TC_OP_groupi_g6545__5122/CO -       CI->CO R     ADDFX1         1  0.6    39   186    6050    (-,-) 
  csa_tree_ADD_TC_OP_groupi_g6544__1705/CO -       CI->CO R     ADDFX1         1  0.6    39   186    6236    (-,-) 
  csa_tree_ADD_TC_OP_groupi_g6543__2802/CO -       CI->CO R     ADDFX1         1  0.6    39   186    6422    (-,-) 
  csa_tree_ADD_TC_OP_groupi_g6542__1617/CO -       CI->CO R     ADDFX1         1  0.6    39   186    6608    (-,-) 
  csa_tree_ADD_TC_OP_groupi_g6541__3680/CO -       CI->CO R     ADDFX1         1  0.6    39   186    6794    (-,-) 
  csa_tree_ADD_TC_OP_groupi_g6540__6783/S  -       CI->S  R     ADDFX1         1  0.2    33   255    7049    (-,-) 
  g5041__2398/Y                            -       A1->Y  R     AO22XL         1  0.2    24   168    7217    (-,-) 
  mac_i_result_reg[25]/D                   -       -      R     DFFRX1         1    -     -     0    7217    (-,-) 
#------------------------------------------------------------------------------------------------------------------

