============================================================
  Generated by:           Genus(TM) Synthesis Solution 25.12-s067_1
  Generated on:           Aug 22 2026  09:49:48 am
  Module:                 pattern_detector
  Operating conditions:   PVT_0P9V_125C (balanced_tree)
  Wireload mode:          enclosed
  Area mode:              timing library
============================================================

Timing
--------

Clock  Period 
--------------
clk   10000.0 


  Cost    Critical         Violating 
 Group   Path Slack  TNS     Paths   
-------------------------------------
clk           954.4   0.0          0 
default    No paths   0.0            
-------------------------------------
Total                 0.0          0 

Instance Count
--------------
Leaf Instance Count             941 
Physical Instance count           0 
Sequential Instance Count       215 
Combinational Instance Count    726 
Hierarchical Instance Count       1 

Area
----
Cell Area                          3588.264
Physical Cell Area                 0.000
Total Cell Area (Cell+Physical)    3588.264
Net Area                           0.000
Total Area (Cell+Physical+Net)     3588.264

Max Fanout                         215 (clk)
Min Fanout                         0 (mac_done)
Average Fanout                     2.7
Terms to net ratio                 3.8663
Terms to instance ratio            4.7003
Runtime                            49.58475399999999 seconds
Elapsed Runtime                    56 seconds
Genus peak memory usage            2273.53 
Innovus peak memory usage          no_value 
Hostname                           localhost
