#! /usr/local/bin/vvp
:ivl_version "14.0 (devel)" "(s20251012-116-g98391b56b)";
:ivl_delay_selection "TYPICAL";
:vpi_time_precision + 0;
:vpi_module "/usr/local/lib/ivl/system.vpi";
:vpi_module "/usr/local/lib/ivl/vhdl_sys.vpi";
:vpi_module "/usr/local/lib/ivl/vhdl_textio.vpi";
:vpi_module "/usr/local/lib/ivl/v2005_math.vpi";
:vpi_module "/usr/local/lib/ivl/va_math.vpi";
S_0x192ef50 .scope module, "counter_test" "counter_test" 2 1;
 .timescale 0 0;
P_0x192e8a0 .param/l "WIDTH" 1 2 3, +C4<00000000000000000000000000000101>;
v0x1987980_0 .var "clk", 0 0;
v0x1987a40_0 .var "cnt_in", 4 0;
v0x1987ae0_0 .net "cnt_out", 4 0, L_0x1955240;  1 drivers
v0x1987bb0_0 .var "enab", 0 0;
v0x1987c80_0 .var "load", 0 0;
v0x1987d70_0 .var "rst", 0 0;
E_0x1966200 .event negedge, v0x1958ee0_0;
S_0x1968e60 .scope module, "counter_inst" "counter" 2 16, 3 1 0, S_0x192ef50;
 .timescale 0 0;
    .port_info 0 /INPUT 5 "cnt_in";
    .port_info 1 /INPUT 1 "enab";
    .port_info 2 /INPUT 1 "load";
    .port_info 3 /INPUT 1 "clk";
    .port_info 4 /INPUT 1 "rst";
    .port_info 5 /OUTPUT 5 "cnt_out";
P_0x1969040 .param/l "WIDTH" 0 3 3, +C4<00000000000000000000000000000101>;
L_0x1955240 .functor BUFZ 5, v0x1959650_0, C4<00000>, C4<00000>, C4<00000>;
v0x1958ee0_0 .net "clk", 0 0, v0x1987980_0;  1 drivers
v0x1959650_0 .var "cnt", 4 0;
v0x1959dc0_0 .net "cnt_in", 4 0, v0x1987a40_0;  1 drivers
v0x195a530_0 .net "cnt_out", 4 0, L_0x1955240;  alias, 1 drivers
v0x195aca0_0 .net "enab", 0 0, v0x1987bb0_0;  1 drivers
v0x195b410_0 .net "load", 0 0, v0x1987c80_0;  1 drivers
v0x1987520_0 .net "rst", 0 0, v0x1987d70_0;  1 drivers
E_0x1966bf0 .event posedge, v0x1958ee0_0;
S_0x19876a0 .scope task, "expect" "expect" 2 26, 2 26 0, S_0x192ef50;
 .timescale 0 0;
v0x19878a0_0 .var "exp_out", 4 0;
TD_counter_test.expect ;
    %load/vec4 v0x1987ae0_0;
    %load/vec4 v0x19878a0_0;
    %cmp/ne;
    %jmp/0xz  T_0.0, 6;
    %vpi_call 2 29 "$display", "TEST FAILED" {0 0 0};
    %vpi_call 2 30 "$display", "At time %0d rst=%b load=%b enab=%b cnt_in=%b cnt_out=%b", $time, v0x1987d70_0, v0x1987c80_0, v0x1987bb0_0, v0x1987a40_0, v0x1987ae0_0 {0 0 0};
    %vpi_call 2 32 "$display", "cnt_out should be %b", v0x19878a0_0 {0 0 0};
    %vpi_call 2 33 "$finish" {0 0 0};
    %jmp T_0.1;
T_0.0 ;
    %vpi_call 2 36 "$display", "At time %0d rst=%b load=%b enab=%b cnt_in=%b cnt_out=%b", $time, v0x1987d70_0, v0x1987c80_0, v0x1987bb0_0, v0x1987a40_0, v0x1987ae0_0 {0 0 0};
T_0.1 ;
    %end;
    .scope S_0x1968e60;
T_1 ;
    %wait E_0x1966bf0;
    %load/vec4 v0x1987520_0;
    %flag_set/vec4 8;
    %jmp/0xz  T_1.0, 8;
    %pushi/vec4 0, 0, 5;
    %store/vec4 v0x1959650_0, 0, 5;
    %jmp T_1.1;
T_1.0 ;
    %load/vec4 v0x195b410_0;
    %flag_set/vec4 8;
    %jmp/0xz  T_1.2, 8;
    %load/vec4 v0x1959dc0_0;
    %assign/vec4 v0x1959650_0, 0;
    %jmp T_1.3;
T_1.2 ;
    %load/vec4 v0x195aca0_0;
    %flag_set/vec4 8;
    %jmp/0xz  T_1.4, 8;
    %load/vec4 v0x1959650_0;
    %addi 1, 0, 5;
    %assign/vec4 v0x1959650_0, 0;
T_1.4 ;
T_1.3 ;
T_1.1 ;
    %jmp T_1;
    .thread T_1;
    .scope S_0x192ef50;
T_2 ;
    %pushi/vec4 7, 0, 32;
T_2.0 %dup/vec4;
    %cmpi/s 0, 0, 32;
    %jmp/1xz T_2.1, 5;
    %jmp/1 T_2.1, 4;
    %subi 1, 0, 32;
    %delay 5, 0;
    %pushi/vec4 1, 0, 1;
    %store/vec4 v0x1987980_0, 0, 1;
    %delay 5, 0;
    %pushi/vec4 0, 0, 1;
    %store/vec4 v0x1987980_0, 0, 1;
    %jmp T_2.0;
T_2.1 ;
    %pop/vec4 1;
    %end;
    .thread T_2;
    .scope S_0x192ef50;
T_3 ;
    %wait E_0x1966200;
    %pushi/vec4 0, 0, 1;
    %store/vec4 v0x1987d70_0, 0, 1;
    %pushi/vec4 1, 0, 1;
    %store/vec4 v0x1987c80_0, 0, 1;
    %pushi/vec4 1, 0, 1;
    %store/vec4 v0x1987bb0_0, 0, 1;
    %pushi/vec4 21, 0, 5;
    %store/vec4 v0x1987a40_0, 0, 5;
    %wait E_0x1966200;
    %pushi/vec4 21, 0, 5;
    %store/vec4 v0x19878a0_0, 0, 5;
    %fork TD_counter_test.expect, S_0x19876a0;
    %join;
    %pushi/vec4 0, 0, 1;
    %store/vec4 v0x1987d70_0, 0, 1;
    %pushi/vec4 1, 0, 1;
    %store/vec4 v0x1987c80_0, 0, 1;
    %pushi/vec4 1, 0, 1;
    %store/vec4 v0x1987bb0_0, 0, 1;
    %pushi/vec4 10, 0, 5;
    %store/vec4 v0x1987a40_0, 0, 5;
    %wait E_0x1966200;
    %pushi/vec4 10, 0, 5;
    %store/vec4 v0x19878a0_0, 0, 5;
    %fork TD_counter_test.expect, S_0x19876a0;
    %join;
    %pushi/vec4 0, 0, 1;
    %store/vec4 v0x1987d70_0, 0, 1;
    %pushi/vec4 1, 0, 1;
    %store/vec4 v0x1987c80_0, 0, 1;
    %pushi/vec4 1, 0, 1;
    %store/vec4 v0x1987bb0_0, 0, 1;
    %pushi/vec4 31, 0, 5;
    %store/vec4 v0x1987a40_0, 0, 5;
    %wait E_0x1966200;
    %pushi/vec4 31, 0, 5;
    %store/vec4 v0x19878a0_0, 0, 5;
    %fork TD_counter_test.expect, S_0x19876a0;
    %join;
    %pushi/vec4 1, 0, 1;
    %store/vec4 v0x1987d70_0, 0, 1;
    %pushi/vec4 1, 0, 1;
    %store/vec4 v0x1987c80_0, 0, 1;
    %pushi/vec4 1, 0, 1;
    %store/vec4 v0x1987bb0_0, 0, 1;
    %pushi/vec4 31, 0, 5;
    %store/vec4 v0x1987a40_0, 0, 5;
    %wait E_0x1966200;
    %pushi/vec4 0, 0, 5;
    %store/vec4 v0x19878a0_0, 0, 5;
    %fork TD_counter_test.expect, S_0x19876a0;
    %join;
    %pushi/vec4 0, 0, 1;
    %store/vec4 v0x1987d70_0, 0, 1;
    %pushi/vec4 1, 0, 1;
    %store/vec4 v0x1987c80_0, 0, 1;
    %pushi/vec4 1, 0, 1;
    %store/vec4 v0x1987bb0_0, 0, 1;
    %pushi/vec4 31, 0, 5;
    %store/vec4 v0x1987a40_0, 0, 5;
    %wait E_0x1966200;
    %pushi/vec4 31, 0, 5;
    %store/vec4 v0x19878a0_0, 0, 5;
    %fork TD_counter_test.expect, S_0x19876a0;
    %join;
    %pushi/vec4 0, 0, 1;
    %store/vec4 v0x1987d70_0, 0, 1;
    %pushi/vec4 0, 0, 1;
    %store/vec4 v0x1987c80_0, 0, 1;
    %pushi/vec4 1, 0, 1;
    %store/vec4 v0x1987bb0_0, 0, 1;
    %pushi/vec4 31, 0, 5;
    %store/vec4 v0x1987a40_0, 0, 5;
    %wait E_0x1966200;
    %pushi/vec4 0, 0, 5;
    %store/vec4 v0x19878a0_0, 0, 5;
    %fork TD_counter_test.expect, S_0x19876a0;
    %join;
    %vpi_call 2 50 "$display", "TEST PASSED" {0 0 0};
    %vpi_call 2 51 "$finish" {0 0 0};
    %end;
    .thread T_3;
# The file index is used to find the file name in the following table.
:file_names 4;
    "N/A";
    "<interactive>";
    "counter_test.v";
    "counter.v";
