#! /usr/bin/vvp
:ivl_version "12.0 (stable)";
:ivl_delay_selection "TYPICAL";
:vpi_time_precision - 12;
:vpi_module "/usr/lib/x86_64-linux-gnu/ivl/system.vpi";
:vpi_module "/usr/lib/x86_64-linux-gnu/ivl/vhdl_sys.vpi";
:vpi_module "/usr/lib/x86_64-linux-gnu/ivl/vhdl_textio.vpi";
:vpi_module "/usr/lib/x86_64-linux-gnu/ivl/v2005_math.vpi";
:vpi_module "/usr/lib/x86_64-linux-gnu/ivl/va_math.vpi";
S_0x5b6016126760 .scope module, "tb_register_file" "tb_register_file" 2 3;
 .timescale -9 -12;
P_0x5b601612c6e0 .param/l "ADDR_WIDTH" 0 2 7, +C4<00000000000000000000000000000011>;
P_0x5b601612c720 .param/l "DATA_WIDTH" 0 2 6, +C4<00000000000000000000000000010000>;
P_0x5b601612c760 .param/l "REG_COUNT" 0 2 8, +C4<00000000000000000000000000001000>;
v0x5b6016158750_0 .var "clk", 0 0;
v0x5b6016158810_0 .var "rd_addr1", 2 0;
v0x5b60161588e0_0 .var "rd_addr2", 2 0;
v0x5b60161589e0_0 .net "rd_data1", 15 0, L_0x5b6016169350;  1 drivers
v0x5b6016158ab0_0 .net "rd_data2", 15 0, L_0x5b6016169a70;  1 drivers
v0x5b6016158b50_0 .var "wr_addr", 2 0;
v0x5b6016158c20_0 .var "wr_data", 15 0;
v0x5b6016158cf0_0 .var "wr_en", 0 0;
S_0x5b601612c8a0 .scope module, "dut" "register_file" 2 26, 3 1 0, S_0x5b6016126760;
 .timescale 0 0;
    .port_info 0 /INPUT 1 "clk";
    .port_info 1 /INPUT 1 "wr_en";
    .port_info 2 /INPUT 3 "wr_addr";
    .port_info 3 /INPUT 16 "wr_data";
    .port_info 4 /INPUT 3 "rd_addr1";
    .port_info 5 /INPUT 3 "rd_addr2";
    .port_info 6 /OUTPUT 16 "rd_data1";
    .port_info 7 /OUTPUT 16 "rd_data2";
    .port_info 8 /OUTPUT 1 "wr_ack";
P_0x5b601612ca30 .param/l "ADDR_WIDTH" 0 3 3, +C4<00000000000000000000000000000011>;
P_0x5b601612ca70 .param/l "DATA_WIDTH" 0 3 2, +C4<00000000000000000000000000010000>;
P_0x5b601612cab0 .param/l "REG_COUNT" 0 3 4, +C4<00000000000000000000000000001000>;
v0x5b601611ce50_0 .net *"_ivl_0", 31 0, L_0x5b6016158dc0;  1 drivers
v0x5b601611e2b0_0 .net *"_ivl_10", 15 0, L_0x5b60161690e0;  1 drivers
v0x5b601611f5e0_0 .net *"_ivl_12", 4 0, L_0x5b60161691e0;  1 drivers
L_0x7b50c74ce0f0 .functor BUFT 1, C4<00>, C4<0>, C4<0>, C4<0>;
v0x5b60161204b0_0 .net *"_ivl_15", 1 0, L_0x7b50c74ce0f0;  1 drivers
v0x5b6016121a70_0 .net *"_ivl_18", 31 0, L_0x5b6016169530;  1 drivers
L_0x7b50c74ce138 .functor BUFT 1, C4<00000000000000000000000000000>, C4<0>, C4<0>, C4<0>;
v0x5b6016122ed0_0 .net *"_ivl_21", 28 0, L_0x7b50c74ce138;  1 drivers
L_0x7b50c74ce180 .functor BUFT 1, C4<00000000000000000000000000000000>, C4<0>, C4<0>, C4<0>;
v0x5b6016157570_0 .net/2u *"_ivl_22", 31 0, L_0x7b50c74ce180;  1 drivers
v0x5b6016157650_0 .net *"_ivl_24", 0 0, L_0x5b6016169700;  1 drivers
L_0x7b50c74ce1c8 .functor BUFT 1, C4<0000000000000000>, C4<0>, C4<0>, C4<0>;
v0x5b6016157710_0 .net/2u *"_ivl_26", 15 0, L_0x7b50c74ce1c8;  1 drivers
v0x5b60161577f0_0 .net *"_ivl_28", 15 0, L_0x5b6016169840;  1 drivers
L_0x7b50c74ce018 .functor BUFT 1, C4<00000000000000000000000000000>, C4<0>, C4<0>, C4<0>;
v0x5b60161578d0_0 .net *"_ivl_3", 28 0, L_0x7b50c74ce018;  1 drivers
v0x5b60161579b0_0 .net *"_ivl_30", 4 0, L_0x5b6016169930;  1 drivers
L_0x7b50c74ce210 .functor BUFT 1, C4<00>, C4<0>, C4<0>, C4<0>;
v0x5b6016157a90_0 .net *"_ivl_33", 1 0, L_0x7b50c74ce210;  1 drivers
L_0x7b50c74ce060 .functor BUFT 1, C4<00000000000000000000000000000000>, C4<0>, C4<0>, C4<0>;
v0x5b6016157b70_0 .net/2u *"_ivl_4", 31 0, L_0x7b50c74ce060;  1 drivers
v0x5b6016157c50_0 .net *"_ivl_6", 0 0, L_0x5b6016168f70;  1 drivers
L_0x7b50c74ce0a8 .functor BUFT 1, C4<0000000000000000>, C4<0>, C4<0>, C4<0>;
v0x5b6016157d10_0 .net/2u *"_ivl_8", 15 0, L_0x7b50c74ce0a8;  1 drivers
v0x5b6016157df0_0 .net "clk", 0 0, v0x5b6016158750_0;  1 drivers
v0x5b6016157eb0_0 .net "rd_addr1", 2 0, v0x5b6016158810_0;  1 drivers
v0x5b6016157f90_0 .net "rd_addr2", 2 0, v0x5b60161588e0_0;  1 drivers
v0x5b6016158070_0 .net "rd_data1", 15 0, L_0x5b6016169350;  alias, 1 drivers
v0x5b6016158150_0 .net "rd_data2", 15 0, L_0x5b6016169a70;  alias, 1 drivers
v0x5b6016158230 .array "registers", 7 0, 15 0;
v0x5b60161582f0_0 .var "wr_ack", 0 0;
v0x5b60161583b0_0 .net "wr_addr", 2 0, v0x5b6016158b50_0;  1 drivers
v0x5b6016158490_0 .net "wr_data", 15 0, v0x5b6016158c20_0;  1 drivers
v0x5b6016158570_0 .net "wr_en", 0 0, v0x5b6016158cf0_0;  1 drivers
E_0x5b601612a390 .event posedge, v0x5b6016157df0_0;
L_0x5b6016158dc0 .concat [ 3 29 0 0], v0x5b6016158810_0, L_0x7b50c74ce018;
L_0x5b6016168f70 .cmp/eq 32, L_0x5b6016158dc0, L_0x7b50c74ce060;
L_0x5b60161690e0 .array/port v0x5b6016158230, L_0x5b60161691e0;
L_0x5b60161691e0 .concat [ 3 2 0 0], v0x5b6016158810_0, L_0x7b50c74ce0f0;
L_0x5b6016169350 .functor MUXZ 16, L_0x5b60161690e0, L_0x7b50c74ce0a8, L_0x5b6016168f70, C4<>;
L_0x5b6016169530 .concat [ 3 29 0 0], v0x5b60161588e0_0, L_0x7b50c74ce138;
L_0x5b6016169700 .cmp/eq 32, L_0x5b6016169530, L_0x7b50c74ce180;
L_0x5b6016169840 .array/port v0x5b6016158230, L_0x5b6016169930;
L_0x5b6016169930 .concat [ 3 2 0 0], v0x5b60161588e0_0, L_0x7b50c74ce210;
L_0x5b6016169a70 .functor MUXZ 16, L_0x5b6016169840, L_0x7b50c74ce1c8, L_0x5b6016169700, C4<>;
    .scope S_0x5b601612c8a0;
T_0 ;
    %wait E_0x5b601612a390;
    %load/vec4 v0x5b6016158570_0;
    %flag_set/vec4 8;
    %jmp/0xz  T_0.0, 8;
    %load/vec4 v0x5b60161583b0_0;
    %pad/u 32;
    %cmpi/ne 0, 0, 32;
    %jmp/0xz  T_0.2, 4;
    %load/vec4 v0x5b6016158490_0;
    %load/vec4 v0x5b60161583b0_0;
    %pad/u 5;
    %ix/vec4 3;
    %ix/load 4, 0, 0; Constant delay
    %assign/vec4/a/d v0x5b6016158230, 0, 4;
T_0.2 ;
T_0.0 ;
    %jmp T_0;
    .thread T_0;
    .scope S_0x5b6016126760;
T_1 ;
    %pushi/vec4 0, 0, 1;
    %store/vec4 v0x5b6016158750_0, 0, 1;
T_1.0 ;
    %delay 5000, 0;
    %load/vec4 v0x5b6016158750_0;
    %inv;
    %store/vec4 v0x5b6016158750_0, 0, 1;
    %jmp T_1.0;
    %end;
    .thread T_1;
    .scope S_0x5b6016126760;
T_2 ;
    %vpi_call 2 44 "$dumpfile", "wave.vcd" {0 0 0};
    %vpi_call 2 45 "$dumpvars", 32'sb00000000000000000000000000000000, S_0x5b6016126760 {0 0 0};
    %end;
    .thread T_2;
    .scope S_0x5b6016126760;
T_3 ;
    %pushi/vec4 0, 0, 1;
    %store/vec4 v0x5b6016158cf0_0, 0, 1;
    %pushi/vec4 0, 0, 3;
    %store/vec4 v0x5b6016158b50_0, 0, 3;
    %pushi/vec4 0, 0, 16;
    %store/vec4 v0x5b6016158c20_0, 0, 16;
    %pushi/vec4 0, 0, 3;
    %store/vec4 v0x5b6016158810_0, 0, 3;
    %pushi/vec4 0, 0, 3;
    %store/vec4 v0x5b60161588e0_0, 0, 3;
    %delay 20000, 0;
    %vpi_call 2 61 "$display", "======================================" {0 0 0};
    %vpi_call 2 62 "$display", "TESTE 1 - Escrita no registrador x1" {0 0 0};
    %vpi_call 2 63 "$display", "======================================" {0 0 0};
    %wait E_0x5b601612a390;
    %pushi/vec4 1, 0, 1;
    %assign/vec4 v0x5b6016158cf0_0, 0;
    %pushi/vec4 1, 0, 3;
    %assign/vec4 v0x5b6016158b50_0, 0;
    %pushi/vec4 43707, 0, 16;
    %assign/vec4 v0x5b6016158c20_0, 0;
    %wait E_0x5b601612a390;
    %pushi/vec4 0, 0, 1;
    %assign/vec4 v0x5b6016158cf0_0, 0;
    %pushi/vec4 1, 0, 3;
    %assign/vec4 v0x5b6016158810_0, 0;
    %delay 2000, 0;
    %vpi_call 2 79 "$display", "Registrador x1 = %h", v0x5b60161589e0_0 {0 0 0};
    %load/vec4 v0x5b60161589e0_0;
    %cmpi/e 43707, 0, 16;
    %jmp/0xz  T_3.0, 4;
    %vpi_call 2 82 "$display", "TESTE 1 PASSOU\012" {0 0 0};
    %jmp T_3.1;
T_3.0 ;
    %vpi_call 2 84 "$display", "TESTE 1 FALHOU\012" {0 0 0};
T_3.1 ;
    %vpi_call 2 88 "$display", "======================================" {0 0 0};
    %vpi_call 2 89 "$display", "TESTE 2 - Escrita no registrador x5" {0 0 0};
    %vpi_call 2 90 "$display", "======================================" {0 0 0};
    %wait E_0x5b601612a390;
    %pushi/vec4 1, 0, 1;
    %assign/vec4 v0x5b6016158cf0_0, 0;
    %pushi/vec4 5, 0, 3;
    %assign/vec4 v0x5b6016158b50_0, 0;
    %pushi/vec4 4660, 0, 16;
    %assign/vec4 v0x5b6016158c20_0, 0;
    %wait E_0x5b601612a390;
    %pushi/vec4 0, 0, 1;
    %assign/vec4 v0x5b6016158cf0_0, 0;
    %pushi/vec4 5, 0, 3;
    %assign/vec4 v0x5b6016158810_0, 0;
    %delay 2000, 0;
    %vpi_call 2 104 "$display", "Registrador x5 = %h", v0x5b60161589e0_0 {0 0 0};
    %load/vec4 v0x5b60161589e0_0;
    %cmpi/e 4660, 0, 16;
    %jmp/0xz  T_3.2, 4;
    %vpi_call 2 107 "$display", "TESTE 2 PASSOU\012" {0 0 0};
    %jmp T_3.3;
T_3.2 ;
    %vpi_call 2 109 "$display", "TESTE 2 FALHOU\012" {0 0 0};
T_3.3 ;
    %vpi_call 2 113 "$display", "======================================" {0 0 0};
    %vpi_call 2 114 "$display", "TESTE 3 - Registrador x0 deve ser zero" {0 0 0};
    %vpi_call 2 115 "$display", "======================================" {0 0 0};
    %wait E_0x5b601612a390;
    %pushi/vec4 1, 0, 1;
    %assign/vec4 v0x5b6016158cf0_0, 0;
    %pushi/vec4 0, 0, 3;
    %assign/vec4 v0x5b6016158b50_0, 0;
    %pushi/vec4 65535, 0, 16;
    %assign/vec4 v0x5b6016158c20_0, 0;
    %wait E_0x5b601612a390;
    %pushi/vec4 0, 0, 1;
    %assign/vec4 v0x5b6016158cf0_0, 0;
    %pushi/vec4 0, 0, 3;
    %assign/vec4 v0x5b6016158810_0, 0;
    %delay 2000, 0;
    %vpi_call 2 130 "$display", "Registrador x0 = %h", v0x5b60161589e0_0 {0 0 0};
    %load/vec4 v0x5b60161589e0_0;
    %cmpi/e 0, 0, 16;
    %jmp/0xz  T_3.4, 4;
    %vpi_call 2 133 "$display", "TESTE 3 PASSOU\012" {0 0 0};
    %jmp T_3.5;
T_3.4 ;
    %vpi_call 2 135 "$display", "TESTE 3 FALHOU\012" {0 0 0};
T_3.5 ;
    %vpi_call 2 139 "$display", "======================================" {0 0 0};
    %vpi_call 2 140 "$display", "TESTE 4 - Leitura simult\303\242nea" {0 0 0};
    %vpi_call 2 141 "$display", "======================================" {0 0 0};
    %pushi/vec4 1, 0, 3;
    %assign/vec4 v0x5b6016158810_0, 0;
    %pushi/vec4 5, 0, 3;
    %assign/vec4 v0x5b60161588e0_0, 0;
    %delay 2000, 0;
    %vpi_call 2 148 "$display", "rd_data1 (x1) = %h", v0x5b60161589e0_0 {0 0 0};
    %vpi_call 2 149 "$display", "rd_data2 (x5) = %h", v0x5b6016158ab0_0 {0 0 0};
    %load/vec4 v0x5b60161589e0_0;
    %cmpi/e 43707, 0, 16;
    %flag_get/vec4 4;
    %jmp/0 T_3.8, 4;
    %load/vec4 v0x5b6016158ab0_0;
    %pushi/vec4 4660, 0, 16;
    %cmp/e;
    %flag_get/vec4 4;
    %and;
T_3.8;
    %flag_set/vec4 8;
    %jmp/0xz  T_3.6, 8;
    %vpi_call 2 153 "$display", "TESTE 4 PASSOU\012" {0 0 0};
    %jmp T_3.7;
T_3.6 ;
    %vpi_call 2 155 "$display", "TESTE 4 FALHOU\012" {0 0 0};
T_3.7 ;
    %vpi_call 2 159 "$display", "======================================" {0 0 0};
    %vpi_call 2 160 "$display", "FIM DA SIMULACAO" {0 0 0};
    %vpi_call 2 161 "$display", "======================================" {0 0 0};
    %delay 20000, 0;
    %vpi_call 2 164 "$finish" {0 0 0};
    %end;
    .thread T_3;
# The file index is used to find the file name in the following table.
:file_names 4;
    "N/A";
    "<interactive>";
    "tb_register_file.v";
    "register_file.v";
