#! /usr/bin/vvp
:ivl_version "12.0 (stable)";
:ivl_delay_selection "TYPICAL";
:vpi_time_precision - 12;
:vpi_module "/usr/lib/x86_64-linux-gnu/ivl/system.vpi";
:vpi_module "/usr/lib/x86_64-linux-gnu/ivl/vhdl_sys.vpi";
:vpi_module "/usr/lib/x86_64-linux-gnu/ivl/vhdl_textio.vpi";
:vpi_module "/usr/lib/x86_64-linux-gnu/ivl/v2005_math.vpi";
:vpi_module "/usr/lib/x86_64-linux-gnu/ivl/va_math.vpi";
S_0x60e0f9f01dd0 .scope module, "memory_tb" "memory_tb" 2 3;
 .timescale -9 -12;
v0x60e0f9f3c710_0 .var "clk", 0 0;
v0x60e0f9f3c7b0_0 .var "cs", 0 0;
v0x60e0f9f3c8c0_0 .var "dp_addr_rd", 5 0;
v0x60e0f9f3c990_0 .var "dp_addr_wr", 5 0;
v0x60e0f9f3ca60_0 .net "dp_data_rd", 7 0, v0x60e0f9f3b420_0;  1 drivers
v0x60e0f9f3cb50_0 .net "dp_data_rd_a", 7 0, v0x60e0f9f3b2f0_0;  1 drivers
v0x60e0f9f3cc20_0 .var "dp_data_wr", 7 0;
v0x60e0f9f3ccf0_0 .var "dp_we", 0 0;
v0x60e0f9f3cdc0_0 .var "rom_addr", 3 0;
v0x60e0f9f3cf20_0 .net "rom_data_out", 7 0, v0x60e0f9f3c530_0;  1 drivers
v0x60e0f9f3cff0_0 .var "sp_addr", 4 0;
v0x60e0f9f3d0c0_0 .var "sp_data_in", 15 0;
v0x60e0f9f3d190_0 .net "sp_data_out", 15 0, v0x60e0f9f3bdc0_0;  1 drivers
v0x60e0f9f3d260_0 .var "sp_we", 0 0;
S_0x60e0f9f01f60 .scope module, "RAM_DP" "ram_dual" 2 45, 3 1 0, S_0x60e0f9f01dd0;
 .timescale 0 0;
    .port_info 0 /INPUT 1 "clk";
    .port_info 1 /INPUT 1 "we_a";
    .port_info 2 /INPUT 1 "cs";
    .port_info 3 /INPUT 6 "addr_wr_a";
    .port_info 4 /INPUT 8 "data_wr_a";
    .port_info 5 /INPUT 6 "addr_rd_b";
    .port_info 6 /OUTPUT 8 "data_rd_a";
    .port_info 7 /OUTPUT 8 "data_rd_b";
v0x60e0f9ef5f30_0 .net "addr_rd_b", 5 0, v0x60e0f9f3c8c0_0;  1 drivers
v0x60e0f9ef6a10_0 .net "addr_wr_a", 5 0, v0x60e0f9f3c990_0;  1 drivers
v0x60e0f9f3b190_0 .net "clk", 0 0, v0x60e0f9f3c710_0;  1 drivers
v0x60e0f9f3b230_0 .net "cs", 0 0, v0x60e0f9f3c7b0_0;  1 drivers
v0x60e0f9f3b2f0_0 .var "data_rd_a", 7 0;
v0x60e0f9f3b420_0 .var "data_rd_b", 7 0;
v0x60e0f9f3b500_0 .net "data_wr_a", 7 0, v0x60e0f9f3cc20_0;  1 drivers
v0x60e0f9f3b5e0 .array "ram", 63 0, 7 0;
v0x60e0f9f3b6a0_0 .net "we_a", 0 0, v0x60e0f9f3ccf0_0;  1 drivers
E_0x60e0f9f104b0 .event posedge, v0x60e0f9f3b190_0;
S_0x60e0f9f3b860 .scope module, "RAM_SP" "ram_single" 2 28, 4 1 0, S_0x60e0f9f01dd0;
 .timescale 0 0;
    .port_info 0 /INPUT 1 "clk";
    .port_info 1 /INPUT 1 "cs";
    .port_info 2 /INPUT 1 "we";
    .port_info 3 /INPUT 5 "addr";
    .port_info 4 /INPUT 16 "data_in";
    .port_info 5 /OUTPUT 16 "data_out";
v0x60e0f9f3bab0_0 .net "addr", 4 0, v0x60e0f9f3cff0_0;  1 drivers
v0x60e0f9f3bb90_0 .net "clk", 0 0, v0x60e0f9f3c710_0;  alias, 1 drivers
v0x60e0f9f3bc50_0 .net "cs", 0 0, v0x60e0f9f3c7b0_0;  alias, 1 drivers
v0x60e0f9f3bd20_0 .net "data_in", 15 0, v0x60e0f9f3d0c0_0;  1 drivers
v0x60e0f9f3bdc0_0 .var "data_out", 15 0;
v0x60e0f9f3beb0 .array "ram", 31 0, 15 0;
v0x60e0f9f3bf70_0 .net "we", 0 0, v0x60e0f9f3d260_0;  1 drivers
S_0x60e0f9f3c0f0 .scope module, "ROM" "rom" 2 17, 5 1 0, S_0x60e0f9f01dd0;
 .timescale 0 0;
    .port_info 0 /INPUT 1 "clk";
    .port_info 1 /INPUT 4 "addr";
    .port_info 2 /OUTPUT 8 "data_out";
v0x60e0f9f3c320_0 .net "addr", 3 0, v0x60e0f9f3cdc0_0;  1 drivers
v0x60e0f9f3c420_0 .net "clk", 0 0, v0x60e0f9f3c710_0;  alias, 1 drivers
v0x60e0f9f3c530_0 .var "data_out", 7 0;
v0x60e0f9f3c5d0 .array "rom", 15 0, 7 0;
    .scope S_0x60e0f9f3c0f0;
T_0 ;
    %pushi/vec4 0, 0, 8;
    %ix/load 4, 0, 0;
    %flag_set/imm 4, 0;
    %store/vec4a v0x60e0f9f3c5d0, 4, 0;
    %pushi/vec4 1, 0, 8;
    %ix/load 4, 1, 0;
    %flag_set/imm 4, 0;
    %store/vec4a v0x60e0f9f3c5d0, 4, 0;
    %pushi/vec4 1, 0, 8;
    %ix/load 4, 2, 0;
    %flag_set/imm 4, 0;
    %store/vec4a v0x60e0f9f3c5d0, 4, 0;
    %pushi/vec4 2, 0, 8;
    %ix/load 4, 3, 0;
    %flag_set/imm 4, 0;
    %store/vec4a v0x60e0f9f3c5d0, 4, 0;
    %pushi/vec4 3, 0, 8;
    %ix/load 4, 4, 0;
    %flag_set/imm 4, 0;
    %store/vec4a v0x60e0f9f3c5d0, 4, 0;
    %pushi/vec4 5, 0, 8;
    %ix/load 4, 5, 0;
    %flag_set/imm 4, 0;
    %store/vec4a v0x60e0f9f3c5d0, 4, 0;
    %pushi/vec4 8, 0, 8;
    %ix/load 4, 6, 0;
    %flag_set/imm 4, 0;
    %store/vec4a v0x60e0f9f3c5d0, 4, 0;
    %pushi/vec4 13, 0, 8;
    %ix/load 4, 7, 0;
    %flag_set/imm 4, 0;
    %store/vec4a v0x60e0f9f3c5d0, 4, 0;
    %pushi/vec4 21, 0, 8;
    %ix/load 4, 8, 0;
    %flag_set/imm 4, 0;
    %store/vec4a v0x60e0f9f3c5d0, 4, 0;
    %pushi/vec4 34, 0, 8;
    %ix/load 4, 9, 0;
    %flag_set/imm 4, 0;
    %store/vec4a v0x60e0f9f3c5d0, 4, 0;
    %pushi/vec4 55, 0, 8;
    %ix/load 4, 10, 0;
    %flag_set/imm 4, 0;
    %store/vec4a v0x60e0f9f3c5d0, 4, 0;
    %pushi/vec4 89, 0, 8;
    %ix/load 4, 11, 0;
    %flag_set/imm 4, 0;
    %store/vec4a v0x60e0f9f3c5d0, 4, 0;
    %pushi/vec4 144, 0, 8;
    %ix/load 4, 12, 0;
    %flag_set/imm 4, 0;
    %store/vec4a v0x60e0f9f3c5d0, 4, 0;
    %pushi/vec4 233, 0, 8;
    %ix/load 4, 13, 0;
    %flag_set/imm 4, 0;
    %store/vec4a v0x60e0f9f3c5d0, 4, 0;
    %pushi/vec4 121, 0, 8;
    %ix/load 4, 14, 0;
    %flag_set/imm 4, 0;
    %store/vec4a v0x60e0f9f3c5d0, 4, 0;
    %pushi/vec4 98, 0, 8;
    %ix/load 4, 15, 0;
    %flag_set/imm 4, 0;
    %store/vec4a v0x60e0f9f3c5d0, 4, 0;
    %end;
    .thread T_0;
    .scope S_0x60e0f9f3c0f0;
T_1 ;
    %wait E_0x60e0f9f104b0;
    %load/vec4 v0x60e0f9f3c320_0;
    %pad/u 6;
    %ix/vec4 4;
    %load/vec4a v0x60e0f9f3c5d0, 4;
    %assign/vec4 v0x60e0f9f3c530_0, 0;
    %jmp T_1;
    .thread T_1;
    .scope S_0x60e0f9f3b860;
T_2 ;
    %wait E_0x60e0f9f104b0;
    %load/vec4 v0x60e0f9f3bc50_0;
    %flag_set/vec4 8;
    %jmp/0xz  T_2.0, 8;
    %load/vec4 v0x60e0f9f3bf70_0;
    %flag_set/vec4 8;
    %jmp/0xz  T_2.2, 8;
    %load/vec4 v0x60e0f9f3bd20_0;
    %load/vec4 v0x60e0f9f3bab0_0;
    %pad/u 7;
    %ix/vec4 3;
    %ix/load 4, 0, 0; Constant delay
    %assign/vec4/a/d v0x60e0f9f3beb0, 0, 4;
    %load/vec4 v0x60e0f9f3bd20_0;
    %assign/vec4 v0x60e0f9f3bdc0_0, 0;
    %jmp T_2.3;
T_2.2 ;
    %load/vec4 v0x60e0f9f3bab0_0;
    %pad/u 7;
    %ix/vec4 4;
    %load/vec4a v0x60e0f9f3beb0, 4;
    %assign/vec4 v0x60e0f9f3bdc0_0, 0;
T_2.3 ;
T_2.0 ;
    %jmp T_2;
    .thread T_2;
    .scope S_0x60e0f9f01f60;
T_3 ;
    %wait E_0x60e0f9f104b0;
    %load/vec4 v0x60e0f9f3b230_0;
    %flag_set/vec4 8;
    %jmp/0xz  T_3.0, 8;
    %load/vec4 v0x60e0f9f3b6a0_0;
    %flag_set/vec4 8;
    %jmp/0xz  T_3.2, 8;
    %load/vec4 v0x60e0f9f3b500_0;
    %load/vec4 v0x60e0f9ef6a10_0;
    %pad/u 8;
    %ix/vec4 3;
    %ix/load 4, 0, 0; Constant delay
    %assign/vec4/a/d v0x60e0f9f3b5e0, 0, 4;
    %jmp T_3.3;
T_3.2 ;
    %load/vec4 v0x60e0f9ef6a10_0;
    %pad/u 8;
    %ix/vec4 4;
    %load/vec4a v0x60e0f9f3b5e0, 4;
    %assign/vec4 v0x60e0f9f3b2f0_0, 0;
T_3.3 ;
    %load/vec4 v0x60e0f9ef5f30_0;
    %pad/u 8;
    %ix/vec4 4;
    %load/vec4a v0x60e0f9f3b5e0, 4;
    %assign/vec4 v0x60e0f9f3b420_0, 0;
T_3.0 ;
    %jmp T_3;
    .thread T_3;
    .scope S_0x60e0f9f01dd0;
T_4 ;
    %pushi/vec4 1, 0, 1;
    %store/vec4 v0x60e0f9f3c7b0_0, 0, 1;
    %end;
    .thread T_4;
    .scope S_0x60e0f9f01dd0;
T_5 ;
    %pushi/vec4 0, 0, 1;
    %store/vec4 v0x60e0f9f3c710_0, 0, 1;
T_5.0 ;
    %delay 5000, 0;
    %load/vec4 v0x60e0f9f3c710_0;
    %inv;
    %store/vec4 v0x60e0f9f3c710_0, 0, 1;
    %jmp T_5.0;
    %end;
    .thread T_5;
    .scope S_0x60e0f9f01dd0;
T_6 ;
    %vpi_call 2 63 "$display", "\012========================================" {0 0 0};
    %vpi_call 2 64 "$display", "INICIO DA SIMULACAO" {0 0 0};
    %vpi_call 2 65 "$display", "========================================" {0 0 0};
    %pushi/vec4 0, 0, 4;
    %store/vec4 v0x60e0f9f3cdc0_0, 0, 4;
    %pushi/vec4 0, 0, 1;
    %store/vec4 v0x60e0f9f3d260_0, 0, 1;
    %pushi/vec4 0, 0, 5;
    %store/vec4 v0x60e0f9f3cff0_0, 0, 5;
    %pushi/vec4 0, 0, 16;
    %store/vec4 v0x60e0f9f3d0c0_0, 0, 16;
    %pushi/vec4 0, 0, 1;
    %store/vec4 v0x60e0f9f3ccf0_0, 0, 1;
    %pushi/vec4 0, 0, 6;
    %store/vec4 v0x60e0f9f3c990_0, 0, 6;
    %pushi/vec4 0, 0, 8;
    %store/vec4 v0x60e0f9f3cc20_0, 0, 8;
    %pushi/vec4 0, 0, 6;
    %store/vec4 v0x60e0f9f3c8c0_0, 0, 6;
    %delay 10000, 0;
    %vpi_call 2 82 "$display", "\012========================================" {0 0 0};
    %vpi_call 2 83 "$display", "TESTE ROM 16x8" {0 0 0};
    %vpi_call 2 84 "$display", "========================================" {0 0 0};
    %pushi/vec4 0, 0, 4;
    %store/vec4 v0x60e0f9f3cdc0_0, 0, 4;
    %delay 10000, 0;
    %pushi/vec4 1, 0, 4;
    %store/vec4 v0x60e0f9f3cdc0_0, 0, 4;
    %delay 10000, 0;
    %pushi/vec4 5, 0, 4;
    %store/vec4 v0x60e0f9f3cdc0_0, 0, 4;
    %delay 10000, 0;
    %pushi/vec4 10, 0, 4;
    %store/vec4 v0x60e0f9f3cdc0_0, 0, 4;
    %delay 10000, 0;
    %pushi/vec4 15, 0, 4;
    %store/vec4 v0x60e0f9f3cdc0_0, 0, 4;
    %delay 10000, 0;
    %vpi_call 2 101 "$display", "\012========================================" {0 0 0};
    %vpi_call 2 102 "$display", "TESTE RAM SINGLE PORT 32x16" {0 0 0};
    %vpi_call 2 103 "$display", "========================================" {0 0 0};
    %pushi/vec4 1, 0, 1;
    %store/vec4 v0x60e0f9f3d260_0, 0, 1;
    %pushi/vec4 3, 0, 5;
    %store/vec4 v0x60e0f9f3cff0_0, 0, 5;
    %pushi/vec4 100, 0, 16;
    %store/vec4 v0x60e0f9f3d0c0_0, 0, 16;
    %delay 10000, 0;
    %pushi/vec4 7, 0, 5;
    %store/vec4 v0x60e0f9f3cff0_0, 0, 5;
    %pushi/vec4 200, 0, 16;
    %store/vec4 v0x60e0f9f3d0c0_0, 0, 16;
    %delay 10000, 0;
    %pushi/vec4 10, 0, 5;
    %store/vec4 v0x60e0f9f3cff0_0, 0, 5;
    %pushi/vec4 300, 0, 16;
    %store/vec4 v0x60e0f9f3d0c0_0, 0, 16;
    %delay 10000, 0;
    %pushi/vec4 0, 0, 1;
    %store/vec4 v0x60e0f9f3d260_0, 0, 1;
    %pushi/vec4 3, 0, 5;
    %store/vec4 v0x60e0f9f3cff0_0, 0, 5;
    %delay 10000, 0;
    %pushi/vec4 7, 0, 5;
    %store/vec4 v0x60e0f9f3cff0_0, 0, 5;
    %delay 10000, 0;
    %pushi/vec4 10, 0, 5;
    %store/vec4 v0x60e0f9f3cff0_0, 0, 5;
    %delay 10000, 0;
    %pushi/vec4 3, 0, 5;
    %store/vec4 v0x60e0f9f3cff0_0, 0, 5;
    %delay 10000, 0;
    %vpi_call 2 140 "$display", "\012========================================" {0 0 0};
    %vpi_call 2 141 "$display", "TESTE RAM DUAL PORT 64x8" {0 0 0};
    %vpi_call 2 142 "$display", "========================================" {0 0 0};
    %pushi/vec4 1, 0, 1;
    %store/vec4 v0x60e0f9f3ccf0_0, 0, 1;
    %pushi/vec4 4, 0, 6;
    %store/vec4 v0x60e0f9f3c990_0, 0, 6;
    %pushi/vec4 50, 0, 8;
    %store/vec4 v0x60e0f9f3cc20_0, 0, 8;
    %delay 10000, 0;
    %pushi/vec4 8, 0, 6;
    %store/vec4 v0x60e0f9f3c990_0, 0, 6;
    %pushi/vec4 100, 0, 8;
    %store/vec4 v0x60e0f9f3cc20_0, 0, 8;
    %delay 10000, 0;
    %pushi/vec4 12, 0, 6;
    %store/vec4 v0x60e0f9f3c990_0, 0, 6;
    %pushi/vec4 150, 0, 8;
    %store/vec4 v0x60e0f9f3cc20_0, 0, 8;
    %delay 10000, 0;
    %pushi/vec4 0, 0, 1;
    %store/vec4 v0x60e0f9f3ccf0_0, 0, 1;
    %pushi/vec4 4, 0, 6;
    %store/vec4 v0x60e0f9f3c8c0_0, 0, 6;
    %delay 10000, 0;
    %pushi/vec4 8, 0, 6;
    %store/vec4 v0x60e0f9f3c8c0_0, 0, 6;
    %delay 10000, 0;
    %pushi/vec4 12, 0, 6;
    %store/vec4 v0x60e0f9f3c8c0_0, 0, 6;
    %delay 10000, 0;
    %pushi/vec4 1, 0, 1;
    %store/vec4 v0x60e0f9f3ccf0_0, 0, 1;
    %pushi/vec4 20, 0, 6;
    %store/vec4 v0x60e0f9f3c990_0, 0, 6;
    %pushi/vec4 77, 0, 8;
    %store/vec4 v0x60e0f9f3cc20_0, 0, 8;
    %pushi/vec4 8, 0, 6;
    %store/vec4 v0x60e0f9f3c8c0_0, 0, 6;
    %delay 10000, 0;
    %pushi/vec4 0, 0, 1;
    %store/vec4 v0x60e0f9f3ccf0_0, 0, 1;
    %pushi/vec4 20, 0, 6;
    %store/vec4 v0x60e0f9f3c8c0_0, 0, 6;
    %delay 10000, 0;
    %vpi_call 2 188 "$display", "\012========================================" {0 0 0};
    %vpi_call 2 189 "$display", "FIM DA SIMULACAO" {0 0 0};
    %vpi_call 2 190 "$display", "========================================" {0 0 0};
    %delay 20000, 0;
    %vpi_call 2 193 "$finish" {0 0 0};
    %end;
    .thread T_6;
    .scope S_0x60e0f9f01dd0;
T_7 ;
    %vpi_call 2 198 "$monitor", "\012Tempo=%0t\012ROM -> addr=%d data=%d\012SP_RAM -> we=%b addr=%d in=%d out=%d\012DP_RAM -> we=%b addrA=%d inA=%d addrB=%d outB=%d\012", $time, v0x60e0f9f3cdc0_0, v0x60e0f9f3cf20_0, v0x60e0f9f3d260_0, v0x60e0f9f3cff0_0, v0x60e0f9f3d0c0_0, v0x60e0f9f3d190_0, v0x60e0f9f3ccf0_0, v0x60e0f9f3c990_0, v0x60e0f9f3cc20_0, v0x60e0f9f3c8c0_0, v0x60e0f9f3ca60_0 {0 0 0};
    %end;
    .thread T_7;
    .scope S_0x60e0f9f01dd0;
T_8 ;
    %vpi_call 2 219 "$dumpfile", "wave.vcd" {0 0 0};
    %vpi_call 2 220 "$dumpvars", 32'sb00000000000000000000000000000000, S_0x60e0f9f01dd0 {0 0 0};
    %end;
    .thread T_8;
# The file index is used to find the file name in the following table.
:file_names 6;
    "N/A";
    "<interactive>";
    "memory_tb.v";
    "ram_dual.v";
    "ram_single.v";
    "rom.v";
