============================================================
  Generated by:           Genus(TM) Synthesis Solution 25.12-s067_1
  Generated on:           Aug 21 2026  06:37:06 pm
  Module:                 top
  Operating conditions:   PVT_0P9V_125C (balanced_tree)
  Wireload mode:          enclosed
  Area mode:              timing library
============================================================


Path 1: MET (13195 ps) Late External Delay Assertion at pin cpu_rdy
          Group: clk
     Startpoint: (R) fsm_state_reg[1]/CK
          Clock: (R) clk
       Endpoint: (R) cpu_rdy
          Clock: (R) clk

                     Capture       Launch     
        Clock Edge:+   30000            0     
       Src Latency:+       0            0     
       Net Latency:+       0 (I)        0 (I) 
           Arrival:=   30000            0     
                                              
      Output Delay:-   15000                  
     Required Time:=   15000                  
      Launch Clock:-       0                  
         Data Path:-    1805                  
             Slack:=   13195                  

Exceptions/Constraints:
  output_delay            15000            constraints_top_base_line_6_46_1   

#--------------------------------------------------------------------------------------------
#    Timing Point     Flags   Arc   Edge   Cell     Fanout Load Trans Delay Arrival Instance 
#                                                          (fF)  (ps)  (ps)   (ps)  Location 
#--------------------------------------------------------------------------------------------
  fsm_state_reg[1]/CK -       -     R     (arrival)   4139    -  3000     0       0    (-,-) 
  fsm_state_reg[1]/Q  -       CK->Q R     SDFFSRX1       3  0.8    29  1697    1697    (-,-) 
  g44138/Y            -       A->Y  F     NAND2X1        2  0.4    58    65    1762    (-,-) 
  g44136/Y            -       A->Y  R     INVXL          1  0.0    16    43    1805    (-,-) 
  cpu_rdy             <<<     -     R     (port)         -    -     -     0    1805    (-,-) 
#--------------------------------------------------------------------------------------------

