============================================================
  Generated by:           Genus(TM) Synthesis Solution 25.12-s067_1
  Generated on:           Aug 21 2026  06:37:06 pm
  Module:                 top
  Operating conditions:   PVT_0P9V_125C (balanced_tree)
  Wireload mode:          enclosed
  Area mode:              timing library
============================================================

Timing
--------

Clock  Period 
--------------
clk   30000.0 


  Cost    Critical         Violating 
 Group   Path Slack  TNS     Paths   
-------------------------------------
clk         13194.9   0.0          0 
default    No paths   0.0            
-------------------------------------
Total                 0.0          0 

Instance Count
--------------
Leaf Instance Count             12066 
Physical Instance count             0 
Sequential Instance Count        4139 
Combinational Instance Count     7927 
Hierarchical Instance Count         0 

Area
----
Cell Area                          48262.698
Physical Cell Area                 0.000
Total Cell Area (Cell+Physical)    48262.698
Net Area                           0.000
Total Area (Cell+Physical+Net)     48262.698

Max Fanout                         4139 (clk)
Min Fanout                         0 (n_95)
Average Fanout                     3.5
Terms to net ratio                 4.4596
Terms to instance ratio            4.5128
Runtime                            225.99026700000002 seconds
Elapsed Runtime                    233 seconds
Genus peak memory usage            2542.02 
Innovus peak memory usage          no_value 
Hostname                           localhost
