#! /usr/bin/vvp
:ivl_version "12.0 (stable)";
:ivl_delay_selection "TYPICAL";
:vpi_time_precision - 12;
:vpi_module "/usr/lib/x86_64-linux-gnu/ivl/system.vpi";
:vpi_module "/usr/lib/x86_64-linux-gnu/ivl/vhdl_sys.vpi";
:vpi_module "/usr/lib/x86_64-linux-gnu/ivl/vhdl_textio.vpi";
:vpi_module "/usr/lib/x86_64-linux-gnu/ivl/v2005_math.vpi";
:vpi_module "/usr/lib/x86_64-linux-gnu/ivl/va_math.vpi";
S_0x5fd8b0079ea0 .scope module, "aFifo_TB" "aFifo_TB" 2 2;
 .timescale -9 -10;
P_0x5fd8b0058520 .param/l "ADDRESS_WIDTH" 0 2 4, +C4<00000000000000000000000000000100>;
P_0x5fd8b0058560 .param/l "DATA_WIDTH" 0 2 3, +C4<00000000000000000000000000001000>;
P_0x5fd8b00585a0 .param/l "FIFO_DEPTH" 0 2 5, +C4<000000000000000000000000000000010000>;
v0x5fd8b009f100_0 .var "Clear_in", 0 0;
v0x5fd8b009f1c0_0 .var "Data_in", 7 0;
v0x5fd8b009f2b0_0 .net "Data_out", 7 0, v0x5fd8b009d710_0;  1 drivers
v0x5fd8b009f3b0_0 .net "Empty_out", 0 0, v0x5fd8b009d890_0;  1 drivers
v0x5fd8b009f480_0 .net "Full_out", 0 0, v0x5fd8b009da60_0;  1 drivers
v0x5fd8b009f570_0 .var "RClk", 0 0;
v0x5fd8b009f660_0 .var "ReadEn_in", 0 0;
v0x5fd8b009f700_0 .var "Read_more_fast", 0 0;
v0x5fd8b009f7a0_0 .var "WClk", 0 0;
v0x5fd8b009f840_0 .var "WriteEn_in", 0 0;
v0x5fd8b009f8e0_0 .var/i "k", 31 0;
E_0x5fd8b005c320 .event anyedge, v0x5fd8b009d890_0;
E_0x5fd8b0023fb0 .event anyedge, v0x5fd8b009da60_0;
S_0x5fd8b0059ff0 .scope module, "DUT" "aFifo" 2 23, 3 12 0, S_0x5fd8b0079ea0;
 .timescale -9 -12;
    .port_info 0 /OUTPUT 8 "Data_out";
    .port_info 1 /OUTPUT 1 "Empty_out";
    .port_info 2 /INPUT 1 "ReadEn_in";
    .port_info 3 /INPUT 1 "RClk";
    .port_info 4 /INPUT 8 "Data_in";
    .port_info 5 /OUTPUT 1 "Full_out";
    .port_info 6 /INPUT 1 "WriteEn_in";
    .port_info 7 /INPUT 1 "WClk";
    .port_info 8 /INPUT 1 "Clear_in";
P_0x5fd8b0055e40 .param/l "ADDRESS_WIDTH" 0 3 14, +C4<00000000000000000000000000000100>;
P_0x5fd8b0055e80 .param/l "DATA_WIDTH" 0 3 13, +C4<00000000000000000000000000001000>;
P_0x5fd8b0055ec0 .param/l "FIFO_DEPTH" 0 3 15, +C4<000000000000000000000000000000010000>;
L_0x5fd8b0078690 .functor NOT 1, v0x5fd8b009da60_0, C4<0>, C4<0>, C4<0>;
L_0x5fd8b0078b60 .functor AND 1, v0x5fd8b009f840_0, L_0x5fd8b0078690, C4<1>, C4<1>;
L_0x5fd8b0079490 .functor NOT 1, v0x5fd8b009d890_0, C4<0>, C4<0>, C4<0>;
L_0x5fd8b0079990 .functor AND 1, v0x5fd8b009f660_0, L_0x5fd8b0079490, C4<1>, C4<1>;
L_0x5fd8b009fdf0 .functor NOT 1, L_0x5fd8b009fd50, C4<0>, C4<0>, C4<0>;
L_0x5fd8b009ffa0 .functor NOT 1, L_0x5fd8b009feb0, C4<0>, C4<0>, C4<0>;
v0x5fd8b009d520_0 .net "Clear_in", 0 0, v0x5fd8b009f100_0;  1 drivers
v0x5fd8b009d630_0 .net "Data_in", 7 0, v0x5fd8b009f1c0_0;  1 drivers
v0x5fd8b009d710_0 .var "Data_out", 7 0;
v0x5fd8b009d7d0_0 .net "Empty_next", 0 0, L_0x5fd8b009fc60;  1 drivers
v0x5fd8b009d890_0 .var "Empty_out", 0 0;
v0x5fd8b009d9a0_0 .net "Full_next", 0 0, L_0x5fd8b00a0300;  1 drivers
v0x5fd8b009da60_0 .var "Full_out", 0 0;
v0x5fd8b009db20 .array "Mem", 0 15, 7 0;
v0x5fd8b009dbe0_0 .net "NextReadAddressEn", 0 0, L_0x5fd8b0079990;  1 drivers
v0x5fd8b009dc80_0 .net "NextWriteAddressEn", 0 0, L_0x5fd8b0078b60;  1 drivers
v0x5fd8b009dd20_0 .var "Next_Read_addr_1", 4 0;
v0x5fd8b009ddc0_0 .var "Next_Read_addr_2", 4 0;
v0x5fd8b009dea0_0 .var "Next_Write_addr_1", 4 0;
v0x5fd8b009df80_0 .var "Next_Write_addr_2", 4 0;
v0x5fd8b009e060_0 .net "RClk", 0 0, v0x5fd8b009f570_0;  1 drivers
v0x5fd8b009e130_0 .net "ReadEn_in", 0 0, v0x5fd8b009f660_0;  1 drivers
v0x5fd8b009e1d0_0 .net "WClk", 0 0, v0x5fd8b009f7a0_0;  1 drivers
v0x5fd8b009e2a0_0 .net "WriteEn_in", 0 0, v0x5fd8b009f840_0;  1 drivers
v0x5fd8b009e340_0 .net *"_ivl_0", 0 0, L_0x5fd8b0078690;  1 drivers
v0x5fd8b009e420_0 .net *"_ivl_11", 0 0, L_0x5fd8b009fd50;  1 drivers
v0x5fd8b009e500_0 .net *"_ivl_12", 0 0, L_0x5fd8b009fdf0;  1 drivers
v0x5fd8b009e5e0_0 .net *"_ivl_15", 0 0, L_0x5fd8b009feb0;  1 drivers
v0x5fd8b009e6c0_0 .net *"_ivl_16", 0 0, L_0x5fd8b009ffa0;  1 drivers
v0x5fd8b009e7a0_0 .net *"_ivl_19", 2 0, L_0x5fd8b00a00a0;  1 drivers
v0x5fd8b009e880_0 .net *"_ivl_20", 4 0, L_0x5fd8b00a0170;  1 drivers
v0x5fd8b009e960_0 .net *"_ivl_4", 0 0, L_0x5fd8b0079490;  1 drivers
v0x5fd8b009ea40_0 .net "pNextWordToRead", 4 0, v0x5fd8b0078c80_0;  1 drivers
v0x5fd8b009eb30_0 .net "pNextWordToWrite", 4 0, v0x5fd8b009d2f0_0;  1 drivers
L_0x5fd8b009fc60 .cmp/eq 5, v0x5fd8b0078c80_0, v0x5fd8b009df80_0;
L_0x5fd8b009fd50 .part v0x5fd8b009ddc0_0, 4, 1;
L_0x5fd8b009feb0 .part v0x5fd8b009ddc0_0, 3, 1;
L_0x5fd8b00a00a0 .part v0x5fd8b009ddc0_0, 0, 3;
L_0x5fd8b00a0170 .concat [ 3 1 1 0], L_0x5fd8b00a00a0, L_0x5fd8b009ffa0, L_0x5fd8b009fdf0;
L_0x5fd8b00a0300 .cmp/eq 5, v0x5fd8b009d2f0_0, L_0x5fd8b00a0170;
S_0x5fd8b005e720 .scope module, "GrayCounter_pRd" "GrayCounter" 3 72, 4 1 0, S_0x5fd8b0059ff0;
 .timescale 0 0;
    .port_info 0 /OUTPUT 5 "GrayCount_out";
    .port_info 1 /INPUT 1 "Enable_in";
    .port_info 2 /INPUT 1 "Clear_in";
    .port_info 3 /INPUT 1 "clk";
P_0x5fd8b005e900 .param/l "COUNTER_WIDTH" 0 4 2, +C4<000000000000000000000000000000101>;
v0x5fd8b005a770_0 .var "BinaryCount", 4 0;
v0x5fd8b005acc0_0 .net "Clear_in", 0 0, v0x5fd8b009f100_0;  alias, 1 drivers
v0x5fd8b00787b0_0 .net "Enable_in", 0 0, L_0x5fd8b0079990;  alias, 1 drivers
v0x5fd8b0078c80_0 .var "GrayCount_out", 4 0;
v0x5fd8b00795b0_0 .net "clk", 0 0, v0x5fd8b009f570_0;  alias, 1 drivers
E_0x5fd8b0023cc0 .event posedge, v0x5fd8b00795b0_0;
S_0x5fd8b009ce40 .scope module, "GrayCounter_pWr" "GrayCounter" 3 61, 4 1 0, S_0x5fd8b0059ff0;
 .timescale 0 0;
    .port_info 0 /OUTPUT 5 "GrayCount_out";
    .port_info 1 /INPUT 1 "Enable_in";
    .port_info 2 /INPUT 1 "Clear_in";
    .port_info 3 /INPUT 1 "clk";
P_0x5fd8b009d040 .param/l "COUNTER_WIDTH" 0 4 2, +C4<000000000000000000000000000000101>;
v0x5fd8b0079ab0_0 .var "BinaryCount", 4 0;
v0x5fd8b009d160_0 .net "Clear_in", 0 0, v0x5fd8b009f100_0;  alias, 1 drivers
v0x5fd8b009d220_0 .net "Enable_in", 0 0, L_0x5fd8b0078b60;  alias, 1 drivers
v0x5fd8b009d2f0_0 .var "GrayCount_out", 4 0;
v0x5fd8b009d390_0 .net "clk", 0 0, v0x5fd8b009f7a0_0;  alias, 1 drivers
E_0x5fd8b005c580 .event posedge, v0x5fd8b009d390_0;
S_0x5fd8b009ed00 .scope autotask, "test_concurrent" "test_concurrent" 2 124, 2 124 0, S_0x5fd8b0079ea0;
 .timescale -9 -10;
v0x5fd8b009ef20_0 .var/i "read_count", 31 0;
v0x5fd8b009f020_0 .var/i "write_count", 31 0;
E_0x5fd8b00471d0 .event posedge, v0x5fd8b00795b0_0, v0x5fd8b009d390_0;
TD_aFifo_TB.test_concurrent ;
    %pushi/vec4 0, 0, 32;
    %store/vec4 v0x5fd8b009f020_0, 0, 32;
    %pushi/vec4 0, 0, 32;
    %store/vec4 v0x5fd8b009ef20_0, 0, 32;
    %pushi/vec4 0, 0, 1;
    %store/vec4 v0x5fd8b009f840_0, 0, 1;
    %pushi/vec4 0, 0, 1;
    %store/vec4 v0x5fd8b009f660_0, 0, 1;
T_0.0 ;
    %load/vec4 v0x5fd8b009f020_0;
    %cmpi/s 200, 0, 32;
    %jmp/1 T_0.2, 5;
    %flag_mov 8, 5;
    %load/vec4 v0x5fd8b009ef20_0;
    %cmpi/s 200, 0, 32;
    %flag_or 5, 8;
T_0.2;
    %jmp/0xz T_0.1, 5;
    %wait E_0x5fd8b00471d0;
    %load/vec4 v0x5fd8b009f7a0_0;
    %flag_set/vec4 9;
    %flag_get/vec4 9;
    %jmp/0 T_0.5, 9;
    %load/vec4 v0x5fd8b009f020_0;
    %cmpi/s 200, 0, 32;
    %flag_get/vec4 5;
    %and;
T_0.5;
    %flag_set/vec4 8;
    %jmp/0xz  T_0.3, 8;
    %load/vec4 v0x5fd8b009f480_0;
    %nor/r;
    %flag_set/vec4 8;
    %jmp/0xz  T_0.6, 8;
    %load/vec4 v0x5fd8b009f020_0;
    %pad/s 8;
    %store/vec4 v0x5fd8b009f1c0_0, 0, 8;
    %pushi/vec4 1, 0, 1;
    %store/vec4 v0x5fd8b009f840_0, 0, 1;
    %load/vec4 v0x5fd8b009f020_0;
    %addi 1, 0, 32;
    %store/vec4 v0x5fd8b009f020_0, 0, 32;
    %vpi_call 2 158 "$display", "[WRITE] t=%0t Data=%0d Count=%0d", $time, v0x5fd8b009f1c0_0, v0x5fd8b009f020_0 {0 0 0};
T_0.6 ;
T_0.3 ;
    %load/vec4 v0x5fd8b009f570_0;
    %flag_set/vec4 9;
    %flag_get/vec4 9;
    %jmp/0 T_0.10, 9;
    %load/vec4 v0x5fd8b009ef20_0;
    %cmpi/s 200, 0, 32;
    %flag_get/vec4 5;
    %and;
T_0.10;
    %flag_set/vec4 8;
    %jmp/0xz  T_0.8, 8;
    %load/vec4 v0x5fd8b009f3b0_0;
    %nor/r;
    %flag_set/vec4 8;
    %jmp/0xz  T_0.11, 8;
    %pushi/vec4 1, 0, 1;
    %store/vec4 v0x5fd8b009f660_0, 0, 1;
    %load/vec4 v0x5fd8b009ef20_0;
    %addi 1, 0, 32;
    %store/vec4 v0x5fd8b009ef20_0, 0, 32;
    %vpi_call 2 182 "$display", "[READ] t=%0t Data=%0d Count=%0d", $time, v0x5fd8b009f2b0_0, v0x5fd8b009ef20_0 {0 0 0};
T_0.11 ;
T_0.8 ;
    %delay 1000, 0;
    %pushi/vec4 0, 0, 1;
    %store/vec4 v0x5fd8b009f840_0, 0, 1;
    %pushi/vec4 0, 0, 1;
    %store/vec4 v0x5fd8b009f660_0, 0, 1;
    %jmp T_0.0;
T_0.1 ;
    %vpi_call 2 205 "$display", "\000" {0 0 0};
    %vpi_call 2 206 "$display", "======================================" {0 0 0};
    %vpi_call 2 207 "$display", " TESTE CONCORRENTE FINALIZADO" {0 0 0};
    %vpi_call 2 208 "$display", " Escritas aceitas = %0d", v0x5fd8b009f020_0 {0 0 0};
    %vpi_call 2 209 "$display", " Leituras aceitas  = %0d", v0x5fd8b009ef20_0 {0 0 0};
    %vpi_call 2 210 "$display", "======================================" {0 0 0};
    %end;
    .scope S_0x5fd8b009ce40;
T_1 ;
    %wait E_0x5fd8b005c580;
    %load/vec4 v0x5fd8b009d160_0;
    %flag_set/vec4 8;
    %jmp/0xz  T_1.0, 8;
    %pushi/vec4 1, 0, 5;
    %assign/vec4 v0x5fd8b0079ab0_0, 0;
    %pushi/vec4 0, 0, 5;
    %assign/vec4 v0x5fd8b009d2f0_0, 0;
    %jmp T_1.1;
T_1.0 ;
    %load/vec4 v0x5fd8b009d220_0;
    %flag_set/vec4 8;
    %jmp/0xz  T_1.2, 8;
    %load/vec4 v0x5fd8b0079ab0_0;
    %addi 1, 0, 5;
    %assign/vec4 v0x5fd8b0079ab0_0, 0;
    %load/vec4 v0x5fd8b0079ab0_0;
    %parti/s 1, 4, 4;
    %load/vec4 v0x5fd8b0079ab0_0;
    %parti/s 4, 0, 2;
    %load/vec4 v0x5fd8b0079ab0_0;
    %parti/s 4, 1, 2;
    %xor;
    %concat/vec4; draw_concat_vec4
    %assign/vec4 v0x5fd8b009d2f0_0, 0;
T_1.2 ;
T_1.1 ;
    %jmp T_1;
    .thread T_1;
    .scope S_0x5fd8b005e720;
T_2 ;
    %wait E_0x5fd8b0023cc0;
    %load/vec4 v0x5fd8b005acc0_0;
    %flag_set/vec4 8;
    %jmp/0xz  T_2.0, 8;
    %pushi/vec4 1, 0, 5;
    %assign/vec4 v0x5fd8b005a770_0, 0;
    %pushi/vec4 0, 0, 5;
    %assign/vec4 v0x5fd8b0078c80_0, 0;
    %jmp T_2.1;
T_2.0 ;
    %load/vec4 v0x5fd8b00787b0_0;
    %flag_set/vec4 8;
    %jmp/0xz  T_2.2, 8;
    %load/vec4 v0x5fd8b005a770_0;
    %addi 1, 0, 5;
    %assign/vec4 v0x5fd8b005a770_0, 0;
    %load/vec4 v0x5fd8b005a770_0;
    %parti/s 1, 4, 4;
    %load/vec4 v0x5fd8b005a770_0;
    %parti/s 4, 0, 2;
    %load/vec4 v0x5fd8b005a770_0;
    %parti/s 4, 1, 2;
    %xor;
    %concat/vec4; draw_concat_vec4
    %assign/vec4 v0x5fd8b0078c80_0, 0;
T_2.2 ;
T_2.1 ;
    %jmp T_2;
    .thread T_2;
    .scope S_0x5fd8b0059ff0;
T_3 ;
    %wait E_0x5fd8b0023cc0;
    %load/vec4 v0x5fd8b009e130_0;
    %load/vec4 v0x5fd8b009d890_0;
    %nor/r;
    %and;
    %flag_set/vec4 8;
    %jmp/0xz  T_3.0, 8;
    %load/vec4 v0x5fd8b009ea40_0;
    %pad/u 6;
    %ix/vec4 4;
    %load/vec4a v0x5fd8b009db20, 4;
    %assign/vec4 v0x5fd8b009d710_0, 0;
T_3.0 ;
    %jmp T_3;
    .thread T_3;
    .scope S_0x5fd8b0059ff0;
T_4 ;
    %wait E_0x5fd8b005c580;
    %load/vec4 v0x5fd8b009e2a0_0;
    %load/vec4 v0x5fd8b009da60_0;
    %nor/r;
    %and;
    %flag_set/vec4 8;
    %jmp/0xz  T_4.0, 8;
    %load/vec4 v0x5fd8b009d630_0;
    %load/vec4 v0x5fd8b009eb30_0;
    %pad/u 6;
    %ix/vec4 3;
    %ix/load 4, 0, 0; Constant delay
    %assign/vec4/a/d v0x5fd8b009db20, 0, 4;
T_4.0 ;
    %jmp T_4;
    .thread T_4;
    .scope S_0x5fd8b0059ff0;
T_5 ;
    %wait E_0x5fd8b0023cc0;
    %load/vec4 v0x5fd8b009d520_0;
    %flag_set/vec4 8;
    %jmp/0xz  T_5.0, 8;
    %pushi/vec4 0, 0, 5;
    %assign/vec4 v0x5fd8b009dea0_0, 0;
    %pushi/vec4 0, 0, 5;
    %assign/vec4 v0x5fd8b009df80_0, 0;
    %jmp T_5.1;
T_5.0 ;
    %load/vec4 v0x5fd8b009eb30_0;
    %assign/vec4 v0x5fd8b009dea0_0, 0;
    %load/vec4 v0x5fd8b009dea0_0;
    %assign/vec4 v0x5fd8b009df80_0, 0;
T_5.1 ;
    %jmp T_5;
    .thread T_5;
    .scope S_0x5fd8b0059ff0;
T_6 ;
    %wait E_0x5fd8b0023cc0;
    %load/vec4 v0x5fd8b009d520_0;
    %flag_set/vec4 8;
    %jmp/0xz  T_6.0, 8;
    %pushi/vec4 1, 0, 1;
    %assign/vec4 v0x5fd8b009d890_0, 0;
    %jmp T_6.1;
T_6.0 ;
    %load/vec4 v0x5fd8b009d7d0_0;
    %assign/vec4 v0x5fd8b009d890_0, 0;
T_6.1 ;
    %jmp T_6;
    .thread T_6;
    .scope S_0x5fd8b0059ff0;
T_7 ;
    %wait E_0x5fd8b005c580;
    %load/vec4 v0x5fd8b009d520_0;
    %flag_set/vec4 8;
    %jmp/0xz  T_7.0, 8;
    %pushi/vec4 0, 0, 5;
    %assign/vec4 v0x5fd8b009dd20_0, 0;
    %pushi/vec4 0, 0, 5;
    %assign/vec4 v0x5fd8b009ddc0_0, 0;
    %jmp T_7.1;
T_7.0 ;
    %load/vec4 v0x5fd8b009ea40_0;
    %assign/vec4 v0x5fd8b009dd20_0, 0;
    %load/vec4 v0x5fd8b009dd20_0;
    %assign/vec4 v0x5fd8b009ddc0_0, 0;
T_7.1 ;
    %jmp T_7;
    .thread T_7;
    .scope S_0x5fd8b0059ff0;
T_8 ;
    %wait E_0x5fd8b005c580;
    %load/vec4 v0x5fd8b009d520_0;
    %flag_set/vec4 8;
    %jmp/0xz  T_8.0, 8;
    %pushi/vec4 0, 0, 1;
    %assign/vec4 v0x5fd8b009da60_0, 0;
    %jmp T_8.1;
T_8.0 ;
    %load/vec4 v0x5fd8b009d9a0_0;
    %assign/vec4 v0x5fd8b009da60_0, 0;
T_8.1 ;
    %jmp T_8;
    .thread T_8;
    .scope S_0x5fd8b0079ea0;
T_9 ;
    %vpi_call 2 36 "$dumpfile", "aFifo_TB.vcd" {0 0 0};
    %vpi_call 2 37 "$dumpvars", 32'sb00000000000000000000000000000000, S_0x5fd8b0079ea0 {0 0 0};
    %end;
    .thread T_9;
    .scope S_0x5fd8b0079ea0;
T_10 ;
    %load/vec4 v0x5fd8b009f700_0;
    %flag_set/vec4 8;
    %jmp/0xz  T_10.0, 8;
    %delay 23000, 0;
    %load/vec4 v0x5fd8b009f570_0;
    %inv;
    %store/vec4 v0x5fd8b009f570_0, 0, 1;
    %jmp T_10.1;
T_10.0 ;
    %delay 29000, 0;
    %load/vec4 v0x5fd8b009f570_0;
    %inv;
    %store/vec4 v0x5fd8b009f570_0, 0, 1;
T_10.1 ;
    %jmp T_10;
    .thread T_10;
    .scope S_0x5fd8b0079ea0;
T_11 ;
    %load/vec4 v0x5fd8b009f700_0;
    %flag_set/vec4 8;
    %jmp/0xz  T_11.0, 8;
    %delay 29000, 0;
    %load/vec4 v0x5fd8b009f7a0_0;
    %inv;
    %store/vec4 v0x5fd8b009f7a0_0, 0, 1;
    %jmp T_11.1;
T_11.0 ;
    %delay 23000, 0;
    %load/vec4 v0x5fd8b009f7a0_0;
    %inv;
    %store/vec4 v0x5fd8b009f7a0_0, 0, 1;
T_11.1 ;
    %jmp T_11;
    .thread T_11;
    .scope S_0x5fd8b0079ea0;
T_12 ;
    %pushi/vec4 0, 0, 1;
    %assign/vec4 v0x5fd8b009f7a0_0, 0;
    %pushi/vec4 0, 0, 1;
    %assign/vec4 v0x5fd8b009f570_0, 0;
    %pushi/vec4 0, 0, 1;
    %assign/vec4 v0x5fd8b009f660_0, 0;
    %pushi/vec4 0, 0, 1;
    %assign/vec4 v0x5fd8b009f840_0, 0;
    %pushi/vec4 0, 0, 1;
    %assign/vec4 v0x5fd8b009f100_0, 0;
    %pushi/vec4 0, 0, 8;
    %assign/vec4 v0x5fd8b009f1c0_0, 0;
    %pushi/vec4 1, 0, 1;
    %assign/vec4 v0x5fd8b009f700_0, 0;
    %delay 20000, 0;
    %pushi/vec4 1, 0, 1;
    %assign/vec4 v0x5fd8b009f100_0, 0;
    %delay 40000, 0;
    %pushi/vec4 0, 0, 1;
    %assign/vec4 v0x5fd8b009f100_0, 0;
    %delay 40000, 0;
    %pushi/vec4 1, 0, 1;
    %assign/vec4 v0x5fd8b009f840_0, 0;
T_12.0 ;
    %load/vec4 v0x5fd8b009f480_0;
    %pad/u 32;
    %pushi/vec4 1, 0, 32;
    %cmp/e;
    %flag_get/vec4 4;
    %cmpi/ne 1, 0, 1;
    %jmp/0xz T_12.1, 6;
    %wait E_0x5fd8b0023fb0;
    %jmp T_12.0;
T_12.1 ;
    %pushi/vec4 0, 0, 1;
    %assign/vec4 v0x5fd8b009f840_0, 0;
    %vpi_call 2 88 "$display", "t=%0t -> FIFO FULL", $time {0 0 0};
    %pushi/vec4 1, 0, 1;
    %assign/vec4 v0x5fd8b009f660_0, 0;
T_12.2 ;
    %load/vec4 v0x5fd8b009f3b0_0;
    %pad/u 32;
    %pushi/vec4 1, 0, 32;
    %cmp/e;
    %flag_get/vec4 4;
    %cmpi/ne 1, 0, 1;
    %jmp/0xz T_12.3, 6;
    %wait E_0x5fd8b005c320;
    %jmp T_12.2;
T_12.3 ;
    %pushi/vec4 0, 0, 1;
    %assign/vec4 v0x5fd8b009f660_0, 0;
    %vpi_call 2 101 "$display", "t=%0t -> FIFO EMPTY", $time {0 0 0};
    %delay 100000, 0;
    %alloc S_0x5fd8b009ed00;
    %fork TD_aFifo_TB.test_concurrent, S_0x5fd8b009ed00;
    %join;
    %free S_0x5fd8b009ed00;
    %pushi/vec4 1, 0, 1;
    %assign/vec4 v0x5fd8b009f700_0, 0;
    %delay 5000, 0;
    %alloc S_0x5fd8b009ed00;
    %fork TD_aFifo_TB.test_concurrent, S_0x5fd8b009ed00;
    %join;
    %free S_0x5fd8b009ed00;
    %vpi_call 2 109 "$finish" {0 0 0};
    %end;
    .thread T_12;
    .scope S_0x5fd8b0079ea0;
T_13 ;
    %pushi/vec4 0, 0, 1;
    %assign/vec4 v0x5fd8b009f100_0, 0;
    %delay 20000, 0;
    %pushi/vec4 1, 0, 1;
    %assign/vec4 v0x5fd8b009f100_0, 0;
    %delay 40000, 0;
    %pushi/vec4 0, 0, 1;
    %assign/vec4 v0x5fd8b009f100_0, 0;
    %end;
    .thread T_13;
    .scope S_0x5fd8b0079ea0;
T_14 ;
    %delay 65000, 0;
    %pushi/vec4 0, 0, 8;
    %assign/vec4 v0x5fd8b009f1c0_0, 0;
    %pushi/vec4 0, 0, 32;
    %store/vec4 v0x5fd8b009f8e0_0, 0, 32;
T_14.0 ;
    %load/vec4 v0x5fd8b009f8e0_0;
    %cmpi/s 32, 0, 32;
    %jmp/0xz T_14.1, 5;
    %delay 58000, 0;
    %load/vec4 v0x5fd8b009f8e0_0;
    %pad/s 8;
    %assign/vec4 v0x5fd8b009f1c0_0, 0;
    %load/vec4 v0x5fd8b009f8e0_0;
    %addi 1, 0, 32;
    %store/vec4 v0x5fd8b009f8e0_0, 0, 32;
    %jmp T_14.0;
T_14.1 ;
    %end;
    .thread T_14;
    .scope S_0x5fd8b0079ea0;
T_15 ;
    %delay 40000000, 0;
    %vpi_call 2 216 "$finish" {0 0 0};
    %end;
    .thread T_15;
# The file index is used to find the file name in the following table.
:file_names 5;
    "N/A";
    "<interactive>";
    "aFifo_TB.v";
    "aFifo.v";
    "GrayCounter.v";
