Cadence Genus(TM) Synthesis Solution.
Copyright 2025 Cadence Design Systems, Inc. All rights reserved worldwide.
Cadence and the Cadence logo are registered trademarks and Genus is a trademark
of Cadence Design Systems, Inc. in the United States and other countries.

[15:38:43.171969] Configured Lic search path (25.01-s002): 5280@ec2-44-229-184-69.us-west-2.compute.amazonaws.com

Version: 25.12-s067_1, built Mon Nov 17 08:10:10 PST 2025
Options: -log synth_flow.log -files ./genus_dft_script.tcl 
Date:    Sat Aug 22 15:38:43 2026
Host:    localhost.localdomain (x86_64 w/Linux 5.14.0-687.39.1.el9_8.x86_64) (8cores*16cpus*1physical cpu*AMD Ryzen 7 5700G with Radeon Graphics 512KB) (31967232KB)
PID:     20794
OS:      Rocky Linux 9.8 (Blue Onyx)

Checking out license: Genus_Synthesis
[15:38:46.126032] Periodic Lic check successful
[15:38:46.126041] Feature usage summary:
[15:38:46.126041] Genus_Synthesis  
License checkout complete (3 seconds elapsed).


***********************************************************************************************************
***********************************************************************************************************



Finished executable startup (9 seconds elapsed).

Loading tool scripts...
Finished loading tool scripts (12 seconds elapsed).

#@ Processing -files option
@genus:root: 1> source ./genus_dft_script.tcl
File './genus_dft_script.tcl' does not exist.
Encountered problems processing file: ./genus_dft_script.tcl
WARNING: This version of the tool is 278 days old.
@genus:root: 2> exit

Lic Summary:
[15:39:50.163083] Cdslmd servers: ip-10-0-0-94
[15:39:50.687378] Feature usage summary:
[15:39:50.687378] Genus_Synthesis  
Normal exit.