#! /usr/local/bin/vvp
:ivl_version "14.0 (devel)" "(s20251012-116-g98391b56b)";
:ivl_delay_selection "TYPICAL";
:vpi_time_precision - 12;
:vpi_module "/usr/local/lib/ivl/system.vpi";
:vpi_module "/usr/local/lib/ivl/vhdl_sys.vpi";
:vpi_module "/usr/local/lib/ivl/vhdl_textio.vpi";
:vpi_module "/usr/local/lib/ivl/v2005_math.vpi";
:vpi_module "/usr/local/lib/ivl/va_math.vpi";
S_0xc4ef50 .scope module, "counter_tb" "counter_tb" 2 3;
 .timescale -9 -12;
P_0xc89690 .param/l "COUNTER_WIDTH" 0 2 5, +C4<00000000000000000000000000010000>;
v0xc9ff40_0 .var "a_rst", 0 0;
v0xca0000_0 .var "clk", 0 0;
v0xca00d0_0 .net "counter_o", 15 0, v0xc9fa30_0;  1 drivers
v0xca01d0_0 .var "data_in", 15 0;
v0xca02a0_0 .var "enable", 0 0;
v0xca0390_0 .var "load", 0 0;
v0xca0460_0 .var "mode", 0 0;
S_0xc88c30 .scope module, "uut" "counter" 2 19, 3 1 0, S_0xc4ef50;
 .timescale 0 0;
    .port_info 0 /INPUT 1 "clk";
    .port_info 1 /INPUT 1 "a_rst";
    .port_info 2 /INPUT 1 "enable";
    .port_info 3 /INPUT 1 "load";
    .port_info 4 /INPUT 1 "mode";
    .port_info 5 /INPUT 16 "data_in";
    .port_info 6 /OUTPUT 16 "counter_o";
P_0xc88e10 .param/l "COUNTER_WIDTH" 0 3 3, +C4<00000000000000000000000000010000>;
v0xc88fc0_0 .net "a_rst", 0 0, v0xc9ff40_0;  1 drivers
v0xc9f970_0 .net "clk", 0 0, v0xca0000_0;  1 drivers
v0xc9fa30_0 .var "counter_o", 15 0;
v0xc9faf0_0 .net "data_in", 15 0, v0xca01d0_0;  1 drivers
v0xc9fbd0_0 .net "enable", 0 0, v0xca02a0_0;  1 drivers
v0xc9fce0_0 .net "load", 0 0, v0xca0390_0;  1 drivers
v0xc9fda0_0 .net "mode", 0 0, v0xca0460_0;  1 drivers
E_0xc861d0 .event posedge, v0xc88fc0_0, v0xc9f970_0;
    .scope S_0xc88c30;
T_0 ;
    %wait E_0xc861d0;
    %load/vec4 v0xc88fc0_0;
    %flag_set/vec4 8;
    %jmp/0xz  T_0.0, 8;
    %pushi/vec4 0, 0, 16;
    %assign/vec4 v0xc9fa30_0, 0;
    %jmp T_0.1;
T_0.0 ;
    %load/vec4 v0xc9fce0_0;
    %flag_set/vec4 8;
    %jmp/0xz  T_0.2, 8;
    %load/vec4 v0xc9faf0_0;
    %assign/vec4 v0xc9fa30_0, 0;
    %jmp T_0.3;
T_0.2 ;
    %load/vec4 v0xc9fbd0_0;
    %flag_set/vec4 8;
    %jmp/0xz  T_0.4, 8;
    %load/vec4 v0xc9fda0_0;
    %flag_set/vec4 8;
    %jmp/0 T_0.6, 8;
    %load/vec4 v0xc9fa30_0;
    %addi 1, 0, 16;
    %jmp/1 T_0.7, 8;
T_0.6 ; End of true expr.
    %load/vec4 v0xc9fa30_0;
    %subi 1, 0, 16;
    %jmp/0 T_0.7, 8;
 ; End of false expr.
    %blend;
T_0.7;
    %assign/vec4 v0xc9fa30_0, 0;
T_0.4 ;
T_0.3 ;
T_0.1 ;
    %jmp T_0;
    .thread T_0;
    .scope S_0xc4ef50;
T_1 ;
    %delay 5000, 0;
    %load/vec4 v0xca0000_0;
    %inv;
    %store/vec4 v0xca0000_0, 0, 1;
    %jmp T_1;
    .thread T_1;
    .scope S_0xc4ef50;
T_2 ;
    %vpi_call 2 34 "$dumpfile", "counter.vcd" {0 0 0};
    %vpi_call 2 35 "$dumpvars", 32'sb00000000000000000000000000000000, S_0xc4ef50 {0 0 0};
    %pushi/vec4 0, 0, 1;
    %store/vec4 v0xca0000_0, 0, 1;
    %pushi/vec4 1, 0, 1;
    %store/vec4 v0xc9ff40_0, 0, 1;
    %pushi/vec4 0, 0, 1;
    %store/vec4 v0xca02a0_0, 0, 1;
    %pushi/vec4 0, 0, 1;
    %store/vec4 v0xca0390_0, 0, 1;
    %pushi/vec4 0, 0, 1;
    %store/vec4 v0xca0460_0, 0, 1;
    %pushi/vec4 0, 0, 16;
    %store/vec4 v0xca01d0_0, 0, 16;
    %delay 10000, 0;
    %pushi/vec4 0, 0, 1;
    %store/vec4 v0xc9ff40_0, 0, 1;
    %delay 10000, 0;
    %pushi/vec4 1, 0, 1;
    %store/vec4 v0xca0390_0, 0, 1;
    %pushi/vec4 10, 0, 16;
    %store/vec4 v0xca01d0_0, 0, 16;
    %delay 10000, 0;
    %pushi/vec4 0, 0, 1;
    %store/vec4 v0xca0390_0, 0, 1;
    %pushi/vec4 1, 0, 1;
    %store/vec4 v0xca02a0_0, 0, 1;
    %pushi/vec4 1, 0, 1;
    %store/vec4 v0xca0460_0, 0, 1;
    %delay 50000, 0;
    %pushi/vec4 0, 0, 1;
    %store/vec4 v0xca0460_0, 0, 1;
    %delay 50000, 0;
    %pushi/vec4 0, 0, 1;
    %store/vec4 v0xca02a0_0, 0, 1;
    %delay 20000, 0;
    %pushi/vec4 1, 0, 1;
    %store/vec4 v0xca0390_0, 0, 1;
    %pushi/vec4 100, 0, 16;
    %store/vec4 v0xca01d0_0, 0, 16;
    %delay 10000, 0;
    %pushi/vec4 0, 0, 1;
    %store/vec4 v0xca0390_0, 0, 1;
    %pushi/vec4 1, 0, 1;
    %store/vec4 v0xca02a0_0, 0, 1;
    %pushi/vec4 1, 0, 1;
    %store/vec4 v0xca0460_0, 0, 1;
    %delay 50000, 0;
    %vpi_call 2 80 "$finish" {0 0 0};
    %end;
    .thread T_2;
# The file index is used to find the file name in the following table.
:file_names 4;
    "N/A";
    "<interactive>";
    "counter_tb.v";
    "counter.v";
