#! /usr/bin/vvp
:ivl_version "12.0 (stable)";
:ivl_delay_selection "TYPICAL";
:vpi_time_precision - 12;
:vpi_module "/usr/lib/x86_64-linux-gnu/ivl/system.vpi";
:vpi_module "/usr/lib/x86_64-linux-gnu/ivl/vhdl_sys.vpi";
:vpi_module "/usr/lib/x86_64-linux-gnu/ivl/vhdl_textio.vpi";
:vpi_module "/usr/lib/x86_64-linux-gnu/ivl/v2005_math.vpi";
:vpi_module "/usr/lib/x86_64-linux-gnu/ivl/va_math.vpi";
S_0x5c01edd55d40 .scope module, "tb_decoder_ram_4x1" "tb_decoder_ram_4x1" 2 3;
 .timescale -9 -12;
v0x5c01edd78680_0 .var "addr", 15 0;
v0x5c01edd78760_0 .var "clk", 0 0;
v0x5c01edd78890_0 .net "cs0", 0 0, L_0x5c01edd303f0;  1 drivers
v0x5c01edd78930_0 .net "cs1", 0 0, L_0x5c01edd2edf0;  1 drivers
v0x5c01edd789d0_0 .net "cs2", 0 0, L_0x5c01edd2d7f0;  1 drivers
v0x5c01edd78b10_0 .net "cs3", 0 0, L_0x5c01edd89d40;  1 drivers
v0x5c01edd78c00_0 .var "din", 7 0;
v0x5c01edd78d30_0 .net "dout0", 7 0, L_0x5c01edd89e80;  1 drivers
v0x5c01edd78dd0_0 .net "dout1", 7 0, L_0x5c01edd89f40;  1 drivers
v0x5c01edd78f00_0 .net "dout2", 7 0, L_0x5c01edd8a000;  1 drivers
v0x5c01edd78fa0_0 .net "dout3", 7 0, L_0x5c01edd8a0c0;  1 drivers
v0x5c01edd79040_0 .net "effective_addr", 9 0, L_0x5c01edd79210;  1 drivers
v0x5c01edd790e0_0 .var "we", 0 0;
S_0x5c01edcf9490 .scope module, "dut" "decoder_ram_4x1" 2 16, 3 1 0, S_0x5c01edd55d40;
 .timescale 0 0;
    .port_info 0 /INPUT 16 "addr";
    .port_info 1 /OUTPUT 10 "effective_addr";
    .port_info 2 /OUTPUT 1 "cs0";
    .port_info 3 /OUTPUT 1 "cs1";
    .port_info 4 /OUTPUT 1 "cs2";
    .port_info 5 /OUTPUT 1 "cs3";
L_0x5c01edd303f0 .functor AND 1, L_0x5c01edd89300, L_0x5c01edd893a0, C4<1>, C4<1>;
L_0x5c01edd2edf0 .functor AND 1, L_0x5c01edd89520, L_0x5c01edd89640, C4<1>, C4<1>;
L_0x5c01edd2d7f0 .functor AND 1, L_0x5c01edd89850, L_0x5c01edd89980, C4<1>, C4<1>;
L_0x5c01edd89d40 .functor AND 1, L_0x5c01edd89b10, L_0x5c01edd89c50, C4<1>, C4<1>;
L_0x7ae27b46e0a8 .functor BUFT 1, C4<0000100000000000>, C4<0>, C4<0>, C4<0>;
v0x5c01edd2ef10_0 .net/2u *"_ivl_12", 15 0, L_0x7ae27b46e0a8;  1 drivers
v0x5c01edd2d910_0 .net *"_ivl_14", 0 0, L_0x5c01edd89520;  1 drivers
L_0x7ae27b46e0f0 .functor BUFT 1, C4<0000101111111111>, C4<0>, C4<0>, C4<0>;
v0x5c01edd74a60_0 .net/2u *"_ivl_16", 15 0, L_0x7ae27b46e0f0;  1 drivers
v0x5c01edd74b20_0 .net *"_ivl_18", 0 0, L_0x5c01edd89640;  1 drivers
L_0x7ae27b46e018 .functor BUFT 1, C4<0000010000000000>, C4<0>, C4<0>, C4<0>;
v0x5c01edd74be0_0 .net/2u *"_ivl_2", 15 0, L_0x7ae27b46e018;  1 drivers
L_0x7ae27b46e138 .functor BUFT 1, C4<0000110000000000>, C4<0>, C4<0>, C4<0>;
v0x5c01edd74d10_0 .net/2u *"_ivl_22", 15 0, L_0x7ae27b46e138;  1 drivers
v0x5c01edd74df0_0 .net *"_ivl_24", 0 0, L_0x5c01edd89850;  1 drivers
L_0x7ae27b46e180 .functor BUFT 1, C4<0000111111111111>, C4<0>, C4<0>, C4<0>;
v0x5c01edd74eb0_0 .net/2u *"_ivl_26", 15 0, L_0x7ae27b46e180;  1 drivers
v0x5c01edd74f90_0 .net *"_ivl_28", 0 0, L_0x5c01edd89980;  1 drivers
L_0x7ae27b46e1c8 .functor BUFT 1, C4<0001000000000000>, C4<0>, C4<0>, C4<0>;
v0x5c01edd75050_0 .net/2u *"_ivl_32", 15 0, L_0x7ae27b46e1c8;  1 drivers
v0x5c01edd75130_0 .net *"_ivl_34", 0 0, L_0x5c01edd89b10;  1 drivers
L_0x7ae27b46e210 .functor BUFT 1, C4<0001001111111111>, C4<0>, C4<0>, C4<0>;
v0x5c01edd751f0_0 .net/2u *"_ivl_36", 15 0, L_0x7ae27b46e210;  1 drivers
v0x5c01edd752d0_0 .net *"_ivl_38", 0 0, L_0x5c01edd89c50;  1 drivers
v0x5c01edd75390_0 .net *"_ivl_4", 0 0, L_0x5c01edd89300;  1 drivers
L_0x7ae27b46e060 .functor BUFT 1, C4<0000011111111111>, C4<0>, C4<0>, C4<0>;
v0x5c01edd75450_0 .net/2u *"_ivl_6", 15 0, L_0x7ae27b46e060;  1 drivers
v0x5c01edd75530_0 .net *"_ivl_8", 0 0, L_0x5c01edd893a0;  1 drivers
v0x5c01edd755f0_0 .net "addr", 15 0, v0x5c01edd78680_0;  1 drivers
v0x5c01edd756d0_0 .net "cs0", 0 0, L_0x5c01edd303f0;  alias, 1 drivers
v0x5c01edd75790_0 .net "cs1", 0 0, L_0x5c01edd2edf0;  alias, 1 drivers
v0x5c01edd75850_0 .net "cs2", 0 0, L_0x5c01edd2d7f0;  alias, 1 drivers
v0x5c01edd75910_0 .net "cs3", 0 0, L_0x5c01edd89d40;  alias, 1 drivers
v0x5c01edd759d0_0 .net "effective_addr", 9 0, L_0x5c01edd79210;  alias, 1 drivers
L_0x5c01edd79210 .part v0x5c01edd78680_0, 0, 10;
L_0x5c01edd89300 .cmp/ge 16, v0x5c01edd78680_0, L_0x7ae27b46e018;
L_0x5c01edd893a0 .cmp/ge 16, L_0x7ae27b46e060, v0x5c01edd78680_0;
L_0x5c01edd89520 .cmp/ge 16, v0x5c01edd78680_0, L_0x7ae27b46e0a8;
L_0x5c01edd89640 .cmp/ge 16, L_0x7ae27b46e0f0, v0x5c01edd78680_0;
L_0x5c01edd89850 .cmp/ge 16, v0x5c01edd78680_0, L_0x7ae27b46e138;
L_0x5c01edd89980 .cmp/ge 16, L_0x7ae27b46e180, v0x5c01edd78680_0;
L_0x5c01edd89b10 .cmp/ge 16, v0x5c01edd78680_0, L_0x7ae27b46e1c8;
L_0x5c01edd89c50 .cmp/ge 16, L_0x7ae27b46e210, v0x5c01edd78680_0;
S_0x5c01edd75b70 .scope module, "ram0" "single_port_ram" 2 30, 4 1 0, S_0x5c01edd55d40;
 .timescale 0 0;
    .port_info 0 /INPUT 1 "clk";
    .port_info 1 /INPUT 1 "we";
    .port_info 2 /INPUT 1 "cs";
    .port_info 3 /INPUT 10 "addr";
    .port_info 4 /INPUT 8 "din";
    .port_info 5 /OUTPUT 8 "dout";
L_0x5c01edd89e80 .functor BUFZ 8, v0x5c01edd76370_0, C4<00000000>, C4<00000000>, C4<00000000>;
v0x5c01edd75de0_0 .net "addr", 9 0, L_0x5c01edd79210;  alias, 1 drivers
v0x5c01edd75ec0_0 .net "clk", 0 0, v0x5c01edd78760_0;  1 drivers
v0x5c01edd75f60_0 .net "cs", 0 0, L_0x5c01edd303f0;  alias, 1 drivers
v0x5c01edd76000_0 .net "din", 7 0, v0x5c01edd78c00_0;  1 drivers
v0x5c01edd760a0_0 .net "dout", 7 0, L_0x5c01edd89e80;  alias, 1 drivers
v0x5c01edd761d0_0 .var/i "i", 31 0;
v0x5c01edd762b0 .array "mem", 1023 0, 7 0;
v0x5c01edd76370_0 .var "saida", 7 0;
v0x5c01edd76450_0 .net "we", 0 0, v0x5c01edd790e0_0;  1 drivers
E_0x5c01edd37000 .event posedge, v0x5c01edd75ec0_0;
S_0x5c01edd765d0 .scope module, "ram1" "single_port_ram" 2 39, 4 1 0, S_0x5c01edd55d40;
 .timescale 0 0;
    .port_info 0 /INPUT 1 "clk";
    .port_info 1 /INPUT 1 "we";
    .port_info 2 /INPUT 1 "cs";
    .port_info 3 /INPUT 10 "addr";
    .port_info 4 /INPUT 8 "din";
    .port_info 5 /OUTPUT 8 "dout";
L_0x5c01edd89f40 .functor BUFZ 8, v0x5c01edd76d90_0, C4<00000000>, C4<00000000>, C4<00000000>;
v0x5c01edd76800_0 .net "addr", 9 0, L_0x5c01edd79210;  alias, 1 drivers
v0x5c01edd76910_0 .net "clk", 0 0, v0x5c01edd78760_0;  alias, 1 drivers
v0x5c01edd769d0_0 .net "cs", 0 0, L_0x5c01edd2edf0;  alias, 1 drivers
v0x5c01edd76a70_0 .net "din", 7 0, v0x5c01edd78c00_0;  alias, 1 drivers
v0x5c01edd76b40_0 .net "dout", 7 0, L_0x5c01edd89f40;  alias, 1 drivers
v0x5c01edd76c30_0 .var/i "i", 31 0;
v0x5c01edd76cd0 .array "mem", 1023 0, 7 0;
v0x5c01edd76d90_0 .var "saida", 7 0;
v0x5c01edd76e70_0 .net "we", 0 0, v0x5c01edd790e0_0;  alias, 1 drivers
S_0x5c01edd76fb0 .scope module, "ram2" "single_port_ram" 2 48, 4 1 0, S_0x5c01edd55d40;
 .timescale 0 0;
    .port_info 0 /INPUT 1 "clk";
    .port_info 1 /INPUT 1 "we";
    .port_info 2 /INPUT 1 "cs";
    .port_info 3 /INPUT 10 "addr";
    .port_info 4 /INPUT 8 "din";
    .port_info 5 /OUTPUT 8 "dout";
L_0x5c01edd8a000 .functor BUFZ 8, v0x5c01edd77820_0, C4<00000000>, C4<00000000>, C4<00000000>;
v0x5c01edd771e0_0 .net "addr", 9 0, L_0x5c01edd79210;  alias, 1 drivers
v0x5c01edd772c0_0 .net "clk", 0 0, v0x5c01edd78760_0;  alias, 1 drivers
v0x5c01edd773d0_0 .net "cs", 0 0, L_0x5c01edd2d7f0;  alias, 1 drivers
v0x5c01edd774a0_0 .net "din", 7 0, v0x5c01edd78c00_0;  alias, 1 drivers
v0x5c01edd77590_0 .net "dout", 7 0, L_0x5c01edd8a000;  alias, 1 drivers
v0x5c01edd77680_0 .var/i "i", 31 0;
v0x5c01edd77760 .array "mem", 1023 0, 7 0;
v0x5c01edd77820_0 .var "saida", 7 0;
v0x5c01edd77900_0 .net "we", 0 0, v0x5c01edd790e0_0;  alias, 1 drivers
S_0x5c01edd77af0 .scope module, "ram3" "single_port_ram" 2 57, 4 1 0, S_0x5c01edd55d40;
 .timescale 0 0;
    .port_info 0 /INPUT 1 "clk";
    .port_info 1 /INPUT 1 "we";
    .port_info 2 /INPUT 1 "cs";
    .port_info 3 /INPUT 10 "addr";
    .port_info 4 /INPUT 8 "din";
    .port_info 5 /OUTPUT 8 "dout";
L_0x5c01edd8a0c0 .functor BUFZ 8, v0x5c01edd78370_0, C4<00000000>, C4<00000000>, C4<00000000>;
v0x5c01edd77dc0_0 .net "addr", 9 0, L_0x5c01edd79210;  alias, 1 drivers
v0x5c01edd77f30_0 .net "clk", 0 0, v0x5c01edd78760_0;  alias, 1 drivers
v0x5c01edd77ff0_0 .net "cs", 0 0, L_0x5c01edd89d40;  alias, 1 drivers
v0x5c01edd78090_0 .net "din", 7 0, v0x5c01edd78c00_0;  alias, 1 drivers
v0x5c01edd78130_0 .net "dout", 7 0, L_0x5c01edd8a0c0;  alias, 1 drivers
v0x5c01edd781d0_0 .var/i "i", 31 0;
v0x5c01edd782b0 .array "mem", 1023 0, 7 0;
v0x5c01edd78370_0 .var "saida", 7 0;
v0x5c01edd78450_0 .net "we", 0 0, v0x5c01edd790e0_0;  alias, 1 drivers
    .scope S_0x5c01edd75b70;
T_0 ;
    %pushi/vec4 0, 0, 8;
    %store/vec4 v0x5c01edd76370_0, 0, 8;
    %pushi/vec4 0, 0, 32;
    %store/vec4 v0x5c01edd761d0_0, 0, 32;
T_0.0 ;
    %load/vec4 v0x5c01edd761d0_0;
    %cmpi/s 1024, 0, 32;
    %jmp/0xz T_0.1, 5;
    %pushi/vec4 0, 0, 8;
    %ix/getv/s 4, v0x5c01edd761d0_0;
    %store/vec4a v0x5c01edd762b0, 4, 0;
    %load/vec4 v0x5c01edd761d0_0;
    %addi 1, 0, 32;
    %store/vec4 v0x5c01edd761d0_0, 0, 32;
    %jmp T_0.0;
T_0.1 ;
    %end;
    .thread T_0;
    .scope S_0x5c01edd75b70;
T_1 ;
    %wait E_0x5c01edd37000;
    %load/vec4 v0x5c01edd75f60_0;
    %flag_set/vec4 8;
    %jmp/0xz  T_1.0, 8;
    %load/vec4 v0x5c01edd76450_0;
    %flag_set/vec4 8;
    %jmp/0xz  T_1.2, 8;
    %load/vec4 v0x5c01edd76000_0;
    %load/vec4 v0x5c01edd75de0_0;
    %pad/u 12;
    %ix/vec4 3;
    %ix/load 4, 0, 0; Constant delay
    %assign/vec4/a/d v0x5c01edd762b0, 0, 4;
T_1.2 ;
    %load/vec4 v0x5c01edd75de0_0;
    %pad/u 12;
    %ix/vec4 4;
    %load/vec4a v0x5c01edd762b0, 4;
    %assign/vec4 v0x5c01edd76370_0, 0;
T_1.0 ;
    %jmp T_1;
    .thread T_1;
    .scope S_0x5c01edd765d0;
T_2 ;
    %pushi/vec4 0, 0, 8;
    %store/vec4 v0x5c01edd76d90_0, 0, 8;
    %pushi/vec4 0, 0, 32;
    %store/vec4 v0x5c01edd76c30_0, 0, 32;
T_2.0 ;
    %load/vec4 v0x5c01edd76c30_0;
    %cmpi/s 1024, 0, 32;
    %jmp/0xz T_2.1, 5;
    %pushi/vec4 0, 0, 8;
    %ix/getv/s 4, v0x5c01edd76c30_0;
    %store/vec4a v0x5c01edd76cd0, 4, 0;
    %load/vec4 v0x5c01edd76c30_0;
    %addi 1, 0, 32;
    %store/vec4 v0x5c01edd76c30_0, 0, 32;
    %jmp T_2.0;
T_2.1 ;
    %end;
    .thread T_2;
    .scope S_0x5c01edd765d0;
T_3 ;
    %wait E_0x5c01edd37000;
    %load/vec4 v0x5c01edd769d0_0;
    %flag_set/vec4 8;
    %jmp/0xz  T_3.0, 8;
    %load/vec4 v0x5c01edd76e70_0;
    %flag_set/vec4 8;
    %jmp/0xz  T_3.2, 8;
    %load/vec4 v0x5c01edd76a70_0;
    %load/vec4 v0x5c01edd76800_0;
    %pad/u 12;
    %ix/vec4 3;
    %ix/load 4, 0, 0; Constant delay
    %assign/vec4/a/d v0x5c01edd76cd0, 0, 4;
T_3.2 ;
    %load/vec4 v0x5c01edd76800_0;
    %pad/u 12;
    %ix/vec4 4;
    %load/vec4a v0x5c01edd76cd0, 4;
    %assign/vec4 v0x5c01edd76d90_0, 0;
T_3.0 ;
    %jmp T_3;
    .thread T_3;
    .scope S_0x5c01edd76fb0;
T_4 ;
    %pushi/vec4 0, 0, 8;
    %store/vec4 v0x5c01edd77820_0, 0, 8;
    %pushi/vec4 0, 0, 32;
    %store/vec4 v0x5c01edd77680_0, 0, 32;
T_4.0 ;
    %load/vec4 v0x5c01edd77680_0;
    %cmpi/s 1024, 0, 32;
    %jmp/0xz T_4.1, 5;
    %pushi/vec4 0, 0, 8;
    %ix/getv/s 4, v0x5c01edd77680_0;
    %store/vec4a v0x5c01edd77760, 4, 0;
    %load/vec4 v0x5c01edd77680_0;
    %addi 1, 0, 32;
    %store/vec4 v0x5c01edd77680_0, 0, 32;
    %jmp T_4.0;
T_4.1 ;
    %end;
    .thread T_4;
    .scope S_0x5c01edd76fb0;
T_5 ;
    %wait E_0x5c01edd37000;
    %load/vec4 v0x5c01edd773d0_0;
    %flag_set/vec4 8;
    %jmp/0xz  T_5.0, 8;
    %load/vec4 v0x5c01edd77900_0;
    %flag_set/vec4 8;
    %jmp/0xz  T_5.2, 8;
    %load/vec4 v0x5c01edd774a0_0;
    %load/vec4 v0x5c01edd771e0_0;
    %pad/u 12;
    %ix/vec4 3;
    %ix/load 4, 0, 0; Constant delay
    %assign/vec4/a/d v0x5c01edd77760, 0, 4;
T_5.2 ;
    %load/vec4 v0x5c01edd771e0_0;
    %pad/u 12;
    %ix/vec4 4;
    %load/vec4a v0x5c01edd77760, 4;
    %assign/vec4 v0x5c01edd77820_0, 0;
T_5.0 ;
    %jmp T_5;
    .thread T_5;
    .scope S_0x5c01edd77af0;
T_6 ;
    %pushi/vec4 0, 0, 8;
    %store/vec4 v0x5c01edd78370_0, 0, 8;
    %pushi/vec4 0, 0, 32;
    %store/vec4 v0x5c01edd781d0_0, 0, 32;
T_6.0 ;
    %load/vec4 v0x5c01edd781d0_0;
    %cmpi/s 1024, 0, 32;
    %jmp/0xz T_6.1, 5;
    %pushi/vec4 0, 0, 8;
    %ix/getv/s 4, v0x5c01edd781d0_0;
    %store/vec4a v0x5c01edd782b0, 4, 0;
    %load/vec4 v0x5c01edd781d0_0;
    %addi 1, 0, 32;
    %store/vec4 v0x5c01edd781d0_0, 0, 32;
    %jmp T_6.0;
T_6.1 ;
    %end;
    .thread T_6;
    .scope S_0x5c01edd77af0;
T_7 ;
    %wait E_0x5c01edd37000;
    %load/vec4 v0x5c01edd77ff0_0;
    %flag_set/vec4 8;
    %jmp/0xz  T_7.0, 8;
    %load/vec4 v0x5c01edd78450_0;
    %flag_set/vec4 8;
    %jmp/0xz  T_7.2, 8;
    %load/vec4 v0x5c01edd78090_0;
    %load/vec4 v0x5c01edd77dc0_0;
    %pad/u 12;
    %ix/vec4 3;
    %ix/load 4, 0, 0; Constant delay
    %assign/vec4/a/d v0x5c01edd782b0, 0, 4;
T_7.2 ;
    %load/vec4 v0x5c01edd77dc0_0;
    %pad/u 12;
    %ix/vec4 4;
    %load/vec4a v0x5c01edd782b0, 4;
    %assign/vec4 v0x5c01edd78370_0, 0;
T_7.0 ;
    %jmp T_7;
    .thread T_7;
    .scope S_0x5c01edd55d40;
T_8 ;
    %delay 5000, 0;
    %load/vec4 v0x5c01edd78760_0;
    %inv;
    %store/vec4 v0x5c01edd78760_0, 0, 1;
    %jmp T_8;
    .thread T_8;
    .scope S_0x5c01edd55d40;
T_9 ;
    %vpi_call 2 70 "$dumpfile", "wave.vcd" {0 0 0};
    %vpi_call 2 71 "$dumpvars", 32'sb00000000000000000000000000000000, S_0x5c01edd55d40 {0 0 0};
    %pushi/vec4 0, 0, 1;
    %store/vec4 v0x5c01edd78760_0, 0, 1;
    %pushi/vec4 0, 0, 1;
    %store/vec4 v0x5c01edd790e0_0, 0, 1;
    %pushi/vec4 0, 0, 16;
    %store/vec4 v0x5c01edd78680_0, 0, 16;
    %pushi/vec4 0, 0, 8;
    %store/vec4 v0x5c01edd78c00_0, 0, 8;
    %vpi_call 2 78 "$display", "\012====================================" {0 0 0};
    %vpi_call 2 79 "$display", " TESTBENCH DECODER RAM 4x1 " {0 0 0};
    %vpi_call 2 80 "$display", "====================================\012" {0 0 0};
    %vpi_call 2 86 "$display", ">>> TESTE 1 - ESCRITA" {0 0 0};
    %pushi/vec4 1, 0, 1;
    %store/vec4 v0x5c01edd790e0_0, 0, 1;
    %pushi/vec4 1026, 0, 16;
    %store/vec4 v0x5c01edd78680_0, 0, 16;
    %pushi/vec4 165, 0, 8;
    %store/vec4 v0x5c01edd78c00_0, 0, 8;
    %delay 10000, 0;
    %vpi_call 2 93 "$display", "WRITE RAM0 | ADDR=0x%h | DATA=0x%h | CS=%b%b%b%b", v0x5c01edd78680_0, v0x5c01edd78c00_0, v0x5c01edd78b10_0, v0x5c01edd789d0_0, v0x5c01edd78930_0, v0x5c01edd78890_0 {0 0 0};
    %pushi/vec4 2064, 0, 16;
    %store/vec4 v0x5c01edd78680_0, 0, 16;
    %pushi/vec4 182, 0, 8;
    %store/vec4 v0x5c01edd78c00_0, 0, 8;
    %delay 10000, 0;
    %vpi_call 2 99 "$display", "WRITE RAM1 | ADDR=0x%h | DATA=0x%h | CS=%b%b%b%b", v0x5c01edd78680_0, v0x5c01edd78c00_0, v0x5c01edd78b10_0, v0x5c01edd789d0_0, v0x5c01edd78930_0, v0x5c01edd78890_0 {0 0 0};
    %pushi/vec4 3104, 0, 16;
    %store/vec4 v0x5c01edd78680_0, 0, 16;
    %pushi/vec4 199, 0, 8;
    %store/vec4 v0x5c01edd78c00_0, 0, 8;
    %delay 10000, 0;
    %vpi_call 2 105 "$display", "WRITE RAM2 | ADDR=0x%h | DATA=0x%h | CS=%b%b%b%b", v0x5c01edd78680_0, v0x5c01edd78c00_0, v0x5c01edd78b10_0, v0x5c01edd789d0_0, v0x5c01edd78930_0, v0x5c01edd78890_0 {0 0 0};
    %pushi/vec4 4117, 0, 16;
    %store/vec4 v0x5c01edd78680_0, 0, 16;
    %pushi/vec4 216, 0, 8;
    %store/vec4 v0x5c01edd78c00_0, 0, 8;
    %delay 10000, 0;
    %vpi_call 2 111 "$display", "WRITE RAM3 | ADDR=0x%h | DATA=0x%h | CS=%b%b%b%b", v0x5c01edd78680_0, v0x5c01edd78c00_0, v0x5c01edd78b10_0, v0x5c01edd789d0_0, v0x5c01edd78930_0, v0x5c01edd78890_0 {0 0 0};
    %vpi_call 2 118 "$display", "\012>>> TESTE 2 - LEITURA" {0 0 0};
    %pushi/vec4 0, 0, 1;
    %store/vec4 v0x5c01edd790e0_0, 0, 1;
    %pushi/vec4 1026, 0, 16;
    %store/vec4 v0x5c01edd78680_0, 0, 16;
    %delay 10000, 0;
    %vpi_call 2 124 "$display", "READ RAM0  | ESPERADO=0xA5 | RECEBIDO=0x%h", v0x5c01edd78d30_0 {0 0 0};
    %pushi/vec4 2064, 0, 16;
    %store/vec4 v0x5c01edd78680_0, 0, 16;
    %delay 10000, 0;
    %vpi_call 2 129 "$display", "READ RAM1  | ESPERADO=0xB6 | RECEBIDO=0x%h", v0x5c01edd78dd0_0 {0 0 0};
    %pushi/vec4 3104, 0, 16;
    %store/vec4 v0x5c01edd78680_0, 0, 16;
    %delay 10000, 0;
    %vpi_call 2 134 "$display", "READ RAM2  | ESPERADO=0xC7 | RECEBIDO=0x%h", v0x5c01edd78f00_0 {0 0 0};
    %pushi/vec4 4117, 0, 16;
    %store/vec4 v0x5c01edd78680_0, 0, 16;
    %delay 10000, 0;
    %vpi_call 2 139 "$display", "READ RAM3  | ESPERADO=0xD8 | RECEBIDO=0x%h", v0x5c01edd78fa0_0 {0 0 0};
    %vpi_call 2 146 "$display", "\012>>> TESTE 3 - SOBRESCRITA" {0 0 0};
    %pushi/vec4 1, 0, 1;
    %store/vec4 v0x5c01edd790e0_0, 0, 1;
    %pushi/vec4 1026, 0, 16;
    %store/vec4 v0x5c01edd78680_0, 0, 16;
    %pushi/vec4 85, 0, 8;
    %store/vec4 v0x5c01edd78c00_0, 0, 8;
    %delay 10000, 0;
    %pushi/vec4 1026, 0, 16;
    %store/vec4 v0x5c01edd78680_0, 0, 16;
    %pushi/vec4 153, 0, 8;
    %store/vec4 v0x5c01edd78c00_0, 0, 8;
    %delay 10000, 0;
    %pushi/vec4 0, 0, 1;
    %store/vec4 v0x5c01edd790e0_0, 0, 1;
    %pushi/vec4 1026, 0, 16;
    %store/vec4 v0x5c01edd78680_0, 0, 16;
    %delay 10000, 0;
    %vpi_call 2 163 "$display", "READ RAM0  | ESPERADO=0x99 | RECEBIDO=0x%h", v0x5c01edd78d30_0 {0 0 0};
    %vpi_call 2 170 "$display", "\012>>> TESTE 4 - MULTIPLOS ENDERECOS" {0 0 0};
    %pushi/vec4 1, 0, 1;
    %store/vec4 v0x5c01edd790e0_0, 0, 1;
    %pushi/vec4 2048, 0, 16;
    %store/vec4 v0x5c01edd78680_0, 0, 16;
    %pushi/vec4 17, 0, 8;
    %store/vec4 v0x5c01edd78c00_0, 0, 8;
    %delay 10000, 0;
    %pushi/vec4 2049, 0, 16;
    %store/vec4 v0x5c01edd78680_0, 0, 16;
    %pushi/vec4 34, 0, 8;
    %store/vec4 v0x5c01edd78c00_0, 0, 8;
    %delay 10000, 0;
    %pushi/vec4 2050, 0, 16;
    %store/vec4 v0x5c01edd78680_0, 0, 16;
    %pushi/vec4 51, 0, 8;
    %store/vec4 v0x5c01edd78c00_0, 0, 8;
    %delay 10000, 0;
    %pushi/vec4 2051, 0, 16;
    %store/vec4 v0x5c01edd78680_0, 0, 16;
    %pushi/vec4 68, 0, 8;
    %store/vec4 v0x5c01edd78c00_0, 0, 8;
    %delay 10000, 0;
    %pushi/vec4 0, 0, 1;
    %store/vec4 v0x5c01edd790e0_0, 0, 1;
    %pushi/vec4 2048, 0, 16;
    %store/vec4 v0x5c01edd78680_0, 0, 16;
    %delay 10000, 0;
    %vpi_call 2 182 "$display", "ADDR=0x0800 | ESP=0x11 | REC=0x%h", v0x5c01edd78dd0_0 {0 0 0};
    %pushi/vec4 2049, 0, 16;
    %store/vec4 v0x5c01edd78680_0, 0, 16;
    %delay 10000, 0;
    %vpi_call 2 185 "$display", "ADDR=0x0801 | ESP=0x22 | REC=0x%h", v0x5c01edd78dd0_0 {0 0 0};
    %pushi/vec4 2050, 0, 16;
    %store/vec4 v0x5c01edd78680_0, 0, 16;
    %delay 10000, 0;
    %vpi_call 2 188 "$display", "ADDR=0x0802 | ESP=0x33 | REC=0x%h", v0x5c01edd78dd0_0 {0 0 0};
    %pushi/vec4 2051, 0, 16;
    %store/vec4 v0x5c01edd78680_0, 0, 16;
    %delay 10000, 0;
    %vpi_call 2 191 "$display", "ADDR=0x0803 | ESP=0x44 | REC=0x%h", v0x5c01edd78dd0_0 {0 0 0};
    %vpi_call 2 197 "$display", "\012>>> TESTE 5 - ENDERECOS INVALIDOS" {0 0 0};
    %pushi/vec4 0, 0, 16;
    %store/vec4 v0x5c01edd78680_0, 0, 16;
    %delay 10000, 0;
    %vpi_call 2 202 "$display", "ADDR=0x0000 | CS0=%b CS1=%b CS2=%b CS3=%b", v0x5c01edd78890_0, v0x5c01edd78930_0, v0x5c01edd789d0_0, v0x5c01edd78b10_0 {0 0 0};
    %pushi/vec4 65535, 0, 16;
    %store/vec4 v0x5c01edd78680_0, 0, 16;
    %delay 10000, 0;
    %vpi_call 2 208 "$display", "ADDR=0xFFFF | CS0=%b CS1=%b CS2=%b CS3=%b", v0x5c01edd78890_0, v0x5c01edd78930_0, v0x5c01edd789d0_0, v0x5c01edd78b10_0 {0 0 0};
    %vpi_call 2 215 "$display", "\012====================================" {0 0 0};
    %vpi_call 2 216 "$display", " FIM DA SIMULACAO " {0 0 0};
    %vpi_call 2 217 "$display", "====================================" {0 0 0};
    %vpi_call 2 219 "$finish" {0 0 0};
    %end;
    .thread T_9;
# The file index is used to find the file name in the following table.
:file_names 5;
    "N/A";
    "<interactive>";
    "tb_decoder_ram_4x1.v";
    "decoder_ram_4x1.v";
    "single_port_ram.v";
