#! /usr/local/bin/vvp
:ivl_version "14.0 (devel)" "(s20251012-116-g98391b56b)";
:ivl_delay_selection "TYPICAL";
:vpi_time_precision + 0;
:vpi_module "/usr/local/lib/ivl/system.vpi";
:vpi_module "/usr/local/lib/ivl/vhdl_sys.vpi";
:vpi_module "/usr/local/lib/ivl/vhdl_textio.vpi";
:vpi_module "/usr/local/lib/ivl/v2005_math.vpi";
:vpi_module "/usr/local/lib/ivl/va_math.vpi";
S_0xcb3f50 .scope module, "memory_test" "memory_test" 2 1;
 .timescale 0 0;
P_0xcd8870 .param/l "AWIDTH" 1 2 3, +C4<00000000000000000000000000000101>;
P_0xcd88b0 .param/l "DWIDTH" 1 2 4, +C4<00000000000000000000000000001000>;
v0xd15130_0 .var "addr", 4 0;
v0xd15210_0 .var "clk", 0 0;
RS_0x7f852db80228 .resolv tri, v0xd154b0_0, L_0xd15a30;
v0xd152e0_0 .net8 "data", 7 0, RS_0x7f852db80228;  2 drivers
v0xd153e0_0 .var "rd", 0 0;
v0xd154b0_0 .var "rdata", 7 0;
v0xd15550_0 .var "wr", 0 0;
S_0xced460 .scope begin, "TEST" "TEST" 2 44, 2 44 0, S_0xcb3f50;
 .timescale 0 0;
v0xce4f90_0 .var "addr", 4 0;
v0xcdfd70_0 .var "data", 7 0;
E_0xceb5d0 .event negedge, v0xd14cb0_0;
S_0xd14280 .scope task, "expect" "expect" 2 29, 2 29 0, S_0xcb3f50;
 .timescale 0 0;
v0xce09a0_0 .var "exp_data", 7 0;
TD_memory_test.expect ;
    %load/vec4 v0xd152e0_0;
    %load/vec4 v0xce09a0_0;
    %cmp/ne;
    %jmp/0xz  T_0.0, 6;
    %vpi_call 2 32 "$display", "TEST FAILED" {0 0 0};
    %vpi_call 2 33 "$display", "At time %0d addr=%b data=%b", $time, v0xd15130_0, v0xd152e0_0 {0 0 0};
    %vpi_call 2 34 "$display", "data should be %b", v0xce09a0_0 {0 0 0};
    %vpi_call 2 35 "$finish" {0 0 0};
    %jmp T_0.1;
T_0.0 ;
    %vpi_call 2 38 "$display", "At time %0d addr=%b data=%b", $time, v0xd15130_0, v0xd152e0_0 {0 0 0};
T_0.1 ;
    %end;
S_0xd144c0 .scope module, "memory_inst" "memory" 2 20, 3 1 0, S_0xcb3f50;
 .timescale 0 0;
    .port_info 0 /INPUT 1 "clk";
    .port_info 1 /INPUT 5 "addr";
    .port_info 2 /INPUT 1 "wr";
    .port_info 3 /INPUT 1 "rd";
    .port_info 4 /INOUT 8 "data";
P_0xcd8790 .param/l "AWIDTH" 0 3 2, +C4<00000000000000000000000000000101>;
P_0xcd87d0 .param/l "DWIDTH" 0 3 3, +C4<00000000000000000000000000001000>;
L_0xcdfca0 .functor OR 1, v0xd153e0_0, L_0xd15640, C4<0>, C4<0>;
v0xce1710_0 .net *"_ivl_1", 0 0, L_0xd15640;  1 drivers
o0x7f852db800d8 .functor BUFZ 8, c4<zzzzzzzz>; HiZ drive
; Elide local net with no drivers, v0xce2490_0 name=_ivl_10
v0xce3470_0 .net *"_ivl_3", 0 0, L_0xcdfca0;  1 drivers
v0xcdde90_0 .net *"_ivl_4", 7 0, L_0xd15800;  1 drivers
v0xd149c0_0 .net *"_ivl_6", 6 0, L_0xd158a0;  1 drivers
L_0x7f852db37018 .functor BUFT 1, C4<00>, C4<0>, C4<0>, C4<0>;
v0xd14af0_0 .net *"_ivl_9", 1 0, L_0x7f852db37018;  1 drivers
v0xd14bd0_0 .net "addr", 4 0, v0xd15130_0;  1 drivers
v0xd14cb0_0 .net "clk", 0 0, v0xd15210_0;  1 drivers
v0xd14d70_0 .net8 "data", 7 0, RS_0x7f852db80228;  alias, 2 drivers
v0xd14e50_0 .net "rd", 0 0, v0xd153e0_0;  1 drivers
v0xd14f10 .array "regbank", 0 31, 7 0;
v0xd14fd0_0 .net "wr", 0 0, v0xd15550_0;  1 drivers
E_0xcec210 .event posedge, v0xd14cb0_0;
L_0xd15640 .reduce/nor v0xd15550_0;
L_0xd15800 .array/port v0xd14f10, L_0xd158a0;
L_0xd158a0 .concat [ 5 2 0 0], v0xd15130_0, L_0x7f852db37018;
L_0xd15a30 .functor MUXZ 8, o0x7f852db800d8, L_0xd15800, L_0xcdfca0, C4<>;
    .scope S_0xd144c0;
T_1 ;
    %wait E_0xcec210;
    %load/vec4 v0xd14fd0_0;
    %flag_set/vec4 8;
    %jmp/0xz  T_1.0, 8;
    %load/vec4 v0xd14d70_0;
    %load/vec4 v0xd14bd0_0;
    %pad/u 7;
    %ix/vec4 3;
    %ix/load 4, 0, 0; Constant delay
    %assign/vec4/a/d v0xd14f10, 0, 4;
T_1.0 ;
    %jmp T_1;
    .thread T_1;
    .scope S_0xcb3f50;
T_2 ;
    %pushi/vec4 67, 0, 32;
T_2.0 %dup/vec4;
    %cmpi/s 0, 0, 32;
    %jmp/1xz T_2.1, 5;
    %jmp/1 T_2.1, 4;
    %subi 1, 0, 32;
    %delay 5, 0;
    %pushi/vec4 1, 0, 1;
    %store/vec4 v0xd15210_0, 0, 1;
    %delay 5, 0;
    %pushi/vec4 0, 0, 1;
    %store/vec4 v0xd15210_0, 0, 1;
    %jmp T_2.0;
T_2.1 ;
    %pop/vec4 1;
    %end;
    .thread T_2;
    .scope S_0xcb3f50;
T_3 ;
    %wait E_0xceb5d0;
    %fork t_1, S_0xced460;
    %jmp t_0;
    .scope S_0xced460;
t_1 ;
    %pushi/vec4 0, 0, 5;
    %store/vec4 v0xce4f90_0, 0, 5;
    %pushi/vec4 255, 0, 8;
    %store/vec4 v0xcdfd70_0, 0, 8;
    %vpi_call 2 48 "$display", "Writing addr=%b data=%b", v0xce4f90_0, v0xcdfd70_0 {0 0 0};
    %pushi/vec4 1, 0, 1;
    %store/vec4 v0xd15550_0, 0, 1;
    %pushi/vec4 0, 0, 1;
    %store/vec4 v0xd153e0_0, 0, 1;
    %load/vec4 v0xce4f90_0;
    %store/vec4 v0xd15130_0, 0, 5;
    %load/vec4 v0xcdfd70_0;
    %store/vec4 v0xd154b0_0, 0, 8;
    %wait E_0xceb5d0;
    %pushi/vec4 31, 0, 5;
    %store/vec4 v0xce4f90_0, 0, 5;
    %pushi/vec4 0, 0, 8;
    %store/vec4 v0xcdfd70_0, 0, 8;
    %vpi_call 2 51 "$display", "Writing addr=%b data=%b", v0xce4f90_0, v0xcdfd70_0 {0 0 0};
    %pushi/vec4 1, 0, 1;
    %store/vec4 v0xd15550_0, 0, 1;
    %pushi/vec4 0, 0, 1;
    %store/vec4 v0xd153e0_0, 0, 1;
    %load/vec4 v0xce4f90_0;
    %store/vec4 v0xd15130_0, 0, 5;
    %load/vec4 v0xcdfd70_0;
    %store/vec4 v0xd154b0_0, 0, 8;
    %wait E_0xceb5d0;
    %pushi/vec4 0, 0, 5;
    %store/vec4 v0xce4f90_0, 0, 5;
    %pushi/vec4 255, 0, 8;
    %store/vec4 v0xcdfd70_0, 0, 8;
    %vpi_call 2 54 "$display", "Reading addr=%b data=%b", v0xce4f90_0, v0xcdfd70_0 {0 0 0};
    %pushi/vec4 0, 0, 1;
    %store/vec4 v0xd15550_0, 0, 1;
    %pushi/vec4 1, 0, 1;
    %store/vec4 v0xd153e0_0, 0, 1;
    %load/vec4 v0xce4f90_0;
    %store/vec4 v0xd15130_0, 0, 5;
    %pushi/vec4 0, 255, 8;
    %store/vec4 v0xd154b0_0, 0, 8;
    %wait E_0xceb5d0;
    %load/vec4 v0xcdfd70_0;
    %store/vec4 v0xce09a0_0, 0, 8;
    %fork TD_memory_test.expect, S_0xd14280;
    %join;
    %pushi/vec4 31, 0, 5;
    %store/vec4 v0xce4f90_0, 0, 5;
    %pushi/vec4 0, 0, 8;
    %store/vec4 v0xcdfd70_0, 0, 8;
    %vpi_call 2 57 "$display", "Reading addr=%b data=%b", v0xce4f90_0, v0xcdfd70_0 {0 0 0};
    %pushi/vec4 0, 0, 1;
    %store/vec4 v0xd15550_0, 0, 1;
    %pushi/vec4 1, 0, 1;
    %store/vec4 v0xd153e0_0, 0, 1;
    %load/vec4 v0xce4f90_0;
    %store/vec4 v0xd15130_0, 0, 5;
    %pushi/vec4 0, 255, 8;
    %store/vec4 v0xd154b0_0, 0, 8;
    %wait E_0xceb5d0;
    %load/vec4 v0xcdfd70_0;
    %store/vec4 v0xce09a0_0, 0, 8;
    %fork TD_memory_test.expect, S_0xd14280;
    %join;
    %vpi_call 2 59 "$display", "Writing ascending data to   descending addresses" {0 0 0};
    %pushi/vec4 31, 0, 5;
    %store/vec4 v0xce4f90_0, 0, 5;
    %pushi/vec4 0, 0, 8;
    %store/vec4 v0xcdfd70_0, 0, 8;
T_3.0 ;
    %load/vec4 v0xce4f90_0;
    %or/r;
    %flag_set/vec4 8;
    %jmp/0xz T_3.1, 8;
    %pushi/vec4 1, 0, 1;
    %store/vec4 v0xd15550_0, 0, 1;
    %pushi/vec4 0, 0, 1;
    %store/vec4 v0xd153e0_0, 0, 1;
    %load/vec4 v0xce4f90_0;
    %store/vec4 v0xd15130_0, 0, 5;
    %load/vec4 v0xcdfd70_0;
    %store/vec4 v0xd154b0_0, 0, 8;
    %wait E_0xceb5d0;
    %load/vec4 v0xce4f90_0;
    %subi 1, 0, 5;
    %store/vec4 v0xce4f90_0, 0, 5;
    %load/vec4 v0xcdfd70_0;
    %addi 1, 0, 8;
    %store/vec4 v0xcdfd70_0, 0, 8;
    %jmp T_3.0;
T_3.1 ;
    %vpi_call 2 66 "$display", "Reading ascending data from descending addresses" {0 0 0};
    %pushi/vec4 31, 0, 5;
    %store/vec4 v0xce4f90_0, 0, 5;
    %pushi/vec4 0, 0, 8;
    %store/vec4 v0xcdfd70_0, 0, 8;
T_3.2 ;
    %load/vec4 v0xce4f90_0;
    %or/r;
    %flag_set/vec4 8;
    %jmp/0xz T_3.3, 8;
    %pushi/vec4 0, 0, 1;
    %store/vec4 v0xd15550_0, 0, 1;
    %pushi/vec4 1, 0, 1;
    %store/vec4 v0xd153e0_0, 0, 1;
    %load/vec4 v0xce4f90_0;
    %store/vec4 v0xd15130_0, 0, 5;
    %pushi/vec4 0, 255, 8;
    %store/vec4 v0xd154b0_0, 0, 8;
    %wait E_0xceb5d0;
    %load/vec4 v0xcdfd70_0;
    %store/vec4 v0xce09a0_0, 0, 8;
    %fork TD_memory_test.expect, S_0xd14280;
    %join;
    %load/vec4 v0xce4f90_0;
    %subi 1, 0, 5;
    %store/vec4 v0xce4f90_0, 0, 5;
    %load/vec4 v0xcdfd70_0;
    %addi 1, 0, 8;
    %store/vec4 v0xcdfd70_0, 0, 8;
    %jmp T_3.2;
T_3.3 ;
    %vpi_call 2 73 "$display", "TEST PASSED" {0 0 0};
    %vpi_call 2 74 "$finish" {0 0 0};
    %end;
    .scope S_0xcb3f50;
t_0 %join;
    %end;
    .thread T_3;
# The file index is used to find the file name in the following table.
:file_names 4;
    "N/A";
    "<interactive>";
    "memory_test.v";
    "memory.v";
