============================================================
  Generated by:           Genus(TM) Synthesis Solution 25.12-s067_1
  Generated on:           Jul 25 2026  03:45:43 pm
  Module:                 mac_param
  Operating conditions:   PVT_1P1V_0C (balanced_tree)
  Wireload mode:          enclosed
  Area mode:              timing library
============================================================

Timing
--------

Clock Period 
-------------
clk    640.0 


  Cost    Critical         Violating 
 Group   Path Slack  TNS     Paths   
-------------------------------------
clk             0.0   0.0          0 
default    No paths   0.0            
-------------------------------------
Total                 0.0          0 

Instance Count
--------------
Leaf Instance Count             3295 
Physical Instance count            0 
Sequential Instance Count         86 
Combinational Instance Count    3209 
Hierarchical Instance Count        0 

Area
----
Cell Area                          8190.900
Physical Cell Area                 0.000
Total Cell Area (Cell+Physical)    8190.900
Net Area                           0.000
Total Area (Cell+Physical+Net)     8190.900

Max Fanout                         86 (clk)
Min Fanout                         0 (n_152)
Average Fanout                     2.4
Terms to net ratio                 3.4306
Terms to instance ratio            3.9700
Runtime                            91.5051620000001 seconds
Elapsed Runtime                    97 seconds
Genus peak memory usage            2441.45 
Innovus peak memory usage          no_value 
Hostname                           localhost
