#! /usr/local/bin/vvp
:ivl_version "14.0 (devel)" "(s20251012-116-g98391b56b)";
:ivl_delay_selection "TYPICAL";
:vpi_time_precision - 12;
:vpi_module "/usr/local/lib/ivl/system.vpi";
:vpi_module "/usr/local/lib/ivl/vhdl_sys.vpi";
:vpi_module "/usr/local/lib/ivl/vhdl_textio.vpi";
:vpi_module "/usr/local/lib/ivl/v2005_math.vpi";
:vpi_module "/usr/local/lib/ivl/va_math.vpi";
S_0x1705f50 .scope module, "restoring_division_tb" "restoring_division_tb" 2 3;
 .timescale -9 -12;
P_0x1753c70 .param/l "WIDTH" 0 2 5, +C4<00000000000000000000000000000100>;
v0x177fcc0_0 .var "clk", 0 0;
v0x177fd80_0 .var "dividendo", 3 0;
v0x177fe40_0 .var "divisor", 3 0;
v0x177fee0_0 .net "done", 0 0, v0x177d3e0_0;  1 drivers
v0x177ffd0_0 .net "quociente", 3 0, L_0x1780610;  1 drivers
v0x1780130_0 .var "quociente_expected", 3 0;
v0x1780210_0 .net "resto", 3 0, L_0x1780680;  1 drivers
v0x1780320_0 .var "resto_expected", 3 0;
v0x1780400_0 .var "rst", 0 0;
v0x1780530_0 .var "start", 0 0;
S_0x1752480 .scope module, "DUT" "restoring_division_top" 2 25, 3 2 0, S_0x1705f50;
 .timescale 0 0;
    .port_info 0 /INPUT 1 "clk";
    .port_info 1 /INPUT 1 "rst";
    .port_info 2 /INPUT 1 "start";
    .port_info 3 /INPUT 4 "dividendo";
    .port_info 4 /INPUT 4 "divisor";
    .port_info 5 /OUTPUT 4 "quociente";
    .port_info 6 /OUTPUT 4 "resto";
    .port_info 7 /OUTPUT 1 "done";
    .port_info 8 /OUTPUT 1 "div_zero";
P_0x1752610 .param/l "WIDTH" 0 3 4, +C4<00000000000000000000000000000100>;
v0x177ec80_0 .net "a", 3 0, L_0x1732940;  1 drivers
v0x177ed60_0 .net "clk", 0 0, v0x177fcc0_0;  1 drivers
v0x177ee70_0 .net "div_zero", 0 0, v0x177d4f0_0;  1 drivers
v0x177ef10_0 .net "dividendo", 3 0, v0x177fd80_0;  1 drivers
v0x177f000_0 .net "divisor", 3 0, v0x177fe40_0;  1 drivers
v0x177f140_0 .net "done", 0 0, v0x177d3e0_0;  alias, 1 drivers
v0x177f1e0_0 .net "load", 0 0, v0x177d5b0_0;  1 drivers
v0x177f2d0_0 .net "n", 3 0, L_0x173b630;  1 drivers
v0x177f3c0_0 .net "opcode", 2 0, v0x177d830_0;  1 drivers
v0x177f4f0_0 .net "quociente", 3 0, L_0x1780610;  alias, 1 drivers
v0x177f5b0_0 .net "resto", 3 0, L_0x1780680;  alias, 1 drivers
v0x177f650_0 .net "rst", 0 0, v0x1780400_0;  1 drivers
v0x177f740_0 .net "start", 0 0, v0x1780530_0;  1 drivers
S_0x1752700 .scope module, "CTRL" "restoring_division_ctrl" 3 27, 4 1 0, S_0x1752480;
 .timescale 0 0;
    .port_info 0 /INPUT 1 "clk";
    .port_info 1 /INPUT 1 "rst";
    .port_info 2 /INPUT 1 "start";
    .port_info 3 /INPUT 4 "divisor";
    .port_info 4 /INPUT 4 "dividendo";
    .port_info 5 /INPUT 4 "a";
    .port_info 6 /INPUT 4 "n";
    .port_info 7 /OUTPUT 1 "load";
    .port_info 8 /OUTPUT 3 "opcode";
    .port_info 9 /OUTPUT 1 "done";
    .port_info 10 /OUTPUT 1 "invalid_operation";
P_0x1757540 .param/l "A_CORRECTION" 1 4 25, C4<1000>;
P_0x1757580 .param/l "A_MODIFY" 1 4 21, C4<0100>;
P_0x17575c0 .param/l "FINISH" 1 4 26, C4<1001>;
P_0x1757600 .param/l "IDLE" 1 4 17, C4<0000>;
P_0x1757640 .param/l "LOAD_OPERANDS" 1 4 19, C4<0010>;
P_0x1757680 .param/l "N_SUBTRATION" 1 4 23, C4<0110>;
P_0x17576c0 .param/l "N_VERIFICATION" 1 4 24, C4<0111>;
P_0x1757700 .param/l "OPERAND_SANITIZE" 1 4 18, C4<0001>;
P_0x1757740 .param/l "Q_BIT_FLIP" 1 4 22, C4<0101>;
P_0x1757780 .param/l "SHIFT_AQ" 1 4 20, C4<0011>;
P_0x17577c0 .param/l "WIDTH" 0 4 2, +C4<00000000000000000000000000000100>;
v0x1732a10_0 .net "a", 3 0, L_0x1732940;  alias, 1 drivers
v0x173b780_0 .net "clk", 0 0, v0x177fcc0_0;  alias, 1 drivers
v0x173b820_0 .net "dividendo", 3 0, v0x177fd80_0;  alias, 1 drivers
v0x177d300_0 .net "divisor", 3 0, v0x177fe40_0;  alias, 1 drivers
v0x177d3e0_0 .var "done", 0 0;
v0x177d4f0_0 .var "invalid_operation", 0 0;
v0x177d5b0_0 .var "load", 0 0;
v0x177d670_0 .net "n", 3 0, L_0x173b630;  alias, 1 drivers
v0x177d750_0 .var "next_state", 3 0;
v0x177d830_0 .var "opcode", 2 0;
v0x177d910_0 .net "rst", 0 0, v0x1780400_0;  alias, 1 drivers
v0x177d9d0_0 .net "start", 0 0, v0x1780530_0;  alias, 1 drivers
v0x177da90_0 .var "state", 3 0;
E_0x173ea60 .event anyedge, v0x177da90_0, v0x177d9d0_0, v0x177d4f0_0, v0x177d670_0;
E_0x173ce00 .event anyedge, v0x177da90_0, v0x177d300_0, v0x1732a10_0;
E_0x173cf70 .event posedge, v0x177d910_0, v0x173b780_0;
S_0x177dcd0 .scope module, "DP" "restoring_division_datapath" 3 44, 5 1 0, S_0x1752480;
 .timescale 0 0;
    .port_info 0 /INPUT 1 "clk";
    .port_info 1 /INPUT 1 "rst";
    .port_info 2 /INPUT 1 "load";
    .port_info 3 /INPUT 3 "opcode";
    .port_info 4 /INPUT 4 "dividendo";
    .port_info 5 /INPUT 4 "divisor";
    .port_info 6 /OUTPUT 4 "a";
    .port_info 7 /OUTPUT 4 "n";
    .port_info 8 /OUTPUT 4 "quociente";
    .port_info 9 /OUTPUT 4 "resto";
P_0x177de80 .param/l "WIDTH" 0 5 3, +C4<00000000000000000000000000000100>;
L_0x1732940 .functor BUFZ 4, v0x177e070_0, C4<0000>, C4<0000>, C4<0000>;
L_0x173b630 .functor BUFZ 4, v0x177e230_0, C4<0000>, C4<0000>, C4<0000>;
L_0x1780610 .functor BUFZ 4, v0x177e2f0_0, C4<0000>, C4<0000>, C4<0000>;
L_0x1780680 .functor BUFZ 4, v0x177e070_0, C4<0000>, C4<0000>, C4<0000>;
v0x177e070_0 .var "A", 3 0;
v0x177e150_0 .var "M", 3 0;
v0x177e230_0 .var "N", 3 0;
v0x177e2f0_0 .var "Q", 3 0;
v0x177e3d0_0 .net "a", 3 0, L_0x1732940;  alias, 1 drivers
v0x177e4e0_0 .net "clk", 0 0, v0x177fcc0_0;  alias, 1 drivers
v0x177e580_0 .net "dividendo", 3 0, v0x177fd80_0;  alias, 1 drivers
v0x177e620_0 .net "divisor", 3 0, v0x177fe40_0;  alias, 1 drivers
v0x177e6c0_0 .net "load", 0 0, v0x177d5b0_0;  alias, 1 drivers
v0x177e760_0 .net "n", 3 0, L_0x173b630;  alias, 1 drivers
v0x177e800_0 .net "opcode", 2 0, v0x177d830_0;  alias, 1 drivers
v0x177e8d0_0 .net "quociente", 3 0, L_0x1780610;  alias, 1 drivers
v0x177e970_0 .net "resto", 3 0, L_0x1780680;  alias, 1 drivers
v0x177ea30_0 .net "rst", 0 0, v0x1780400_0;  alias, 1 drivers
S_0x177f910 .scope task, "expected_divide" "expected_divide" 2 38, 2 38 0, S_0x1705f50;
 .timescale -9 -12;
v0x177fae0_0 .var "opA", 3 0;
v0x177fbe0_0 .var "opB", 3 0;
E_0x1740170 .event posedge, v0x173b780_0;
TD_restoring_division_tb.expected_divide ;
    %wait E_0x1740170;
    %pushi/vec4 1, 0, 1;
    %store/vec4 v0x1780530_0, 0, 1;
    %load/vec4 v0x177fae0_0;
    %store/vec4 v0x177fd80_0, 0, 4;
    %load/vec4 v0x177fbe0_0;
    %store/vec4 v0x177fe40_0, 0, 4;
T_0.0 ;
    %load/vec4 v0x177fee0_0;
    %nor/r;
    %flag_set/vec4 8;
    %jmp/0xz T_0.1, 8;
    %wait E_0x1740170;
    %jmp T_0.0;
T_0.1 ;
    %load/vec4 v0x177fd80_0;
    %load/vec4 v0x177fe40_0;
    %div;
    %store/vec4 v0x1780130_0, 0, 4;
    %load/vec4 v0x177fd80_0;
    %load/vec4 v0x177fe40_0;
    %mod;
    %store/vec4 v0x1780320_0, 0, 4;
    %vpi_call 2 57 "$display", "Quociente ex: %d, Quociente got: %d", v0x1780130_0, v0x177ffd0_0 {0 0 0};
    %vpi_call 2 58 "$display", "resto ex: %d, resto got: %d", v0x1780320_0, v0x1780210_0 {0 0 0};
    %end;
    .scope S_0x1752700;
T_1 ;
    %wait E_0x173cf70;
    %load/vec4 v0x177d910_0;
    %flag_set/vec4 8;
    %jmp/0xz  T_1.0, 8;
    %pushi/vec4 0, 0, 4;
    %assign/vec4 v0x177da90_0, 0;
    %jmp T_1.1;
T_1.0 ;
    %load/vec4 v0x177d750_0;
    %assign/vec4 v0x177da90_0, 0;
T_1.1 ;
    %jmp T_1;
    .thread T_1;
    .scope S_0x1752700;
T_2 ;
    %wait E_0x173ce00;
    %pushi/vec4 0, 0, 1;
    %store/vec4 v0x177d5b0_0, 0, 1;
    %pushi/vec4 0, 0, 3;
    %store/vec4 v0x177d830_0, 0, 3;
    %pushi/vec4 0, 0, 1;
    %store/vec4 v0x177d3e0_0, 0, 1;
    %pushi/vec4 0, 0, 1;
    %store/vec4 v0x177d4f0_0, 0, 1;
    %load/vec4 v0x177da90_0;
    %dup/vec4;
    %pushi/vec4 1, 0, 4;
    %cmp/u;
    %jmp/1 T_2.0, 6;
    %dup/vec4;
    %pushi/vec4 2, 0, 4;
    %cmp/u;
    %jmp/1 T_2.1, 6;
    %dup/vec4;
    %pushi/vec4 3, 0, 4;
    %cmp/u;
    %jmp/1 T_2.2, 6;
    %dup/vec4;
    %pushi/vec4 4, 0, 4;
    %cmp/u;
    %jmp/1 T_2.3, 6;
    %dup/vec4;
    %pushi/vec4 5, 0, 4;
    %cmp/u;
    %jmp/1 T_2.4, 6;
    %dup/vec4;
    %pushi/vec4 6, 0, 4;
    %cmp/u;
    %jmp/1 T_2.5, 6;
    %dup/vec4;
    %pushi/vec4 8, 0, 4;
    %cmp/u;
    %jmp/1 T_2.6, 6;
    %dup/vec4;
    %pushi/vec4 9, 0, 4;
    %cmp/u;
    %jmp/1 T_2.7, 6;
    %jmp T_2.8;
T_2.0 ;
    %load/vec4 v0x177d300_0;
    %pushi/vec4 0, 0, 4;
    %cmp/e;
    %flag_get/vec4 4;
    %store/vec4 v0x177d4f0_0, 0, 1;
    %jmp T_2.8;
T_2.1 ;
    %pushi/vec4 1, 0, 1;
    %store/vec4 v0x177d5b0_0, 0, 1;
    %jmp T_2.8;
T_2.2 ;
    %pushi/vec4 1, 0, 3;
    %store/vec4 v0x177d830_0, 0, 3;
    %jmp T_2.8;
T_2.3 ;
    %load/vec4 v0x1732a10_0;
    %parti/s 1, 3, 3;
    %flag_set/vec4 8;
    %jmp/0xz  T_2.9, 8;
    %pushi/vec4 2, 0, 3;
    %store/vec4 v0x177d830_0, 0, 3;
    %jmp T_2.10;
T_2.9 ;
    %pushi/vec4 3, 0, 3;
    %store/vec4 v0x177d830_0, 0, 3;
T_2.10 ;
    %jmp T_2.8;
T_2.4 ;
    %load/vec4 v0x1732a10_0;
    %parti/s 1, 3, 3;
    %flag_set/vec4 8;
    %jmp/0xz  T_2.11, 8;
    %pushi/vec4 4, 0, 3;
    %store/vec4 v0x177d830_0, 0, 3;
    %jmp T_2.12;
T_2.11 ;
    %pushi/vec4 5, 0, 3;
    %store/vec4 v0x177d830_0, 0, 3;
T_2.12 ;
    %jmp T_2.8;
T_2.5 ;
    %pushi/vec4 6, 0, 3;
    %store/vec4 v0x177d830_0, 0, 3;
    %jmp T_2.8;
T_2.6 ;
    %load/vec4 v0x1732a10_0;
    %parti/s 1, 3, 3;
    %flag_set/vec4 8;
    %jmp/0xz  T_2.13, 8;
    %pushi/vec4 2, 0, 3;
    %store/vec4 v0x177d830_0, 0, 3;
T_2.13 ;
    %jmp T_2.8;
T_2.7 ;
    %pushi/vec4 1, 0, 1;
    %store/vec4 v0x177d3e0_0, 0, 1;
    %jmp T_2.8;
T_2.8 ;
    %pop/vec4 1;
    %jmp T_2;
    .thread T_2, $push;
    .scope S_0x1752700;
T_3 ;
    %wait E_0x173ea60;
    %load/vec4 v0x177da90_0;
    %store/vec4 v0x177d750_0, 0, 4;
    %load/vec4 v0x177da90_0;
    %dup/vec4;
    %pushi/vec4 0, 0, 4;
    %cmp/u;
    %jmp/1 T_3.0, 6;
    %dup/vec4;
    %pushi/vec4 1, 0, 4;
    %cmp/u;
    %jmp/1 T_3.1, 6;
    %dup/vec4;
    %pushi/vec4 2, 0, 4;
    %cmp/u;
    %jmp/1 T_3.2, 6;
    %dup/vec4;
    %pushi/vec4 3, 0, 4;
    %cmp/u;
    %jmp/1 T_3.3, 6;
    %dup/vec4;
    %pushi/vec4 4, 0, 4;
    %cmp/u;
    %jmp/1 T_3.4, 6;
    %dup/vec4;
    %pushi/vec4 5, 0, 4;
    %cmp/u;
    %jmp/1 T_3.5, 6;
    %dup/vec4;
    %pushi/vec4 6, 0, 4;
    %cmp/u;
    %jmp/1 T_3.6, 6;
    %dup/vec4;
    %pushi/vec4 7, 0, 4;
    %cmp/u;
    %jmp/1 T_3.7, 6;
    %dup/vec4;
    %pushi/vec4 8, 0, 4;
    %cmp/u;
    %jmp/1 T_3.8, 6;
    %dup/vec4;
    %pushi/vec4 9, 0, 4;
    %cmp/u;
    %jmp/1 T_3.9, 6;
    %jmp T_3.10;
T_3.0 ;
    %load/vec4 v0x177d9d0_0;
    %flag_set/vec4 8;
    %jmp/0xz  T_3.11, 8;
    %pushi/vec4 1, 0, 4;
    %store/vec4 v0x177d750_0, 0, 4;
T_3.11 ;
    %jmp T_3.10;
T_3.1 ;
    %load/vec4 v0x177d4f0_0;
    %nor/r;
    %flag_set/vec4 8;
    %jmp/0xz  T_3.13, 8;
    %pushi/vec4 2, 0, 4;
    %store/vec4 v0x177d750_0, 0, 4;
T_3.13 ;
    %jmp T_3.10;
T_3.2 ;
    %pushi/vec4 3, 0, 4;
    %store/vec4 v0x177d750_0, 0, 4;
    %jmp T_3.10;
T_3.3 ;
    %pushi/vec4 4, 0, 4;
    %store/vec4 v0x177d750_0, 0, 4;
    %jmp T_3.10;
T_3.4 ;
    %pushi/vec4 5, 0, 4;
    %store/vec4 v0x177d750_0, 0, 4;
    %jmp T_3.10;
T_3.5 ;
    %pushi/vec4 6, 0, 4;
    %store/vec4 v0x177d750_0, 0, 4;
    %jmp T_3.10;
T_3.6 ;
    %pushi/vec4 7, 0, 4;
    %store/vec4 v0x177d750_0, 0, 4;
    %jmp T_3.10;
T_3.7 ;
    %load/vec4 v0x177d670_0;
    %pad/u 32;
    %cmpi/e 0, 0, 32;
    %flag_mov 8, 4;
    %jmp/0 T_3.15, 8;
    %pushi/vec4 8, 0, 4;
    %jmp/1 T_3.16, 8;
T_3.15 ; End of true expr.
    %pushi/vec4 3, 0, 4;
    %jmp/0 T_3.16, 8;
 ; End of false expr.
    %blend;
T_3.16;
    %store/vec4 v0x177d750_0, 0, 4;
    %jmp T_3.10;
T_3.8 ;
    %pushi/vec4 9, 0, 4;
    %store/vec4 v0x177d750_0, 0, 4;
    %jmp T_3.10;
T_3.9 ;
    %pushi/vec4 0, 0, 4;
    %store/vec4 v0x177d750_0, 0, 4;
    %jmp T_3.10;
T_3.10 ;
    %pop/vec4 1;
    %jmp T_3;
    .thread T_3, $push;
    .scope S_0x177dcd0;
T_4 ;
    %wait E_0x173cf70;
    %load/vec4 v0x177ea30_0;
    %flag_set/vec4 8;
    %jmp/0xz  T_4.0, 8;
    %pushi/vec4 0, 0, 4;
    %assign/vec4 v0x177e070_0, 0;
    %pushi/vec4 0, 0, 4;
    %assign/vec4 v0x177e2f0_0, 0;
    %pushi/vec4 0, 0, 4;
    %assign/vec4 v0x177e150_0, 0;
    %pushi/vec4 0, 0, 4;
    %assign/vec4 v0x177e230_0, 0;
    %jmp T_4.1;
T_4.0 ;
    %load/vec4 v0x177e6c0_0;
    %flag_set/vec4 8;
    %jmp/0xz  T_4.2, 8;
    %pushi/vec4 0, 0, 4;
    %assign/vec4 v0x177e070_0, 0;
    %load/vec4 v0x177e580_0;
    %assign/vec4 v0x177e2f0_0, 0;
    %load/vec4 v0x177e620_0;
    %assign/vec4 v0x177e150_0, 0;
    %pushi/vec4 4, 0, 4;
    %assign/vec4 v0x177e230_0, 0;
T_4.2 ;
    %load/vec4 v0x177e800_0;
    %dup/vec4;
    %pushi/vec4 0, 0, 3;
    %cmp/u;
    %jmp/1 T_4.4, 6;
    %dup/vec4;
    %pushi/vec4 1, 0, 3;
    %cmp/u;
    %jmp/1 T_4.5, 6;
    %dup/vec4;
    %pushi/vec4 2, 0, 3;
    %cmp/u;
    %jmp/1 T_4.6, 6;
    %dup/vec4;
    %pushi/vec4 3, 0, 3;
    %cmp/u;
    %jmp/1 T_4.7, 6;
    %dup/vec4;
    %pushi/vec4 4, 0, 3;
    %cmp/u;
    %jmp/1 T_4.8, 6;
    %dup/vec4;
    %pushi/vec4 5, 0, 3;
    %cmp/u;
    %jmp/1 T_4.9, 6;
    %dup/vec4;
    %pushi/vec4 6, 0, 3;
    %cmp/u;
    %jmp/1 T_4.10, 6;
    %jmp T_4.11;
T_4.4 ;
    %jmp T_4.11;
T_4.5 ;
    %load/vec4 v0x177e070_0;
    %load/vec4 v0x177e2f0_0;
    %parti/s 1, 3, 3;
    %concat/vec4; draw_concat_vec4
    %pad/u 4;
    %assign/vec4 v0x177e070_0, 0;
    %load/vec4 v0x177e2f0_0;
    %parti/s 3, 0, 2;
    %concati/vec4 0, 0, 1;
    %assign/vec4 v0x177e2f0_0, 0;
    %jmp T_4.11;
T_4.6 ;
    %load/vec4 v0x177e070_0;
    %pad/u 5;
    %pushi/vec4 0, 0, 1;
    %load/vec4 v0x177e150_0;
    %concat/vec4; draw_concat_vec4
    %add;
    %pad/u 4;
    %assign/vec4 v0x177e070_0, 0;
    %jmp T_4.11;
T_4.7 ;
    %load/vec4 v0x177e070_0;
    %pad/u 5;
    %pushi/vec4 0, 0, 1;
    %load/vec4 v0x177e150_0;
    %concat/vec4; draw_concat_vec4
    %sub;
    %pad/u 4;
    %assign/vec4 v0x177e070_0, 0;
    %jmp T_4.11;
T_4.8 ;
    %pushi/vec4 1, 0, 1;
    %ix/load 5, 0, 0;
    %ix/load 4, 0, 0;
    %flag_set/imm 4, 0;
    %assign/vec4/off/d v0x177e2f0_0, 4, 5;
    %jmp T_4.11;
T_4.9 ;
    %pushi/vec4 0, 0, 1;
    %ix/load 5, 0, 0;
    %ix/load 4, 0, 0;
    %flag_set/imm 4, 0;
    %assign/vec4/off/d v0x177e2f0_0, 4, 5;
    %jmp T_4.11;
T_4.10 ;
    %load/vec4 v0x177e230_0;
    %subi 1, 0, 4;
    %assign/vec4 v0x177e230_0, 0;
    %jmp T_4.11;
T_4.11 ;
    %pop/vec4 1;
T_4.1 ;
    %jmp T_4;
    .thread T_4;
    .scope S_0x1705f50;
T_5 ;
    %delay 5000, 0;
    %load/vec4 v0x177fcc0_0;
    %inv;
    %store/vec4 v0x177fcc0_0, 0, 1;
    %jmp T_5;
    .thread T_5;
    .scope S_0x1705f50;
T_6 ;
    %pushi/vec4 0, 0, 1;
    %store/vec4 v0x177fcc0_0, 0, 1;
    %vpi_call 2 72 "$dumpfile", "wave.vcd" {0 0 0};
    %vpi_call 2 73 "$dumpvars", 32'sb00000000000000000000000000000000, S_0x1705f50 {0 0 0};
    %pushi/vec4 1, 0, 1;
    %store/vec4 v0x1780400_0, 0, 1;
    %pushi/vec4 0, 0, 1;
    %store/vec4 v0x1780530_0, 0, 1;
    %pushi/vec4 0, 0, 4;
    %store/vec4 v0x177fd80_0, 0, 4;
    %pushi/vec4 0, 0, 4;
    %store/vec4 v0x177fe40_0, 0, 4;
    %delay 20000, 0;
    %pushi/vec4 0, 0, 1;
    %store/vec4 v0x1780400_0, 0, 1;
    %delay 20000, 0;
    %pushi/vec4 11, 0, 4;
    %store/vec4 v0x177fae0_0, 0, 4;
    %pushi/vec4 3, 0, 4;
    %store/vec4 v0x177fbe0_0, 0, 4;
    %fork TD_restoring_division_tb.expected_divide, S_0x177f910;
    %join;
    %vpi_call 2 95 "$display", "FIM DA SIMULACAO" {0 0 0};
    %delay 20000, 0;
    %vpi_call 2 98 "$finish" {0 0 0};
    %end;
    .thread T_6;
# The file index is used to find the file name in the following table.
:file_names 6;
    "N/A";
    "<interactive>";
    "restoring_division_tb.v";
    "restoring_division.v";
    "restoring_division_ctrl.v";
    "restoring_division_datapath.v";
