#! /usr/bin/vvp
:ivl_version "12.0 (stable)";
:ivl_delay_selection "TYPICAL";
:vpi_time_precision - 12;
:vpi_module "/usr/lib/x86_64-linux-gnu/ivl/system.vpi";
:vpi_module "/usr/lib/x86_64-linux-gnu/ivl/vhdl_sys.vpi";
:vpi_module "/usr/lib/x86_64-linux-gnu/ivl/vhdl_textio.vpi";
:vpi_module "/usr/lib/x86_64-linux-gnu/ivl/v2005_math.vpi";
:vpi_module "/usr/lib/x86_64-linux-gnu/ivl/va_math.vpi";
S_0x5812301f3490 .scope module, "tb_decoder_ram" "tb_decoder_ram" 2 3;
 .timescale -9 -12;
v0x58123024e310_0 .var "addr", 15 0;
v0x58123024e400_0 .var "clk", 0 0;
v0x58123024e4d0_0 .net "cs", 0 0, L_0x58123025ebb0;  1 drivers
v0x58123024e5f0_0 .var "data_in", 7 0;
v0x58123024e690_0 .net "data_out", 7 0, L_0x58123025ed60;  1 drivers
v0x58123024e780_0 .net "effective_addr", 9 0, L_0x58123025ecc0;  1 drivers
v0x58123024e870_0 .var "we", 0 0;
S_0x5812301f3620 .scope module, "ram0" "single_port_ram" 2 23, 3 1 0, S_0x5812301f3490;
 .timescale 0 0;
    .port_info 0 /INPUT 1 "clk";
    .port_info 1 /INPUT 1 "we";
    .port_info 2 /INPUT 1 "cs";
    .port_info 3 /INPUT 10 "addr";
    .port_info 4 /INPUT 8 "din";
    .port_info 5 /OUTPUT 8 "dout";
L_0x58123025ed60 .functor BUFZ 8, v0x58123024d8a0_0, C4<00000000>, C4<00000000>, C4<00000000>;
v0x581230231280_0 .net "addr", 9 0, L_0x58123025ecc0;  alias, 1 drivers
v0x58123024d390_0 .net "clk", 0 0, v0x58123024e400_0;  1 drivers
v0x58123024d450_0 .net "cs", 0 0, L_0x58123025ebb0;  alias, 1 drivers
v0x58123024d4f0_0 .net "din", 7 0, v0x58123024e5f0_0;  1 drivers
v0x58123024d5d0_0 .net "dout", 7 0, L_0x58123025ed60;  alias, 1 drivers
v0x58123024d700_0 .var/i "i", 31 0;
v0x58123024d7e0 .array "mem", 1023 0, 7 0;
v0x58123024d8a0_0 .var "saida", 7 0;
v0x58123024d980_0 .net "we", 0 0, v0x58123024e870_0;  1 drivers
E_0x5812302305f0 .event posedge, v0x58123024d390_0;
S_0x58123024db00 .scope module, "uut" "decoder_ram" 2 17, 4 1 0, S_0x5812301f3490;
 .timescale 0 0;
    .port_info 0 /INPUT 16 "addr";
    .port_info 1 /OUTPUT 10 "effective_addr";
    .port_info 2 /OUTPUT 1 "cs";
L_0x58123025ebb0 .functor AND 1, L_0x58123025e950, L_0x58123025eac0, C4<1>, C4<1>;
L_0x7d3cda66e018 .functor BUFT 1, C4<0000000000000000>, C4<0>, C4<0>, C4<0>;
v0x58123024dd00_0 .net/2u *"_ivl_0", 15 0, L_0x7d3cda66e018;  1 drivers
v0x58123024de00_0 .net *"_ivl_2", 0 0, L_0x58123025e950;  1 drivers
L_0x7d3cda66e060 .functor BUFT 1, C4<0000001111111111>, C4<0>, C4<0>, C4<0>;
v0x58123024dec0_0 .net/2u *"_ivl_4", 15 0, L_0x7d3cda66e060;  1 drivers
v0x58123024df80_0 .net *"_ivl_6", 0 0, L_0x58123025eac0;  1 drivers
v0x58123024e040_0 .net "addr", 15 0, v0x58123024e310_0;  1 drivers
v0x58123024e170_0 .net "cs", 0 0, L_0x58123025ebb0;  alias, 1 drivers
v0x58123024e210_0 .net "effective_addr", 9 0, L_0x58123025ecc0;  alias, 1 drivers
L_0x58123025e950 .cmp/ge 16, v0x58123024e310_0, L_0x7d3cda66e018;
L_0x58123025eac0 .cmp/ge 16, L_0x7d3cda66e060, v0x58123024e310_0;
L_0x58123025ecc0 .part v0x58123024e310_0, 0, 10;
    .scope S_0x5812301f3620;
T_0 ;
    %pushi/vec4 0, 0, 8;
    %store/vec4 v0x58123024d8a0_0, 0, 8;
    %pushi/vec4 0, 0, 32;
    %store/vec4 v0x58123024d700_0, 0, 32;
T_0.0 ;
    %load/vec4 v0x58123024d700_0;
    %cmpi/s 1024, 0, 32;
    %jmp/0xz T_0.1, 5;
    %pushi/vec4 0, 0, 8;
    %ix/getv/s 4, v0x58123024d700_0;
    %store/vec4a v0x58123024d7e0, 4, 0;
    %load/vec4 v0x58123024d700_0;
    %addi 1, 0, 32;
    %store/vec4 v0x58123024d700_0, 0, 32;
    %jmp T_0.0;
T_0.1 ;
    %end;
    .thread T_0;
    .scope S_0x5812301f3620;
T_1 ;
    %wait E_0x5812302305f0;
    %load/vec4 v0x58123024d450_0;
    %flag_set/vec4 8;
    %jmp/0xz  T_1.0, 8;
    %load/vec4 v0x58123024d980_0;
    %flag_set/vec4 8;
    %jmp/0xz  T_1.2, 8;
    %load/vec4 v0x58123024d4f0_0;
    %load/vec4 v0x581230231280_0;
    %pad/u 12;
    %ix/vec4 3;
    %ix/load 4, 0, 0; Constant delay
    %assign/vec4/a/d v0x58123024d7e0, 0, 4;
T_1.2 ;
    %load/vec4 v0x581230231280_0;
    %pad/u 12;
    %ix/vec4 4;
    %load/vec4a v0x58123024d7e0, 4;
    %assign/vec4 v0x58123024d8a0_0, 0;
T_1.0 ;
    %jmp T_1;
    .thread T_1;
    .scope S_0x5812301f3490;
T_2 ;
    %delay 5000, 0;
    %load/vec4 v0x58123024e400_0;
    %inv;
    %store/vec4 v0x58123024e400_0, 0, 1;
    %jmp T_2;
    .thread T_2;
    .scope S_0x5812301f3490;
T_3 ;
    %vpi_call 2 36 "$dumpfile", "wave.vcd" {0 0 0};
    %vpi_call 2 37 "$dumpvars", 32'sb00000000000000000000000000000000, S_0x5812301f3490 {0 0 0};
    %pushi/vec4 0, 0, 1;
    %store/vec4 v0x58123024e400_0, 0, 1;
    %pushi/vec4 0, 0, 1;
    %store/vec4 v0x58123024e870_0, 0, 1;
    %pushi/vec4 0, 0, 16;
    %store/vec4 v0x58123024e310_0, 0, 16;
    %pushi/vec4 0, 0, 8;
    %store/vec4 v0x58123024e5f0_0, 0, 8;
    %vpi_call 2 45 "$monitor", "Tempo=%0t | WE=%b | ADDR=%h | data_in=%h | data_out=%h", $time, v0x58123024e870_0, v0x58123024e310_0, v0x58123024e5f0_0, v0x58123024e690_0 {0 0 0};
    %pushi/vec4 1, 0, 1;
    %store/vec4 v0x58123024e870_0, 0, 1;
    %pushi/vec4 0, 0, 16;
    %store/vec4 v0x58123024e310_0, 0, 16;
    %pushi/vec4 255, 0, 8;
    %store/vec4 v0x58123024e5f0_0, 0, 8;
    %delay 10000, 0;
    %pushi/vec4 1, 0, 16;
    %store/vec4 v0x58123024e310_0, 0, 16;
    %pushi/vec4 170, 0, 8;
    %store/vec4 v0x58123024e5f0_0, 0, 8;
    %delay 10000, 0;
    %pushi/vec4 1023, 0, 16;
    %store/vec4 v0x58123024e310_0, 0, 16;
    %pushi/vec4 51, 0, 8;
    %store/vec4 v0x58123024e5f0_0, 0, 8;
    %delay 10000, 0;
    %pushi/vec4 0, 0, 1;
    %store/vec4 v0x58123024e870_0, 0, 1;
    %pushi/vec4 68, 0, 8;
    %store/vec4 v0x58123024e5f0_0, 0, 8;
    %pushi/vec4 0, 0, 16;
    %store/vec4 v0x58123024e310_0, 0, 16;
    %delay 10000, 0;
    %pushi/vec4 85, 0, 8;
    %store/vec4 v0x58123024e5f0_0, 0, 8;
    %pushi/vec4 1, 0, 16;
    %store/vec4 v0x58123024e310_0, 0, 16;
    %delay 10000, 0;
    %pushi/vec4 102, 0, 8;
    %store/vec4 v0x58123024e5f0_0, 0, 8;
    %pushi/vec4 1023, 0, 16;
    %store/vec4 v0x58123024e310_0, 0, 16;
    %delay 10000, 0;
    %pushi/vec4 1, 0, 1;
    %store/vec4 v0x58123024e870_0, 0, 1;
    %pushi/vec4 1024, 0, 16;
    %store/vec4 v0x58123024e310_0, 0, 16;
    %pushi/vec4 85, 0, 8;
    %store/vec4 v0x58123024e5f0_0, 0, 8;
    %delay 10000, 0;
    %pushi/vec4 0, 0, 1;
    %store/vec4 v0x58123024e870_0, 0, 1;
    %pushi/vec4 119, 0, 8;
    %store/vec4 v0x58123024e5f0_0, 0, 8;
    %pushi/vec4 848, 0, 16;
    %store/vec4 v0x58123024e310_0, 0, 16;
    %delay 10000, 0;
    %vpi_call 2 89 "$display", " FIM DA SIMULACAO " {0 0 0};
    %vpi_call 2 91 "$finish" {0 0 0};
    %end;
    .thread T_3;
# The file index is used to find the file name in the following table.
:file_names 5;
    "N/A";
    "<interactive>";
    "tb_decoder_ram.v";
    "single_port_ram.v";
    "decoder_ram.v";
