Cadence Genus(TM) Synthesis Solution.
Copyright 2025 Cadence Design Systems, Inc. All rights reserved worldwide.
Cadence and the Cadence logo are registered trademarks and Genus is a trademark
of Cadence Design Systems, Inc. in the United States and other countries.

[11:06:41.171881] Configured Lic search path (25.01-s002): 5280@ec2-44-229-184-69.us-west-2.compute.amazonaws.com

Version: 25.12-s067_1, built Mon Nov 17 08:10:10 PST 2025
Options: -log synth_flow.log -files ../scripts/script.tcl 
Date:    Sat Jul 25 11:06:41 2026
Host:    localhost.localdomain (x86_64 w/Linux 5.14.0-687.29.1.el9_8.x86_64) (8cores*16cpus*1physical cpu*AMD Ryzen 7 5700G with Radeon Graphics 512KB) (31967236KB)
PID:     51040
OS:      Rocky Linux 9.8 (Blue Onyx)

Checking out license: Genus_Synthesis
[11:06:45.427848] Periodic Lic check successful
[11:06:45.952144] Feature usage summary:
[11:06:45.952145] Genus_Synthesis  
License checkout complete (4 seconds elapsed).


***********************************************************************************************************
***********************************************************************************************************



Finished executable startup (9 seconds elapsed).

Loading tool scripts...
Finished loading tool scripts (14 seconds elapsed).

#@ Processing -files option
@genus:root: 1> source ../scripts/script.tcl
#@ Begin verbose source ../scripts/script.tcl
@file(script.tcl) 1: read_libs { ../LIB/fast_vdd1v0_basicCells.lib ../LIB/slow_vdd1v0_basicCells.lib }

  Message Summary for Library both libraries:
  *******************************************
  Missing a function attribute in the output pin definition. [LBR-518]: 2
  *******************************************
 
Warning : Libraries have inconsistent nominal operating conditions. In the Liberty library, there are attributes called nom_voltage, nom_process and nom_temperature. Genus reports the message, if the respective values of the 2 given .libs differ. [LBR-38]
        : The libraries are 'fast_vdd1v0' and 'slow_vdd1v0'.
        : This is a common source of delay calculation confusion and should be avoided.
Info    : Library name multiply defined. [LBR-13]
        : The nominal PVT of library 'slow_vdd1v0', file '/home/cidigital/projects/aulas-ci-digital/aula_24_07/LIB/slow_vdd1v0_basicCells.lib' does not match with the nominal PVT of same name library being read now.
        : Same library name with different PVT will be treated as voltage scaled library.
Info    : Created nominal operating condition. [LBR-412]
        : Operating condition '_nominal_' was created for the PVT values (1.000000, 1.100000, 0.000000) in library 'fast_vdd1v0_basicCells.lib'.
        : The nominal operating condition is represented, either by the nominal PVT values specified in the library source (via nom_process,nom_voltage and nom_temperature respectively), or by the default PVT values (1.0,1.0,1.0).
Info    : Created nominal operating condition. [LBR-412]
        : Operating condition '_nominal_' was created for the PVT values (1.000000, 0.900000, 125.000000) in library 'slow_vdd1v0_basicCells.lib'.
Warning : Library cell has no output pins defined. [LBR-9]
        : Library cell 'ANTENNA' must have an output pin.
        : Add the missing output pin(s), then reload the library. Else the library cell will be marked as timing model i.e. unusable. Timing_model means that the cell does not have any defined function. If there is no output pin, Genus will mark library cell as unusable i.e. the attribute 'usable' will be marked to 'false' on the libcell. Therefore, the cell is not used for mapping and it will not be picked up from the library for synthesis. If you query the attribute 'unusable_reason' on the libcell; result will be: 'Library cell has no output pins.'Note: The message LBR-9 is only for the logical pins and not for the power_ground pins. Genus will depend upon the output function defined in the pin group (output pin) of the cell, to use it for mapping. The pg_pin will not have any function defined.
Warning : Library cell has no output pins defined. [LBR-9]
        : Library cell 'ANTENNA' must have an output pin.
Warning : Library cell has no output pins defined. [LBR-9]
        : Library cell 'ANTENNA' must have an output pin.
Warning : Library cell has no output pins defined. [LBR-9]
        : Library cell 'ANTENNA' must have an output pin.
Warning : Multiply-defined library cell. [LBR-22]
        : Library-cell name collision (fast_vdd1v0/ACHCONX2 and slow_vdd1v0/ACHCONX2).  Deleting (slow_vdd1v0/ACHCONX2).
        : Library cell names must be unique.  Any duplicates will be deleted.  Only the first (as determined by the order of libraries) will be retained.
Warning : Multiply-defined library cell. [LBR-22]
        : Library-cell name collision (fast_vdd1v0/ADDFHX1 and slow_vdd1v0/ADDFHX1).  Deleting (slow_vdd1v0/ADDFHX1).
Warning : Multiply-defined library cell. [LBR-22]
        : Library-cell name collision (fast_vdd1v0/ADDFHX2 and slow_vdd1v0/ADDFHX2).  Deleting (slow_vdd1v0/ADDFHX2).
Warning : Multiply-defined library cell. [LBR-22]
        : Library-cell name collision (fast_vdd1v0/ADDFHX4 and slow_vdd1v0/ADDFHX4).  Deleting (slow_vdd1v0/ADDFHX4).
Warning : Multiply-defined library cell. [LBR-22]
        : Library-cell name collision (fast_vdd1v0/ADDFHXL and slow_vdd1v0/ADDFHXL).  Deleting (slow_vdd1v0/ADDFHXL).
Warning : Multiply-defined library cell. [LBR-22]
        : Library-cell name collision (fast_vdd1v0/ADDFX1 and slow_vdd1v0/ADDFX1).  Deleting (slow_vdd1v0/ADDFX1).
Warning : Multiply-defined library cell. [LBR-22]
        : Library-cell name collision (fast_vdd1v0/ADDFX2 and slow_vdd1v0/ADDFX2).  Deleting (slow_vdd1v0/ADDFX2).
Warning : Multiply-defined library cell. [LBR-22]
        : Library-cell name collision (fast_vdd1v0/ADDFX4 and slow_vdd1v0/ADDFX4).  Deleting (slow_vdd1v0/ADDFX4).
Warning : Multiply-defined library cell. [LBR-22]
        : Library-cell name collision (fast_vdd1v0/ADDFXL and slow_vdd1v0/ADDFXL).  Deleting (slow_vdd1v0/ADDFXL).
Warning : Multiply-defined library cell. [LBR-22]
        : Library-cell name collision (fast_vdd1v0/ADDHX1 and slow_vdd1v0/ADDHX1).  Deleting (slow_vdd1v0/ADDHX1).
Warning : Multiply-defined library cell. [LBR-22]
        : Library-cell name collision (fast_vdd1v0/ADDHX2 and slow_vdd1v0/ADDHX2).  Deleting (slow_vdd1v0/ADDHX2).
Warning : Multiply-defined library cell. [LBR-22]
        : Library-cell name collision (fast_vdd1v0/ADDHX4 and slow_vdd1v0/ADDHX4).  Deleting (slow_vdd1v0/ADDHX4).
Warning : Multiply-defined library cell. [LBR-22]
        : Library-cell name collision (fast_vdd1v0/ADDHXL and slow_vdd1v0/ADDHXL).  Deleting (slow_vdd1v0/ADDHXL).
Warning : Multiply-defined library cell. [LBR-22]
        : Library-cell name collision (fast_vdd1v0/AND2X1 and slow_vdd1v0/AND2X1).  Deleting (slow_vdd1v0/AND2X1).
Warning : Multiply-defined library cell. [LBR-22]
        : Library-cell name collision (fast_vdd1v0/AND2X2 and slow_vdd1v0/AND2X2).  Deleting (slow_vdd1v0/AND2X2).
Warning : Multiply-defined library cell. [LBR-22]
        : Library-cell name collision (fast_vdd1v0/AND2X4 and slow_vdd1v0/AND2X4).  Deleting (slow_vdd1v0/AND2X4).
Warning : Multiply-defined library cell. [LBR-22]
        : Library-cell name collision (fast_vdd1v0/AND2X6 and slow_vdd1v0/AND2X6).  Deleting (slow_vdd1v0/AND2X6).
Warning : Multiply-defined library cell. [LBR-22]
        : Library-cell name collision (fast_vdd1v0/AND2X8 and slow_vdd1v0/AND2X8).  Deleting (slow_vdd1v0/AND2X8).
Warning : Multiply-defined library cell. [LBR-22]
        : Library-cell name collision (fast_vdd1v0/AND2XL and slow_vdd1v0/AND2XL).  Deleting (slow_vdd1v0/AND2XL).
Warning : Multiply-defined library cell. [LBR-22]
        : Library-cell name collision (fast_vdd1v0/AND3X1 and slow_vdd1v0/AND3X1).  Deleting (slow_vdd1v0/AND3X1).
Warning : Maximum message print count reached. [MESG-11]
        : Maximum print count of '20' reached for message 'LBR-22'.
@file(script.tcl) 2: read_hdl ".design_rtl.v"
Warning : Cannot open file. [VLOGPT-650]
        : File '.design_rtl.v'.
        : The specified file could not be opened.  Check the value of the init_hdl_search_path attribute.
@file(script.tcl) 3: elaborate
  Libraries have 324 usable logic and 128 usable sequential lib-cells.
UM:   flow.cputime  flow.realtime  timing.setup.tns  timing.setup.wns  snapshot
UM:*                                                                   elaborate
@file(script.tcl) 4: check_design -unresolved
Error   : No designs are available. A design must first be read in and elaborated. [TUI-10] [check_design]
        : There is no design here.
        : A design must first be read in with 'read_hdl' command and elaborated with 'elaborate' command.
#@ End verbose source ../scripts/script.tcl
Failed on check_design
Encountered problems processing file: ../scripts/script.tcl
WARNING: This version of the tool is 249 days old.

Another Ctrl-C within 1 second will terminate the tool.
CURRENT RESOURCES: RT {elapsed: 80s, ST: 19s, FG: 19s, CPU: 1.3%}, MEM {curr: 1.8G, peak: 2.1G, phys curr: 0.9G, phys peak: 0.9G}, SYS {load: 0.4, cpu: 16, total: 30.5G, free: 22.7G}

Another Ctrl-C within 1 second will terminate the tool.
CURRENT RESOURCES: RT {elapsed: 96s, ST: 19s, FG: 19s, CPU: 1.3%}, MEM {curr: 1.8G, peak: 2.1G, phys curr: 0.9G, phys peak: 0.9G}, SYS {load: 0.4, cpu: 16, total: 30.5G, free: 22.7G}
Abnormal exit.
