#! /usr/local/bin/vvp
:ivl_version "14.0 (devel)" "(s20251012-116-g98391b56b)";
:ivl_delay_selection "TYPICAL";
:vpi_time_precision - 12;
:vpi_module "/usr/local/lib/ivl/system.vpi";
:vpi_module "/usr/local/lib/ivl/vhdl_sys.vpi";
:vpi_module "/usr/local/lib/ivl/vhdl_textio.vpi";
:vpi_module "/usr/local/lib/ivl/v2005_math.vpi";
:vpi_module "/usr/local/lib/ivl/va_math.vpi";
S_0x1c82f50 .scope module, "tb_circuit3" "tb_circuit3" 2 3;
 .timescale -9 -12;
v0x1cda9a0_0 .var "a", 0 0;
v0x1cdaa60_0 .var "b", 0 0;
v0x1cdab30_0 .var "c", 0 0;
v0x1cdac30_0 .var "d", 0 0;
v0x1cdad00_0 .net "s", 0 0, L_0x1cdb790;  1 drivers
S_0x1c955f0 .scope module, "uut" "circuit3" 2 9, 3 1 0, S_0x1c82f50;
 .timescale 0 0;
    .port_info 0 /INPUT 1 "a_i";
    .port_info 1 /INPUT 1 "b_i";
    .port_info 2 /INPUT 1 "c_i";
    .port_info 3 /INPUT 1 "d_i";
    .port_info 4 /OUTPUT 1 "s_o";
L_0x1cdaec0 .functor OR 1, L_0x1cdada0, v0x1cdac30_0, C4<0>, C4<0>;
L_0x1cdb1b0 .functor AND 1, L_0x1cdb0c0, v0x1cdaa60_0, C4<1>, C4<1>;
L_0x1cdb340 .functor OR 1, v0x1cdab30_0, L_0x1cdb270, C4<0>, C4<0>;
L_0x1cdb450 .functor OR 1, L_0x1cdb1b0, L_0x1cdb340, C4<0>, C4<0>;
L_0x1cdb680 .functor AND 1, L_0x1cdafd0, L_0x1cdb590, C4<1>, C4<1>;
v0x1c95880_0 .net *"_ivl_1", 0 0, L_0x1cdada0;  1 drivers
v0x1cd9db0_0 .net *"_ivl_11", 0 0, L_0x1cdb270;  1 drivers
v0x1cd9e70_0 .net *"_ivl_12", 0 0, L_0x1cdb340;  1 drivers
v0x1cd9f30_0 .net *"_ivl_14", 0 0, L_0x1cdb450;  1 drivers
v0x1cda010_0 .net *"_ivl_17", 0 0, L_0x1cdb590;  1 drivers
v0x1cda120_0 .net *"_ivl_18", 0 0, L_0x1cdb680;  1 drivers
v0x1cda200_0 .net *"_ivl_2", 0 0, L_0x1cdaec0;  1 drivers
v0x1cda2e0_0 .net *"_ivl_5", 0 0, L_0x1cdafd0;  1 drivers
v0x1cda3a0_0 .net *"_ivl_7", 0 0, L_0x1cdb0c0;  1 drivers
v0x1cda460_0 .net *"_ivl_8", 0 0, L_0x1cdb1b0;  1 drivers
v0x1cda540_0 .net "a_i", 0 0, v0x1cda9a0_0;  1 drivers
v0x1cda600_0 .net "b_i", 0 0, v0x1cdaa60_0;  1 drivers
v0x1cda6c0_0 .net "c_i", 0 0, v0x1cdab30_0;  1 drivers
v0x1cda780_0 .net "d_i", 0 0, v0x1cdac30_0;  1 drivers
v0x1cda840_0 .net "s_o", 0 0, L_0x1cdb790;  alias, 1 drivers
L_0x1cdada0 .reduce/nor v0x1cdaa60_0;
L_0x1cdafd0 .reduce/nor L_0x1cdaec0;
L_0x1cdb0c0 .reduce/nor v0x1cda9a0_0;
L_0x1cdb270 .reduce/nor v0x1cdac30_0;
L_0x1cdb590 .reduce/nor L_0x1cdb450;
L_0x1cdb790 .reduce/nor L_0x1cdb680;
    .scope S_0x1c82f50;
T_0 ;
    %vpi_call 2 19 "$monitor", "a=%b b=%b c=%b d=%b | s=%b", v0x1cda9a0_0, v0x1cdaa60_0, v0x1cdab30_0, v0x1cdac30_0, v0x1cdad00_0 {0 0 0};
    %pushi/vec4 0, 0, 1;
    %store/vec4 v0x1cda9a0_0, 0, 1;
    %pushi/vec4 0, 0, 1;
    %store/vec4 v0x1cdaa60_0, 0, 1;
    %pushi/vec4 0, 0, 1;
    %store/vec4 v0x1cdab30_0, 0, 1;
    %pushi/vec4 0, 0, 1;
    %store/vec4 v0x1cdac30_0, 0, 1;
    %delay 10000, 0;
    %pushi/vec4 0, 0, 1;
    %store/vec4 v0x1cda9a0_0, 0, 1;
    %pushi/vec4 0, 0, 1;
    %store/vec4 v0x1cdaa60_0, 0, 1;
    %pushi/vec4 0, 0, 1;
    %store/vec4 v0x1cdab30_0, 0, 1;
    %pushi/vec4 1, 0, 1;
    %store/vec4 v0x1cdac30_0, 0, 1;
    %delay 10000, 0;
    %pushi/vec4 0, 0, 1;
    %store/vec4 v0x1cda9a0_0, 0, 1;
    %pushi/vec4 0, 0, 1;
    %store/vec4 v0x1cdaa60_0, 0, 1;
    %pushi/vec4 1, 0, 1;
    %store/vec4 v0x1cdab30_0, 0, 1;
    %pushi/vec4 0, 0, 1;
    %store/vec4 v0x1cdac30_0, 0, 1;
    %delay 10000, 0;
    %pushi/vec4 0, 0, 1;
    %store/vec4 v0x1cda9a0_0, 0, 1;
    %pushi/vec4 0, 0, 1;
    %store/vec4 v0x1cdaa60_0, 0, 1;
    %pushi/vec4 1, 0, 1;
    %store/vec4 v0x1cdab30_0, 0, 1;
    %pushi/vec4 1, 0, 1;
    %store/vec4 v0x1cdac30_0, 0, 1;
    %delay 10000, 0;
    %pushi/vec4 0, 0, 1;
    %store/vec4 v0x1cda9a0_0, 0, 1;
    %pushi/vec4 1, 0, 1;
    %store/vec4 v0x1cdaa60_0, 0, 1;
    %pushi/vec4 0, 0, 1;
    %store/vec4 v0x1cdab30_0, 0, 1;
    %pushi/vec4 0, 0, 1;
    %store/vec4 v0x1cdac30_0, 0, 1;
    %delay 10000, 0;
    %pushi/vec4 0, 0, 1;
    %store/vec4 v0x1cda9a0_0, 0, 1;
    %pushi/vec4 1, 0, 1;
    %store/vec4 v0x1cdaa60_0, 0, 1;
    %pushi/vec4 0, 0, 1;
    %store/vec4 v0x1cdab30_0, 0, 1;
    %pushi/vec4 1, 0, 1;
    %store/vec4 v0x1cdac30_0, 0, 1;
    %delay 10000, 0;
    %pushi/vec4 0, 0, 1;
    %store/vec4 v0x1cda9a0_0, 0, 1;
    %pushi/vec4 1, 0, 1;
    %store/vec4 v0x1cdaa60_0, 0, 1;
    %pushi/vec4 1, 0, 1;
    %store/vec4 v0x1cdab30_0, 0, 1;
    %pushi/vec4 0, 0, 1;
    %store/vec4 v0x1cdac30_0, 0, 1;
    %delay 10000, 0;
    %pushi/vec4 0, 0, 1;
    %store/vec4 v0x1cda9a0_0, 0, 1;
    %pushi/vec4 1, 0, 1;
    %store/vec4 v0x1cdaa60_0, 0, 1;
    %pushi/vec4 1, 0, 1;
    %store/vec4 v0x1cdab30_0, 0, 1;
    %pushi/vec4 1, 0, 1;
    %store/vec4 v0x1cdac30_0, 0, 1;
    %delay 10000, 0;
    %pushi/vec4 1, 0, 1;
    %store/vec4 v0x1cda9a0_0, 0, 1;
    %pushi/vec4 0, 0, 1;
    %store/vec4 v0x1cdaa60_0, 0, 1;
    %pushi/vec4 0, 0, 1;
    %store/vec4 v0x1cdab30_0, 0, 1;
    %pushi/vec4 0, 0, 1;
    %store/vec4 v0x1cdac30_0, 0, 1;
    %delay 10000, 0;
    %pushi/vec4 1, 0, 1;
    %store/vec4 v0x1cda9a0_0, 0, 1;
    %pushi/vec4 0, 0, 1;
    %store/vec4 v0x1cdaa60_0, 0, 1;
    %pushi/vec4 0, 0, 1;
    %store/vec4 v0x1cdab30_0, 0, 1;
    %pushi/vec4 1, 0, 1;
    %store/vec4 v0x1cdac30_0, 0, 1;
    %delay 10000, 0;
    %pushi/vec4 1, 0, 1;
    %store/vec4 v0x1cda9a0_0, 0, 1;
    %pushi/vec4 0, 0, 1;
    %store/vec4 v0x1cdaa60_0, 0, 1;
    %pushi/vec4 1, 0, 1;
    %store/vec4 v0x1cdab30_0, 0, 1;
    %pushi/vec4 0, 0, 1;
    %store/vec4 v0x1cdac30_0, 0, 1;
    %delay 10000, 0;
    %pushi/vec4 1, 0, 1;
    %store/vec4 v0x1cda9a0_0, 0, 1;
    %pushi/vec4 0, 0, 1;
    %store/vec4 v0x1cdaa60_0, 0, 1;
    %pushi/vec4 1, 0, 1;
    %store/vec4 v0x1cdab30_0, 0, 1;
    %pushi/vec4 1, 0, 1;
    %store/vec4 v0x1cdac30_0, 0, 1;
    %delay 10000, 0;
    %pushi/vec4 1, 0, 1;
    %store/vec4 v0x1cda9a0_0, 0, 1;
    %pushi/vec4 1, 0, 1;
    %store/vec4 v0x1cdaa60_0, 0, 1;
    %pushi/vec4 0, 0, 1;
    %store/vec4 v0x1cdab30_0, 0, 1;
    %pushi/vec4 0, 0, 1;
    %store/vec4 v0x1cdac30_0, 0, 1;
    %delay 10000, 0;
    %pushi/vec4 1, 0, 1;
    %store/vec4 v0x1cda9a0_0, 0, 1;
    %pushi/vec4 1, 0, 1;
    %store/vec4 v0x1cdaa60_0, 0, 1;
    %pushi/vec4 0, 0, 1;
    %store/vec4 v0x1cdab30_0, 0, 1;
    %pushi/vec4 1, 0, 1;
    %store/vec4 v0x1cdac30_0, 0, 1;
    %delay 10000, 0;
    %pushi/vec4 1, 0, 1;
    %store/vec4 v0x1cda9a0_0, 0, 1;
    %pushi/vec4 1, 0, 1;
    %store/vec4 v0x1cdaa60_0, 0, 1;
    %pushi/vec4 1, 0, 1;
    %store/vec4 v0x1cdab30_0, 0, 1;
    %pushi/vec4 0, 0, 1;
    %store/vec4 v0x1cdac30_0, 0, 1;
    %delay 10000, 0;
    %pushi/vec4 1, 0, 1;
    %store/vec4 v0x1cda9a0_0, 0, 1;
    %pushi/vec4 1, 0, 1;
    %store/vec4 v0x1cdaa60_0, 0, 1;
    %pushi/vec4 1, 0, 1;
    %store/vec4 v0x1cdab30_0, 0, 1;
    %pushi/vec4 1, 0, 1;
    %store/vec4 v0x1cdac30_0, 0, 1;
    %delay 10000, 0;
    %vpi_call 2 41 "$finish" {0 0 0};
    %end;
    .thread T_0;
# The file index is used to find the file name in the following table.
:file_names 4;
    "N/A";
    "<interactive>";
    "circuit3_tb.v";
    "circuit3.v";
