============================================================
  Generated by:           Genus(TM) Synthesis Solution 25.12-s067_1
  Generated on:           Aug 15 2026  11:05:38 am
  Module:                 mac_param
  Operating conditions:   PVT_0P9V_125C (balanced_tree)
  Wireload mode:          enclosed
  Area mode:              timing library
============================================================

# SETUP                  WNS  TNS    FEP 
# -----------------------------------------
 View: ALL               0.1  0.0      0 
    Group : in2out       N/A  N/A    N/A 
    Group : in2reg       0.1  0.0      0 
    Group : reg2out   4343.7  0.0      0 
    Group : reg2reg    168.4  0.0      0 

# -----------------------------------------
# DRV                        WNS  TNS  FEP 
# -------------------------------------------
 View: ALL                                 
    Check: max_transition    N/A  N/A    0 
    Check: max_capacitance   N/A  N/A    0 
    Check: max_fanout        N/A  N/A    0 

# -------------------------------------------
