============================================================
  Generated by:           Genus(TM) Synthesis Solution 25.12-s067_1
  Generated on:           Aug 15 2026  10:40:04 am
  Module:                 mac_param
  Operating conditions:   PVT_1P1V_0C (balanced_tree)
  Wireload mode:          enclosed
  Area mode:              timing library
============================================================


Path 1: MET (8890 ps) Setup Check with Pin result_reg[25]/CK->D
          Group: clk
     Startpoint: (R) a[2]
          Clock: (R) clk
       Endpoint: (R) result_reg[25]/D
          Clock: (R) clk

                     Capture       Launch     
        Clock Edge:+   10000            0     
        Drv Adjust:+       0            0     
       Src Latency:+       0            0     
       Net Latency:+       0 (I)        0 (I) 
           Arrival:=   10000            0     
                                              
             Setup:-      14                  
       Uncertainty:-      10                  
     Required Time:=    9976                  
      Launch Clock:-       0                  
       Input Delay:-     100                  
         Data Path:-     986                  
             Slack:=    8890                  

Exceptions/Constraints:
  input_delay             100             mac.sdc_line_54   

#------------------------------------------------------------------------------------------------------------------
#              Timing Point                Flags    Arc   Edge   Cell     Fanout Load Trans Delay Arrival Instance 
#                                                                                (fF)  (ps)  (ps)   (ps)  Location 
#------------------------------------------------------------------------------------------------------------------
  a[2]                                     -       -      R     (arrival)      8  2.8   100     0     100    (-,-) 
  csa_tree_ADD_TC_OP_groupi_g2076__7410/Y  -       B->Y   F     NAND2X1        2  0.8    29    45     145    (-,-) 
  csa_tree_ADD_TC_OP_groupi_g2033__1705/Y  -       A->Y   R     NOR2X1         1  0.7    19    22     167    (-,-) 
  csa_tree_ADD_TC_OP_groupi_g2014__6161/S  -       CI->S  F     ADDFX1         1  1.0    14    64     231    (-,-) 
  csa_tree_ADD_TC_OP_groupi_g1997__6260/CO -       B->CO  F     ADDFX1         1  0.7    12    45     276    (-,-) 
  csa_tree_ADD_TC_OP_groupi_g1988__9945/S  -       CI->S  R     ADDFX1         1  1.1    13    64     340    (-,-) 
  csa_tree_ADD_TC_OP_groupi_g1976__2802/CO -       A->CO  R     ADDFX1         1  0.7    10    41     381    (-,-) 
  csa_tree_ADD_TC_OP_groupi_g1972__5526/CO -       CI->CO R     ADDFX1         1  0.7    10    38     419    (-,-) 
  csa_tree_ADD_TC_OP_groupi_g1970__4319/CO -       CI->CO R     ADDFX1         1  0.7    10    38     458    (-,-) 
  csa_tree_ADD_TC_OP_groupi_g1969__6260/CO -       CI->CO R     ADDFX1         1  0.7    10    38     496    (-,-) 
  csa_tree_ADD_TC_OP_groupi_g1968__5107/CO -       CI->CO R     ADDFX1         1  0.7    10    38     534    (-,-) 
  csa_tree_ADD_TC_OP_groupi_g1967__2398/CO -       CI->CO R     ADDFX1         1  0.7    10    38     572    (-,-) 
  csa_tree_ADD_TC_OP_groupi_g1966__5477/CO -       CI->CO R     ADDFX1         1  0.7    10    38     610    (-,-) 
  csa_tree_ADD_TC_OP_groupi_g1965__6417/CO -       CI->CO R     ADDFX1         1  0.7    10    38     649    (-,-) 
  csa_tree_ADD_TC_OP_groupi_g1964__7410/CO -       CI->CO R     ADDFX1         1  0.7    10    38     687    (-,-) 
  csa_tree_ADD_TC_OP_groupi_g1963__1666/CO -       CI->CO R     ADDFX1         1  0.7    10    38     725    (-,-) 
  csa_tree_ADD_TC_OP_groupi_g1962__2346/CO -       CI->CO R     ADDFX1         1  0.7    10    38     763    (-,-) 
  csa_tree_ADD_TC_OP_groupi_g1961__2883/CO -       CI->CO R     ADDFX1         2  0.6    10    38     801    (-,-) 
  csa_tree_ADD_TC_OP_groupi_g1960__9945/Y  -       B->Y   R     AND2XL         3  0.9    13    25     826    (-,-) 
  csa_tree_ADD_TC_OP_groupi_g1958__6161/Y  -       B->Y   R     AND2XL         3  0.9    13    26     852    (-,-) 
  csa_tree_ADD_TC_OP_groupi_g1956__7482/Y  -       B->Y   R     AND2XL         3  0.9    13    26     877    (-,-) 
  csa_tree_ADD_TC_OP_groupi_g1954__1881/Y  -       B->Y   R     AND2XL         3  1.1    16    27     904    (-,-) 
  csa_tree_ADD_TC_OP_groupi_g1952__7098/Y  -       B->Y   R     AND2XL         3  0.9    13    26     930    (-,-) 
  csa_tree_ADD_TC_OP_groupi_g1950__5122/Y  -       B->Y   R     AND2XL         3  0.9    13    26     955    (-,-) 
  csa_tree_ADD_TC_OP_groupi_g1948__2802/Y  -       B->Y   R     AND2XL         3  0.9    13    26     981    (-,-) 
  csa_tree_ADD_TC_OP_groupi_g1946__3680/Y  -       B->Y   R     AND2XL         3  1.1    16    27    1008    (-,-) 
  csa_tree_ADD_TC_OP_groupi_g1944__5526/Y  -       B->Y   F     NAND2X1        2  0.8    17    17    1025    (-,-) 
  csa_tree_ADD_TC_OP_groupi_g1942__4319/Y  -       B->Y   R     XNOR2X1        1  0.3     6    35    1060    (-,-) 
  g2329__5107/Y                            -       B1->Y  R     AO22XL         1  0.4     8    26    1086    (-,-) 
  result_reg[25]/D                         -       -      R     DFFRHQX1       1    -     -     0    1086    (-,-) 
#------------------------------------------------------------------------------------------------------------------



Path 2: MET (8892 ps) Setup Check with Pin result_reg[24]/CK->D
          Group: clk
     Startpoint: (R) b[3]
          Clock: (R) clk
       Endpoint: (R) result_reg[24]/D
          Clock: (R) clk

                     Capture       Launch     
        Clock Edge:+   10000            0     
        Drv Adjust:+       0            0     
       Src Latency:+       0            0     
       Net Latency:+       0 (I)        0 (I) 
           Arrival:=   10000            0     
                                              
             Setup:-      14                  
       Uncertainty:-      10                  
     Required Time:=    9976                  
      Launch Clock:-       0                  
       Input Delay:-     100                  
         Data Path:-     984                  
             Slack:=    8892                  

Exceptions/Constraints:
  input_delay             100             mac.sdc_line_61   

#------------------------------------------------------------------------------------------------------------------
#              Timing Point                Flags    Arc   Edge   Cell     Fanout Load Trans Delay Arrival Instance 
#                                                                                (fF)  (ps)  (ps)   (ps)  Location 
#------------------------------------------------------------------------------------------------------------------
  b[3]                                     -       -      R     (arrival)      8  2.4   100     0     100    (-,-) 
  csa_tree_ADD_TC_OP_groupi_g2069__4733/Y  -       A->Y   R     AND2XL         1  1.1    16    42     142    (-,-) 
  csa_tree_ADD_TC_OP_groupi_g2020__7410/S  -       A->S   F     ADDFX1         1  0.7    12    66     208    (-,-) 
  csa_tree_ADD_TC_OP_groupi_g2005__1705/S  -       CI->S  R     ADDFX1         1  1.1    13    64     272    (-,-) 
  csa_tree_ADD_TC_OP_groupi_g1988__9945/S  -       B->S   F     ADDFX1         1  1.0    14    66     339    (-,-) 
  csa_tree_ADD_TC_OP_groupi_g1976__2802/CO -       A->CO  F     ADDFX1         1  0.7    12    45     384    (-,-) 
  csa_tree_ADD_TC_OP_groupi_g1972__5526/CO -       CI->CO F     ADDFX1         1  0.7    12    43     427    (-,-) 
  csa_tree_ADD_TC_OP_groupi_g1970__4319/CO -       CI->CO F     ADDFX1         1  0.7    12    43     470    (-,-) 
  csa_tree_ADD_TC_OP_groupi_g1969__6260/CO -       CI->CO F     ADDFX1         1  0.7    12    43     514    (-,-) 
  csa_tree_ADD_TC_OP_groupi_g1968__5107/CO -       CI->CO F     ADDFX1         1  0.7    12    43     557    (-,-) 
  csa_tree_ADD_TC_OP_groupi_g1967__2398/CO -       CI->CO F     ADDFX1         1  0.7    12    43     600    (-,-) 
  csa_tree_ADD_TC_OP_groupi_g1966__5477/CO -       CI->CO F     ADDFX1         1  0.7    12    43     644    (-,-) 
  csa_tree_ADD_TC_OP_groupi_g1965__6417/CO -       CI->CO F     ADDFX1         1  0.7    12    43     687    (-,-) 
  csa_tree_ADD_TC_OP_groupi_g1964__7410/CO -       CI->CO F     ADDFX1         1  0.7    12    43     730    (-,-) 
  csa_tree_ADD_TC_OP_groupi_g1963__1666/CO -       CI->CO F     ADDFX1         1  0.7    12    43     774    (-,-) 
  csa_tree_ADD_TC_OP_groupi_g1962__2346/CO -       CI->CO F     ADDFX1         1  0.7    12    43     817    (-,-) 
  csa_tree_ADD_TC_OP_groupi_g1961__2883/CO -       CI->CO F     ADDFX1         2  0.6    11    43     860    (-,-) 
  csa_tree_ADD_TC_OP_groupi_g1960__9945/Y  -       B->Y   F     AND2XL         3  0.9    12    19     879    (-,-) 
  csa_tree_ADD_TC_OP_groupi_g1958__6161/Y  -       B->Y   F     AND2XL         3  0.9    12    19     898    (-,-) 
  csa_tree_ADD_TC_OP_groupi_g1956__7482/Y  -       B->Y   F     AND2XL         3  0.8    11    19     917    (-,-) 
  csa_tree_ADD_TC_OP_groupi_g1954__1881/Y  -       B->Y   F     AND2XL         3  1.1    14    20     938    (-,-) 
  csa_tree_ADD_TC_OP_groupi_g1952__7098/Y  -       B->Y   F     AND2XL         3  0.9    12    20     958    (-,-) 
  csa_tree_ADD_TC_OP_groupi_g1950__5122/Y  -       B->Y   F     AND2XL         3  0.9    12    19     977    (-,-) 
  csa_tree_ADD_TC_OP_groupi_g1948__2802/Y  -       B->Y   F     AND2XL         3  0.9    12    19     996    (-,-) 
  csa_tree_ADD_TC_OP_groupi_g1946__3680/Y  -       B->Y   F     AND2XL         3  1.0    13    20    1016    (-,-) 
  csa_tree_ADD_TC_OP_groupi_g1944__5526/Y  -       B->Y   R     NAND2X1        2  0.9    13    12    1028    (-,-) 
  csa_tree_ADD_TC_OP_groupi_g1943__8428/Y  -       B0->Y  R     OA21X1         1  0.3     6    30    1058    (-,-) 
  g2341__7098/Y                            -       B1->Y  R     AO22XL         1  0.4     8    26    1084    (-,-) 
  result_reg[24]/D                         -       -      R     DFFRHQX1       1    -     -     0    1084    (-,-) 
#------------------------------------------------------------------------------------------------------------------



Path 3: MET (8915 ps) Setup Check with Pin result_reg[23]/CK->D
          Group: clk
     Startpoint: (R) b[3]
          Clock: (R) clk
       Endpoint: (R) result_reg[23]/D
          Clock: (R) clk

                     Capture       Launch     
        Clock Edge:+   10000            0     
        Drv Adjust:+       0            0     
       Src Latency:+       0            0     
       Net Latency:+       0 (I)        0 (I) 
           Arrival:=   10000            0     
                                              
             Setup:-      14                  
       Uncertainty:-      10                  
     Required Time:=    9976                  
      Launch Clock:-       0                  
       Input Delay:-     100                  
         Data Path:-     960                  
             Slack:=    8915                  

Exceptions/Constraints:
  input_delay             100             mac.sdc_line_61   

#------------------------------------------------------------------------------------------------------------------
#              Timing Point                Flags    Arc   Edge   Cell     Fanout Load Trans Delay Arrival Instance 
#                                                                                (fF)  (ps)  (ps)   (ps)  Location 
#------------------------------------------------------------------------------------------------------------------
  b[3]                                     -       -      R     (arrival)      8  2.4   100     0     100    (-,-) 
  csa_tree_ADD_TC_OP_groupi_g2069__4733/Y  -       A->Y   R     AND2XL         1  1.1    16    42     142    (-,-) 
  csa_tree_ADD_TC_OP_groupi_g2020__7410/S  -       A->S   F     ADDFX1         1  0.7    12    66     208    (-,-) 
  csa_tree_ADD_TC_OP_groupi_g2005__1705/S  -       CI->S  R     ADDFX1         1  1.1    13    64     272    (-,-) 
  csa_tree_ADD_TC_OP_groupi_g1988__9945/S  -       B->S   F     ADDFX1         1  1.0    14    66     339    (-,-) 
  csa_tree_ADD_TC_OP_groupi_g1976__2802/CO -       A->CO  F     ADDFX1         1  0.7    12    45     384    (-,-) 
  csa_tree_ADD_TC_OP_groupi_g1972__5526/CO -       CI->CO F     ADDFX1         1  0.7    12    43     427    (-,-) 
  csa_tree_ADD_TC_OP_groupi_g1970__4319/CO -       CI->CO F     ADDFX1         1  0.7    12    43     470    (-,-) 
  csa_tree_ADD_TC_OP_groupi_g1969__6260/CO -       CI->CO F     ADDFX1         1  0.7    12    43     514    (-,-) 
  csa_tree_ADD_TC_OP_groupi_g1968__5107/CO -       CI->CO F     ADDFX1         1  0.7    12    43     557    (-,-) 
  csa_tree_ADD_TC_OP_groupi_g1967__2398/CO -       CI->CO F     ADDFX1         1  0.7    12    43     600    (-,-) 
  csa_tree_ADD_TC_OP_groupi_g1966__5477/CO -       CI->CO F     ADDFX1         1  0.7    12    43     644    (-,-) 
  csa_tree_ADD_TC_OP_groupi_g1965__6417/CO -       CI->CO F     ADDFX1         1  0.7    12    43     687    (-,-) 
  csa_tree_ADD_TC_OP_groupi_g1964__7410/CO -       CI->CO F     ADDFX1         1  0.7    12    43     730    (-,-) 
  csa_tree_ADD_TC_OP_groupi_g1963__1666/CO -       CI->CO F     ADDFX1         1  0.7    12    43     774    (-,-) 
  csa_tree_ADD_TC_OP_groupi_g1962__2346/CO -       CI->CO F     ADDFX1         1  0.7    12    43     817    (-,-) 
  csa_tree_ADD_TC_OP_groupi_g1961__2883/CO -       CI->CO F     ADDFX1         2  0.6    11    43     860    (-,-) 
  csa_tree_ADD_TC_OP_groupi_g1960__9945/Y  -       B->Y   F     AND2XL         3  0.9    12    19     879    (-,-) 
  csa_tree_ADD_TC_OP_groupi_g1958__6161/Y  -       B->Y   F     AND2XL         3  0.9    12    19     898    (-,-) 
  csa_tree_ADD_TC_OP_groupi_g1956__7482/Y  -       B->Y   F     AND2XL         3  0.8    11    19     917    (-,-) 
  csa_tree_ADD_TC_OP_groupi_g1954__1881/Y  -       B->Y   F     AND2XL         3  1.1    14    20     938    (-,-) 
  csa_tree_ADD_TC_OP_groupi_g1952__7098/Y  -       B->Y   F     AND2XL         3  0.9    12    20     958    (-,-) 
  csa_tree_ADD_TC_OP_groupi_g1950__5122/Y  -       B->Y   F     AND2XL         3  0.9    12    19     977    (-,-) 
  csa_tree_ADD_TC_OP_groupi_g1948__2802/Y  -       B->Y   F     AND2XL         3  0.9    12    19     996    (-,-) 
  csa_tree_ADD_TC_OP_groupi_g1946__3680/Y  -       B->Y   F     AND2XL         3  1.0    13    20    1016    (-,-) 
  csa_tree_ADD_TC_OP_groupi_g1945__6783/Y  -       B0->Y  R     AOI2BB1XL      1  0.3    14    16    1033    (-,-) 
  g2340__8246/Y                            -       B1->Y  R     AO22XL         1  0.4     8    28    1060    (-,-) 
  result_reg[23]/D                         -       -      R     DFFRHQX1       1    -     -     0    1060    (-,-) 
#------------------------------------------------------------------------------------------------------------------



Path 4: MET (8936 ps) Setup Check with Pin result_reg[22]/CK->D
          Group: clk
     Startpoint: (R) b[3]
          Clock: (R) clk
       Endpoint: (R) result_reg[22]/D
          Clock: (R) clk

                     Capture       Launch     
        Clock Edge:+   10000            0     
        Drv Adjust:+       0            0     
       Src Latency:+       0            0     
       Net Latency:+       0 (I)        0 (I) 
           Arrival:=   10000            0     
                                              
             Setup:-      14                  
       Uncertainty:-      10                  
     Required Time:=    9976                  
      Launch Clock:-       0                  
       Input Delay:-     100                  
         Data Path:-     940                  
             Slack:=    8936                  

Exceptions/Constraints:
  input_delay             100             mac.sdc_line_61   

#------------------------------------------------------------------------------------------------------------------
#              Timing Point                Flags    Arc   Edge   Cell     Fanout Load Trans Delay Arrival Instance 
#                                                                                (fF)  (ps)  (ps)   (ps)  Location 
#------------------------------------------------------------------------------------------------------------------
  b[3]                                     -       -      R     (arrival)      8  2.4   100     0     100    (-,-) 
  csa_tree_ADD_TC_OP_groupi_g2069__4733/Y  -       A->Y   R     AND2XL         1  1.1    16    42     142    (-,-) 
  csa_tree_ADD_TC_OP_groupi_g2020__7410/S  -       A->S   F     ADDFX1         1  0.7    12    66     208    (-,-) 
  csa_tree_ADD_TC_OP_groupi_g2005__1705/S  -       CI->S  R     ADDFX1         1  1.1    13    64     272    (-,-) 
  csa_tree_ADD_TC_OP_groupi_g1988__9945/S  -       B->S   F     ADDFX1         1  1.0    14    66     339    (-,-) 
  csa_tree_ADD_TC_OP_groupi_g1976__2802/CO -       A->CO  F     ADDFX1         1  0.7    12    45     384    (-,-) 
  csa_tree_ADD_TC_OP_groupi_g1972__5526/CO -       CI->CO F     ADDFX1         1  0.7    12    43     427    (-,-) 
  csa_tree_ADD_TC_OP_groupi_g1970__4319/CO -       CI->CO F     ADDFX1         1  0.7    12    43     470    (-,-) 
  csa_tree_ADD_TC_OP_groupi_g1969__6260/CO -       CI->CO F     ADDFX1         1  0.7    12    43     514    (-,-) 
  csa_tree_ADD_TC_OP_groupi_g1968__5107/CO -       CI->CO F     ADDFX1         1  0.7    12    43     557    (-,-) 
  csa_tree_ADD_TC_OP_groupi_g1967__2398/CO -       CI->CO F     ADDFX1         1  0.7    12    43     600    (-,-) 
  csa_tree_ADD_TC_OP_groupi_g1966__5477/CO -       CI->CO F     ADDFX1         1  0.7    12    43     644    (-,-) 
  csa_tree_ADD_TC_OP_groupi_g1965__6417/CO -       CI->CO F     ADDFX1         1  0.7    12    43     687    (-,-) 
  csa_tree_ADD_TC_OP_groupi_g1964__7410/CO -       CI->CO F     ADDFX1         1  0.7    12    43     730    (-,-) 
  csa_tree_ADD_TC_OP_groupi_g1963__1666/CO -       CI->CO F     ADDFX1         1  0.7    12    43     774    (-,-) 
  csa_tree_ADD_TC_OP_groupi_g1962__2346/CO -       CI->CO F     ADDFX1         1  0.7    12    43     817    (-,-) 
  csa_tree_ADD_TC_OP_groupi_g1961__2883/CO -       CI->CO F     ADDFX1         2  0.6    11    43     860    (-,-) 
  csa_tree_ADD_TC_OP_groupi_g1960__9945/Y  -       B->Y   F     AND2XL         3  0.9    12    19     879    (-,-) 
  csa_tree_ADD_TC_OP_groupi_g1958__6161/Y  -       B->Y   F     AND2XL         3  0.9    12    19     898    (-,-) 
  csa_tree_ADD_TC_OP_groupi_g1956__7482/Y  -       B->Y   F     AND2XL         3  0.8    11    19     917    (-,-) 
  csa_tree_ADD_TC_OP_groupi_g1954__1881/Y  -       B->Y   F     AND2XL         3  1.1    14    20     938    (-,-) 
  csa_tree_ADD_TC_OP_groupi_g1952__7098/Y  -       B->Y   F     AND2XL         3  0.9    12    20     958    (-,-) 
  csa_tree_ADD_TC_OP_groupi_g1950__5122/Y  -       B->Y   F     AND2XL         3  0.9    12    19     977    (-,-) 
  csa_tree_ADD_TC_OP_groupi_g1948__2802/Y  -       B->Y   F     AND2XL         3  0.9    12    19     996    (-,-) 
  csa_tree_ADD_TC_OP_groupi_g1947__1617/Y  -       B0->Y  R     AOI2BB1XL      1  0.3    14    16    1012    (-,-) 
  g2339__5122/Y                            -       B1->Y  R     AO22XL         1  0.4     8    28    1040    (-,-) 
  result_reg[22]/D                         -       -      R     DFFRHQX1       1    -     -     0    1040    (-,-) 
#------------------------------------------------------------------------------------------------------------------



Path 5: MET (8955 ps) Setup Check with Pin result_reg[21]/CK->D
          Group: clk
     Startpoint: (R) b[3]
          Clock: (R) clk
       Endpoint: (R) result_reg[21]/D
          Clock: (R) clk

                     Capture       Launch     
        Clock Edge:+   10000            0     
        Drv Adjust:+       0            0     
       Src Latency:+       0            0     
       Net Latency:+       0 (I)        0 (I) 
           Arrival:=   10000            0     
                                              
             Setup:-      14                  
       Uncertainty:-      10                  
     Required Time:=    9976                  
      Launch Clock:-       0                  
       Input Delay:-     100                  
         Data Path:-     920                  
             Slack:=    8955                  

Exceptions/Constraints:
  input_delay             100             mac.sdc_line_61   

#------------------------------------------------------------------------------------------------------------------
#              Timing Point                Flags    Arc   Edge   Cell     Fanout Load Trans Delay Arrival Instance 
#                                                                                (fF)  (ps)  (ps)   (ps)  Location 
#------------------------------------------------------------------------------------------------------------------
  b[3]                                     -       -      R     (arrival)      8  2.4   100     0     100    (-,-) 
  csa_tree_ADD_TC_OP_groupi_g2069__4733/Y  -       A->Y   R     AND2XL         1  1.1    16    42     142    (-,-) 
  csa_tree_ADD_TC_OP_groupi_g2020__7410/S  -       A->S   F     ADDFX1         1  0.7    12    66     208    (-,-) 
  csa_tree_ADD_TC_OP_groupi_g2005__1705/S  -       CI->S  R     ADDFX1         1  1.1    13    64     272    (-,-) 
  csa_tree_ADD_TC_OP_groupi_g1988__9945/S  -       B->S   F     ADDFX1         1  1.0    14    66     339    (-,-) 
  csa_tree_ADD_TC_OP_groupi_g1976__2802/CO -       A->CO  F     ADDFX1         1  0.7    12    45     384    (-,-) 
  csa_tree_ADD_TC_OP_groupi_g1972__5526/CO -       CI->CO F     ADDFX1         1  0.7    12    43     427    (-,-) 
  csa_tree_ADD_TC_OP_groupi_g1970__4319/CO -       CI->CO F     ADDFX1         1  0.7    12    43     470    (-,-) 
  csa_tree_ADD_TC_OP_groupi_g1969__6260/CO -       CI->CO F     ADDFX1         1  0.7    12    43     514    (-,-) 
  csa_tree_ADD_TC_OP_groupi_g1968__5107/CO -       CI->CO F     ADDFX1         1  0.7    12    43     557    (-,-) 
  csa_tree_ADD_TC_OP_groupi_g1967__2398/CO -       CI->CO F     ADDFX1         1  0.7    12    43     600    (-,-) 
  csa_tree_ADD_TC_OP_groupi_g1966__5477/CO -       CI->CO F     ADDFX1         1  0.7    12    43     644    (-,-) 
  csa_tree_ADD_TC_OP_groupi_g1965__6417/CO -       CI->CO F     ADDFX1         1  0.7    12    43     687    (-,-) 
  csa_tree_ADD_TC_OP_groupi_g1964__7410/CO -       CI->CO F     ADDFX1         1  0.7    12    43     730    (-,-) 
  csa_tree_ADD_TC_OP_groupi_g1963__1666/CO -       CI->CO F     ADDFX1         1  0.7    12    43     774    (-,-) 
  csa_tree_ADD_TC_OP_groupi_g1962__2346/CO -       CI->CO F     ADDFX1         1  0.7    12    43     817    (-,-) 
  csa_tree_ADD_TC_OP_groupi_g1961__2883/CO -       CI->CO F     ADDFX1         2  0.6    11    43     860    (-,-) 
  csa_tree_ADD_TC_OP_groupi_g1960__9945/Y  -       B->Y   F     AND2XL         3  0.9    12    19     879    (-,-) 
  csa_tree_ADD_TC_OP_groupi_g1958__6161/Y  -       B->Y   F     AND2XL         3  0.9    12    19     898    (-,-) 
  csa_tree_ADD_TC_OP_groupi_g1956__7482/Y  -       B->Y   F     AND2XL         3  0.8    11    19     917    (-,-) 
  csa_tree_ADD_TC_OP_groupi_g1954__1881/Y  -       B->Y   F     AND2XL         3  1.1    14    20     938    (-,-) 
  csa_tree_ADD_TC_OP_groupi_g1952__7098/Y  -       B->Y   F     AND2XL         3  0.9    12    20     958    (-,-) 
  csa_tree_ADD_TC_OP_groupi_g1950__5122/Y  -       B->Y   F     AND2XL         3  0.9    12    19     977    (-,-) 
  csa_tree_ADD_TC_OP_groupi_g1949__1705/Y  -       B0->Y  R     AOI2BB1XL      1  0.3    14    16     993    (-,-) 
  g2338__1705/Y                            -       B1->Y  R     AO22XL         1  0.4     8    28    1020    (-,-) 
  result_reg[21]/D                         -       -      R     DFFRHQX1       1    -     -     0    1020    (-,-) 
#------------------------------------------------------------------------------------------------------------------



Path 6: MET (8974 ps) Setup Check with Pin result_reg[20]/CK->D
          Group: clk
     Startpoint: (R) b[3]
          Clock: (R) clk
       Endpoint: (R) result_reg[20]/D
          Clock: (R) clk

                     Capture       Launch     
        Clock Edge:+   10000            0     
        Drv Adjust:+       0            0     
       Src Latency:+       0            0     
       Net Latency:+       0 (I)        0 (I) 
           Arrival:=   10000            0     
                                              
             Setup:-      14                  
       Uncertainty:-      10                  
     Required Time:=    9976                  
      Launch Clock:-       0                  
       Input Delay:-     100                  
         Data Path:-     901                  
             Slack:=    8974                  

Exceptions/Constraints:
  input_delay             100             mac.sdc_line_61   

#------------------------------------------------------------------------------------------------------------------
#              Timing Point                Flags    Arc   Edge   Cell     Fanout Load Trans Delay Arrival Instance 
#                                                                                (fF)  (ps)  (ps)   (ps)  Location 
#------------------------------------------------------------------------------------------------------------------
  b[3]                                     -       -      R     (arrival)      8  2.4   100     0     100    (-,-) 
  csa_tree_ADD_TC_OP_groupi_g2069__4733/Y  -       A->Y   R     AND2XL         1  1.1    16    42     142    (-,-) 
  csa_tree_ADD_TC_OP_groupi_g2020__7410/S  -       A->S   F     ADDFX1         1  0.7    12    66     208    (-,-) 
  csa_tree_ADD_TC_OP_groupi_g2005__1705/S  -       CI->S  R     ADDFX1         1  1.1    13    64     272    (-,-) 
  csa_tree_ADD_TC_OP_groupi_g1988__9945/S  -       B->S   F     ADDFX1         1  1.0    14    66     339    (-,-) 
  csa_tree_ADD_TC_OP_groupi_g1976__2802/CO -       A->CO  F     ADDFX1         1  0.7    12    45     384    (-,-) 
  csa_tree_ADD_TC_OP_groupi_g1972__5526/CO -       CI->CO F     ADDFX1         1  0.7    12    43     427    (-,-) 
  csa_tree_ADD_TC_OP_groupi_g1970__4319/CO -       CI->CO F     ADDFX1         1  0.7    12    43     470    (-,-) 
  csa_tree_ADD_TC_OP_groupi_g1969__6260/CO -       CI->CO F     ADDFX1         1  0.7    12    43     514    (-,-) 
  csa_tree_ADD_TC_OP_groupi_g1968__5107/CO -       CI->CO F     ADDFX1         1  0.7    12    43     557    (-,-) 
  csa_tree_ADD_TC_OP_groupi_g1967__2398/CO -       CI->CO F     ADDFX1         1  0.7    12    43     600    (-,-) 
  csa_tree_ADD_TC_OP_groupi_g1966__5477/CO -       CI->CO F     ADDFX1         1  0.7    12    43     644    (-,-) 
  csa_tree_ADD_TC_OP_groupi_g1965__6417/CO -       CI->CO F     ADDFX1         1  0.7    12    43     687    (-,-) 
  csa_tree_ADD_TC_OP_groupi_g1964__7410/CO -       CI->CO F     ADDFX1         1  0.7    12    43     730    (-,-) 
  csa_tree_ADD_TC_OP_groupi_g1963__1666/CO -       CI->CO F     ADDFX1         1  0.7    12    43     774    (-,-) 
  csa_tree_ADD_TC_OP_groupi_g1962__2346/CO -       CI->CO F     ADDFX1         1  0.7    12    43     817    (-,-) 
  csa_tree_ADD_TC_OP_groupi_g1961__2883/CO -       CI->CO F     ADDFX1         2  0.6    11    43     860    (-,-) 
  csa_tree_ADD_TC_OP_groupi_g1960__9945/Y  -       B->Y   F     AND2XL         3  0.9    12    19     879    (-,-) 
  csa_tree_ADD_TC_OP_groupi_g1958__6161/Y  -       B->Y   F     AND2XL         3  0.9    12    19     898    (-,-) 
  csa_tree_ADD_TC_OP_groupi_g1956__7482/Y  -       B->Y   F     AND2XL         3  0.8    11    19     917    (-,-) 
  csa_tree_ADD_TC_OP_groupi_g1954__1881/Y  -       B->Y   F     AND2XL         3  1.1    14    20     938    (-,-) 
  csa_tree_ADD_TC_OP_groupi_g1952__7098/Y  -       B->Y   F     AND2XL         3  0.9    12    20     958    (-,-) 
  csa_tree_ADD_TC_OP_groupi_g1951__8246/Y  -       B0->Y  R     AOI2BB1XL      1  0.3    14    16     974    (-,-) 
  g2337__2802/Y                            -       B1->Y  R     AO22XL         1  0.4     8    28    1001    (-,-) 
  result_reg[20]/D                         -       -      R     DFFRHQX1       1    -     -     0    1001    (-,-) 
#------------------------------------------------------------------------------------------------------------------



Path 7: MET (8995 ps) Setup Check with Pin result_reg[19]/CK->D
          Group: clk
     Startpoint: (R) b[3]
          Clock: (R) clk
       Endpoint: (R) result_reg[19]/D
          Clock: (R) clk

                     Capture       Launch     
        Clock Edge:+   10000            0     
        Drv Adjust:+       0            0     
       Src Latency:+       0            0     
       Net Latency:+       0 (I)        0 (I) 
           Arrival:=   10000            0     
                                              
             Setup:-      14                  
       Uncertainty:-      10                  
     Required Time:=    9976                  
      Launch Clock:-       0                  
       Input Delay:-     100                  
         Data Path:-     880                  
             Slack:=    8995                  

Exceptions/Constraints:
  input_delay             100             mac.sdc_line_61   

#------------------------------------------------------------------------------------------------------------------
#              Timing Point                Flags    Arc   Edge   Cell     Fanout Load Trans Delay Arrival Instance 
#                                                                                (fF)  (ps)  (ps)   (ps)  Location 
#------------------------------------------------------------------------------------------------------------------
  b[3]                                     -       -      R     (arrival)      8  2.4   100     0     100    (-,-) 
  csa_tree_ADD_TC_OP_groupi_g2069__4733/Y  -       A->Y   R     AND2XL         1  1.1    16    42     142    (-,-) 
  csa_tree_ADD_TC_OP_groupi_g2020__7410/S  -       A->S   F     ADDFX1         1  0.7    12    66     208    (-,-) 
  csa_tree_ADD_TC_OP_groupi_g2005__1705/S  -       CI->S  R     ADDFX1         1  1.1    13    64     272    (-,-) 
  csa_tree_ADD_TC_OP_groupi_g1988__9945/S  -       B->S   F     ADDFX1         1  1.0    14    66     339    (-,-) 
  csa_tree_ADD_TC_OP_groupi_g1976__2802/CO -       A->CO  F     ADDFX1         1  0.7    12    45     384    (-,-) 
  csa_tree_ADD_TC_OP_groupi_g1972__5526/CO -       CI->CO F     ADDFX1         1  0.7    12    43     427    (-,-) 
  csa_tree_ADD_TC_OP_groupi_g1970__4319/CO -       CI->CO F     ADDFX1         1  0.7    12    43     470    (-,-) 
  csa_tree_ADD_TC_OP_groupi_g1969__6260/CO -       CI->CO F     ADDFX1         1  0.7    12    43     514    (-,-) 
  csa_tree_ADD_TC_OP_groupi_g1968__5107/CO -       CI->CO F     ADDFX1         1  0.7    12    43     557    (-,-) 
  csa_tree_ADD_TC_OP_groupi_g1967__2398/CO -       CI->CO F     ADDFX1         1  0.7    12    43     600    (-,-) 
  csa_tree_ADD_TC_OP_groupi_g1966__5477/CO -       CI->CO F     ADDFX1         1  0.7    12    43     644    (-,-) 
  csa_tree_ADD_TC_OP_groupi_g1965__6417/CO -       CI->CO F     ADDFX1         1  0.7    12    43     687    (-,-) 
  csa_tree_ADD_TC_OP_groupi_g1964__7410/CO -       CI->CO F     ADDFX1         1  0.7    12    43     730    (-,-) 
  csa_tree_ADD_TC_OP_groupi_g1963__1666/CO -       CI->CO F     ADDFX1         1  0.7    12    43     774    (-,-) 
  csa_tree_ADD_TC_OP_groupi_g1962__2346/CO -       CI->CO F     ADDFX1         1  0.7    12    43     817    (-,-) 
  csa_tree_ADD_TC_OP_groupi_g1961__2883/CO -       CI->CO F     ADDFX1         2  0.6    11    43     860    (-,-) 
  csa_tree_ADD_TC_OP_groupi_g1960__9945/Y  -       B->Y   F     AND2XL         3  0.9    12    19     879    (-,-) 
  csa_tree_ADD_TC_OP_groupi_g1958__6161/Y  -       B->Y   F     AND2XL         3  0.9    12    19     898    (-,-) 
  csa_tree_ADD_TC_OP_groupi_g1956__7482/Y  -       B->Y   F     AND2XL         3  0.8    11    19     917    (-,-) 
  csa_tree_ADD_TC_OP_groupi_g1954__1881/Y  -       B->Y   F     AND2XL         3  1.1    14    20     938    (-,-) 
  csa_tree_ADD_TC_OP_groupi_g1953__6131/Y  -       B0->Y  R     AOI2BB1X1      1  0.3    11    15     953    (-,-) 
  g2336__1617/Y                            -       B1->Y  R     AO22XL         1  0.4     8    27     980    (-,-) 
  result_reg[19]/D                         -       -      R     DFFRHQX1       1    -     -     0     980    (-,-) 
#------------------------------------------------------------------------------------------------------------------



Path 8: MET (9015 ps) Setup Check with Pin result_reg[18]/CK->D
          Group: clk
     Startpoint: (R) b[3]
          Clock: (R) clk
       Endpoint: (R) result_reg[18]/D
          Clock: (R) clk

                     Capture       Launch     
        Clock Edge:+   10000            0     
        Drv Adjust:+       0            0     
       Src Latency:+       0            0     
       Net Latency:+       0 (I)        0 (I) 
           Arrival:=   10000            0     
                                              
             Setup:-      14                  
       Uncertainty:-      10                  
     Required Time:=    9976                  
      Launch Clock:-       0                  
       Input Delay:-     100                  
         Data Path:-     860                  
             Slack:=    9015                  

Exceptions/Constraints:
  input_delay             100             mac.sdc_line_61   

#------------------------------------------------------------------------------------------------------------------
#              Timing Point                Flags    Arc   Edge   Cell     Fanout Load Trans Delay Arrival Instance 
#                                                                                (fF)  (ps)  (ps)   (ps)  Location 
#------------------------------------------------------------------------------------------------------------------
  b[3]                                     -       -      R     (arrival)      8  2.4   100     0     100    (-,-) 
  csa_tree_ADD_TC_OP_groupi_g2069__4733/Y  -       A->Y   R     AND2XL         1  1.1    16    42     142    (-,-) 
  csa_tree_ADD_TC_OP_groupi_g2020__7410/S  -       A->S   F     ADDFX1         1  0.7    12    66     208    (-,-) 
  csa_tree_ADD_TC_OP_groupi_g2005__1705/S  -       CI->S  R     ADDFX1         1  1.1    13    64     272    (-,-) 
  csa_tree_ADD_TC_OP_groupi_g1988__9945/S  -       B->S   F     ADDFX1         1  1.0    14    66     339    (-,-) 
  csa_tree_ADD_TC_OP_groupi_g1976__2802/CO -       A->CO  F     ADDFX1         1  0.7    12    45     384    (-,-) 
  csa_tree_ADD_TC_OP_groupi_g1972__5526/CO -       CI->CO F     ADDFX1         1  0.7    12    43     427    (-,-) 
  csa_tree_ADD_TC_OP_groupi_g1970__4319/CO -       CI->CO F     ADDFX1         1  0.7    12    43     470    (-,-) 
  csa_tree_ADD_TC_OP_groupi_g1969__6260/CO -       CI->CO F     ADDFX1         1  0.7    12    43     514    (-,-) 
  csa_tree_ADD_TC_OP_groupi_g1968__5107/CO -       CI->CO F     ADDFX1         1  0.7    12    43     557    (-,-) 
  csa_tree_ADD_TC_OP_groupi_g1967__2398/CO -       CI->CO F     ADDFX1         1  0.7    12    43     600    (-,-) 
  csa_tree_ADD_TC_OP_groupi_g1966__5477/CO -       CI->CO F     ADDFX1         1  0.7    12    43     644    (-,-) 
  csa_tree_ADD_TC_OP_groupi_g1965__6417/CO -       CI->CO F     ADDFX1         1  0.7    12    43     687    (-,-) 
  csa_tree_ADD_TC_OP_groupi_g1964__7410/CO -       CI->CO F     ADDFX1         1  0.7    12    43     730    (-,-) 
  csa_tree_ADD_TC_OP_groupi_g1963__1666/CO -       CI->CO F     ADDFX1         1  0.7    12    43     774    (-,-) 
  csa_tree_ADD_TC_OP_groupi_g1962__2346/CO -       CI->CO F     ADDFX1         1  0.7    12    43     817    (-,-) 
  csa_tree_ADD_TC_OP_groupi_g1961__2883/CO -       CI->CO F     ADDFX1         2  0.6    11    43     860    (-,-) 
  csa_tree_ADD_TC_OP_groupi_g1960__9945/Y  -       B->Y   F     AND2XL         3  0.9    12    19     879    (-,-) 
  csa_tree_ADD_TC_OP_groupi_g1958__6161/Y  -       B->Y   F     AND2XL         3  0.9    12    19     898    (-,-) 
  csa_tree_ADD_TC_OP_groupi_g1956__7482/Y  -       B->Y   F     AND2XL         3  0.8    11    19     917    (-,-) 
  csa_tree_ADD_TC_OP_groupi_g1955__5115/Y  -       B0->Y  R     AOI2BB1XL      1  0.3    14    16     933    (-,-) 
  g2335__3680/Y                            -       B1->Y  R     AO22XL         1  0.4     8    28     960    (-,-) 
  result_reg[18]/D                         -       -      R     DFFRHQX1       1    -     -     0     960    (-,-) 
#------------------------------------------------------------------------------------------------------------------



Path 9: MET (9034 ps) Setup Check with Pin result_reg[17]/CK->D
          Group: clk
     Startpoint: (R) b[3]
          Clock: (R) clk
       Endpoint: (R) result_reg[17]/D
          Clock: (R) clk

                     Capture       Launch     
        Clock Edge:+   10000            0     
        Drv Adjust:+       0            0     
       Src Latency:+       0            0     
       Net Latency:+       0 (I)        0 (I) 
           Arrival:=   10000            0     
                                              
             Setup:-      14                  
       Uncertainty:-      10                  
     Required Time:=    9976                  
      Launch Clock:-       0                  
       Input Delay:-     100                  
         Data Path:-     842                  
             Slack:=    9034                  

Exceptions/Constraints:
  input_delay             100             mac.sdc_line_61   

#------------------------------------------------------------------------------------------------------------------
#              Timing Point                Flags    Arc   Edge   Cell     Fanout Load Trans Delay Arrival Instance 
#                                                                                (fF)  (ps)  (ps)   (ps)  Location 
#------------------------------------------------------------------------------------------------------------------
  b[3]                                     -       -      R     (arrival)      8  2.4   100     0     100    (-,-) 
  csa_tree_ADD_TC_OP_groupi_g2069__4733/Y  -       A->Y   R     AND2XL         1  1.1    16    42     142    (-,-) 
  csa_tree_ADD_TC_OP_groupi_g2020__7410/S  -       A->S   F     ADDFX1         1  0.7    12    66     208    (-,-) 
  csa_tree_ADD_TC_OP_groupi_g2005__1705/S  -       CI->S  R     ADDFX1         1  1.1    13    64     272    (-,-) 
  csa_tree_ADD_TC_OP_groupi_g1988__9945/S  -       B->S   F     ADDFX1         1  1.0    14    66     339    (-,-) 
  csa_tree_ADD_TC_OP_groupi_g1976__2802/CO -       A->CO  F     ADDFX1         1  0.7    12    45     384    (-,-) 
  csa_tree_ADD_TC_OP_groupi_g1972__5526/CO -       CI->CO F     ADDFX1         1  0.7    12    43     427    (-,-) 
  csa_tree_ADD_TC_OP_groupi_g1970__4319/CO -       CI->CO F     ADDFX1         1  0.7    12    43     470    (-,-) 
  csa_tree_ADD_TC_OP_groupi_g1969__6260/CO -       CI->CO F     ADDFX1         1  0.7    12    43     514    (-,-) 
  csa_tree_ADD_TC_OP_groupi_g1968__5107/CO -       CI->CO F     ADDFX1         1  0.7    12    43     557    (-,-) 
  csa_tree_ADD_TC_OP_groupi_g1967__2398/CO -       CI->CO F     ADDFX1         1  0.7    12    43     600    (-,-) 
  csa_tree_ADD_TC_OP_groupi_g1966__5477/CO -       CI->CO F     ADDFX1         1  0.7    12    43     644    (-,-) 
  csa_tree_ADD_TC_OP_groupi_g1965__6417/CO -       CI->CO F     ADDFX1         1  0.7    12    43     687    (-,-) 
  csa_tree_ADD_TC_OP_groupi_g1964__7410/CO -       CI->CO F     ADDFX1         1  0.7    12    43     730    (-,-) 
  csa_tree_ADD_TC_OP_groupi_g1963__1666/CO -       CI->CO F     ADDFX1         1  0.7    12    43     774    (-,-) 
  csa_tree_ADD_TC_OP_groupi_g1962__2346/CO -       CI->CO F     ADDFX1         1  0.7    12    43     817    (-,-) 
  csa_tree_ADD_TC_OP_groupi_g1961__2883/CO -       CI->CO F     ADDFX1         2  0.6    11    43     860    (-,-) 
  csa_tree_ADD_TC_OP_groupi_g1960__9945/Y  -       B->Y   F     AND2XL         3  0.9    12    19     879    (-,-) 
  csa_tree_ADD_TC_OP_groupi_g1958__6161/Y  -       B->Y   F     AND2XL         3  0.9    12    19     898    (-,-) 
  csa_tree_ADD_TC_OP_groupi_g1957__4733/Y  -       B0->Y  R     AOI2BB1XL      1  0.3    14    16     914    (-,-) 
  g2334__6783/Y                            -       B1->Y  R     AO22XL         1  0.4     8    28     942    (-,-) 
  result_reg[17]/D                         -       -      R     DFFRHQX1       1    -     -     0     942    (-,-) 
#------------------------------------------------------------------------------------------------------------------



Path 10: MET (9053 ps) Setup Check with Pin result_reg[16]/CK->D
          Group: clk
     Startpoint: (R) b[3]
          Clock: (R) clk
       Endpoint: (R) result_reg[16]/D
          Clock: (R) clk

                     Capture       Launch     
        Clock Edge:+   10000            0     
        Drv Adjust:+       0            0     
       Src Latency:+       0            0     
       Net Latency:+       0 (I)        0 (I) 
           Arrival:=   10000            0     
                                              
             Setup:-      14                  
       Uncertainty:-      10                  
     Required Time:=    9976                  
      Launch Clock:-       0                  
       Input Delay:-     100                  
         Data Path:-     822                  
             Slack:=    9053                  

Exceptions/Constraints:
  input_delay             100             mac.sdc_line_61   

#------------------------------------------------------------------------------------------------------------------
#              Timing Point                Flags    Arc   Edge   Cell     Fanout Load Trans Delay Arrival Instance 
#                                                                                (fF)  (ps)  (ps)   (ps)  Location 
#------------------------------------------------------------------------------------------------------------------
  b[3]                                     -       -      R     (arrival)      8  2.4   100     0     100    (-,-) 
  csa_tree_ADD_TC_OP_groupi_g2069__4733/Y  -       A->Y   R     AND2XL         1  1.1    16    42     142    (-,-) 
  csa_tree_ADD_TC_OP_groupi_g2020__7410/S  -       A->S   F     ADDFX1         1  0.7    12    66     208    (-,-) 
  csa_tree_ADD_TC_OP_groupi_g2005__1705/S  -       CI->S  R     ADDFX1         1  1.1    13    64     272    (-,-) 
  csa_tree_ADD_TC_OP_groupi_g1988__9945/S  -       B->S   F     ADDFX1         1  1.0    14    66     339    (-,-) 
  csa_tree_ADD_TC_OP_groupi_g1976__2802/CO -       A->CO  F     ADDFX1         1  0.7    12    45     384    (-,-) 
  csa_tree_ADD_TC_OP_groupi_g1972__5526/CO -       CI->CO F     ADDFX1         1  0.7    12    43     427    (-,-) 
  csa_tree_ADD_TC_OP_groupi_g1970__4319/CO -       CI->CO F     ADDFX1         1  0.7    12    43     470    (-,-) 
  csa_tree_ADD_TC_OP_groupi_g1969__6260/CO -       CI->CO F     ADDFX1         1  0.7    12    43     514    (-,-) 
  csa_tree_ADD_TC_OP_groupi_g1968__5107/CO -       CI->CO F     ADDFX1         1  0.7    12    43     557    (-,-) 
  csa_tree_ADD_TC_OP_groupi_g1967__2398/CO -       CI->CO F     ADDFX1         1  0.7    12    43     600    (-,-) 
  csa_tree_ADD_TC_OP_groupi_g1966__5477/CO -       CI->CO F     ADDFX1         1  0.7    12    43     644    (-,-) 
  csa_tree_ADD_TC_OP_groupi_g1965__6417/CO -       CI->CO F     ADDFX1         1  0.7    12    43     687    (-,-) 
  csa_tree_ADD_TC_OP_groupi_g1964__7410/CO -       CI->CO F     ADDFX1         1  0.7    12    43     730    (-,-) 
  csa_tree_ADD_TC_OP_groupi_g1963__1666/CO -       CI->CO F     ADDFX1         1  0.7    12    43     774    (-,-) 
  csa_tree_ADD_TC_OP_groupi_g1962__2346/CO -       CI->CO F     ADDFX1         1  0.7    12    43     817    (-,-) 
  csa_tree_ADD_TC_OP_groupi_g1961__2883/CO -       CI->CO F     ADDFX1         2  0.6    11    43     860    (-,-) 
  csa_tree_ADD_TC_OP_groupi_g1960__9945/Y  -       B->Y   F     AND2XL         3  0.9    12    19     879    (-,-) 
  csa_tree_ADD_TC_OP_groupi_g1959__9315/Y  -       B0->Y  R     AOI2BB1XL      1  0.3    14    16     895    (-,-) 
  g2333__5526/Y                            -       B1->Y  R     AO22XL         1  0.4     8    28     922    (-,-) 
  result_reg[16]/D                         -       -      R     DFFRHQX1       1    -     -     0     922    (-,-) 
#------------------------------------------------------------------------------------------------------------------

