============================================================
  Generated by:           Genus(TM) Synthesis Solution 25.12-s067_1
  Generated on:           Aug 15 2026  11:05:38 am
  Module:                 mac_param
  Operating conditions:   PVT_0P9V_125C (balanced_tree)
  Wireload mode:          enclosed
  Area mode:              timing library
============================================================


Path 1: MET (0 ps) Setup Check with Pin result_reg[25]/CK->D
          Group: clk
     Startpoint: (R) b[3]
          Clock: (R) clk
       Endpoint: (R) result_reg[25]/D
          Clock: (R) clk

                     Capture       Launch     
        Clock Edge:+    4755            0     
        Drv Adjust:+       0            0     
       Src Latency:+       0            0     
       Net Latency:+       0 (I)        0 (I) 
           Arrival:=    4755            0     
                                              
             Setup:-      94                  
       Uncertainty:-      10                  
     Required Time:=    4650                  
      Launch Clock:-       0                  
       Input Delay:-     100                  
         Data Path:-    4550                  
             Slack:=       0                  

Exceptions/Constraints:
  input_delay             100             mac.sdc_line_61   

#------------------------------------------------------------------------------------------------------------------
#              Timing Point                Flags    Arc   Edge   Cell     Fanout Load Trans Delay Arrival Instance 
#                                                                                (fF)  (ps)  (ps)   (ps)  Location 
#------------------------------------------------------------------------------------------------------------------
  b[3]                                     -       -      R     (arrival)      8  1.6   100     0     100    (-,-) 
  csa_tree_ADD_TC_OP_groupi_g2069__4733/Y  -       A->Y   R     AND2XL         1  0.8    41   157     257    (-,-) 
  csa_tree_ADD_TC_OP_groupi_g2020__7410/S  -       A->S   F     ADDFX1         1  0.5    40   304     561    (-,-) 
  csa_tree_ADD_TC_OP_groupi_g2005__1705/S  -       CI->S  R     ADDFX1         1  0.8    46   290     851    (-,-) 
  csa_tree_ADD_TC_OP_groupi_g1988__9945/S  -       B->S   R     ADDFX1         1  0.8    46   275    1126    (-,-) 
  csa_tree_ADD_TC_OP_groupi_g1976__2802/CO -       A->CO  R     ADDFX1         1  0.6    39   206    1332    (-,-) 
  csa_tree_ADD_TC_OP_groupi_g1972__5526/CO -       CI->CO R     ADDFX1         1  0.6    39   186    1518    (-,-) 
  csa_tree_ADD_TC_OP_groupi_g1970__4319/CO -       CI->CO R     ADDFX1         1  0.6    39   186    1704    (-,-) 
  csa_tree_ADD_TC_OP_groupi_g1969__6260/CO -       CI->CO R     ADDFX1         1  0.6    39   186    1890    (-,-) 
  csa_tree_ADD_TC_OP_groupi_g1968__5107/CO -       CI->CO R     ADDFX1         1  0.6    39   186    2076    (-,-) 
  csa_tree_ADD_TC_OP_groupi_g1967__2398/CO -       CI->CO R     ADDFX1         1  0.6    39   186    2262    (-,-) 
  csa_tree_ADD_TC_OP_groupi_g1966__5477/CO -       CI->CO R     ADDFX1         1  0.6    39   186    2448    (-,-) 
  csa_tree_ADD_TC_OP_groupi_g1965__6417/CO -       CI->CO R     ADDFX1         1  0.6    39   186    2634    (-,-) 
  csa_tree_ADD_TC_OP_groupi_g1964__7410/CO -       CI->CO R     ADDFX1         1  0.6    39   186    2820    (-,-) 
  csa_tree_ADD_TC_OP_groupi_g1963__1666/CO -       CI->CO R     ADDFX1         1  0.6    39   186    3006    (-,-) 
  csa_tree_ADD_TC_OP_groupi_g1962__2346/CO -       CI->CO R     ADDFX1         1  0.6    39   186    3192    (-,-) 
  csa_tree_ADD_TC_OP_groupi_g1961__2883/CO -       CI->CO R     ADDFX1         2  0.4    35   184    3375    (-,-) 
  csa_tree_ADD_TC_OP_groupi_g1960__9945/Y  -       B->Y   R     AND2XL         3  0.6    34   112    3487    (-,-) 
  csa_tree_ADD_TC_OP_groupi_g1958__6161/Y  -       B->Y   R     AND2XL         3  0.6    34   111    3598    (-,-) 
  csa_tree_ADD_TC_OP_groupi_g1956__7482/Y  -       B->Y   R     AND2XL         3  0.6    34   111    3709    (-,-) 
  csa_tree_ADD_TC_OP_groupi_g1954__1881/Y  -       B->Y   R     AND2XL         3  0.8    41   115    3825    (-,-) 
  csa_tree_ADD_TC_OP_groupi_g1952__7098/Y  -       B->Y   R     AND2XL         3  0.6    34   115    3939    (-,-) 
  csa_tree_ADD_TC_OP_groupi_g1950__5122/Y  -       B->Y   R     AND2XL         3  0.6    34   111    4051    (-,-) 
  csa_tree_ADD_TC_OP_groupi_g1948__2802/Y  -       B->Y   R     AND2XL         3  0.6    34   111    4162    (-,-) 
  csa_tree_ADD_TC_OP_groupi_g1946__3680/Y  -       B->Y   R     AND2XL         3  0.8    41   115    4277    (-,-) 
  csa_tree_ADD_TC_OP_groupi_g1944__5526/Y  -       B->Y   F     NAND2X1        2  0.6    69    70    4347    (-,-) 
  csa_tree_ADD_TC_OP_groupi_g1942__4319/Y  -       B->Y   R     XNOR2X1        1  0.2    22   176    4523    (-,-) 
  g2329__5107/Y                            -       B1->Y  R     AO22XL         1  0.3    28   128    4650    (-,-) 
  result_reg[25]/D                         -       -      R     DFFRHQX1       1    -     -     0    4650    (-,-) 
#------------------------------------------------------------------------------------------------------------------



Path 2: MET (106 ps) Setup Check with Pin result_reg[24]/CK->D
          Group: clk
     Startpoint: (R) b[3]
          Clock: (R) clk
       Endpoint: (R) result_reg[24]/D
          Clock: (R) clk

                     Capture       Launch     
        Clock Edge:+    4755            0     
        Drv Adjust:+       0            0     
       Src Latency:+       0            0     
       Net Latency:+       0 (I)        0 (I) 
           Arrival:=    4755            0     
                                              
             Setup:-      94                  
       Uncertainty:-      10                  
     Required Time:=    4650                  
      Launch Clock:-       0                  
       Input Delay:-     100                  
         Data Path:-    4444                  
             Slack:=     106                  

Exceptions/Constraints:
  input_delay             100             mac.sdc_line_61   

#------------------------------------------------------------------------------------------------------------------
#              Timing Point                Flags    Arc   Edge   Cell     Fanout Load Trans Delay Arrival Instance 
#                                                                                (fF)  (ps)  (ps)   (ps)  Location 
#------------------------------------------------------------------------------------------------------------------
  b[3]                                     -       -      R     (arrival)      8  1.6   100     0     100    (-,-) 
  csa_tree_ADD_TC_OP_groupi_g2069__4733/Y  -       A->Y   R     AND2XL         1  0.8    41   157     257    (-,-) 
  csa_tree_ADD_TC_OP_groupi_g2020__7410/S  -       A->S   F     ADDFX1         1  0.5    40   304     561    (-,-) 
  csa_tree_ADD_TC_OP_groupi_g2005__1705/S  -       CI->S  R     ADDFX1         1  0.8    46   290     851    (-,-) 
  csa_tree_ADD_TC_OP_groupi_g1988__9945/S  -       B->S   R     ADDFX1         1  0.8    46   275    1126    (-,-) 
  csa_tree_ADD_TC_OP_groupi_g1976__2802/CO -       A->CO  R     ADDFX1         1  0.6    39   206    1332    (-,-) 
  csa_tree_ADD_TC_OP_groupi_g1972__5526/CO -       CI->CO R     ADDFX1         1  0.6    39   186    1518    (-,-) 
  csa_tree_ADD_TC_OP_groupi_g1970__4319/CO -       CI->CO R     ADDFX1         1  0.6    39   186    1704    (-,-) 
  csa_tree_ADD_TC_OP_groupi_g1969__6260/CO -       CI->CO R     ADDFX1         1  0.6    39   186    1890    (-,-) 
  csa_tree_ADD_TC_OP_groupi_g1968__5107/CO -       CI->CO R     ADDFX1         1  0.6    39   186    2076    (-,-) 
  csa_tree_ADD_TC_OP_groupi_g1967__2398/CO -       CI->CO R     ADDFX1         1  0.6    39   186    2262    (-,-) 
  csa_tree_ADD_TC_OP_groupi_g1966__5477/CO -       CI->CO R     ADDFX1         1  0.6    39   186    2448    (-,-) 
  csa_tree_ADD_TC_OP_groupi_g1965__6417/CO -       CI->CO R     ADDFX1         1  0.6    39   186    2634    (-,-) 
  csa_tree_ADD_TC_OP_groupi_g1964__7410/CO -       CI->CO R     ADDFX1         1  0.6    39   186    2820    (-,-) 
  csa_tree_ADD_TC_OP_groupi_g1963__1666/CO -       CI->CO R     ADDFX1         1  0.6    39   186    3006    (-,-) 
  csa_tree_ADD_TC_OP_groupi_g1962__2346/CO -       CI->CO R     ADDFX1         1  0.6    39   186    3192    (-,-) 
  csa_tree_ADD_TC_OP_groupi_g1961__2883/CO -       CI->CO R     ADDFX1         2  0.4    35   184    3375    (-,-) 
  csa_tree_ADD_TC_OP_groupi_g1960__9945/Y  -       B->Y   R     AND2XL         3  0.6    34   112    3487    (-,-) 
  csa_tree_ADD_TC_OP_groupi_g1958__6161/Y  -       B->Y   R     AND2XL         3  0.6    34   111    3598    (-,-) 
  csa_tree_ADD_TC_OP_groupi_g1956__7482/Y  -       B->Y   R     AND2XL         3  0.6    34   111    3709    (-,-) 
  csa_tree_ADD_TC_OP_groupi_g1954__1881/Y  -       B->Y   R     AND2XL         3  0.8    41   115    3825    (-,-) 
  csa_tree_ADD_TC_OP_groupi_g1952__7098/Y  -       B->Y   R     AND2XL         3  0.6    34   115    3939    (-,-) 
  csa_tree_ADD_TC_OP_groupi_g1950__5122/Y  -       B->Y   R     AND2XL         3  0.6    34   111    4051    (-,-) 
  csa_tree_ADD_TC_OP_groupi_g1948__2802/Y  -       B->Y   R     AND2XL         3  0.6    34   111    4162    (-,-) 
  csa_tree_ADD_TC_OP_groupi_g1946__3680/Y  -       B->Y   R     AND2XL         3  0.8    41   115    4277    (-,-) 
  csa_tree_ADD_TC_OP_groupi_g1943__8428/Y  -       A1->Y  R     OA21X1         1  0.2    22   140    4417    (-,-) 
  g2341__7098/Y                            -       B1->Y  R     AO22XL         1  0.3    28   128    4544    (-,-) 
  result_reg[24]/D                         -       -      R     DFFRHQX1       1    -     -     0    4544    (-,-) 
#------------------------------------------------------------------------------------------------------------------



Path 3: MET (276 ps) Setup Check with Pin result_reg[23]/CK->D
          Group: clk
     Startpoint: (R) b[3]
          Clock: (R) clk
       Endpoint: (R) result_reg[23]/D
          Clock: (R) clk

                     Capture       Launch     
        Clock Edge:+    4755            0     
        Drv Adjust:+       0            0     
       Src Latency:+       0            0     
       Net Latency:+       0 (I)        0 (I) 
           Arrival:=    4755            0     
                                              
             Setup:-      94                  
       Uncertainty:-      10                  
     Required Time:=    4650                  
      Launch Clock:-       0                  
       Input Delay:-     100                  
         Data Path:-    4275                  
             Slack:=     276                  

Exceptions/Constraints:
  input_delay             100             mac.sdc_line_61   

#------------------------------------------------------------------------------------------------------------------
#              Timing Point                Flags    Arc   Edge   Cell     Fanout Load Trans Delay Arrival Instance 
#                                                                                (fF)  (ps)  (ps)   (ps)  Location 
#------------------------------------------------------------------------------------------------------------------
  b[3]                                     -       -      R     (arrival)      8  1.6   100     0     100    (-,-) 
  csa_tree_ADD_TC_OP_groupi_g2069__4733/Y  -       A->Y   R     AND2XL         1  0.8    41   157     257    (-,-) 
  csa_tree_ADD_TC_OP_groupi_g2020__7410/S  -       A->S   F     ADDFX1         1  0.5    40   304     561    (-,-) 
  csa_tree_ADD_TC_OP_groupi_g2005__1705/S  -       CI->S  R     ADDFX1         1  0.8    46   290     851    (-,-) 
  csa_tree_ADD_TC_OP_groupi_g1988__9945/S  -       B->S   R     ADDFX1         1  0.8    46   275    1126    (-,-) 
  csa_tree_ADD_TC_OP_groupi_g1976__2802/CO -       A->CO  R     ADDFX1         1  0.6    39   206    1332    (-,-) 
  csa_tree_ADD_TC_OP_groupi_g1972__5526/CO -       CI->CO R     ADDFX1         1  0.6    39   186    1518    (-,-) 
  csa_tree_ADD_TC_OP_groupi_g1970__4319/CO -       CI->CO R     ADDFX1         1  0.6    39   186    1704    (-,-) 
  csa_tree_ADD_TC_OP_groupi_g1969__6260/CO -       CI->CO R     ADDFX1         1  0.6    39   186    1890    (-,-) 
  csa_tree_ADD_TC_OP_groupi_g1968__5107/CO -       CI->CO R     ADDFX1         1  0.6    39   186    2076    (-,-) 
  csa_tree_ADD_TC_OP_groupi_g1967__2398/CO -       CI->CO R     ADDFX1         1  0.6    39   186    2262    (-,-) 
  csa_tree_ADD_TC_OP_groupi_g1966__5477/CO -       CI->CO R     ADDFX1         1  0.6    39   186    2448    (-,-) 
  csa_tree_ADD_TC_OP_groupi_g1965__6417/CO -       CI->CO R     ADDFX1         1  0.6    39   186    2634    (-,-) 
  csa_tree_ADD_TC_OP_groupi_g1964__7410/CO -       CI->CO R     ADDFX1         1  0.6    39   186    2820    (-,-) 
  csa_tree_ADD_TC_OP_groupi_g1963__1666/CO -       CI->CO R     ADDFX1         1  0.6    39   186    3006    (-,-) 
  csa_tree_ADD_TC_OP_groupi_g1962__2346/CO -       CI->CO R     ADDFX1         1  0.6    39   186    3192    (-,-) 
  csa_tree_ADD_TC_OP_groupi_g1961__2883/CO -       CI->CO R     ADDFX1         2  0.4    35   184    3375    (-,-) 
  csa_tree_ADD_TC_OP_groupi_g1960__9945/Y  -       B->Y   R     AND2XL         3  0.6    34   112    3487    (-,-) 
  csa_tree_ADD_TC_OP_groupi_g1958__6161/Y  -       B->Y   R     AND2XL         3  0.6    34   111    3598    (-,-) 
  csa_tree_ADD_TC_OP_groupi_g1956__7482/Y  -       B->Y   R     AND2XL         3  0.6    34   111    3709    (-,-) 
  csa_tree_ADD_TC_OP_groupi_g1954__1881/Y  -       B->Y   R     AND2XL         3  0.8    41   115    3825    (-,-) 
  csa_tree_ADD_TC_OP_groupi_g1952__7098/Y  -       B->Y   R     AND2XL         3  0.6    34   115    3939    (-,-) 
  csa_tree_ADD_TC_OP_groupi_g1950__5122/Y  -       B->Y   R     AND2XL         3  0.6    34   111    4051    (-,-) 
  csa_tree_ADD_TC_OP_groupi_g1948__2802/Y  -       B->Y   R     AND2XL         3  0.6    34   111    4162    (-,-) 
  csa_tree_ADD_TC_OP_groupi_g1945__6783/Y  -       A1N->Y R     AOI2BB1XL      1  0.2    43    75    4237    (-,-) 
  g2340__8246/Y                            -       B1->Y  R     AO22XL         1  0.3    28   138    4375    (-,-) 
  result_reg[23]/D                         -       -      R     DFFRHQX1       1    -     -     0    4375    (-,-) 
#------------------------------------------------------------------------------------------------------------------



Path 4: MET (387 ps) Setup Check with Pin result_reg[22]/CK->D
          Group: clk
     Startpoint: (R) b[3]
          Clock: (R) clk
       Endpoint: (R) result_reg[22]/D
          Clock: (R) clk

                     Capture       Launch     
        Clock Edge:+    4755            0     
        Drv Adjust:+       0            0     
       Src Latency:+       0            0     
       Net Latency:+       0 (I)        0 (I) 
           Arrival:=    4755            0     
                                              
             Setup:-      94                  
       Uncertainty:-      10                  
     Required Time:=    4650                  
      Launch Clock:-       0                  
       Input Delay:-     100                  
         Data Path:-    4163                  
             Slack:=     387                  

Exceptions/Constraints:
  input_delay             100             mac.sdc_line_61   

#------------------------------------------------------------------------------------------------------------------
#              Timing Point                Flags    Arc   Edge   Cell     Fanout Load Trans Delay Arrival Instance 
#                                                                                (fF)  (ps)  (ps)   (ps)  Location 
#------------------------------------------------------------------------------------------------------------------
  b[3]                                     -       -      R     (arrival)      8  1.6   100     0     100    (-,-) 
  csa_tree_ADD_TC_OP_groupi_g2069__4733/Y  -       A->Y   R     AND2XL         1  0.8    41   157     257    (-,-) 
  csa_tree_ADD_TC_OP_groupi_g2020__7410/S  -       A->S   F     ADDFX1         1  0.5    40   304     561    (-,-) 
  csa_tree_ADD_TC_OP_groupi_g2005__1705/S  -       CI->S  R     ADDFX1         1  0.8    46   290     851    (-,-) 
  csa_tree_ADD_TC_OP_groupi_g1988__9945/S  -       B->S   R     ADDFX1         1  0.8    46   275    1126    (-,-) 
  csa_tree_ADD_TC_OP_groupi_g1976__2802/CO -       A->CO  R     ADDFX1         1  0.6    39   206    1332    (-,-) 
  csa_tree_ADD_TC_OP_groupi_g1972__5526/CO -       CI->CO R     ADDFX1         1  0.6    39   186    1518    (-,-) 
  csa_tree_ADD_TC_OP_groupi_g1970__4319/CO -       CI->CO R     ADDFX1         1  0.6    39   186    1704    (-,-) 
  csa_tree_ADD_TC_OP_groupi_g1969__6260/CO -       CI->CO R     ADDFX1         1  0.6    39   186    1890    (-,-) 
  csa_tree_ADD_TC_OP_groupi_g1968__5107/CO -       CI->CO R     ADDFX1         1  0.6    39   186    2076    (-,-) 
  csa_tree_ADD_TC_OP_groupi_g1967__2398/CO -       CI->CO R     ADDFX1         1  0.6    39   186    2262    (-,-) 
  csa_tree_ADD_TC_OP_groupi_g1966__5477/CO -       CI->CO R     ADDFX1         1  0.6    39   186    2448    (-,-) 
  csa_tree_ADD_TC_OP_groupi_g1965__6417/CO -       CI->CO R     ADDFX1         1  0.6    39   186    2634    (-,-) 
  csa_tree_ADD_TC_OP_groupi_g1964__7410/CO -       CI->CO R     ADDFX1         1  0.6    39   186    2820    (-,-) 
  csa_tree_ADD_TC_OP_groupi_g1963__1666/CO -       CI->CO R     ADDFX1         1  0.6    39   186    3006    (-,-) 
  csa_tree_ADD_TC_OP_groupi_g1962__2346/CO -       CI->CO R     ADDFX1         1  0.6    39   186    3192    (-,-) 
  csa_tree_ADD_TC_OP_groupi_g1961__2883/CO -       CI->CO R     ADDFX1         2  0.4    35   184    3375    (-,-) 
  csa_tree_ADD_TC_OP_groupi_g1960__9945/Y  -       B->Y   R     AND2XL         3  0.6    34   112    3487    (-,-) 
  csa_tree_ADD_TC_OP_groupi_g1958__6161/Y  -       B->Y   R     AND2XL         3  0.6    34   111    3598    (-,-) 
  csa_tree_ADD_TC_OP_groupi_g1956__7482/Y  -       B->Y   R     AND2XL         3  0.6    34   111    3709    (-,-) 
  csa_tree_ADD_TC_OP_groupi_g1954__1881/Y  -       B->Y   R     AND2XL         3  0.8    41   115    3825    (-,-) 
  csa_tree_ADD_TC_OP_groupi_g1952__7098/Y  -       B->Y   R     AND2XL         3  0.6    34   115    3939    (-,-) 
  csa_tree_ADD_TC_OP_groupi_g1950__5122/Y  -       B->Y   R     AND2XL         3  0.6    34   111    4051    (-,-) 
  csa_tree_ADD_TC_OP_groupi_g1947__1617/Y  -       A1N->Y R     AOI2BB1XL      1  0.2    43    75    4126    (-,-) 
  g2339__5122/Y                            -       B1->Y  R     AO22XL         1  0.3    28   138    4263    (-,-) 
  result_reg[22]/D                         -       -      R     DFFRHQX1       1    -     -     0    4263    (-,-) 
#------------------------------------------------------------------------------------------------------------------



Path 5: MET (498 ps) Setup Check with Pin result_reg[21]/CK->D
          Group: clk
     Startpoint: (R) b[3]
          Clock: (R) clk
       Endpoint: (R) result_reg[21]/D
          Clock: (R) clk

                     Capture       Launch     
        Clock Edge:+    4755            0     
        Drv Adjust:+       0            0     
       Src Latency:+       0            0     
       Net Latency:+       0 (I)        0 (I) 
           Arrival:=    4755            0     
                                              
             Setup:-      94                  
       Uncertainty:-      10                  
     Required Time:=    4650                  
      Launch Clock:-       0                  
       Input Delay:-     100                  
         Data Path:-    4052                  
             Slack:=     498                  

Exceptions/Constraints:
  input_delay             100             mac.sdc_line_61   

#------------------------------------------------------------------------------------------------------------------
#              Timing Point                Flags    Arc   Edge   Cell     Fanout Load Trans Delay Arrival Instance 
#                                                                                (fF)  (ps)  (ps)   (ps)  Location 
#------------------------------------------------------------------------------------------------------------------
  b[3]                                     -       -      R     (arrival)      8  1.6   100     0     100    (-,-) 
  csa_tree_ADD_TC_OP_groupi_g2069__4733/Y  -       A->Y   R     AND2XL         1  0.8    41   157     257    (-,-) 
  csa_tree_ADD_TC_OP_groupi_g2020__7410/S  -       A->S   F     ADDFX1         1  0.5    40   304     561    (-,-) 
  csa_tree_ADD_TC_OP_groupi_g2005__1705/S  -       CI->S  R     ADDFX1         1  0.8    46   290     851    (-,-) 
  csa_tree_ADD_TC_OP_groupi_g1988__9945/S  -       B->S   R     ADDFX1         1  0.8    46   275    1126    (-,-) 
  csa_tree_ADD_TC_OP_groupi_g1976__2802/CO -       A->CO  R     ADDFX1         1  0.6    39   206    1332    (-,-) 
  csa_tree_ADD_TC_OP_groupi_g1972__5526/CO -       CI->CO R     ADDFX1         1  0.6    39   186    1518    (-,-) 
  csa_tree_ADD_TC_OP_groupi_g1970__4319/CO -       CI->CO R     ADDFX1         1  0.6    39   186    1704    (-,-) 
  csa_tree_ADD_TC_OP_groupi_g1969__6260/CO -       CI->CO R     ADDFX1         1  0.6    39   186    1890    (-,-) 
  csa_tree_ADD_TC_OP_groupi_g1968__5107/CO -       CI->CO R     ADDFX1         1  0.6    39   186    2076    (-,-) 
  csa_tree_ADD_TC_OP_groupi_g1967__2398/CO -       CI->CO R     ADDFX1         1  0.6    39   186    2262    (-,-) 
  csa_tree_ADD_TC_OP_groupi_g1966__5477/CO -       CI->CO R     ADDFX1         1  0.6    39   186    2448    (-,-) 
  csa_tree_ADD_TC_OP_groupi_g1965__6417/CO -       CI->CO R     ADDFX1         1  0.6    39   186    2634    (-,-) 
  csa_tree_ADD_TC_OP_groupi_g1964__7410/CO -       CI->CO R     ADDFX1         1  0.6    39   186    2820    (-,-) 
  csa_tree_ADD_TC_OP_groupi_g1963__1666/CO -       CI->CO R     ADDFX1         1  0.6    39   186    3006    (-,-) 
  csa_tree_ADD_TC_OP_groupi_g1962__2346/CO -       CI->CO R     ADDFX1         1  0.6    39   186    3192    (-,-) 
  csa_tree_ADD_TC_OP_groupi_g1961__2883/CO -       CI->CO R     ADDFX1         2  0.4    35   184    3375    (-,-) 
  csa_tree_ADD_TC_OP_groupi_g1960__9945/Y  -       B->Y   R     AND2XL         3  0.6    34   112    3487    (-,-) 
  csa_tree_ADD_TC_OP_groupi_g1958__6161/Y  -       B->Y   R     AND2XL         3  0.6    34   111    3598    (-,-) 
  csa_tree_ADD_TC_OP_groupi_g1956__7482/Y  -       B->Y   R     AND2XL         3  0.6    34   111    3709    (-,-) 
  csa_tree_ADD_TC_OP_groupi_g1954__1881/Y  -       B->Y   R     AND2XL         3  0.8    41   115    3825    (-,-) 
  csa_tree_ADD_TC_OP_groupi_g1952__7098/Y  -       B->Y   R     AND2XL         3  0.6    34   115    3939    (-,-) 
  csa_tree_ADD_TC_OP_groupi_g1949__1705/Y  -       A1N->Y R     AOI2BB1XL      1  0.2    43    75    4014    (-,-) 
  g2338__1705/Y                            -       B1->Y  R     AO22XL         1  0.3    28   138    4152    (-,-) 
  result_reg[21]/D                         -       -      R     DFFRHQX1       1    -     -     0    4152    (-,-) 
#------------------------------------------------------------------------------------------------------------------



Path 6: MET (610 ps) Setup Check with Pin result_reg[20]/CK->D
          Group: clk
     Startpoint: (R) b[3]
          Clock: (R) clk
       Endpoint: (R) result_reg[20]/D
          Clock: (R) clk

                     Capture       Launch     
        Clock Edge:+    4755            0     
        Drv Adjust:+       0            0     
       Src Latency:+       0            0     
       Net Latency:+       0 (I)        0 (I) 
           Arrival:=    4755            0     
                                              
             Setup:-      94                  
       Uncertainty:-      10                  
     Required Time:=    4650                  
      Launch Clock:-       0                  
       Input Delay:-     100                  
         Data Path:-    3941                  
             Slack:=     610                  

Exceptions/Constraints:
  input_delay             100             mac.sdc_line_61   

#------------------------------------------------------------------------------------------------------------------
#              Timing Point                Flags    Arc   Edge   Cell     Fanout Load Trans Delay Arrival Instance 
#                                                                                (fF)  (ps)  (ps)   (ps)  Location 
#------------------------------------------------------------------------------------------------------------------
  b[3]                                     -       -      R     (arrival)      8  1.6   100     0     100    (-,-) 
  csa_tree_ADD_TC_OP_groupi_g2069__4733/Y  -       A->Y   R     AND2XL         1  0.8    41   157     257    (-,-) 
  csa_tree_ADD_TC_OP_groupi_g2020__7410/S  -       A->S   F     ADDFX1         1  0.5    40   304     561    (-,-) 
  csa_tree_ADD_TC_OP_groupi_g2005__1705/S  -       CI->S  R     ADDFX1         1  0.8    46   290     851    (-,-) 
  csa_tree_ADD_TC_OP_groupi_g1988__9945/S  -       B->S   R     ADDFX1         1  0.8    46   275    1126    (-,-) 
  csa_tree_ADD_TC_OP_groupi_g1976__2802/CO -       A->CO  R     ADDFX1         1  0.6    39   206    1332    (-,-) 
  csa_tree_ADD_TC_OP_groupi_g1972__5526/CO -       CI->CO R     ADDFX1         1  0.6    39   186    1518    (-,-) 
  csa_tree_ADD_TC_OP_groupi_g1970__4319/CO -       CI->CO R     ADDFX1         1  0.6    39   186    1704    (-,-) 
  csa_tree_ADD_TC_OP_groupi_g1969__6260/CO -       CI->CO R     ADDFX1         1  0.6    39   186    1890    (-,-) 
  csa_tree_ADD_TC_OP_groupi_g1968__5107/CO -       CI->CO R     ADDFX1         1  0.6    39   186    2076    (-,-) 
  csa_tree_ADD_TC_OP_groupi_g1967__2398/CO -       CI->CO R     ADDFX1         1  0.6    39   186    2262    (-,-) 
  csa_tree_ADD_TC_OP_groupi_g1966__5477/CO -       CI->CO R     ADDFX1         1  0.6    39   186    2448    (-,-) 
  csa_tree_ADD_TC_OP_groupi_g1965__6417/CO -       CI->CO R     ADDFX1         1  0.6    39   186    2634    (-,-) 
  csa_tree_ADD_TC_OP_groupi_g1964__7410/CO -       CI->CO R     ADDFX1         1  0.6    39   186    2820    (-,-) 
  csa_tree_ADD_TC_OP_groupi_g1963__1666/CO -       CI->CO R     ADDFX1         1  0.6    39   186    3006    (-,-) 
  csa_tree_ADD_TC_OP_groupi_g1962__2346/CO -       CI->CO R     ADDFX1         1  0.6    39   186    3192    (-,-) 
  csa_tree_ADD_TC_OP_groupi_g1961__2883/CO -       CI->CO R     ADDFX1         2  0.4    35   184    3375    (-,-) 
  csa_tree_ADD_TC_OP_groupi_g1960__9945/Y  -       B->Y   R     AND2XL         3  0.6    34   112    3487    (-,-) 
  csa_tree_ADD_TC_OP_groupi_g1958__6161/Y  -       B->Y   R     AND2XL         3  0.6    34   111    3598    (-,-) 
  csa_tree_ADD_TC_OP_groupi_g1956__7482/Y  -       B->Y   R     AND2XL         3  0.6    34   111    3709    (-,-) 
  csa_tree_ADD_TC_OP_groupi_g1954__1881/Y  -       B->Y   R     AND2XL         3  0.8    41   115    3825    (-,-) 
  csa_tree_ADD_TC_OP_groupi_g1951__8246/Y  -       A1N->Y R     AOI2BB1XL      1  0.2    43    78    3903    (-,-) 
  g2337__2802/Y                            -       B1->Y  R     AO22XL         1  0.3    28   138    4041    (-,-) 
  result_reg[20]/D                         -       -      R     DFFRHQX1       1    -     -     0    4041    (-,-) 
#------------------------------------------------------------------------------------------------------------------



Path 7: MET (726 ps) Setup Check with Pin result_reg[19]/CK->D
          Group: clk
     Startpoint: (R) b[3]
          Clock: (R) clk
       Endpoint: (R) result_reg[19]/D
          Clock: (R) clk

                     Capture       Launch     
        Clock Edge:+    4755            0     
        Drv Adjust:+       0            0     
       Src Latency:+       0            0     
       Net Latency:+       0 (I)        0 (I) 
           Arrival:=    4755            0     
                                              
             Setup:-      94                  
       Uncertainty:-      10                  
     Required Time:=    4650                  
      Launch Clock:-       0                  
       Input Delay:-     100                  
         Data Path:-    3824                  
             Slack:=     726                  

Exceptions/Constraints:
  input_delay             100             mac.sdc_line_61   

#------------------------------------------------------------------------------------------------------------------
#              Timing Point                Flags    Arc   Edge   Cell     Fanout Load Trans Delay Arrival Instance 
#                                                                                (fF)  (ps)  (ps)   (ps)  Location 
#------------------------------------------------------------------------------------------------------------------
  b[3]                                     -       -      R     (arrival)      8  1.6   100     0     100    (-,-) 
  csa_tree_ADD_TC_OP_groupi_g2069__4733/Y  -       A->Y   R     AND2XL         1  0.8    41   157     257    (-,-) 
  csa_tree_ADD_TC_OP_groupi_g2020__7410/S  -       A->S   F     ADDFX1         1  0.5    40   304     561    (-,-) 
  csa_tree_ADD_TC_OP_groupi_g2005__1705/S  -       CI->S  R     ADDFX1         1  0.8    46   290     851    (-,-) 
  csa_tree_ADD_TC_OP_groupi_g1988__9945/S  -       B->S   R     ADDFX1         1  0.8    46   275    1126    (-,-) 
  csa_tree_ADD_TC_OP_groupi_g1976__2802/CO -       A->CO  R     ADDFX1         1  0.6    39   206    1332    (-,-) 
  csa_tree_ADD_TC_OP_groupi_g1972__5526/CO -       CI->CO R     ADDFX1         1  0.6    39   186    1518    (-,-) 
  csa_tree_ADD_TC_OP_groupi_g1970__4319/CO -       CI->CO R     ADDFX1         1  0.6    39   186    1704    (-,-) 
  csa_tree_ADD_TC_OP_groupi_g1969__6260/CO -       CI->CO R     ADDFX1         1  0.6    39   186    1890    (-,-) 
  csa_tree_ADD_TC_OP_groupi_g1968__5107/CO -       CI->CO R     ADDFX1         1  0.6    39   186    2076    (-,-) 
  csa_tree_ADD_TC_OP_groupi_g1967__2398/CO -       CI->CO R     ADDFX1         1  0.6    39   186    2262    (-,-) 
  csa_tree_ADD_TC_OP_groupi_g1966__5477/CO -       CI->CO R     ADDFX1         1  0.6    39   186    2448    (-,-) 
  csa_tree_ADD_TC_OP_groupi_g1965__6417/CO -       CI->CO R     ADDFX1         1  0.6    39   186    2634    (-,-) 
  csa_tree_ADD_TC_OP_groupi_g1964__7410/CO -       CI->CO R     ADDFX1         1  0.6    39   186    2820    (-,-) 
  csa_tree_ADD_TC_OP_groupi_g1963__1666/CO -       CI->CO R     ADDFX1         1  0.6    39   186    3006    (-,-) 
  csa_tree_ADD_TC_OP_groupi_g1962__2346/CO -       CI->CO R     ADDFX1         1  0.6    39   186    3192    (-,-) 
  csa_tree_ADD_TC_OP_groupi_g1961__2883/CO -       CI->CO R     ADDFX1         2  0.4    35   184    3375    (-,-) 
  csa_tree_ADD_TC_OP_groupi_g1960__9945/Y  -       B->Y   R     AND2XL         3  0.6    34   112    3487    (-,-) 
  csa_tree_ADD_TC_OP_groupi_g1958__6161/Y  -       B->Y   R     AND2XL         3  0.6    34   111    3598    (-,-) 
  csa_tree_ADD_TC_OP_groupi_g1956__7482/Y  -       B->Y   R     AND2XL         3  0.6    34   111    3709    (-,-) 
  csa_tree_ADD_TC_OP_groupi_g1953__6131/Y  -       A1N->Y R     AOI2BB1X1      1  0.2    38    80    3790    (-,-) 
  g2336__1617/Y                            -       B1->Y  R     AO22XL         1  0.3    28   135    3924    (-,-) 
  result_reg[19]/D                         -       -      R     DFFRHQX1       1    -     -     0    3924    (-,-) 
#------------------------------------------------------------------------------------------------------------------



Path 8: MET (840 ps) Setup Check with Pin result_reg[18]/CK->D
          Group: clk
     Startpoint: (R) b[3]
          Clock: (R) clk
       Endpoint: (R) result_reg[18]/D
          Clock: (R) clk

                     Capture       Launch     
        Clock Edge:+    4755            0     
        Drv Adjust:+       0            0     
       Src Latency:+       0            0     
       Net Latency:+       0 (I)        0 (I) 
           Arrival:=    4755            0     
                                              
             Setup:-      94                  
       Uncertainty:-      10                  
     Required Time:=    4650                  
      Launch Clock:-       0                  
       Input Delay:-     100                  
         Data Path:-    3711                  
             Slack:=     840                  

Exceptions/Constraints:
  input_delay             100             mac.sdc_line_61   

#------------------------------------------------------------------------------------------------------------------
#              Timing Point                Flags    Arc   Edge   Cell     Fanout Load Trans Delay Arrival Instance 
#                                                                                (fF)  (ps)  (ps)   (ps)  Location 
#------------------------------------------------------------------------------------------------------------------
  b[3]                                     -       -      R     (arrival)      8  1.6   100     0     100    (-,-) 
  csa_tree_ADD_TC_OP_groupi_g2069__4733/Y  -       A->Y   R     AND2XL         1  0.8    41   157     257    (-,-) 
  csa_tree_ADD_TC_OP_groupi_g2020__7410/S  -       A->S   F     ADDFX1         1  0.5    40   304     561    (-,-) 
  csa_tree_ADD_TC_OP_groupi_g2005__1705/S  -       CI->S  R     ADDFX1         1  0.8    46   290     851    (-,-) 
  csa_tree_ADD_TC_OP_groupi_g1988__9945/S  -       B->S   R     ADDFX1         1  0.8    46   275    1126    (-,-) 
  csa_tree_ADD_TC_OP_groupi_g1976__2802/CO -       A->CO  R     ADDFX1         1  0.6    39   206    1332    (-,-) 
  csa_tree_ADD_TC_OP_groupi_g1972__5526/CO -       CI->CO R     ADDFX1         1  0.6    39   186    1518    (-,-) 
  csa_tree_ADD_TC_OP_groupi_g1970__4319/CO -       CI->CO R     ADDFX1         1  0.6    39   186    1704    (-,-) 
  csa_tree_ADD_TC_OP_groupi_g1969__6260/CO -       CI->CO R     ADDFX1         1  0.6    39   186    1890    (-,-) 
  csa_tree_ADD_TC_OP_groupi_g1968__5107/CO -       CI->CO R     ADDFX1         1  0.6    39   186    2076    (-,-) 
  csa_tree_ADD_TC_OP_groupi_g1967__2398/CO -       CI->CO R     ADDFX1         1  0.6    39   186    2262    (-,-) 
  csa_tree_ADD_TC_OP_groupi_g1966__5477/CO -       CI->CO R     ADDFX1         1  0.6    39   186    2448    (-,-) 
  csa_tree_ADD_TC_OP_groupi_g1965__6417/CO -       CI->CO R     ADDFX1         1  0.6    39   186    2634    (-,-) 
  csa_tree_ADD_TC_OP_groupi_g1964__7410/CO -       CI->CO R     ADDFX1         1  0.6    39   186    2820    (-,-) 
  csa_tree_ADD_TC_OP_groupi_g1963__1666/CO -       CI->CO R     ADDFX1         1  0.6    39   186    3006    (-,-) 
  csa_tree_ADD_TC_OP_groupi_g1962__2346/CO -       CI->CO R     ADDFX1         1  0.6    39   186    3192    (-,-) 
  csa_tree_ADD_TC_OP_groupi_g1961__2883/CO -       CI->CO R     ADDFX1         2  0.4    35   184    3375    (-,-) 
  csa_tree_ADD_TC_OP_groupi_g1960__9945/Y  -       B->Y   R     AND2XL         3  0.6    34   112    3487    (-,-) 
  csa_tree_ADD_TC_OP_groupi_g1958__6161/Y  -       B->Y   R     AND2XL         3  0.6    34   111    3598    (-,-) 
  csa_tree_ADD_TC_OP_groupi_g1955__5115/Y  -       A1N->Y R     AOI2BB1XL      1  0.2    43    75    3673    (-,-) 
  g2335__3680/Y                            -       B1->Y  R     AO22XL         1  0.3    28   138    3811    (-,-) 
  result_reg[18]/D                         -       -      R     DFFRHQX1       1    -     -     0    3811    (-,-) 
#------------------------------------------------------------------------------------------------------------------



Path 9: MET (951 ps) Setup Check with Pin result_reg[17]/CK->D
          Group: clk
     Startpoint: (R) b[3]
          Clock: (R) clk
       Endpoint: (R) result_reg[17]/D
          Clock: (R) clk

                     Capture       Launch     
        Clock Edge:+    4755            0     
        Drv Adjust:+       0            0     
       Src Latency:+       0            0     
       Net Latency:+       0 (I)        0 (I) 
           Arrival:=    4755            0     
                                              
             Setup:-      94                  
       Uncertainty:-      10                  
     Required Time:=    4650                  
      Launch Clock:-       0                  
       Input Delay:-     100                  
         Data Path:-    3600                  
             Slack:=     951                  

Exceptions/Constraints:
  input_delay             100             mac.sdc_line_61   

#------------------------------------------------------------------------------------------------------------------
#              Timing Point                Flags    Arc   Edge   Cell     Fanout Load Trans Delay Arrival Instance 
#                                                                                (fF)  (ps)  (ps)   (ps)  Location 
#------------------------------------------------------------------------------------------------------------------
  b[3]                                     -       -      R     (arrival)      8  1.6   100     0     100    (-,-) 
  csa_tree_ADD_TC_OP_groupi_g2069__4733/Y  -       A->Y   R     AND2XL         1  0.8    41   157     257    (-,-) 
  csa_tree_ADD_TC_OP_groupi_g2020__7410/S  -       A->S   F     ADDFX1         1  0.5    40   304     561    (-,-) 
  csa_tree_ADD_TC_OP_groupi_g2005__1705/S  -       CI->S  R     ADDFX1         1  0.8    46   290     851    (-,-) 
  csa_tree_ADD_TC_OP_groupi_g1988__9945/S  -       B->S   R     ADDFX1         1  0.8    46   275    1126    (-,-) 
  csa_tree_ADD_TC_OP_groupi_g1976__2802/CO -       A->CO  R     ADDFX1         1  0.6    39   206    1332    (-,-) 
  csa_tree_ADD_TC_OP_groupi_g1972__5526/CO -       CI->CO R     ADDFX1         1  0.6    39   186    1518    (-,-) 
  csa_tree_ADD_TC_OP_groupi_g1970__4319/CO -       CI->CO R     ADDFX1         1  0.6    39   186    1704    (-,-) 
  csa_tree_ADD_TC_OP_groupi_g1969__6260/CO -       CI->CO R     ADDFX1         1  0.6    39   186    1890    (-,-) 
  csa_tree_ADD_TC_OP_groupi_g1968__5107/CO -       CI->CO R     ADDFX1         1  0.6    39   186    2076    (-,-) 
  csa_tree_ADD_TC_OP_groupi_g1967__2398/CO -       CI->CO R     ADDFX1         1  0.6    39   186    2262    (-,-) 
  csa_tree_ADD_TC_OP_groupi_g1966__5477/CO -       CI->CO R     ADDFX1         1  0.6    39   186    2448    (-,-) 
  csa_tree_ADD_TC_OP_groupi_g1965__6417/CO -       CI->CO R     ADDFX1         1  0.6    39   186    2634    (-,-) 
  csa_tree_ADD_TC_OP_groupi_g1964__7410/CO -       CI->CO R     ADDFX1         1  0.6    39   186    2820    (-,-) 
  csa_tree_ADD_TC_OP_groupi_g1963__1666/CO -       CI->CO R     ADDFX1         1  0.6    39   186    3006    (-,-) 
  csa_tree_ADD_TC_OP_groupi_g1962__2346/CO -       CI->CO R     ADDFX1         1  0.6    39   186    3192    (-,-) 
  csa_tree_ADD_TC_OP_groupi_g1961__2883/CO -       CI->CO R     ADDFX1         2  0.4    35   184    3375    (-,-) 
  csa_tree_ADD_TC_OP_groupi_g1960__9945/Y  -       B->Y   R     AND2XL         3  0.6    34   112    3487    (-,-) 
  csa_tree_ADD_TC_OP_groupi_g1957__4733/Y  -       A1N->Y R     AOI2BB1XL      1  0.2    43    75    3562    (-,-) 
  g2334__6783/Y                            -       B1->Y  R     AO22XL         1  0.3    28   138    3700    (-,-) 
  result_reg[17]/D                         -       -      R     DFFRHQX1       1    -     -     0    3700    (-,-) 
#------------------------------------------------------------------------------------------------------------------



Path 10: MET (1062 ps) Setup Check with Pin result_reg[16]/CK->D
          Group: clk
     Startpoint: (R) b[3]
          Clock: (R) clk
       Endpoint: (R) result_reg[16]/D
          Clock: (R) clk

                     Capture       Launch     
        Clock Edge:+    4755            0     
        Drv Adjust:+       0            0     
       Src Latency:+       0            0     
       Net Latency:+       0 (I)        0 (I) 
           Arrival:=    4755            0     
                                              
             Setup:-      94                  
       Uncertainty:-      10                  
     Required Time:=    4650                  
      Launch Clock:-       0                  
       Input Delay:-     100                  
         Data Path:-    3488                  
             Slack:=    1062                  

Exceptions/Constraints:
  input_delay             100             mac.sdc_line_61   

#------------------------------------------------------------------------------------------------------------------
#              Timing Point                Flags    Arc   Edge   Cell     Fanout Load Trans Delay Arrival Instance 
#                                                                                (fF)  (ps)  (ps)   (ps)  Location 
#------------------------------------------------------------------------------------------------------------------
  b[3]                                     -       -      R     (arrival)      8  1.6   100     0     100    (-,-) 
  csa_tree_ADD_TC_OP_groupi_g2069__4733/Y  -       A->Y   R     AND2XL         1  0.8    41   157     257    (-,-) 
  csa_tree_ADD_TC_OP_groupi_g2020__7410/S  -       A->S   F     ADDFX1         1  0.5    40   304     561    (-,-) 
  csa_tree_ADD_TC_OP_groupi_g2005__1705/S  -       CI->S  R     ADDFX1         1  0.8    46   290     851    (-,-) 
  csa_tree_ADD_TC_OP_groupi_g1988__9945/S  -       B->S   R     ADDFX1         1  0.8    46   275    1126    (-,-) 
  csa_tree_ADD_TC_OP_groupi_g1976__2802/CO -       A->CO  R     ADDFX1         1  0.6    39   206    1332    (-,-) 
  csa_tree_ADD_TC_OP_groupi_g1972__5526/CO -       CI->CO R     ADDFX1         1  0.6    39   186    1518    (-,-) 
  csa_tree_ADD_TC_OP_groupi_g1970__4319/CO -       CI->CO R     ADDFX1         1  0.6    39   186    1704    (-,-) 
  csa_tree_ADD_TC_OP_groupi_g1969__6260/CO -       CI->CO R     ADDFX1         1  0.6    39   186    1890    (-,-) 
  csa_tree_ADD_TC_OP_groupi_g1968__5107/CO -       CI->CO R     ADDFX1         1  0.6    39   186    2076    (-,-) 
  csa_tree_ADD_TC_OP_groupi_g1967__2398/CO -       CI->CO R     ADDFX1         1  0.6    39   186    2262    (-,-) 
  csa_tree_ADD_TC_OP_groupi_g1966__5477/CO -       CI->CO R     ADDFX1         1  0.6    39   186    2448    (-,-) 
  csa_tree_ADD_TC_OP_groupi_g1965__6417/CO -       CI->CO R     ADDFX1         1  0.6    39   186    2634    (-,-) 
  csa_tree_ADD_TC_OP_groupi_g1964__7410/CO -       CI->CO R     ADDFX1         1  0.6    39   186    2820    (-,-) 
  csa_tree_ADD_TC_OP_groupi_g1963__1666/CO -       CI->CO R     ADDFX1         1  0.6    39   186    3006    (-,-) 
  csa_tree_ADD_TC_OP_groupi_g1962__2346/CO -       CI->CO R     ADDFX1         1  0.6    39   186    3192    (-,-) 
  csa_tree_ADD_TC_OP_groupi_g1961__2883/CO -       CI->CO R     ADDFX1         2  0.4    35   184    3375    (-,-) 
  csa_tree_ADD_TC_OP_groupi_g1959__9315/Y  -       A1N->Y R     AOI2BB1XL      1  0.2    43    75    3450    (-,-) 
  g2333__5526/Y                            -       B1->Y  R     AO22XL         1  0.3    28   138    3588    (-,-) 
  result_reg[16]/D                         -       -      R     DFFRHQX1       1    -     -     0    3588    (-,-) 
#------------------------------------------------------------------------------------------------------------------

