============================================================
  Generated by:           Genus(TM) Synthesis Solution 25.12-s067_1
  Generated on:           Aug 15 2026  09:40:38 am
  Module:                 x3_curto
  Operating conditions:   PVT_1P1V_0C (balanced_tree)
  Wireload mode:          enclosed
  Area mode:              timing library
============================================================


Path 1: MET (9613 ps) Setup Check with Pin XPower_reg[7]/CK->D
          Group: clk
     Startpoint: (R) X2_reg[0]/CK
          Clock: (R) clk
       Endpoint: (R) XPower_reg[7]/D
          Clock: (R) clk

                     Capture       Launch     
        Clock Edge:+   10000            0     
       Src Latency:+       0            0     
       Net Latency:+       0 (I)        0 (I) 
           Arrival:=   10000            0     
                                              
             Setup:-      14                  
       Uncertainty:-      10                  
     Required Time:=    9976                  
      Launch Clock:-       0                  
         Data Path:-     364                  
             Slack:=    9613                  

#-------------------------------------------------------------------------------------------------
#      Timing Point       Flags    Arc   Edge   Cell     Fanout Load Trans Delay Arrival Instance 
#                                                               (fF)  (ps)  (ps)   (ps)  Location 
#-------------------------------------------------------------------------------------------------
  X2_reg[0]/CK            -       -      R     (arrival)     30    -   100     0       0    (-,-) 
  X2_reg[0]/Q             -       CK->Q  R     DFFHQX1       14  5.9    42    82      82    (-,-) 
  mul_20_24_g532__2398/Y  -       B->Y   F     NAND2X1        2  1.0    24    28     109    (-,-) 
  mul_20_24_g502__6417/Y  -       B->Y   R     XOR2XL         1  0.7    11    29     138    (-,-) 
  mul_20_24_g493__7482/S  -       CI->S  F     ADDFX1         1  0.7    12    61     200    (-,-) 
  mul_20_24_g484__1617/CO -       CI->CO F     ADDFX1         1  0.7    12    43     243    (-,-) 
  mul_20_24_g482__6783/CO -       CI->CO F     ADDFX1         1  0.7    12    43     286    (-,-) 
  mul_20_24_g481__5526/CO -       CI->CO F     ADDFX1         1  0.5    10    43     329    (-,-) 
  mul_20_24_g480__8428/Y  -       B->Y   R     XNOR2X1        1  0.4     7    35     364    (-,-) 
  XPower_reg[7]/D         -       -      R     DFFHQX1        1    -     -     0     364    (-,-) 
#-------------------------------------------------------------------------------------------------



Path 2: MET (9628 ps) Setup Check with Pin XPower_reg[6]/CK->D
          Group: clk
     Startpoint: (R) X2_reg[0]/CK
          Clock: (R) clk
       Endpoint: (R) XPower_reg[6]/D
          Clock: (R) clk

                     Capture       Launch     
        Clock Edge:+   10000            0     
       Src Latency:+       0            0     
       Net Latency:+       0 (I)        0 (I) 
           Arrival:=   10000            0     
                                              
             Setup:-      14                  
       Uncertainty:-      10                  
     Required Time:=    9976                  
      Launch Clock:-       0                  
         Data Path:-     348                  
             Slack:=    9628                  

#-------------------------------------------------------------------------------------------------
#      Timing Point       Flags    Arc   Edge   Cell     Fanout Load Trans Delay Arrival Instance 
#                                                               (fF)  (ps)  (ps)   (ps)  Location 
#-------------------------------------------------------------------------------------------------
  X2_reg[0]/CK            -       -      R     (arrival)     30    -   100     0       0    (-,-) 
  X2_reg[0]/Q             -       CK->Q  R     DFFHQX1       14  5.9    42    82      82    (-,-) 
  mul_20_24_g532__2398/Y  -       B->Y   F     NAND2X1        2  1.0    24    28     109    (-,-) 
  mul_20_24_g502__6417/Y  -       B->Y   R     XOR2XL         1  0.7    11    29     138    (-,-) 
  mul_20_24_g493__7482/S  -       CI->S  F     ADDFX1         1  0.7    12    61     200    (-,-) 
  mul_20_24_g484__1617/CO -       CI->CO F     ADDFX1         1  0.7    12    43     243    (-,-) 
  mul_20_24_g482__6783/CO -       CI->CO F     ADDFX1         1  0.7    12    43     286    (-,-) 
  mul_20_24_g481__5526/S  -       CI->S  R     ADDFX1         1  0.4     8    62     348    (-,-) 
  XPower_reg[6]/D         -       -      R     DFFHQX1        1    -     -     0     348    (-,-) 
#-------------------------------------------------------------------------------------------------



Path 3: MET (9671 ps) Setup Check with Pin XPower_reg[5]/CK->D
          Group: clk
     Startpoint: (R) X2_reg[0]/CK
          Clock: (R) clk
       Endpoint: (R) XPower_reg[5]/D
          Clock: (R) clk

                     Capture       Launch     
        Clock Edge:+   10000            0     
       Src Latency:+       0            0     
       Net Latency:+       0 (I)        0 (I) 
           Arrival:=   10000            0     
                                              
             Setup:-      14                  
       Uncertainty:-      10                  
     Required Time:=    9976                  
      Launch Clock:-       0                  
         Data Path:-     305                  
             Slack:=    9671                  

#-------------------------------------------------------------------------------------------------
#      Timing Point       Flags    Arc   Edge   Cell     Fanout Load Trans Delay Arrival Instance 
#                                                               (fF)  (ps)  (ps)   (ps)  Location 
#-------------------------------------------------------------------------------------------------
  X2_reg[0]/CK            -       -      R     (arrival)     30    -   100     0       0    (-,-) 
  X2_reg[0]/Q             -       CK->Q  R     DFFHQX1       14  5.9    42    82      82    (-,-) 
  mul_20_24_g532__2398/Y  -       B->Y   F     NAND2X1        2  1.0    24    28     109    (-,-) 
  mul_20_24_g502__6417/Y  -       B->Y   R     XOR2XL         1  0.7    11    29     138    (-,-) 
  mul_20_24_g493__7482/S  -       CI->S  F     ADDFX1         1  0.7    12    61     200    (-,-) 
  mul_20_24_g484__1617/CO -       CI->CO F     ADDFX1         1  0.7    12    43     243    (-,-) 
  mul_20_24_g482__6783/S  -       CI->S  R     ADDFX1         1  0.4     8    62     305    (-,-) 
  XPower_reg[5]/D         -       -      R     DFFHQX1        1    -     -     0     305    (-,-) 
#-------------------------------------------------------------------------------------------------



Path 4: MET (9714 ps) Setup Check with Pin XPower_reg[4]/CK->D
          Group: clk
     Startpoint: (R) X2_reg[0]/CK
          Clock: (R) clk
       Endpoint: (R) XPower_reg[4]/D
          Clock: (R) clk

                     Capture       Launch     
        Clock Edge:+   10000            0     
       Src Latency:+       0            0     
       Net Latency:+       0 (I)        0 (I) 
           Arrival:=   10000            0     
                                              
             Setup:-      14                  
       Uncertainty:-      10                  
     Required Time:=    9976                  
      Launch Clock:-       0                  
         Data Path:-     262                  
             Slack:=    9714                  

#-----------------------------------------------------------------------------------------------
#     Timing Point       Flags   Arc   Edge   Cell     Fanout Load Trans Delay Arrival Instance 
#                                                             (fF)  (ps)  (ps)   (ps)  Location 
#-----------------------------------------------------------------------------------------------
  X2_reg[0]/CK           -       -     R     (arrival)     30    -   100     0       0    (-,-) 
  X2_reg[0]/Q            -       CK->Q R     DFFHQX1       14  5.9    42    82      82    (-,-) 
  mul_20_24_g532__2398/Y -       B->Y  F     NAND2X1        2  1.0    24    28     109    (-,-) 
  mul_20_24_g502__6417/Y -       B->Y  R     XOR2XL         1  0.7    11    29     138    (-,-) 
  mul_20_24_g493__7482/S -       CI->S F     ADDFX1         1  0.7    12    61     200    (-,-) 
  mul_20_24_g484__1617/S -       CI->S R     ADDFX1         1  0.4     8    62     262    (-,-) 
  XPower_reg[4]/D        -       -     R     DFFHQX1        1    -     -     0     262    (-,-) 
#-----------------------------------------------------------------------------------------------



Path 5: MET (9747 ps) Setup Check with Pin XPower2_reg[7]/CK->D
          Group: clk
     Startpoint: (R) X1_reg[3]/CK
          Clock: (R) clk
       Endpoint: (R) XPower2_reg[7]/D
          Clock: (R) clk

                     Capture       Launch     
        Clock Edge:+   10000            0     
       Src Latency:+       0            0     
       Net Latency:+       0 (I)        0 (I) 
           Arrival:=   10000            0     
                                              
             Setup:-      12                  
       Uncertainty:-      10                  
     Required Time:=    9978                  
      Launch Clock:-       0                  
         Data Path:-     231                  
             Slack:=    9747                  

#-----------------------------------------------------------------------------------------
#  Timing Point    Flags   Arc   Edge   Cell     Fanout Load Trans Delay Arrival Instance 
#                                                       (fF)  (ps)  (ps)   (ps)  Location 
#-----------------------------------------------------------------------------------------
  X1_reg[3]/CK     -       -     R     (arrival)     30    -   100     0       0    (-,-) 
  X1_reg[3]/Q      -       CK->Q F     DFFHQX1        5  2.0    16    72      72    (-,-) 
  g1085__2398/Y    -       A->Y  R     NOR2X1         2  1.0    20    20      92    (-,-) 
  g1069__9945/Y    -       B0->Y F     AOI21X1        3  1.2    27    15     108    (-,-) 
  g1054__1617/Y    -       A1->Y R     AOI21X1        1  0.5    17    21     129    (-,-) 
  g1049__8428/Y    -       A1->Y F     OAI21X1        1  0.3    15    17     146    (-,-) 
  g1046__6260/Y    -       B->Y  R     MXI2XL         1  0.5    24    23     169    (-,-) 
  g1044__5107/Y    -       A1->Y F     OAI22X1        1  0.5    24    26     195    (-,-) 
  g1043__2398/Y    -       B->Y  R     XNOR2X1        1  0.3     6    36     231    (-,-) 
  XPower2_reg[7]/D -       -     R     DFFQXL         1    -     -     0     231    (-,-) 
#-----------------------------------------------------------------------------------------



Path 6: MET (9764 ps) Setup Check with Pin XPower2_reg[6]/CK->D
          Group: clk
     Startpoint: (R) X1_reg[1]/CK
          Clock: (R) clk
       Endpoint: (R) XPower2_reg[6]/D
          Clock: (R) clk

                     Capture       Launch     
        Clock Edge:+   10000            0     
       Src Latency:+       0            0     
       Net Latency:+       0 (I)        0 (I) 
           Arrival:=   10000            0     
                                              
             Setup:-      14                  
       Uncertainty:-      10                  
     Required Time:=    9976                  
      Launch Clock:-       0                  
         Data Path:-     213                  
             Slack:=    9764                  

#-----------------------------------------------------------------------------------------
#  Timing Point    Flags   Arc   Edge   Cell     Fanout Load Trans Delay Arrival Instance 
#                                                       (fF)  (ps)  (ps)   (ps)  Location 
#-----------------------------------------------------------------------------------------
  X1_reg[1]/CK     -       -     R     (arrival)     30    -   100     0       0    (-,-) 
  X1_reg[1]/Q      -       CK->Q R     DFFHQX1        6  2.9    22    70      70    (-,-) 
  g1084__5477/Y    -       A->Y  F     NAND2X1        2  0.6    16    19      90    (-,-) 
  g1066__4733/Y    -       A->Y  F     AND2X1         2  0.6     7    20     110    (-,-) 
  g1062__1881/Y    -       B->Y  F     OR2XL          2  0.8    11    25     134    (-,-) 
  g1057__1705/Y    -       B->Y  R     NOR2X1         2  1.0    21    17     152    (-,-) 
  g1053__3680/Y    -       A1->Y F     OAI22X1        1  0.5    24    25     176    (-,-) 
  g1047__4319/Y    -       B->Y  R     XNOR2X1        1  0.4     7    36     213    (-,-) 
  XPower2_reg[6]/D -       -     R     DFFHQX1        1    -     -     0     213    (-,-) 
#-----------------------------------------------------------------------------------------



Path 7: MET (9777 ps) Setup Check with Pin XPower_reg[3]/CK->D
          Group: clk
     Startpoint: (R) X2_reg[0]/CK
          Clock: (R) clk
       Endpoint: (R) XPower_reg[3]/D
          Clock: (R) clk

                     Capture       Launch     
        Clock Edge:+   10000            0     
       Src Latency:+       0            0     
       Net Latency:+       0 (I)        0 (I) 
           Arrival:=   10000            0     
                                              
             Setup:-      14                  
       Uncertainty:-      10                  
     Required Time:=    9976                  
      Launch Clock:-       0                  
         Data Path:-     199                  
             Slack:=    9777                  

#-----------------------------------------------------------------------------------------------
#     Timing Point       Flags   Arc   Edge   Cell     Fanout Load Trans Delay Arrival Instance 
#                                                             (fF)  (ps)  (ps)   (ps)  Location 
#-----------------------------------------------------------------------------------------------
  X2_reg[0]/CK           -       -     R     (arrival)     30    -   100     0       0    (-,-) 
  X2_reg[0]/Q            -       CK->Q F     DFFHQX1       14  5.1    36    83      83    (-,-) 
  mul_20_24_g531__5477/Y -       B->Y  R     NAND2X1        2  1.1    16    19     102    (-,-) 
  mul_20_24_g504__2398/Y -       B->Y  F     XOR2XL         1  0.7    11    35     138    (-,-) 
  mul_20_24_g489__7098/S -       CI->S R     ADDFX1         1  0.4     8    62     199    (-,-) 
  XPower_reg[3]/D        -       -     R     DFFHQX1        1    -     -     0     199    (-,-) 
#-----------------------------------------------------------------------------------------------



Path 8: MET (9800 ps) Setup Check with Pin XPower2_reg[5]/CK->D
          Group: clk
     Startpoint: (R) X1_reg[3]/CK
          Clock: (R) clk
       Endpoint: (R) XPower2_reg[5]/D
          Clock: (R) clk

                     Capture       Launch     
        Clock Edge:+   10000            0     
       Src Latency:+       0            0     
       Net Latency:+       0 (I)        0 (I) 
           Arrival:=   10000            0     
                                              
             Setup:-      18                  
       Uncertainty:-      10                  
     Required Time:=    9972                  
      Launch Clock:-       0                  
         Data Path:-     172                  
             Slack:=    9800                  

#-----------------------------------------------------------------------------------------
#  Timing Point    Flags   Arc   Edge   Cell     Fanout Load Trans Delay Arrival Instance 
#                                                       (fF)  (ps)  (ps)   (ps)  Location 
#-----------------------------------------------------------------------------------------
  X1_reg[3]/CK     -       -     R     (arrival)     30    -   100     0       0    (-,-) 
  X1_reg[3]/Q      -       CK->Q F     DFFHQX1        5  2.0    16    72      72    (-,-) 
  g1091/Y          -       A->Y  R     INVX1          4  1.8    16    15      87    (-,-) 
  g1066__4733/Y    -       B->Y  R     AND2X1         2  0.8     9    29     116    (-,-) 
  g1062__1881/Y    -       B->Y  R     OR2XL          2  1.0    14    19     135    (-,-) 
  g1057__1705/Y    -       B->Y  F     NOR2X1         2  0.8    12    12     147    (-,-) 
  g1051__5526/Y    -       C0->Y R     AOI221X1       1  0.4    31    25     172    (-,-) 
  XPower2_reg[5]/D -       -     R     DFFHQX1        1    -     -     0     172    (-,-) 
#-----------------------------------------------------------------------------------------



Path 9: MET (9822 ps) Late External Delay Assertion at pin XPower[0]
          Group: clk
     Startpoint: (R) XPower_reg[0]/CK
          Clock: (R) clk
       Endpoint: (F) XPower[0]
          Clock: (R) clk

                     Capture       Launch     
        Clock Edge:+   10000            0     
       Src Latency:+       0            0     
       Net Latency:+       0 (I)        0 (I) 
           Arrival:=   10000            0     
                                              
      Output Delay:-     100                  
       Uncertainty:-      10                  
     Required Time:=    9890                  
      Launch Clock:-       0                  
         Data Path:-      68                  
             Slack:=    9822                  

Exceptions/Constraints:
  output_delay             100             x3.sdc_line_41   

#-----------------------------------------------------------------------------------------
#  Timing Point    Flags   Arc   Edge   Cell     Fanout Load Trans Delay Arrival Instance 
#                                                       (fF)  (ps)  (ps)   (ps)  Location 
#-----------------------------------------------------------------------------------------
  XPower_reg[0]/CK -       -     R     (arrival)     30    -   100     0       0    (-,-) 
  XPower_reg[0]/Q  -       CK->Q F     DFFHQX1        1  1.0     9    68      68    (-,-) 
  XPower[0]        -       -     F     (port)         -    -     -     0      68    (-,-) 
#-----------------------------------------------------------------------------------------



Path 10: MET (9822 ps) Late External Delay Assertion at pin XPower[1]
          Group: clk
     Startpoint: (R) XPower_reg[1]/CK
          Clock: (R) clk
       Endpoint: (F) XPower[1]
          Clock: (R) clk

                     Capture       Launch     
        Clock Edge:+   10000            0     
       Src Latency:+       0            0     
       Net Latency:+       0 (I)        0 (I) 
           Arrival:=   10000            0     
                                              
      Output Delay:-     100                  
       Uncertainty:-      10                  
     Required Time:=    9890                  
      Launch Clock:-       0                  
         Data Path:-      68                  
             Slack:=    9822                  

Exceptions/Constraints:
  output_delay             100             x3.sdc_line_40   

#-----------------------------------------------------------------------------------------
#  Timing Point    Flags   Arc   Edge   Cell     Fanout Load Trans Delay Arrival Instance 
#                                                       (fF)  (ps)  (ps)   (ps)  Location 
#-----------------------------------------------------------------------------------------
  XPower_reg[1]/CK -       -     R     (arrival)     30    -   100     0       0    (-,-) 
  XPower_reg[1]/Q  -       CK->Q F     DFFHQX1        1  1.0     9    68      68    (-,-) 
  XPower[1]        -       -     F     (port)         -    -     -     0      68    (-,-) 
#-----------------------------------------------------------------------------------------

