============================================================
  Generated by:           Genus(TM) Synthesis Solution 25.12-s067_1
  Generated on:           Aug 15 2026  09:39:36 am
  Module:                 x3_curto
  Operating conditions:   PVT_0P9V_125C (balanced_tree)
  Wireload mode:          enclosed
  Area mode:              timing library
============================================================


Path 1: MET (8415 ps) Setup Check with Pin XPower_reg[7]/CK->D
          Group: clk
     Startpoint: (R) X2_reg[0]/CK
          Clock: (R) clk
       Endpoint: (R) XPower_reg[7]/D
          Clock: (R) clk

                     Capture       Launch     
        Clock Edge:+   10000            0     
       Src Latency:+       0            0     
       Net Latency:+       0 (I)        0 (I) 
           Arrival:=   10000            0     
                                              
             Setup:-      89                  
       Uncertainty:-      10                  
     Required Time:=    9901                  
      Launch Clock:-       0                  
         Data Path:-    1486                  
             Slack:=    8415                  

#-------------------------------------------------------------------------------------------------
#      Timing Point       Flags    Arc   Edge   Cell     Fanout Load Trans Delay Arrival Instance 
#                                                               (fF)  (ps)  (ps)   (ps)  Location 
#-------------------------------------------------------------------------------------------------
  X2_reg[0]/CK            -       -      R     (arrival)     30    -   100     0       0    (-,-) 
  X2_reg[0]/Q             -       CK->Q  F     DFFHQX1       14  3.7   104   292     292    (-,-) 
  mul_20_24_g532__2398/Y  -       B->Y   R     NAND2X1        2  0.8    46    79     371    (-,-) 
  mul_20_24_g502__6417/Y  -       B->Y   F     XOR2XL         1  0.5    39   147     518    (-,-) 
  mul_20_24_g493__7482/S  -       CI->S  R     ADDFX1         1  0.6    42   288     805    (-,-) 
  mul_20_24_g484__1617/CO -       CI->CO R     ADDFX1         1  0.6    39   187     992    (-,-) 
  mul_20_24_g482__6783/CO -       CI->CO R     ADDFX1         1  0.6    39   186    1178    (-,-) 
  mul_20_24_g481__5526/CO -       CI->CO R     ADDFX1         1  0.4    35   184    1362    (-,-) 
  mul_20_24_g480__8428/Y  -       B->Y   R     XNOR2X1        1  0.3    24   124    1486    (-,-) 
  XPower_reg[7]/D         -       -      R     DFFHQX1        1    -     -     0    1486    (-,-) 
#-------------------------------------------------------------------------------------------------



Path 2: MET (8462 ps) Setup Check with Pin XPower_reg[6]/CK->D
          Group: clk
     Startpoint: (R) X2_reg[0]/CK
          Clock: (R) clk
       Endpoint: (R) XPower_reg[6]/D
          Clock: (R) clk

                     Capture       Launch     
        Clock Edge:+   10000            0     
       Src Latency:+       0            0     
       Net Latency:+       0 (I)        0 (I) 
           Arrival:=   10000            0     
                                              
             Setup:-      94                  
       Uncertainty:-      10                  
     Required Time:=    9896                  
      Launch Clock:-       0                  
         Data Path:-    1434                  
             Slack:=    8462                  

#-------------------------------------------------------------------------------------------------
#      Timing Point       Flags    Arc   Edge   Cell     Fanout Load Trans Delay Arrival Instance 
#                                                               (fF)  (ps)  (ps)   (ps)  Location 
#-------------------------------------------------------------------------------------------------
  X2_reg[0]/CK            -       -      R     (arrival)     30    -   100     0       0    (-,-) 
  X2_reg[0]/Q             -       CK->Q  F     DFFHQX1       14  3.7   104   292     292    (-,-) 
  mul_20_24_g532__2398/Y  -       B->Y   R     NAND2X1        2  0.8    46    79     371    (-,-) 
  mul_20_24_g502__6417/Y  -       B->Y   F     XOR2XL         1  0.5    39   147     518    (-,-) 
  mul_20_24_g493__7482/S  -       CI->S  R     ADDFX1         1  0.6    42   288     805    (-,-) 
  mul_20_24_g484__1617/CO -       CI->CO R     ADDFX1         1  0.6    39   187     992    (-,-) 
  mul_20_24_g482__6783/CO -       CI->CO R     ADDFX1         1  0.6    39   186    1178    (-,-) 
  mul_20_24_g481__5526/S  -       CI->S  R     ADDFX1         1  0.3    35   256    1434    (-,-) 
  XPower_reg[6]/D         -       -      R     DFFHQX1        1    -     -     0    1434    (-,-) 
#-------------------------------------------------------------------------------------------------



Path 3: MET (8648 ps) Setup Check with Pin XPower_reg[5]/CK->D
          Group: clk
     Startpoint: (R) X2_reg[0]/CK
          Clock: (R) clk
       Endpoint: (R) XPower_reg[5]/D
          Clock: (R) clk

                     Capture       Launch     
        Clock Edge:+   10000            0     
       Src Latency:+       0            0     
       Net Latency:+       0 (I)        0 (I) 
           Arrival:=   10000            0     
                                              
             Setup:-      94                  
       Uncertainty:-      10                  
     Required Time:=    9896                  
      Launch Clock:-       0                  
         Data Path:-    1248                  
             Slack:=    8648                  

#-------------------------------------------------------------------------------------------------
#      Timing Point       Flags    Arc   Edge   Cell     Fanout Load Trans Delay Arrival Instance 
#                                                               (fF)  (ps)  (ps)   (ps)  Location 
#-------------------------------------------------------------------------------------------------
  X2_reg[0]/CK            -       -      R     (arrival)     30    -   100     0       0    (-,-) 
  X2_reg[0]/Q             -       CK->Q  F     DFFHQX1       14  3.7   104   292     292    (-,-) 
  mul_20_24_g532__2398/Y  -       B->Y   R     NAND2X1        2  0.8    46    79     371    (-,-) 
  mul_20_24_g502__6417/Y  -       B->Y   F     XOR2XL         1  0.5    39   147     518    (-,-) 
  mul_20_24_g493__7482/S  -       CI->S  R     ADDFX1         1  0.6    42   288     805    (-,-) 
  mul_20_24_g484__1617/CO -       CI->CO R     ADDFX1         1  0.6    39   187     992    (-,-) 
  mul_20_24_g482__6783/S  -       CI->S  R     ADDFX1         1  0.3    35   256    1248    (-,-) 
  XPower_reg[5]/D         -       -      R     DFFHQX1        1    -     -     0    1248    (-,-) 
#-------------------------------------------------------------------------------------------------



Path 4: MET (8820 ps) Setup Check with Pin XPower_reg[4]/CK->D
          Group: clk
     Startpoint: (R) X2_reg[0]/CK
          Clock: (R) clk
       Endpoint: (R) XPower_reg[4]/D
          Clock: (R) clk

                     Capture       Launch     
        Clock Edge:+   10000            0     
       Src Latency:+       0            0     
       Net Latency:+       0 (I)        0 (I) 
           Arrival:=   10000            0     
                                              
             Setup:-      94                  
       Uncertainty:-      10                  
     Required Time:=    9896                  
      Launch Clock:-       0                  
         Data Path:-    1076                  
             Slack:=    8820                  

#-----------------------------------------------------------------------------------------------
#     Timing Point       Flags   Arc   Edge   Cell     Fanout Load Trans Delay Arrival Instance 
#                                                             (fF)  (ps)  (ps)   (ps)  Location 
#-----------------------------------------------------------------------------------------------
  X2_reg[0]/CK           -       -     R     (arrival)     30    -   100     0       0    (-,-) 
  X2_reg[0]/Q            -       CK->Q R     DFFHQX1       14  4.5   103   270     270    (-,-) 
  mul_20_24_g532__2398/Y -       B->Y  F     NAND2X1        2  0.8    86   110     380    (-,-) 
  mul_20_24_g502__6417/Y -       B->Y  R     XOR2XL         1  0.6    36   144     524    (-,-) 
  mul_20_24_g493__7482/S -       CI->S F     ADDFX1         1  0.5    40   267     792    (-,-) 
  mul_20_24_g484__1617/S -       CI->S R     ADDFX1         1  0.3    35   284    1076    (-,-) 
  XPower_reg[4]/D        -       -     R     DFFHQX1        1    -     -     0    1076    (-,-) 
#-----------------------------------------------------------------------------------------------



Path 5: MET (8911 ps) Setup Check with Pin XPower2_reg[7]/CK->D
          Group: clk
     Startpoint: (R) X1_reg[3]/CK
          Clock: (R) clk
       Endpoint: (R) XPower2_reg[7]/D
          Clock: (R) clk

                     Capture       Launch     
        Clock Edge:+   10000            0     
       Src Latency:+       0            0     
       Net Latency:+       0 (I)        0 (I) 
           Arrival:=   10000            0     
                                              
             Setup:-      90                  
       Uncertainty:-      10                  
     Required Time:=    9900                  
      Launch Clock:-       0                  
         Data Path:-     988                  
             Slack:=    8911                  

#-----------------------------------------------------------------------------------------
#  Timing Point    Flags   Arc   Edge   Cell     Fanout Load Trans Delay Arrival Instance 
#                                                       (fF)  (ps)  (ps)   (ps)  Location 
#-----------------------------------------------------------------------------------------
  X1_reg[3]/CK     -       -     R     (arrival)     30    -   100     0       0    (-,-) 
  X1_reg[3]/Q      -       CK->Q F     DFFHQX1        5  1.6    52   264     264    (-,-) 
  g1085__2398/Y    -       A->Y  R     NOR2X1         2  0.8    64    78     341    (-,-) 
  g1069__9945/Y    -       B0->Y F     AOI21X1        3  1.0   104    64     405    (-,-) 
  g1054__1617/Y    -       A1->Y R     AOI21X1        1  0.4    54   100     505    (-,-) 
  g1049__8428/Y    -       A1->Y F     OAI21X1        1  0.2    63    77     582    (-,-) 
  g1046__6260/Y    -       B->Y  R     MXI2XL         1  0.4    78    98     680    (-,-) 
  g1044__5107/Y    -       A1->Y F     OAI22X1        1  0.4    96   122     802    (-,-) 
  g1043__2398/Y    -       B->Y  R     XNOR2X1        1  0.2    22   186     988    (-,-) 
  XPower2_reg[7]/D -       -     R     DFFQXL         1    -     -     0     988    (-,-) 
#-----------------------------------------------------------------------------------------



Path 6: MET (9024 ps) Setup Check with Pin XPower2_reg[6]/CK->D
          Group: clk
     Startpoint: (R) X1_reg[1]/CK
          Clock: (R) clk
       Endpoint: (R) XPower2_reg[6]/D
          Clock: (R) clk

                     Capture       Launch     
        Clock Edge:+   10000            0     
       Src Latency:+       0            0     
       Net Latency:+       0 (I)        0 (I) 
           Arrival:=   10000            0     
                                              
             Setup:-      89                  
       Uncertainty:-      10                  
     Required Time:=    9901                  
      Launch Clock:-       0                  
         Data Path:-     877                  
             Slack:=    9024                  

#-----------------------------------------------------------------------------------------
#  Timing Point    Flags   Arc   Edge   Cell     Fanout Load Trans Delay Arrival Instance 
#                                                       (fF)  (ps)  (ps)   (ps)  Location 
#-----------------------------------------------------------------------------------------
  X1_reg[1]/CK     -       -     R     (arrival)     30    -   100     0       0    (-,-) 
  X1_reg[1]/Q      -       CK->Q R     DFFHQX1        6  2.3    58   245     245    (-,-) 
  g1084__5477/Y    -       A->Y  F     NAND2X1        2  0.4    60    82     327    (-,-) 
  g1066__4733/Y    -       A->Y  F     AND2X1         2  0.6    29    83     410    (-,-) 
  g1062__1881/Y    -       B->Y  F     OR2XL          2  0.7    47    99     509    (-,-) 
  g1057__1705/Y    -       B->Y  R     NOR2X1         2  0.8    65    66     575    (-,-) 
  g1053__3680/Y    -       A1->Y F     OAI22X1        1  0.4    95   115     690    (-,-) 
  g1047__4319/Y    -       B->Y  R     XNOR2X1        1  0.3    25   187     877    (-,-) 
  XPower2_reg[6]/D -       -     R     DFFHQX1        1    -     -     0     877    (-,-) 
#-----------------------------------------------------------------------------------------



Path 7: MET (9094 ps) Setup Check with Pin XPower_reg[3]/CK->D
          Group: clk
     Startpoint: (R) X2_reg[0]/CK
          Clock: (R) clk
       Endpoint: (R) XPower_reg[3]/D
          Clock: (R) clk

                     Capture       Launch     
        Clock Edge:+   10000            0     
       Src Latency:+       0            0     
       Net Latency:+       0 (I)        0 (I) 
           Arrival:=   10000            0     
                                              
             Setup:-      94                  
       Uncertainty:-      10                  
     Required Time:=    9896                  
      Launch Clock:-       0                  
         Data Path:-     802                  
             Slack:=    9094                  

#-----------------------------------------------------------------------------------------------
#     Timing Point       Flags   Arc   Edge   Cell     Fanout Load Trans Delay Arrival Instance 
#                                                             (fF)  (ps)  (ps)   (ps)  Location 
#-----------------------------------------------------------------------------------------------
  X2_reg[0]/CK           -       -     R     (arrival)     30    -   100     0       0    (-,-) 
  X2_reg[0]/Q            -       CK->Q F     DFFHQX1       14  3.7   104   292     292    (-,-) 
  mul_20_24_g531__5477/Y -       B->Y  R     NAND2X1        2  0.8    46    79     371    (-,-) 
  mul_20_24_g504__2398/Y -       B->Y  F     XOR2XL         1  0.5    39   147     518    (-,-) 
  mul_20_24_g489__7098/S -       CI->S R     ADDFX1         1  0.3    35   284     802    (-,-) 
  XPower_reg[3]/D        -       -     R     DFFHQX1        1    -     -     0     802    (-,-) 
#-----------------------------------------------------------------------------------------------



Path 8: MET (9200 ps) Setup Check with Pin XPower2_reg[5]/CK->D
          Group: clk
     Startpoint: (R) X1_reg[3]/CK
          Clock: (R) clk
       Endpoint: (R) XPower2_reg[5]/D
          Clock: (R) clk

                     Capture       Launch     
        Clock Edge:+   10000            0     
       Src Latency:+       0            0     
       Net Latency:+       0 (I)        0 (I) 
           Arrival:=   10000            0     
                                              
             Setup:-     123                  
       Uncertainty:-      10                  
     Required Time:=    9867                  
      Launch Clock:-       0                  
         Data Path:-     667                  
             Slack:=    9200                  

#-----------------------------------------------------------------------------------------
#  Timing Point    Flags   Arc   Edge   Cell     Fanout Load Trans Delay Arrival Instance 
#                                                       (fF)  (ps)  (ps)   (ps)  Location 
#-----------------------------------------------------------------------------------------
  X1_reg[3]/CK     -       -     R     (arrival)     30    -   100     0       0    (-,-) 
  X1_reg[3]/Q      -       CK->Q F     DFFHQX1        5  1.6    52   264     264    (-,-) 
  g1091/Y          -       A->Y  R     INVX1          4  1.4    45    54     317    (-,-) 
  g1066__4733/Y    -       B->Y  R     AND2X1         2  0.6    28   141     458    (-,-) 
  g1062__1881/Y    -       B->Y  R     OR2XL          2  0.8    41    70     529    (-,-) 
  g1057__1705/Y    -       B->Y  F     NOR2X1         2  0.7    44    46     574    (-,-) 
  g1051__5526/Y    -       C0->Y R     AOI221X1       1  0.3    94    92     667    (-,-) 
  XPower2_reg[5]/D -       -     R     DFFHQX1        1    -     -     0     667    (-,-) 
#-----------------------------------------------------------------------------------------



Path 9: MET (9339 ps) Setup Check with Pin XPower2_reg[4]/CK->D
          Group: clk
     Startpoint: (R) X1_reg[2]/CK
          Clock: (R) clk
       Endpoint: (F) XPower2_reg[4]/D
          Clock: (R) clk

                     Capture       Launch     
        Clock Edge:+   10000            0     
       Src Latency:+       0            0     
       Net Latency:+       0 (I)        0 (I) 
           Arrival:=   10000            0     
                                              
             Setup:-      37                  
       Uncertainty:-      10                  
     Required Time:=    9953                  
      Launch Clock:-       0                  
         Data Path:-     614                  
             Slack:=    9339                  

#------------------------------------------------------------------------------------------
#  Timing Point    Flags    Arc   Edge   Cell     Fanout Load Trans Delay Arrival Instance 
#                                                        (fF)  (ps)  (ps)   (ps)  Location 
#------------------------------------------------------------------------------------------
  X1_reg[2]/CK     -       -      R     (arrival)     30    -   100     0       0    (-,-) 
  X1_reg[2]/Q      -       CK->Q  R     DFFHQX1        5  1.9    50   241     241    (-,-) 
  g1089/Y          -       A->Y   F     INVX1          3  1.0    42    53     294    (-,-) 
  g1078__2883/Y    -       A->Y   R     NOR2X1         4  1.2    82    83     377    (-,-) 
  g1064__7482/Y    -       A1N->Y R     OAI2BB1X1      1  0.4    31   149     526    (-,-) 
  g1055__2802/Y    -       B0->Y  F     OAI31X1        1  0.3    79    88     614    (-,-) 
  XPower2_reg[4]/D -       -      F     DFFHQX1        1    -     -     0     614    (-,-) 
#------------------------------------------------------------------------------------------



Path 10: MET (9394 ps) Setup Check with Pin XPower_reg[2]/CK->D
          Group: clk
     Startpoint: (R) X2_reg[0]/CK
          Clock: (R) clk
       Endpoint: (R) XPower_reg[2]/D
          Clock: (R) clk

                     Capture       Launch     
        Clock Edge:+   10000            0     
       Src Latency:+       0            0     
       Net Latency:+       0 (I)        0 (I) 
           Arrival:=   10000            0     
                                              
             Setup:-     101                  
       Uncertainty:-      10                  
     Required Time:=    9889                  
      Launch Clock:-       0                  
         Data Path:-     495                  
             Slack:=    9394                  

#-----------------------------------------------------------------------------------------------
#     Timing Point       Flags   Arc   Edge   Cell     Fanout Load Trans Delay Arrival Instance 
#                                                             (fF)  (ps)  (ps)   (ps)  Location 
#-----------------------------------------------------------------------------------------------
  X2_reg[0]/CK           -       -     R     (arrival)     30    -   100     0       0    (-,-) 
  X2_reg[0]/Q            -       CK->Q F     DFFHQX1       14  3.7   104   292     292    (-,-) 
  mul_20_24_g514__1705/Y -       B->Y  R     NAND2X1        2  0.8    46    79     371    (-,-) 
  mul_20_24_g510__6783/Y -       A->Y  F     NOR2X1         2  1.0    51    61     432    (-,-) 
  mul_20_24_g498__2883/Y -       B0->Y R     AOI21X1        1  0.3    50    63     495    (-,-) 
  XPower_reg[2]/D        -       -     R     DFFHQX1        1    -     -     0     495    (-,-) 
#-----------------------------------------------------------------------------------------------

