#! /usr/bin/vvp
:ivl_version "12.0 (stable)";
:ivl_delay_selection "TYPICAL";
:vpi_time_precision + 0;
:vpi_module "/usr/lib/x86_64-linux-gnu/ivl/system.vpi";
:vpi_module "/usr/lib/x86_64-linux-gnu/ivl/vhdl_sys.vpi";
:vpi_module "/usr/lib/x86_64-linux-gnu/ivl/vhdl_textio.vpi";
:vpi_module "/usr/lib/x86_64-linux-gnu/ivl/v2005_math.vpi";
:vpi_module "/usr/lib/x86_64-linux-gnu/ivl/va_math.vpi";
S_0x632b88bf1d30 .scope module, "top_tb" "top_tb" 2 1;
 .timescale 0 0;
v0x632b88c260f0_0 .var "clk", 0 0;
v0x632b88c261b0_0 .var "cs", 0 0;
v0x632b88c26270_0 .var "dado_in", 7 0;
v0x632b88c26390_0 .var "enderecoA", 4 0;
v0x632b88c26480_0 .var "enderecoB", 4 0;
v0x632b88c265e0_0 .var "endereco_saida", 4 0;
v0x632b88c266f0_0 .var "opcode", 2 0;
v0x632b88c26800_0 .net "s_ula", 7 0, v0x632b88c250d0_0;  1 drivers
v0x632b88c268c0_0 .net "saida", 7 0, v0x632b88c24910_0;  1 drivers
v0x632b88c26a10_0 .net "sdadoA", 7 0, v0x632b88bea2f0_0;  1 drivers
v0x632b88c26ad0_0 .net "sdadoB", 7 0, v0x632b88bea720_0;  1 drivers
v0x632b88c26b90_0 .var "we_mem_in", 0 0;
v0x632b88c26c80_0 .var "we_resultado", 0 0;
S_0x632b88bf1ec0 .scope module, "dut" "top" 2 23, 3 1 0, S_0x632b88bf1d30;
 .timescale 0 0;
    .port_info 0 /INPUT 5 "endereco_saida";
    .port_info 1 /INPUT 1 "we_resultado";
    .port_info 2 /INPUT 5 "enderecoA";
    .port_info 3 /INPUT 5 "enderecoB";
    .port_info 4 /INPUT 1 "clk";
    .port_info 5 /INPUT 1 "cs";
    .port_info 6 /INPUT 8 "dado_in";
    .port_info 7 /INPUT 1 "we_mem_in";
    .port_info 8 /INPUT 3 "opcode";
    .port_info 9 /OUTPUT 8 "saida";
    .port_info 10 /OUTPUT 8 "sdadoA";
    .port_info 11 /OUTPUT 8 "sdadoB";
    .port_info 12 /OUTPUT 8 "s_ula";
P_0x632b88c01f30 .param/l "WIDTH" 1 3 17, +C4<00000000000000000000000000001000>;
v0x632b88c25520_0 .net "clk", 0 0, v0x632b88c260f0_0;  1 drivers
v0x632b88c25630_0 .net "cs", 0 0, v0x632b88c261b0_0;  1 drivers
v0x632b88c25740_0 .net "dado_in", 7 0, v0x632b88c26270_0;  1 drivers
v0x632b88c257e0_0 .net "enderecoA", 4 0, v0x632b88c26390_0;  1 drivers
v0x632b88c25880_0 .net "enderecoB", 4 0, v0x632b88c26480_0;  1 drivers
v0x632b88c25970_0 .net "endereco_saida", 4 0, v0x632b88c265e0_0;  1 drivers
v0x632b88c25a40_0 .net "opcode", 2 0, v0x632b88c266f0_0;  1 drivers
v0x632b88c25b10_0 .net "s_ula", 7 0, v0x632b88c250d0_0;  alias, 1 drivers
v0x632b88c25c00_0 .net "saida", 7 0, v0x632b88c24910_0;  alias, 1 drivers
v0x632b88c25ca0_0 .net "sdadoA", 7 0, v0x632b88bea2f0_0;  alias, 1 drivers
v0x632b88c25d40_0 .net "sdadoB", 7 0, v0x632b88bea720_0;  alias, 1 drivers
v0x632b88c25e50_0 .net "we_mem_in", 0 0, v0x632b88c26b90_0;  1 drivers
v0x632b88c25ef0_0 .net "we_resultado", 0 0, v0x632b88c26c80_0;  1 drivers
S_0x632b88bb65d0 .scope module, "RAM_DP" "ram_dual" 3 28, 4 1 0, S_0x632b88bf1ec0;
 .timescale 0 0;
    .port_info 0 /INPUT 1 "clk";
    .port_info 1 /INPUT 1 "we_a";
    .port_info 2 /INPUT 1 "cs";
    .port_info 3 /INPUT 5 "addr_wr_a";
    .port_info 4 /INPUT 8 "data_wr_a";
    .port_info 5 /INPUT 5 "addr_rd_b";
    .port_info 6 /OUTPUT 8 "data_rd_a";
    .port_info 7 /OUTPUT 8 "data_rd_b";
v0x632b88be9200_0 .net "addr_rd_b", 4 0, v0x632b88c26480_0;  alias, 1 drivers
v0x632b88be9500_0 .net "addr_wr_a", 4 0, v0x632b88c26390_0;  alias, 1 drivers
v0x632b88be9a70_0 .net "clk", 0 0, v0x632b88c260f0_0;  alias, 1 drivers
v0x632b88be9d70_0 .net "cs", 0 0, v0x632b88c261b0_0;  alias, 1 drivers
v0x632b88bea2f0_0 .var "data_rd_a", 7 0;
v0x632b88bea720_0 .var "data_rd_b", 7 0;
v0x632b88be2540_0 .net "data_wr_a", 7 0, v0x632b88c26270_0;  alias, 1 drivers
v0x632b88c24160 .array "ram", 31 0, 7 0;
v0x632b88c24220_0 .net "we_a", 0 0, v0x632b88c26b90_0;  alias, 1 drivers
E_0x632b88bf7bc0 .event posedge, v0x632b88be9a70_0;
S_0x632b88c243e0 .scope module, "RAM_SP" "ram_single" 3 19, 5 1 0, S_0x632b88bf1ec0;
 .timescale 0 0;
    .port_info 0 /INPUT 1 "clk";
    .port_info 1 /INPUT 1 "cs";
    .port_info 2 /INPUT 1 "we";
    .port_info 3 /INPUT 5 "addr";
    .port_info 4 /INPUT 8 "data_in";
    .port_info 5 /OUTPUT 8 "data_out";
v0x632b88c24630_0 .net "addr", 4 0, v0x632b88c265e0_0;  alias, 1 drivers
v0x632b88c24710_0 .net "clk", 0 0, v0x632b88c260f0_0;  alias, 1 drivers
v0x632b88c247d0_0 .net "cs", 0 0, v0x632b88c261b0_0;  alias, 1 drivers
v0x632b88c24870_0 .net "data_in", 7 0, v0x632b88c250d0_0;  alias, 1 drivers
v0x632b88c24910_0 .var "data_out", 7 0;
v0x632b88c24a00 .array "ram", 31 0, 7 0;
v0x632b88c24ac0_0 .net "we", 0 0, v0x632b88c26c80_0;  alias, 1 drivers
S_0x632b88c24c40 .scope module, "alu_inst" "alu" 3 40, 6 1 0, S_0x632b88bf1ec0;
 .timescale 0 0;
    .port_info 0 /INPUT 8 "in_a";
    .port_info 1 /INPUT 8 "in_b";
    .port_info 2 /INPUT 3 "opcode";
    .port_info 3 /OUTPUT 8 "alu_out";
    .port_info 4 /OUTPUT 1 "a_is_zero";
P_0x632b88c24e20 .param/l "WIDTH" 0 6 2, +C4<00000000000000000000000000001000>;
L_0x75ef64ace018 .functor BUFT 1, C4<00000000>, C4<0>, C4<0>, C4<0>;
v0x632b88c24f10_0 .net/2u *"_ivl_0", 7 0, L_0x75ef64ace018;  1 drivers
v0x632b88c25010_0 .net "a_is_zero", 0 0, L_0x632b88c26d70;  1 drivers
v0x632b88c250d0_0 .var "alu_out", 7 0;
v0x632b88c251d0_0 .net "in_a", 7 0, v0x632b88bea2f0_0;  alias, 1 drivers
v0x632b88c252a0_0 .net "in_b", 7 0, v0x632b88bea720_0;  alias, 1 drivers
v0x632b88c25390_0 .net "opcode", 2 0, v0x632b88c266f0_0;  alias, 1 drivers
E_0x632b88bf7910 .event anyedge, v0x632b88c25390_0, v0x632b88bea2f0_0, v0x632b88bea720_0;
L_0x632b88c26d70 .cmp/eq 8, v0x632b88bea2f0_0, L_0x75ef64ace018;
    .scope S_0x632b88c243e0;
T_0 ;
    %wait E_0x632b88bf7bc0;
    %load/vec4 v0x632b88c247d0_0;
    %flag_set/vec4 8;
    %jmp/0xz  T_0.0, 8;
    %load/vec4 v0x632b88c24ac0_0;
    %flag_set/vec4 8;
    %jmp/0xz  T_0.2, 8;
    %load/vec4 v0x632b88c24870_0;
    %load/vec4 v0x632b88c24630_0;
    %pad/u 7;
    %ix/vec4 3;
    %ix/load 4, 0, 0; Constant delay
    %assign/vec4/a/d v0x632b88c24a00, 0, 4;
    %load/vec4 v0x632b88c24870_0;
    %assign/vec4 v0x632b88c24910_0, 0;
    %jmp T_0.3;
T_0.2 ;
    %load/vec4 v0x632b88c24630_0;
    %pad/u 7;
    %ix/vec4 4;
    %load/vec4a v0x632b88c24a00, 4;
    %assign/vec4 v0x632b88c24910_0, 0;
T_0.3 ;
T_0.0 ;
    %jmp T_0;
    .thread T_0;
    .scope S_0x632b88c243e0;
T_1 ;
    %vpi_call 5 26 "$readmemh", "mem_s_dados.txt", v0x632b88c24a00 {0 0 0};
    %end;
    .thread T_1;
    .scope S_0x632b88bb65d0;
T_2 ;
    %wait E_0x632b88bf7bc0;
    %load/vec4 v0x632b88be9d70_0;
    %flag_set/vec4 8;
    %jmp/0xz  T_2.0, 8;
    %load/vec4 v0x632b88c24220_0;
    %flag_set/vec4 8;
    %jmp/0xz  T_2.2, 8;
    %load/vec4 v0x632b88be9500_0;
    %pad/u 8;
    %load/vec4 v0x632b88be9500_0;
    %pad/u 7;
    %ix/vec4 3;
    %ix/load 4, 0, 0; Constant delay
    %assign/vec4/a/d v0x632b88c24160, 0, 4;
    %jmp T_2.3;
T_2.2 ;
    %load/vec4 v0x632b88be9500_0;
    %pad/u 7;
    %ix/vec4 4;
    %load/vec4a v0x632b88c24160, 4;
    %assign/vec4 v0x632b88bea2f0_0, 0;
T_2.3 ;
    %load/vec4 v0x632b88be9200_0;
    %pad/u 7;
    %ix/vec4 4;
    %load/vec4a v0x632b88c24160, 4;
    %assign/vec4 v0x632b88bea720_0, 0;
T_2.0 ;
    %jmp T_2;
    .thread T_2;
    .scope S_0x632b88bb65d0;
T_3 ;
    %vpi_call 4 27 "$readmemh", "mem_dados.txt", v0x632b88c24160 {0 0 0};
    %end;
    .thread T_3;
    .scope S_0x632b88c24c40;
T_4 ;
    %wait E_0x632b88bf7910;
    %load/vec4 v0x632b88c25390_0;
    %dup/vec4;
    %pushi/vec4 0, 0, 3;
    %cmp/u;
    %jmp/1 T_4.0, 6;
    %dup/vec4;
    %pushi/vec4 1, 0, 3;
    %cmp/u;
    %jmp/1 T_4.1, 6;
    %dup/vec4;
    %pushi/vec4 2, 0, 3;
    %cmp/u;
    %jmp/1 T_4.2, 6;
    %dup/vec4;
    %pushi/vec4 3, 0, 3;
    %cmp/u;
    %jmp/1 T_4.3, 6;
    %dup/vec4;
    %pushi/vec4 4, 0, 3;
    %cmp/u;
    %jmp/1 T_4.4, 6;
    %dup/vec4;
    %pushi/vec4 5, 0, 3;
    %cmp/u;
    %jmp/1 T_4.5, 6;
    %dup/vec4;
    %pushi/vec4 6, 0, 3;
    %cmp/u;
    %jmp/1 T_4.6, 6;
    %dup/vec4;
    %pushi/vec4 7, 0, 3;
    %cmp/u;
    %jmp/1 T_4.7, 6;
    %jmp T_4.8;
T_4.0 ;
    %load/vec4 v0x632b88c251d0_0;
    %load/vec4 v0x632b88c252a0_0;
    %add;
    %store/vec4 v0x632b88c250d0_0, 0, 8;
    %jmp T_4.8;
T_4.1 ;
    %load/vec4 v0x632b88c251d0_0;
    %store/vec4 v0x632b88c250d0_0, 0, 8;
    %jmp T_4.8;
T_4.2 ;
    %load/vec4 v0x632b88c251d0_0;
    %store/vec4 v0x632b88c250d0_0, 0, 8;
    %jmp T_4.8;
T_4.3 ;
    %load/vec4 v0x632b88c251d0_0;
    %load/vec4 v0x632b88c252a0_0;
    %and;
    %store/vec4 v0x632b88c250d0_0, 0, 8;
    %jmp T_4.8;
T_4.4 ;
    %load/vec4 v0x632b88c251d0_0;
    %load/vec4 v0x632b88c252a0_0;
    %xor;
    %store/vec4 v0x632b88c250d0_0, 0, 8;
    %jmp T_4.8;
T_4.5 ;
    %load/vec4 v0x632b88c252a0_0;
    %store/vec4 v0x632b88c250d0_0, 0, 8;
    %jmp T_4.8;
T_4.6 ;
    %load/vec4 v0x632b88c251d0_0;
    %store/vec4 v0x632b88c250d0_0, 0, 8;
    %jmp T_4.8;
T_4.7 ;
    %load/vec4 v0x632b88c251d0_0;
    %store/vec4 v0x632b88c250d0_0, 0, 8;
    %jmp T_4.8;
T_4.8 ;
    %pop/vec4 1;
    %jmp T_4;
    .thread T_4, $push;
    .scope S_0x632b88bf1d30;
T_5 ;
    %pushi/vec4 0, 0, 1;
    %store/vec4 v0x632b88c260f0_0, 0, 1;
T_5.0 ;
    %delay 10, 0;
    %load/vec4 v0x632b88c260f0_0;
    %inv;
    %store/vec4 v0x632b88c260f0_0, 0, 1;
    %jmp T_5.0;
    %end;
    .thread T_5;
    .scope S_0x632b88bf1d30;
T_6 ;
    %vpi_call 2 40 "$monitor", "T=%0t | A=%d B=%d | dadoA=%d dadoB=%d | opcode=%d | ula=%d | saida=%d", $time, v0x632b88c26390_0, v0x632b88c26480_0, v0x632b88c26a10_0, v0x632b88c26ad0_0, v0x632b88c266f0_0, v0x632b88c26800_0, v0x632b88c268c0_0 {0 0 0};
    %end;
    .thread T_6;
    .scope S_0x632b88bf1d30;
T_7 ;
    %vpi_call 2 54 "$dumpfile", "wave.vcd" {0 0 0};
    %vpi_call 2 55 "$dumpvars", 32'sb00000000000000000000000000000000, S_0x632b88bf1d30 {0 0 0};
    %end;
    .thread T_7;
    .scope S_0x632b88bf1d30;
T_8 ;
    %pushi/vec4 0, 0, 5;
    %store/vec4 v0x632b88c265e0_0, 0, 5;
    %pushi/vec4 1, 0, 1;
    %store/vec4 v0x632b88c261b0_0, 0, 1;
    %pushi/vec4 0, 0, 3;
    %store/vec4 v0x632b88c266f0_0, 0, 3;
    %pushi/vec4 8, 0, 5;
    %store/vec4 v0x632b88c26390_0, 0, 5;
    %pushi/vec4 9, 0, 5;
    %store/vec4 v0x632b88c26480_0, 0, 5;
    %pushi/vec4 4, 0, 8;
    %store/vec4 v0x632b88c26270_0, 0, 8;
    %pushi/vec4 0, 0, 1;
    %store/vec4 v0x632b88c26b90_0, 0, 1;
    %pushi/vec4 0, 0, 1;
    %store/vec4 v0x632b88c26c80_0, 0, 1;
    %delay 45, 0;
    %pushi/vec4 1, 0, 5;
    %store/vec4 v0x632b88c265e0_0, 0, 5;
    %pushi/vec4 0, 0, 5;
    %store/vec4 v0x632b88c26390_0, 0, 5;
    %pushi/vec4 1, 0, 1;
    %store/vec4 v0x632b88c26b90_0, 0, 1;
    %delay 20, 0;
    %pushi/vec4 6, 0, 5;
    %store/vec4 v0x632b88c26480_0, 0, 5;
    %pushi/vec4 2, 0, 5;
    %store/vec4 v0x632b88c265e0_0, 0, 5;
    %pushi/vec4 0, 0, 1;
    %store/vec4 v0x632b88c26b90_0, 0, 1;
    %pushi/vec4 5, 0, 8;
    %store/vec4 v0x632b88c26270_0, 0, 8;
    %delay 20, 0;
    %pushi/vec4 1, 0, 5;
    %store/vec4 v0x632b88c26390_0, 0, 5;
    %delay 5, 0;
    %pushi/vec4 1, 0, 1;
    %store/vec4 v0x632b88c26b90_0, 0, 1;
    %delay 15, 0;
    %pushi/vec4 0, 0, 1;
    %store/vec4 v0x632b88c26b90_0, 0, 1;
    %pushi/vec4 5, 0, 5;
    %store/vec4 v0x632b88c265e0_0, 0, 5;
    %pushi/vec4 0, 0, 5;
    %store/vec4 v0x632b88c265e0_0, 0, 5;
    %wait E_0x632b88bf7bc0;
    %pushi/vec4 0, 0, 5;
    %store/vec4 v0x632b88c26390_0, 0, 5;
    %pushi/vec4 10, 0, 8;
    %store/vec4 v0x632b88c26270_0, 0, 8;
    %pushi/vec4 1, 0, 1;
    %store/vec4 v0x632b88c26b90_0, 0, 1;
    %wait E_0x632b88bf7bc0;
    %pushi/vec4 0, 0, 1;
    %store/vec4 v0x632b88c26b90_0, 0, 1;
    %wait E_0x632b88bf7bc0;
    %pushi/vec4 1, 0, 5;
    %store/vec4 v0x632b88c26390_0, 0, 5;
    %pushi/vec4 20, 0, 8;
    %store/vec4 v0x632b88c26270_0, 0, 8;
    %pushi/vec4 1, 0, 1;
    %store/vec4 v0x632b88c26b90_0, 0, 1;
    %wait E_0x632b88bf7bc0;
    %pushi/vec4 0, 0, 1;
    %store/vec4 v0x632b88c26b90_0, 0, 1;
    %wait E_0x632b88bf7bc0;
    %pushi/vec4 0, 0, 5;
    %store/vec4 v0x632b88c26390_0, 0, 5;
    %pushi/vec4 1, 0, 5;
    %store/vec4 v0x632b88c26480_0, 0, 5;
    %pushi/vec4 0, 0, 3;
    %store/vec4 v0x632b88c266f0_0, 0, 3;
    %delay 20, 0;
    %wait E_0x632b88bf7bc0;
    %pushi/vec4 2, 0, 5;
    %store/vec4 v0x632b88c265e0_0, 0, 5;
    %pushi/vec4 1, 0, 1;
    %store/vec4 v0x632b88c26c80_0, 0, 1;
    %wait E_0x632b88bf7bc0;
    %pushi/vec4 0, 0, 1;
    %store/vec4 v0x632b88c26c80_0, 0, 1;
    %delay 50, 0;
    %vpi_call 2 144 "$display", "Fim da simulacao" {0 0 0};
    %vpi_call 2 145 "$finish" {0 0 0};
    %end;
    .thread T_8;
# The file index is used to find the file name in the following table.
:file_names 7;
    "N/A";
    "<interactive>";
    "top_tb.v";
    "top.v";
    "ram_dual.v";
    "ram_single.v";
    "alu.v";
