#! /usr/local/bin/vvp
:ivl_version "14.0 (devel)" "(s20251012-116-g98391b56b)";
:ivl_delay_selection "TYPICAL";
:vpi_time_precision - 12;
:vpi_module "/usr/local/lib/ivl/system.vpi";
:vpi_module "/usr/local/lib/ivl/vhdl_sys.vpi";
:vpi_module "/usr/local/lib/ivl/vhdl_textio.vpi";
:vpi_module "/usr/local/lib/ivl/v2005_math.vpi";
:vpi_module "/usr/local/lib/ivl/va_math.vpi";
S_0xa7bf50 .scope module, "flipflop_udp_tb" "flipflop_udp_tb" 2 3;
 .timescale -9 -12;
UDP_flipflop_udp .udp/comb "flipflop_udp", 3
 ,"p??0"
 ,"0p00"
 ,"0p11"
 ,"np00"
 ,"np11"
 ,"npx0";
L_0xac72e0 .udp UDP_flipflop_udp, v0xac7220_0, v0xaa2930_0, v0xac70c0_0;
v0xaa2930_0 .var "clk", 0 0;
v0xac70c0_0 .var "d", 0 0;
v0xac7180_0 .net "q", 0 0, L_0xac72e0;  1 drivers
v0xac7220_0 .var "rst", 0 0;
    .scope S_0xa7bf50;
T_0 ;
    %delay 5000, 0;
    %load/vec4 v0xaa2930_0;
    %inv;
    %store/vec4 v0xaa2930_0, 0, 1;
    %jmp T_0;
    .thread T_0;
    .scope S_0xa7bf50;
T_1 ;
    %vpi_call 2 18 "$dumpfile", "flipflop_udp_tb.vcd" {0 0 0};
    %vpi_call 2 19 "$dumpvars", 32'sb00000000000000000000000000000000, S_0xa7bf50 {0 0 0};
    %pushi/vec4 0, 0, 1;
    %store/vec4 v0xaa2930_0, 0, 1;
    %pushi/vec4 0, 0, 1;
    %store/vec4 v0xac70c0_0, 0, 1;
    %pushi/vec4 0, 0, 1;
    %store/vec4 v0xac7220_0, 0, 1;
    %delay 3000, 0;
    %pushi/vec4 1, 0, 1;
    %store/vec4 v0xac7220_0, 0, 1;
    %delay 10000, 0;
    %pushi/vec4 0, 0, 1;
    %store/vec4 v0xac7220_0, 0, 1;
    %delay 7000, 0;
    %pushi/vec4 1, 0, 1;
    %store/vec4 v0xac70c0_0, 0, 1;
    %delay 20000, 0;
    %pushi/vec4 0, 0, 1;
    %store/vec4 v0xac70c0_0, 0, 1;
    %delay 20000, 0;
    %pushi/vec4 1, 1, 1;
    %store/vec4 v0xac70c0_0, 0, 1;
    %delay 20000, 0;
    %pushi/vec4 1, 0, 1;
    %store/vec4 v0xac70c0_0, 0, 1;
    %delay 10000, 0;
    %pushi/vec4 0, 0, 1;
    %store/vec4 v0xac70c0_0, 0, 1;
    %delay 10000, 0;
    %pushi/vec4 1, 0, 1;
    %store/vec4 v0xac70c0_0, 0, 1;
    %delay 10000, 0;
    %pushi/vec4 1, 0, 1;
    %store/vec4 v0xac7220_0, 0, 1;
    %delay 10000, 0;
    %pushi/vec4 0, 0, 1;
    %store/vec4 v0xac7220_0, 0, 1;
    %pushi/vec4 1, 0, 1;
    %store/vec4 v0xac70c0_0, 0, 1;
    %delay 20000, 0;
    %pushi/vec4 0, 0, 1;
    %store/vec4 v0xac70c0_0, 0, 1;
    %delay 20000, 0;
    %vpi_call 2 61 "$finish" {0 0 0};
    %end;
    .thread T_1;
    .scope S_0xa7bf50;
T_2 ;
    %vpi_call 2 66 "$monitor", "Time=%0t | rst=%b clk=%b d=%b | q=%b", $time, v0xac7220_0, v0xaa2930_0, v0xac70c0_0, v0xac7180_0 {0 0 0};
    %end;
    .thread T_2;
# The file index is used to find the file name in the following table.
:file_names 3;
    "N/A";
    "<interactive>";
    "flipflop_udp_tb.v";
