#! /usr/local/bin/vvp
:ivl_version "14.0 (devel)" "(s20251012-116-g98391b56b)";
:ivl_delay_selection "TYPICAL";
:vpi_time_precision + 0;
:vpi_module "/usr/local/lib/ivl/system.vpi";
:vpi_module "/usr/local/lib/ivl/vhdl_sys.vpi";
:vpi_module "/usr/local/lib/ivl/vhdl_textio.vpi";
:vpi_module "/usr/local/lib/ivl/v2005_math.vpi";
:vpi_module "/usr/local/lib/ivl/va_math.vpi";
S_0x23a5f50 .scope module, "moduleName" "moduleName" 2 1;
 .timescale 0 0;
v0x241ce30_0 .var "A", 3 0;
v0x241cf10_0 .var "B", 3 0;
v0x241cfe0_0 .net "C", 0 0, v0x241c7f0_0;  1 drivers
v0x241d0e0_0 .net "N", 0 0, v0x241c890_0;  1 drivers
v0x241d1b0_0 .net "V", 0 0, v0x241c950_0;  1 drivers
v0x241d250_0 .net "Z", 0 0, v0x241ca60_0;  1 drivers
v0x241d320_0 .net "resultado", 3 0, v0x241cb20_0;  1 drivers
v0x241d3f0_0 .var "seletor", 3 0;
S_0x23b85f0 .scope module, "ula_i" "ula" 2 9, 3 1 0, S_0x23a5f50;
 .timescale 0 0;
    .port_info 0 /INPUT 4 "A";
    .port_info 1 /INPUT 4 "B";
    .port_info 2 /INPUT 4 "seletor";
    .port_info 3 /OUTPUT 4 "resultado";
    .port_info 4 /OUTPUT 1 "C";
    .port_info 5 /OUTPUT 1 "V";
    .port_info 6 /OUTPUT 1 "Z";
    .port_info 7 /OUTPUT 1 "N";
v0x23b8800_0 .net "A", 3 0, v0x241ce30_0;  1 drivers
v0x241c710_0 .net "B", 3 0, v0x241cf10_0;  1 drivers
v0x241c7f0_0 .var "C", 0 0;
v0x241c890_0 .var "N", 0 0;
v0x241c950_0 .var "V", 0 0;
v0x241ca60_0 .var "Z", 0 0;
v0x241cb20_0 .var "resultado", 3 0;
v0x241cc00_0 .net "seletor", 3 0, v0x241d3f0_0;  1 drivers
E_0x23e58e0 .event anyedge, v0x241cc00_0, v0x23b8800_0, v0x241c710_0, v0x241cb20_0;
    .scope S_0x23b85f0;
T_0 ;
    %wait E_0x23e58e0;
    %pushi/vec4 0, 0, 1;
    %store/vec4 v0x241c7f0_0, 0, 1;
    %pushi/vec4 0, 0, 1;
    %store/vec4 v0x241ca60_0, 0, 1;
    %pushi/vec4 0, 0, 1;
    %store/vec4 v0x241c890_0, 0, 1;
    %pushi/vec4 0, 0, 1;
    %store/vec4 v0x241c950_0, 0, 1;
    %load/vec4 v0x241cc00_0;
    %dup/vec4;
    %pushi/vec4 0, 0, 4;
    %cmp/u;
    %jmp/1 T_0.0, 6;
    %dup/vec4;
    %pushi/vec4 1, 0, 4;
    %cmp/u;
    %jmp/1 T_0.1, 6;
    %dup/vec4;
    %pushi/vec4 2, 0, 4;
    %cmp/u;
    %jmp/1 T_0.2, 6;
    %dup/vec4;
    %pushi/vec4 3, 0, 4;
    %cmp/u;
    %jmp/1 T_0.3, 6;
    %dup/vec4;
    %pushi/vec4 4, 0, 4;
    %cmp/u;
    %jmp/1 T_0.4, 6;
    %dup/vec4;
    %pushi/vec4 5, 0, 4;
    %cmp/u;
    %jmp/1 T_0.5, 6;
    %dup/vec4;
    %pushi/vec4 6, 0, 4;
    %cmp/u;
    %jmp/1 T_0.6, 6;
    %dup/vec4;
    %pushi/vec4 7, 0, 4;
    %cmp/u;
    %jmp/1 T_0.7, 6;
    %dup/vec4;
    %pushi/vec4 8, 0, 4;
    %cmp/u;
    %jmp/1 T_0.8, 6;
    %dup/vec4;
    %pushi/vec4 9, 0, 4;
    %cmp/u;
    %jmp/1 T_0.9, 6;
    %pushi/vec4 0, 0, 4;
    %store/vec4 v0x241cb20_0, 0, 4;
    %jmp T_0.11;
T_0.0 ;
    %load/vec4 v0x23b8800_0;
    %load/vec4 v0x241c710_0;
    %and;
    %store/vec4 v0x241cb20_0, 0, 4;
    %jmp T_0.11;
T_0.1 ;
    %load/vec4 v0x23b8800_0;
    %load/vec4 v0x241c710_0;
    %or;
    %store/vec4 v0x241cb20_0, 0, 4;
    %jmp T_0.11;
T_0.2 ;
    %load/vec4 v0x23b8800_0;
    %inv;
    %store/vec4 v0x241cb20_0, 0, 4;
    %jmp T_0.11;
T_0.3 ;
    %load/vec4 v0x23b8800_0;
    %load/vec4 v0x241c710_0;
    %and;
    %inv;
    %store/vec4 v0x241cb20_0, 0, 4;
    %jmp T_0.11;
T_0.4 ;
    %load/vec4 v0x23b8800_0;
    %pad/u 5;
    %load/vec4 v0x241c710_0;
    %pad/u 5;
    %add;
    %split/vec4 4;
    %store/vec4 v0x241cb20_0, 0, 4;
    %store/vec4 v0x241c7f0_0, 0, 1;
    %load/vec4 v0x241cb20_0;
    %pushi/vec4 0, 0, 4;
    %cmp/e;
    %flag_get/vec4 4;
    %store/vec4 v0x241ca60_0, 0, 1;
    %load/vec4 v0x241cb20_0;
    %parti/s 1, 3, 3;
    %store/vec4 v0x241c890_0, 0, 1;
    %load/vec4 v0x23b8800_0;
    %parti/s 1, 3, 3;
    %inv;
    %flag_set/vec4 9;
    %flag_get/vec4 9;
    %jmp/0 T_0.13, 9;
    %load/vec4 v0x241c710_0;
    %parti/s 1, 3, 3;
    %inv;
    %and;
T_0.13;
    %flag_set/vec4 8;
    %flag_get/vec4 8;
    %jmp/0 T_0.12, 8;
    %load/vec4 v0x241cb20_0;
    %parti/s 1, 3, 3;
    %and;
T_0.12;
    %store/vec4 v0x241c7f0_0, 0, 1;
    %load/vec4 v0x23b8800_0;
    %parti/s 1, 3, 3;
    %load/vec4 v0x241c710_0;
    %parti/s 1, 3, 3;
    %cmp/e;
    %flag_get/vec4 4;
    %jmp/0 T_0.14, 4;
    %load/vec4 v0x241cb20_0;
    %parti/s 1, 3, 3;
    %load/vec4 v0x23b8800_0;
    %parti/s 1, 3, 3;
    %cmp/ne;
    %flag_get/vec4 4;
    %and;
T_0.14;
    %store/vec4 v0x241c950_0, 0, 1;
    %jmp T_0.11;
T_0.5 ;
    %load/vec4 v0x23b8800_0;
    %pad/u 5;
    %load/vec4 v0x241c710_0;
    %pad/u 5;
    %sub;
    %split/vec4 4;
    %store/vec4 v0x241cb20_0, 0, 4;
    %store/vec4 v0x241c7f0_0, 0, 1;
    %load/vec4 v0x241cb20_0;
    %pushi/vec4 0, 0, 4;
    %cmp/e;
    %flag_get/vec4 4;
    %store/vec4 v0x241ca60_0, 0, 1;
    %load/vec4 v0x241cb20_0;
    %parti/s 1, 3, 3;
    %store/vec4 v0x241c890_0, 0, 1;
    %load/vec4 v0x23b8800_0;
    %parti/s 1, 3, 3;
    %load/vec4 v0x241c710_0;
    %parti/s 1, 3, 3;
    %cmp/ne;
    %flag_get/vec4 4;
    %jmp/0 T_0.15, 4;
    %load/vec4 v0x241cb20_0;
    %parti/s 1, 3, 3;
    %load/vec4 v0x23b8800_0;
    %parti/s 1, 3, 3;
    %cmp/ne;
    %flag_get/vec4 4;
    %and;
T_0.15;
    %store/vec4 v0x241c950_0, 0, 1;
    %jmp T_0.11;
T_0.6 ;
    %load/vec4 v0x23b8800_0;
    %load/vec4 v0x241c710_0;
    %pad/u 32;
    %cmpi/u 4, 0, 32;
    %flag_or 5, 4; GT is !LE
    %flag_inv 5;
    %flag_mov 8, 5;
    %jmp/0 T_0.16, 8;
    %pushi/vec4 4, 0, 32;
    %jmp/1 T_0.17, 8;
T_0.16 ; End of true expr.
    %load/vec4 v0x241c710_0;
    %pad/u 32;
    %jmp/0 T_0.17, 8;
 ; End of false expr.
    %blend;
T_0.17;
    %ix/vec4 4;
    %shiftl 4;
    %store/vec4 v0x241cb20_0, 0, 4;
    %jmp T_0.11;
T_0.7 ;
    %load/vec4 v0x23b8800_0;
    %load/vec4 v0x241c710_0;
    %pad/u 32;
    %cmpi/u 4, 0, 32;
    %flag_or 5, 4; GT is !LE
    %flag_inv 5;
    %flag_mov 8, 5;
    %jmp/0 T_0.18, 8;
    %pushi/vec4 4, 0, 32;
    %jmp/1 T_0.19, 8;
T_0.18 ; End of true expr.
    %load/vec4 v0x241c710_0;
    %pad/u 32;
    %jmp/0 T_0.19, 8;
 ; End of false expr.
    %blend;
T_0.19;
    %ix/vec4 4;
    %shiftr 4;
    %store/vec4 v0x241cb20_0, 0, 4;
    %jmp T_0.11;
T_0.8 ;
    %load/vec4 v0x23b8800_0;
    %load/vec4 v0x241c710_0;
    %xor;
    %store/vec4 v0x241cb20_0, 0, 4;
    %jmp T_0.11;
T_0.9 ;
    %load/vec4 v0x23b8800_0;
    %load/vec4 v0x241c710_0;
    %or;
    %inv;
    %store/vec4 v0x241cb20_0, 0, 4;
    %jmp T_0.11;
T_0.11 ;
    %pop/vec4 1;
    %jmp T_0;
    .thread T_0, $push;
    .scope S_0x23a5f50;
T_1 ;
    %pushi/vec4 5, 0, 4;
    %store/vec4 v0x241ce30_0, 0, 4;
    %load/vec4 v0x241ce30_0;
    %inv;
    %store/vec4 v0x241cf10_0, 0, 4;
    %pushi/vec4 0, 0, 4;
    %store/vec4 v0x241d3f0_0, 0, 4;
    %delay 1, 0;
    %load/vec4 v0x241d320_0;
    %cmpi/e 0, 0, 4;
    %jmp/0xz  T_1.0, 4;
    %vpi_call 2 26 "$display", "PASSOU teste1" {0 0 0};
T_1.0 ;
    %pushi/vec4 5, 0, 4;
    %store/vec4 v0x241ce30_0, 0, 4;
    %load/vec4 v0x241ce30_0;
    %inv;
    %store/vec4 v0x241cf10_0, 0, 4;
    %pushi/vec4 1, 0, 4;
    %store/vec4 v0x241d3f0_0, 0, 4;
    %delay 1, 0;
    %load/vec4 v0x241d320_0;
    %cmpi/e 15, 0, 4;
    %jmp/0xz  T_1.2, 4;
    %vpi_call 2 34 "$display", "PASSOU teste2" {0 0 0};
T_1.2 ;
    %pushi/vec4 0, 0, 4;
    %store/vec4 v0x241ce30_0, 0, 4;
    %load/vec4 v0x241ce30_0;
    %inv;
    %store/vec4 v0x241cf10_0, 0, 4;
    %pushi/vec4 2, 0, 4;
    %store/vec4 v0x241d3f0_0, 0, 4;
    %delay 1, 0;
    %load/vec4 v0x241d320_0;
    %cmpi/e 15, 0, 4;
    %jmp/0xz  T_1.4, 4;
    %vpi_call 2 42 "$display", "PASSOU teste3" {0 0 0};
T_1.4 ;
    %pushi/vec4 5, 0, 4;
    %store/vec4 v0x241ce30_0, 0, 4;
    %load/vec4 v0x241ce30_0;
    %inv;
    %store/vec4 v0x241cf10_0, 0, 4;
    %pushi/vec4 3, 0, 4;
    %store/vec4 v0x241d3f0_0, 0, 4;
    %delay 1, 0;
    %load/vec4 v0x241d320_0;
    %cmpi/e 15, 0, 4;
    %jmp/0xz  T_1.6, 4;
    %vpi_call 2 50 "$display", "PASSOU teste4" {0 0 0};
T_1.6 ;
    %pushi/vec4 15, 0, 4;
    %store/vec4 v0x241ce30_0, 0, 4;
    %pushi/vec4 1, 0, 4;
    %store/vec4 v0x241cf10_0, 0, 4;
    %pushi/vec4 4, 0, 4;
    %store/vec4 v0x241d3f0_0, 0, 4;
    %delay 1, 0;
    %load/vec4 v0x241d320_0;
    %cmpi/e 0, 0, 4;
    %jmp/0xz  T_1.8, 4;
    %vpi_call 2 59 "$display", "PASSOU teste5" {0 0 0};
T_1.8 ;
    %pushi/vec4 1, 0, 4;
    %store/vec4 v0x241ce30_0, 0, 4;
    %pushi/vec4 15, 0, 4;
    %store/vec4 v0x241cf10_0, 0, 4;
    %pushi/vec4 5, 0, 4;
    %store/vec4 v0x241d3f0_0, 0, 4;
    %delay 1, 0;
    %load/vec4 v0x241d320_0;
    %cmpi/e 2, 0, 4;
    %jmp/0xz  T_1.10, 4;
    %vpi_call 2 67 "$display", "PASSOU teste6" {0 0 0};
T_1.10 ;
    %pushi/vec4 1, 0, 4;
    %store/vec4 v0x241ce30_0, 0, 4;
    %pushi/vec4 15, 0, 4;
    %store/vec4 v0x241cf10_0, 0, 4;
    %pushi/vec4 5, 0, 4;
    %store/vec4 v0x241d3f0_0, 0, 4;
    %delay 1, 0;
    %load/vec4 v0x241d320_0;
    %cmpi/e 2, 0, 4;
    %jmp/0xz  T_1.12, 4;
    %vpi_call 2 75 "$display", "PASSOU teste7" {0 0 0};
T_1.12 ;
    %pushi/vec4 3, 0, 4;
    %store/vec4 v0x241ce30_0, 0, 4;
    %pushi/vec4 3, 0, 4;
    %store/vec4 v0x241cf10_0, 0, 4;
    %pushi/vec4 6, 0, 4;
    %store/vec4 v0x241d3f0_0, 0, 4;
    %delay 1, 0;
    %load/vec4 v0x241d320_0;
    %cmpi/e 8, 0, 4;
    %jmp/0xz  T_1.14, 4;
    %vpi_call 2 83 "$display", "PASSOU teste8" {0 0 0};
T_1.14 ;
    %pushi/vec4 3, 0, 4;
    %store/vec4 v0x241ce30_0, 0, 4;
    %pushi/vec4 1, 0, 4;
    %store/vec4 v0x241cf10_0, 0, 4;
    %pushi/vec4 7, 0, 4;
    %store/vec4 v0x241d3f0_0, 0, 4;
    %delay 1, 0;
    %load/vec4 v0x241d320_0;
    %cmpi/e 1, 0, 4;
    %jmp/0xz  T_1.16, 4;
    %vpi_call 2 91 "$display", "PASSOU teste9" {0 0 0};
T_1.16 ;
    %pushi/vec4 3, 0, 4;
    %store/vec4 v0x241ce30_0, 0, 4;
    %pushi/vec4 11, 0, 4;
    %store/vec4 v0x241cf10_0, 0, 4;
    %pushi/vec4 6, 0, 4;
    %store/vec4 v0x241d3f0_0, 0, 4;
    %delay 1, 0;
    %load/vec4 v0x241d320_0;
    %cmpi/e 8, 0, 4;
    %jmp/0xz  T_1.18, 4;
    %vpi_call 2 100 "$display", "PASSOU teste10" {0 0 0};
T_1.18 ;
    %pushi/vec4 3, 0, 4;
    %store/vec4 v0x241ce30_0, 0, 4;
    %pushi/vec4 9, 0, 4;
    %store/vec4 v0x241cf10_0, 0, 4;
    %pushi/vec4 7, 0, 4;
    %store/vec4 v0x241d3f0_0, 0, 4;
    %delay 1, 0;
    %load/vec4 v0x241d320_0;
    %cmpi/e 1, 0, 4;
    %jmp/0xz  T_1.20, 4;
    %vpi_call 2 108 "$display", "PASSOU teste11" {0 0 0};
T_1.20 ;
    %pushi/vec4 2, 0, 4;
    %store/vec4 v0x241ce30_0, 0, 4;
    %pushi/vec4 3, 0, 4;
    %store/vec4 v0x241cf10_0, 0, 4;
    %pushi/vec4 4, 0, 4;
    %store/vec4 v0x241d3f0_0, 0, 4;
    %delay 1, 0;
    %load/vec4 v0x241d320_0;
    %cmpi/e 5, 0, 4;
    %jmp/0xz  T_1.22, 4;
    %vpi_call 2 112 "$display", "PASSOU teste Soma sem overflow" {0 0 0};
T_1.22 ;
    %vpi_call 2 113 "$display", "Flags: C=%b V=%b Z=%b N=%b", v0x241cfe0_0, v0x241d1b0_0, v0x241d250_0, v0x241d0e0_0 {0 0 0};
    %pushi/vec4 7, 0, 4;
    %store/vec4 v0x241ce30_0, 0, 4;
    %pushi/vec4 1, 0, 4;
    %store/vec4 v0x241cf10_0, 0, 4;
    %pushi/vec4 4, 0, 4;
    %store/vec4 v0x241d3f0_0, 0, 4;
    %delay 1, 0;
    %load/vec4 v0x241d320_0;
    %cmpi/e 8, 0, 4;
    %flag_get/vec4 4;
    %jmp/0 T_1.26, 4;
    %load/vec4 v0x241cfe0_0;
    %pad/u 32;
    %pushi/vec4 1, 0, 32;
    %cmp/e;
    %flag_get/vec4 4;
    %and;
T_1.26;
    %flag_set/vec4 8;
    %jmp/0xz  T_1.24, 8;
    %vpi_call 2 116 "$display", "PASSOU teste Soma com carry" {0 0 0};
T_1.24 ;
    %vpi_call 2 117 "$display", "Flags: C=%b V=%b Z=%b N=%b", v0x241cfe0_0, v0x241d1b0_0, v0x241d250_0, v0x241d0e0_0 {0 0 0};
    %pushi/vec4 5, 0, 4;
    %store/vec4 v0x241ce30_0, 0, 4;
    %pushi/vec4 3, 0, 4;
    %store/vec4 v0x241cf10_0, 0, 4;
    %pushi/vec4 5, 0, 4;
    %store/vec4 v0x241d3f0_0, 0, 4;
    %delay 1, 0;
    %load/vec4 v0x241d320_0;
    %cmpi/e 2, 0, 4;
    %jmp/0xz  T_1.27, 4;
    %vpi_call 2 120 "$display", "PASSOU teste Subtra\303\247\303\243o normal" {0 0 0};
T_1.27 ;
    %vpi_call 2 121 "$display", "Flags: C=%b V=%b Z=%b N=%b", v0x241cfe0_0, v0x241d1b0_0, v0x241d250_0, v0x241d0e0_0 {0 0 0};
    %pushi/vec4 8, 0, 4;
    %store/vec4 v0x241ce30_0, 0, 4;
    %pushi/vec4 1, 0, 4;
    %store/vec4 v0x241cf10_0, 0, 4;
    %pushi/vec4 5, 0, 4;
    %store/vec4 v0x241d3f0_0, 0, 4;
    %delay 1, 0;
    %load/vec4 v0x241d320_0;
    %cmpi/e 7, 0, 4;
    %flag_get/vec4 4;
    %jmp/0 T_1.31, 4;
    %load/vec4 v0x241d1b0_0;
    %pad/u 32;
    %pushi/vec4 1, 0, 32;
    %cmp/e;
    %flag_get/vec4 4;
    %and;
T_1.31;
    %flag_set/vec4 8;
    %jmp/0xz  T_1.29, 8;
    %vpi_call 2 126 "$display", "PASSOU teste Subtra\303\247\303\243o com underflow" {0 0 0};
T_1.29 ;
    %vpi_call 2 127 "$display", "Flags: C=%b V=%b Z=%b N=%b", v0x241cfe0_0, v0x241d1b0_0, v0x241d250_0, v0x241d0e0_0 {0 0 0};
    %pushi/vec4 5, 0, 4;
    %store/vec4 v0x241ce30_0, 0, 4;
    %pushi/vec4 5, 0, 4;
    %store/vec4 v0x241cf10_0, 0, 4;
    %pushi/vec4 4, 0, 4;
    %store/vec4 v0x241d3f0_0, 0, 4;
    %delay 1, 0;
    %load/vec4 v0x241d320_0;
    %cmpi/e 10, 0, 4;
    %jmp/0xz  T_1.32, 4;
    %vpi_call 2 133 "$display", "RESULTADO N\303\203O ZERO" {0 0 0};
T_1.32 ;
    %pushi/vec4 6, 0, 4;
    %store/vec4 v0x241ce30_0, 0, 4;
    %pushi/vec4 10, 0, 4;
    %store/vec4 v0x241cf10_0, 0, 4;
    %pushi/vec4 4, 0, 4;
    %store/vec4 v0x241d3f0_0, 0, 4;
    %delay 1, 0;
    %load/vec4 v0x241d250_0;
    %pad/u 32;
    %cmpi/e 0, 0, 32;
    %jmp/0xz  T_1.34, 4;
    %vpi_call 2 137 "$display", "Z correto" {0 0 0};
T_1.34 ;
    %pushi/vec4 0, 0, 4;
    %store/vec4 v0x241ce30_0, 0, 4;
    %pushi/vec4 0, 0, 4;
    %store/vec4 v0x241cf10_0, 0, 4;
    %pushi/vec4 0, 0, 4;
    %store/vec4 v0x241d3f0_0, 0, 4;
    %delay 1, 0;
    %load/vec4 v0x241d250_0;
    %pad/u 32;
    %cmpi/e 1, 0, 32;
    %jmp/0xz  T_1.36, 4;
    %vpi_call 2 140 "$display", "PASSOU teste Z=1" {0 0 0};
T_1.36 ;
    %vpi_call 2 141 "$display", "Flags: C=%b V=%b Z=%b N=%b", v0x241cfe0_0, v0x241d1b0_0, v0x241d250_0, v0x241d0e0_0 {0 0 0};
    %pushi/vec4 8, 0, 4;
    %store/vec4 v0x241ce30_0, 0, 4;
    %pushi/vec4 0, 0, 4;
    %store/vec4 v0x241cf10_0, 0, 4;
    %pushi/vec4 2, 0, 4;
    %store/vec4 v0x241d3f0_0, 0, 4;
    %delay 1, 0;
    %load/vec4 v0x241d0e0_0;
    %pad/u 32;
    %cmpi/e 1, 0, 32;
    %jmp/0xz  T_1.38, 4;
    %vpi_call 2 144 "$display", "PASSOU teste N=1" {0 0 0};
T_1.38 ;
    %vpi_call 2 145 "$display", "Flags: C=%b V=%b Z=%b N=%b", v0x241cfe0_0, v0x241d1b0_0, v0x241d250_0, v0x241d0e0_0 {0 0 0};
    %pushi/vec4 3, 0, 4;
    %store/vec4 v0x241ce30_0, 0, 4;
    %pushi/vec4 2, 0, 4;
    %store/vec4 v0x241cf10_0, 0, 4;
    %pushi/vec4 6, 0, 4;
    %store/vec4 v0x241d3f0_0, 0, 4;
    %delay 1, 0;
    %load/vec4 v0x241d320_0;
    %cmpi/e 12, 0, 4;
    %jmp/0xz  T_1.40, 4;
    %vpi_call 2 151 "$display", "PASSOU teste LSL" {0 0 0};
T_1.40 ;
    %vpi_call 2 152 "$display", "Flags: C=%b V=%b Z=%b N=%b", v0x241cfe0_0, v0x241d1b0_0, v0x241d250_0, v0x241d0e0_0 {0 0 0};
    %pushi/vec4 12, 0, 4;
    %store/vec4 v0x241ce30_0, 0, 4;
    %pushi/vec4 2, 0, 4;
    %store/vec4 v0x241cf10_0, 0, 4;
    %pushi/vec4 7, 0, 4;
    %store/vec4 v0x241d3f0_0, 0, 4;
    %delay 1, 0;
    %load/vec4 v0x241d320_0;
    %cmpi/e 3, 0, 4;
    %jmp/0xz  T_1.42, 4;
    %vpi_call 2 158 "$display", "PASSOU teste LSR" {0 0 0};
T_1.42 ;
    %vpi_call 2 159 "$display", "Flags: C=%b V=%b Z=%b N=%b", v0x241cfe0_0, v0x241d1b0_0, v0x241d250_0, v0x241d0e0_0 {0 0 0};
    %pushi/vec4 10, 0, 4;
    %store/vec4 v0x241ce30_0, 0, 4;
    %pushi/vec4 10, 0, 4;
    %store/vec4 v0x241cf10_0, 0, 4;
    %pushi/vec4 8, 0, 4;
    %store/vec4 v0x241d3f0_0, 0, 4;
    %delay 1, 0;
    %load/vec4 v0x241d320_0;
    %cmpi/e 0, 0, 4;
    %jmp/0xz  T_1.44, 4;
    %vpi_call 2 165 "$display", "PASSOU teste XOR" {0 0 0};
T_1.44 ;
    %vpi_call 2 166 "$display", "Flags: C=%b V=%b Z=%b N=%b", v0x241cfe0_0, v0x241d1b0_0, v0x241d250_0, v0x241d0e0_0 {0 0 0};
    %pushi/vec4 10, 0, 4;
    %store/vec4 v0x241ce30_0, 0, 4;
    %pushi/vec4 5, 0, 4;
    %store/vec4 v0x241cf10_0, 0, 4;
    %pushi/vec4 9, 0, 4;
    %store/vec4 v0x241d3f0_0, 0, 4;
    %delay 1, 0;
    %load/vec4 v0x241d320_0;
    %cmpi/e 0, 0, 4;
    %jmp/0xz  T_1.46, 4;
    %vpi_call 2 172 "$display", "PASSOU teste NOR" {0 0 0};
T_1.46 ;
    %vpi_call 2 173 "$display", "Flags: C=%b V=%b Z=%b N=%b", v0x241cfe0_0, v0x241d1b0_0, v0x241d250_0, v0x241d0e0_0 {0 0 0};
    %end;
    .thread T_1;
# The file index is used to find the file name in the following table.
:file_names 4;
    "N/A";
    "<interactive>";
    "4bit_ula_behav_tb.v";
    "4bit_ula_behav.v";
