#! /usr/local/bin/vvp
:ivl_version "14.0 (devel)" "(s20251012-116-g98391b56b)";
:ivl_delay_selection "TYPICAL";
:vpi_time_precision - 12;
:vpi_module "/usr/local/lib/ivl/system.vpi";
:vpi_module "/usr/local/lib/ivl/vhdl_sys.vpi";
:vpi_module "/usr/local/lib/ivl/vhdl_textio.vpi";
:vpi_module "/usr/local/lib/ivl/v2005_math.vpi";
:vpi_module "/usr/local/lib/ivl/va_math.vpi";
S_0x822f50 .scope module, "circuit12_tb" "circuit12_tb" 2 3;
 .timescale -9 -12;
P_0x848810 .param/l "COUNTER_MAX" 0 2 5, +C4<00000000000000000000000000010000>;
P_0x848850 .param/l "COUNTER_WIDTH" 1 2 6, +C4<00000000000000000000000000000100>;
v0x877970_0 .var "clk", 0 0;
v0x877a80_0 .var "default_value", 3 0;
v0x877b90_0 .net "out", 0 0, v0x877770_0;  1 drivers
v0x877c30_0 .var "rst", 0 0;
S_0x85b780 .scope module, "dut" "circuit12" 2 17, 3 2 0, S_0x822f50;
 .timescale 0 0;
    .port_info 0 /INPUT 1 "clk_i";
    .port_info 1 /INPUT 1 "rst_i";
    .port_info 2 /INPUT 4 "default_value";
    .port_info 3 /OUTPUT 1 "out";
P_0x85b960 .param/l "COUNTER_MAX" 0 3 4, +C4<00000000000000000000000000010000>;
P_0x85b9a0 .param/l "COUNTER_WIDTH" 0 3 5, +C4<00000000000000000000000000000100>;
v0x877420_0 .net "clk_i", 0 0, v0x877970_0;  1 drivers
v0x8774e0_0 .net "counter", 3 0, v0x877110_0;  1 drivers
v0x8775d0_0 .net "default_value", 3 0, v0x877a80_0;  1 drivers
v0x8776a0_0 .net "en", 0 0, L_0x877e10;  1 drivers
v0x877770_0 .var "out", 0 0;
v0x877860_0 .net "rst_i", 0 0, v0x877c30_0;  1 drivers
L_0x877d20 .reduce/nor L_0x877e10;
S_0x860300 .scope module, "compare_inst" "compare" 3 24, 4 1 0, S_0x85b780;
 .timescale 0 0;
    .port_info 0 /INPUT 4 "default_value";
    .port_info 1 /INPUT 4 "counter_i";
    .port_info 2 /OUTPUT 1 "isEqual";
P_0x8604e0 .param/l "COUNTER_WIDTH" 0 4 3, +C4<00000000000000000000000000000100>;
v0x85cee0_0 .net "counter_i", 3 0, v0x877110_0;  alias, 1 drivers
v0x85bd60_0 .net "default_value", 3 0, v0x877a80_0;  alias, 1 drivers
v0x84b850_0 .net "isEqual", 0 0, L_0x877e10;  alias, 1 drivers
L_0x877e10 .cmp/eq 4, v0x877a80_0, v0x877110_0;
S_0x876d30 .scope module, "counter_inst" "counter" 3 16, 5 1 0, S_0x85b780;
 .timescale 0 0;
    .port_info 0 /INPUT 1 "clk";
    .port_info 1 /INPUT 1 "rst";
    .port_info 2 /INPUT 1 "en_n";
    .port_info 3 /OUTPUT 4 "counter_o";
P_0x876f10 .param/l "COUNTER_WIDTH" 0 5 3, +C4<00000000000000000000000000000100>;
v0x877030_0 .net "clk", 0 0, v0x877970_0;  alias, 1 drivers
v0x877110_0 .var "counter_o", 3 0;
v0x877200_0 .net "en_n", 0 0, L_0x877d20;  1 drivers
v0x8772d0_0 .net "rst", 0 0, v0x877c30_0;  alias, 1 drivers
E_0x85e550 .event posedge, v0x877030_0;
    .scope S_0x876d30;
T_0 ;
    %wait E_0x85e550;
    %load/vec4 v0x8772d0_0;
    %cmpi/e 1, 0, 1;
    %jmp/0xz  T_0.0, 4;
    %pushi/vec4 0, 0, 4;
    %assign/vec4 v0x877110_0, 0;
    %jmp T_0.1;
T_0.0 ;
    %load/vec4 v0x877200_0;
    %cmpi/e 1, 0, 1;
    %jmp/0xz  T_0.2, 4;
    %load/vec4 v0x877110_0;
    %addi 1, 0, 4;
    %assign/vec4 v0x877110_0, 0;
T_0.2 ;
T_0.1 ;
    %jmp T_0;
    .thread T_0;
    .scope S_0x85b780;
T_1 ;
    %wait E_0x85e550;
    %load/vec4 v0x8776a0_0;
    %assign/vec4 v0x877770_0, 0;
    %jmp T_1;
    .thread T_1;
    .scope S_0x822f50;
T_2 ;
    %delay 5000, 0;
    %load/vec4 v0x877970_0;
    %inv;
    %store/vec4 v0x877970_0, 0, 1;
    %jmp T_2;
    .thread T_2;
    .scope S_0x822f50;
T_3 ;
    %pushi/vec4 0, 0, 1;
    %store/vec4 v0x877970_0, 0, 1;
    %pushi/vec4 1, 0, 1;
    %store/vec4 v0x877c30_0, 0, 1;
    %pushi/vec4 5, 0, 4;
    %store/vec4 v0x877a80_0, 0, 4;
    %delay 20000, 0;
    %pushi/vec4 0, 0, 1;
    %store/vec4 v0x877c30_0, 0, 1;
    %delay 200000, 0;
    %pushi/vec4 10, 0, 4;
    %store/vec4 v0x877a80_0, 0, 4;
    %delay 200000, 0;
    %pushi/vec4 3, 0, 4;
    %store/vec4 v0x877a80_0, 0, 4;
    %delay 200000, 0;
    %vpi_call 2 51 "$finish" {0 0 0};
    %end;
    .thread T_3;
    .scope S_0x822f50;
T_4 ;
    %vpi_call 2 56 "$dumpfile", "circuit12.vcd" {0 0 0};
    %vpi_call 2 57 "$dumpvars", 32'sb00000000000000000000000000000000, S_0x822f50 {0 0 0};
    %vpi_call 2 59 "$display", "clk\011rst\011counter\011default\011out" {0 0 0};
    %vpi_call 2 60 "$monitor", "%b\011%b\011%d\011%d\011%b", v0x877970_0, v0x877c30_0, v0x8774e0_0, v0x877a80_0, v0x877b90_0 {0 0 0};
    %end;
    .thread T_4;
# The file index is used to find the file name in the following table.
:file_names 6;
    "N/A";
    "<interactive>";
    "circuit12_tb.v";
    "circuit12.v";
    "compare.v";
    "counter.v";
