#! /usr/local/bin/vvp
:ivl_version "14.0 (devel)" "(s20251012-116-g98391b56b)";
:ivl_delay_selection "TYPICAL";
:vpi_time_precision + 0;
:vpi_module "/usr/local/lib/ivl/system.vpi";
:vpi_module "/usr/local/lib/ivl/vhdl_sys.vpi";
:vpi_module "/usr/local/lib/ivl/vhdl_textio.vpi";
:vpi_module "/usr/local/lib/ivl/v2005_math.vpi";
:vpi_module "/usr/local/lib/ivl/va_math.vpi";
S_0x22c8eb0 .scope module, "top_tb" "top_tb" 2 1;
 .timescale 0 0;
P_0x229e8a0 .param/l "WIDTH" 1 2 4, +C4<00000000000000000000000000000101>;
v0x230ab40_0 .var "event0", 0 0;
v0x230ac50_0 .var "event1", 0 0;
v0x230ad60_0 .var "event2", 0 0;
v0x230ae50_0 .var "event3", 0 0;
v0x230af40_0 .var "sensor0_data", 4 0;
v0x230b080_0 .var "sensor1_data", 4 0;
v0x230b170_0 .var "sensor2_data", 4 0;
v0x230b280_0 .var "sensor3_data", 4 0;
v0x230b390_0 .net "sensor_output", 4 0, v0x2309ad0_0;  1 drivers
v0x230b450_0 .net "status_output", 3 0, L_0x230b510;  1 drivers
S_0x22de060 .scope module, "dut" "top" 2 18, 3 1 0, S_0x22c8eb0;
 .timescale 0 0;
    .port_info 0 /INPUT 1 "event0";
    .port_info 1 /INPUT 1 "event1";
    .port_info 2 /INPUT 1 "event2";
    .port_info 3 /INPUT 1 "event3";
    .port_info 4 /INPUT 5 "sensor0_data";
    .port_info 5 /INPUT 5 "sensor1_data";
    .port_info 6 /INPUT 5 "sensor2_data";
    .port_info 7 /INPUT 5 "sensor3_data";
    .port_info 8 /OUTPUT 5 "sensor_output";
    .port_info 9 /OUTPUT 4 "status_output";
P_0x22de240 .param/l "WIDTH" 0 3 3, +C4<00000000000000000000000000000101>;
v0x2309dd0_0 .net "event0", 0 0, v0x230ab40_0;  1 drivers
v0x2309e90_0 .net "event1", 0 0, v0x230ac50_0;  1 drivers
v0x2309f30_0 .net "event2", 0 0, v0x230ad60_0;  1 drivers
v0x230a030_0 .net "event3", 0 0, v0x230ae50_0;  1 drivers
v0x230a100_0 .net "select_event", 1 0, v0x23091b0_0;  1 drivers
v0x230a1f0_0 .net "sensor0_data", 4 0, v0x230af40_0;  1 drivers
v0x230a290_0 .net "sensor1_data", 4 0, v0x230b080_0;  1 drivers
v0x230a360_0 .net "sensor2_data", 4 0, v0x230b170_0;  1 drivers
v0x230a430_0 .net "sensor3_data", 4 0, v0x230b280_0;  1 drivers
v0x230a500_0 .net "sensor_output", 4 0, v0x2309ad0_0;  alias, 1 drivers
v0x230a5d0_0 .net "status_output", 3 0, L_0x230b510;  alias, 1 drivers
L_0x230b510 .concat8 [ 1 1 1 1], v0x22ce550_0, v0x22ce1b0_0, v0x22cde30_0, v0x22cda70_0;
S_0x22de2e0 .scope module, "demux_i" "demux" 3 38, 4 1 0, S_0x22de060;
 .timescale 0 0;
    .port_info 0 /INPUT 2 "sel";
    .port_info 1 /OUTPUT 1 "demux_out0";
    .port_info 2 /OUTPUT 1 "demux_out1";
    .port_info 3 /OUTPUT 1 "demux_out2";
    .port_info 4 /OUTPUT 1 "demux_out3";
P_0x22de4c0 .param/l "WIDTH" 0 4 3, +C4<00000000000000000000000000000101>;
v0x22ce550_0 .var "demux_out0", 0 0;
v0x22ce1b0_0 .var "demux_out1", 0 0;
v0x22cde30_0 .var "demux_out2", 0 0;
v0x22cda70_0 .var "demux_out3", 0 0;
v0x23089e0_0 .net "sel", 1 0, v0x23091b0_0;  alias, 1 drivers
E_0x22d9890 .event anyedge, v0x23089e0_0;
S_0x2308bb0 .scope module, "encode_priority_i" "encode_priority" 3 20, 5 1 0, S_0x22de060;
 .timescale 0 0;
    .port_info 0 /INPUT 1 "in0";
    .port_info 1 /INPUT 1 "in1";
    .port_info 2 /INPUT 1 "in2";
    .port_info 3 /INPUT 1 "in3";
    .port_info 4 /OUTPUT 2 "sel";
v0x2308e80_0 .net "in0", 0 0, v0x230ab40_0;  alias, 1 drivers
v0x2308f60_0 .net "in1", 0 0, v0x230ac50_0;  alias, 1 drivers
v0x2309020_0 .net "in2", 0 0, v0x230ad60_0;  alias, 1 drivers
v0x23090f0_0 .net "in3", 0 0, v0x230ae50_0;  alias, 1 drivers
v0x23091b0_0 .var "sel", 1 0;
E_0x22d9b50 .event anyedge, v0x23090f0_0, v0x2309020_0, v0x2308f60_0;
S_0x2309370 .scope module, "mux_i" "mux" 3 29, 6 1 0, S_0x22de060;
 .timescale 0 0;
    .port_info 0 /INPUT 5 "in0";
    .port_info 1 /INPUT 5 "in1";
    .port_info 2 /INPUT 5 "in2";
    .port_info 3 /INPUT 5 "in3";
    .port_info 4 /INPUT 2 "sel";
    .port_info 5 /OUTPUT 5 "mux_out";
P_0x2309550 .param/l "WIDTH" 0 6 3, +C4<00000000000000000000000000000101>;
v0x2309720_0 .net "in0", 4 0, v0x230af40_0;  alias, 1 drivers
v0x2309820_0 .net "in1", 4 0, v0x230b080_0;  alias, 1 drivers
v0x2309900_0 .net "in2", 4 0, v0x230b170_0;  alias, 1 drivers
v0x23099f0_0 .net "in3", 4 0, v0x230b280_0;  alias, 1 drivers
v0x2309ad0_0 .var "mux_out", 4 0;
v0x2309c00_0 .net "sel", 1 0, v0x23091b0_0;  alias, 1 drivers
E_0x22c1b50/0 .event anyedge, v0x23089e0_0, v0x23099f0_0, v0x2309900_0, v0x2309820_0;
E_0x22c1b50/1 .event anyedge, v0x2309720_0;
E_0x22c1b50 .event/or E_0x22c1b50/0, E_0x22c1b50/1;
S_0x230a7d0 .scope task, "expect" "expect" 2 32, 2 32 0, S_0x22c8eb0;
 .timescale 0 0;
v0x230a980_0 .var "exp_output", 4 0;
v0x230aa60_0 .var "exp_status", 3 0;
TD_top_tb.expect ;
    %load/vec4 v0x230b390_0;
    %load/vec4 v0x230a980_0;
    %cmp/ne;
    %jmp/1 T_0.2, 4;
    %flag_mov 8, 4;
    %load/vec4 v0x230b450_0;
    %load/vec4 v0x230aa60_0;
    %cmp/ne;
    %flag_or 4, 8;
T_0.2;
    %jmp/0xz  T_0.0, 4;
    %vpi_call 2 36 "$display", "\012TEST FAILED" {0 0 0};
    %vpi_call 2 37 "$display", "event0 = %b, event1 = %b, event2 = %b, event4 = %b", v0x230ab40_0, v0x230ac50_0, v0x230ad60_0, v0x230ae50_0 {0 0 0};
    %vpi_call 2 38 "$display", "sensor0_data = %b, sensor1_data = %b, sensor2_data = %b, sensor4_data = %b", v0x230af40_0, v0x230b080_0, v0x230b170_0, v0x230b280_0 {0 0 0};
    %vpi_call 2 39 "$display", "data_out = %b, status_data = %b", v0x230b390_0, v0x230b450_0 {0 0 0};
    %vpi_call 2 40 "$finish" {0 0 0};
T_0.0 ;
    %end;
    .scope S_0x2308bb0;
T_1 ;
    %wait E_0x22d9b50;
    %load/vec4 v0x23090f0_0;
    %flag_set/vec4 8;
    %jmp/0xz  T_1.0, 8;
    %pushi/vec4 3, 0, 2;
    %store/vec4 v0x23091b0_0, 0, 2;
    %jmp T_1.1;
T_1.0 ;
    %load/vec4 v0x2309020_0;
    %flag_set/vec4 8;
    %jmp/0xz  T_1.2, 8;
    %pushi/vec4 2, 0, 2;
    %store/vec4 v0x23091b0_0, 0, 2;
    %jmp T_1.3;
T_1.2 ;
    %load/vec4 v0x2308f60_0;
    %flag_set/vec4 8;
    %jmp/0xz  T_1.4, 8;
    %pushi/vec4 1, 0, 2;
    %store/vec4 v0x23091b0_0, 0, 2;
    %jmp T_1.5;
T_1.4 ;
    %pushi/vec4 0, 0, 2;
    %store/vec4 v0x23091b0_0, 0, 2;
T_1.5 ;
T_1.3 ;
T_1.1 ;
    %jmp T_1;
    .thread T_1, $push;
    .scope S_0x2309370;
T_2 ;
    %wait E_0x22c1b50;
    %load/vec4 v0x2309c00_0;
    %dup/vec4;
    %pushi/vec4 3, 0, 2;
    %cmp/u;
    %jmp/1 T_2.0, 6;
    %dup/vec4;
    %pushi/vec4 2, 0, 2;
    %cmp/u;
    %jmp/1 T_2.1, 6;
    %dup/vec4;
    %pushi/vec4 1, 0, 2;
    %cmp/u;
    %jmp/1 T_2.2, 6;
    %dup/vec4;
    %pushi/vec4 0, 0, 2;
    %cmp/u;
    %jmp/1 T_2.3, 6;
    %jmp T_2.4;
T_2.0 ;
    %load/vec4 v0x23099f0_0;
    %store/vec4 v0x2309ad0_0, 0, 5;
    %jmp T_2.4;
T_2.1 ;
    %load/vec4 v0x2309900_0;
    %store/vec4 v0x2309ad0_0, 0, 5;
    %jmp T_2.4;
T_2.2 ;
    %load/vec4 v0x2309820_0;
    %store/vec4 v0x2309ad0_0, 0, 5;
    %jmp T_2.4;
T_2.3 ;
    %load/vec4 v0x2309720_0;
    %store/vec4 v0x2309ad0_0, 0, 5;
    %jmp T_2.4;
T_2.4 ;
    %pop/vec4 1;
    %jmp T_2;
    .thread T_2, $push;
    .scope S_0x22de2e0;
T_3 ;
    %wait E_0x22d9890;
    %pushi/vec4 0, 0, 1;
    %store/vec4 v0x22ce550_0, 0, 1;
    %pushi/vec4 0, 0, 1;
    %store/vec4 v0x22ce1b0_0, 0, 1;
    %pushi/vec4 0, 0, 1;
    %store/vec4 v0x22cde30_0, 0, 1;
    %pushi/vec4 0, 0, 1;
    %store/vec4 v0x22cda70_0, 0, 1;
    %load/vec4 v0x23089e0_0;
    %dup/vec4;
    %pushi/vec4 3, 0, 2;
    %cmp/u;
    %jmp/1 T_3.0, 6;
    %dup/vec4;
    %pushi/vec4 2, 0, 2;
    %cmp/u;
    %jmp/1 T_3.1, 6;
    %dup/vec4;
    %pushi/vec4 1, 0, 2;
    %cmp/u;
    %jmp/1 T_3.2, 6;
    %dup/vec4;
    %pushi/vec4 0, 0, 2;
    %cmp/u;
    %jmp/1 T_3.3, 6;
    %jmp T_3.4;
T_3.0 ;
    %pushi/vec4 1, 0, 1;
    %store/vec4 v0x22cda70_0, 0, 1;
    %jmp T_3.4;
T_3.1 ;
    %pushi/vec4 1, 0, 1;
    %store/vec4 v0x22cde30_0, 0, 1;
    %jmp T_3.4;
T_3.2 ;
    %pushi/vec4 1, 0, 1;
    %store/vec4 v0x22ce1b0_0, 0, 1;
    %jmp T_3.4;
T_3.3 ;
    %pushi/vec4 1, 0, 1;
    %store/vec4 v0x22ce550_0, 0, 1;
    %jmp T_3.4;
T_3.4 ;
    %pop/vec4 1;
    %jmp T_3;
    .thread T_3, $push;
    .scope S_0x22c8eb0;
T_4 ;
    %pushi/vec4 0, 0, 1;
    %store/vec4 v0x230ab40_0, 0, 1;
    %pushi/vec4 1, 0, 1;
    %store/vec4 v0x230ac50_0, 0, 1;
    %pushi/vec4 0, 0, 1;
    %store/vec4 v0x230ad60_0, 0, 1;
    %pushi/vec4 0, 0, 1;
    %store/vec4 v0x230ae50_0, 0, 1;
    %pushi/vec4 21, 0, 5;
    %store/vec4 v0x230af40_0, 0, 5;
    %pushi/vec4 0, 0, 5;
    %store/vec4 v0x230b080_0, 0, 5;
    %pushi/vec4 31, 0, 5;
    %store/vec4 v0x230b170_0, 0, 5;
    %pushi/vec4 10, 0, 5;
    %store/vec4 v0x230b280_0, 0, 5;
    %delay 1, 0;
    %pushi/vec4 0, 0, 5;
    %store/vec4 v0x230a980_0, 0, 5;
    %pushi/vec4 2, 0, 4;
    %store/vec4 v0x230aa60_0, 0, 4;
    %fork TD_top_tb.expect, S_0x230a7d0;
    %join;
    %delay 1, 0;
    %pushi/vec4 0, 0, 1;
    %store/vec4 v0x230ab40_0, 0, 1;
    %pushi/vec4 0, 0, 1;
    %store/vec4 v0x230ac50_0, 0, 1;
    %pushi/vec4 1, 0, 1;
    %store/vec4 v0x230ad60_0, 0, 1;
    %pushi/vec4 0, 0, 1;
    %store/vec4 v0x230ae50_0, 0, 1;
    %pushi/vec4 21, 0, 5;
    %store/vec4 v0x230af40_0, 0, 5;
    %pushi/vec4 0, 0, 5;
    %store/vec4 v0x230b080_0, 0, 5;
    %pushi/vec4 31, 0, 5;
    %store/vec4 v0x230b170_0, 0, 5;
    %pushi/vec4 10, 0, 5;
    %store/vec4 v0x230b280_0, 0, 5;
    %delay 1, 0;
    %pushi/vec4 31, 0, 5;
    %store/vec4 v0x230a980_0, 0, 5;
    %pushi/vec4 4, 0, 4;
    %store/vec4 v0x230aa60_0, 0, 4;
    %fork TD_top_tb.expect, S_0x230a7d0;
    %join;
    %delay 1, 0;
    %pushi/vec4 0, 0, 1;
    %store/vec4 v0x230ab40_0, 0, 1;
    %pushi/vec4 0, 0, 1;
    %store/vec4 v0x230ac50_0, 0, 1;
    %pushi/vec4 0, 0, 1;
    %store/vec4 v0x230ad60_0, 0, 1;
    %pushi/vec4 1, 0, 1;
    %store/vec4 v0x230ae50_0, 0, 1;
    %pushi/vec4 21, 0, 5;
    %store/vec4 v0x230af40_0, 0, 5;
    %pushi/vec4 0, 0, 5;
    %store/vec4 v0x230b080_0, 0, 5;
    %pushi/vec4 31, 0, 5;
    %store/vec4 v0x230b170_0, 0, 5;
    %pushi/vec4 10, 0, 5;
    %store/vec4 v0x230b280_0, 0, 5;
    %delay 1, 0;
    %pushi/vec4 10, 0, 5;
    %store/vec4 v0x230a980_0, 0, 5;
    %pushi/vec4 8, 0, 4;
    %store/vec4 v0x230aa60_0, 0, 4;
    %fork TD_top_tb.expect, S_0x230a7d0;
    %join;
    %pushi/vec4 0, 0, 1;
    %store/vec4 v0x230ab40_0, 0, 1;
    %pushi/vec4 1, 0, 1;
    %store/vec4 v0x230ac50_0, 0, 1;
    %pushi/vec4 0, 0, 1;
    %store/vec4 v0x230ad60_0, 0, 1;
    %pushi/vec4 1, 0, 1;
    %store/vec4 v0x230ae50_0, 0, 1;
    %pushi/vec4 21, 0, 5;
    %store/vec4 v0x230af40_0, 0, 5;
    %pushi/vec4 0, 0, 5;
    %store/vec4 v0x230b080_0, 0, 5;
    %pushi/vec4 31, 0, 5;
    %store/vec4 v0x230b170_0, 0, 5;
    %pushi/vec4 10, 0, 5;
    %store/vec4 v0x230b280_0, 0, 5;
    %delay 1, 0;
    %pushi/vec4 10, 0, 5;
    %store/vec4 v0x230a980_0, 0, 5;
    %pushi/vec4 8, 0, 4;
    %store/vec4 v0x230aa60_0, 0, 4;
    %fork TD_top_tb.expect, S_0x230a7d0;
    %join;
    %pushi/vec4 1, 0, 1;
    %store/vec4 v0x230ab40_0, 0, 1;
    %pushi/vec4 1, 0, 1;
    %store/vec4 v0x230ac50_0, 0, 1;
    %pushi/vec4 1, 0, 1;
    %store/vec4 v0x230ad60_0, 0, 1;
    %pushi/vec4 0, 0, 1;
    %store/vec4 v0x230ae50_0, 0, 1;
    %pushi/vec4 21, 0, 5;
    %store/vec4 v0x230af40_0, 0, 5;
    %pushi/vec4 0, 0, 5;
    %store/vec4 v0x230b080_0, 0, 5;
    %pushi/vec4 31, 0, 5;
    %store/vec4 v0x230b170_0, 0, 5;
    %pushi/vec4 10, 0, 5;
    %store/vec4 v0x230b280_0, 0, 5;
    %delay 1, 0;
    %pushi/vec4 31, 0, 5;
    %store/vec4 v0x230a980_0, 0, 5;
    %pushi/vec4 4, 0, 4;
    %store/vec4 v0x230aa60_0, 0, 4;
    %fork TD_top_tb.expect, S_0x230a7d0;
    %join;
    %vpi_call 2 102 "$finish" {0 0 0};
    %end;
    .thread T_4;
    .scope S_0x22c8eb0;
T_5 ;
    %vpi_call 2 106 "$dumpfile", "top_tb.vcd" {0 0 0};
    %vpi_call 2 107 "$dumpvars", 32'sb00000000000000000000000000000000, S_0x22c8eb0 {0 0 0};
    %end;
    .thread T_5;
# The file index is used to find the file name in the following table.
:file_names 7;
    "N/A";
    "<interactive>";
    "top_tb.v";
    "top.v";
    "demux.v";
    "encode_priority.v";
    "mux.v";
