Cadence Genus(TM) Synthesis Solution.
Copyright 2025 Cadence Design Systems, Inc. All rights reserved worldwide.
Cadence and the Cadence logo are registered trademarks and Genus is a trademark
of Cadence Design Systems, Inc. in the United States and other countries.

[10:21:20.171825] Configured Lic search path (25.01-s002): 5280@ec2-44-229-184-69.us-west-2.compute.amazonaws.com

Version: 25.12-s067_1, built Mon Nov 17 08:10:10 PST 2025
Options: -log synth_flow.log -files ./script.tcl 
Date:    Sat Aug 15 10:21:20 2026
Host:    localhost.localdomain (x86_64 w/Linux 5.14.0-687.29.1.el9_8.x86_64) (8cores*16cpus*1physical cpu*AMD Ryzen 7 5700G with Radeon Graphics 512KB) (31967228KB)
PID:     12123
OS:      Rocky Linux 9.8 (Blue Onyx)

Checking out license: Genus_Synthesis
[10:21:23.140448] Periodic Lic check successful
[10:21:23.664745] Feature usage summary:
[10:21:23.664745] Genus_Synthesis  
License checkout complete (3 seconds elapsed).


***********************************************************************************************************
***********************************************************************************************************



Finished executable startup (8 seconds elapsed).

Loading tool scripts...
Finished loading tool scripts (13 seconds elapsed).

#@ Processing -files option
@genus:root: 1> source ./script.tcl
#@ Begin verbose source ./script.tcl
@file(script.tcl) 1: read_libs {../slow_vdd1v0_basicCells.lib }

  Message Summary for Library slow_vdd1v0_basicCells.lib:
  *******************************************************
  Missing a function attribute in the output pin definition. [LBR-518]: 1
  *******************************************************
 
Info    : Created nominal operating condition. [LBR-412]
        : Operating condition '_nominal_' was created for the PVT values (1.000000, 0.900000, 125.000000) in library 'slow_vdd1v0_basicCells.lib'.
        : The nominal operating condition is represented, either by the nominal PVT values specified in the library source (via nom_process,nom_voltage and nom_temperature respectively), or by the default PVT values (1.0,1.0,1.0).
Warning : Library cell has no output pins defined. [LBR-9]
        : Library cell 'ANTENNA' must have an output pin.
        : Add the missing output pin(s), then reload the library. Else the library cell will be marked as timing model i.e. unusable. Timing_model means that the cell does not have any defined function. If there is no output pin, Genus will mark library cell as unusable i.e. the attribute 'usable' will be marked to 'false' on the libcell. Therefore, the cell is not used for mapping and it will not be picked up from the library for synthesis. If you query the attribute 'unusable_reason' on the libcell; result will be: 'Library cell has no output pins.'Note: The message LBR-9 is only for the logical pins and not for the power_ground pins. Genus will depend upon the output function defined in the pin group (output pin) of the cell, to use it for mapping. The pg_pin will not have any function defined.
Warning : Library cell has no output pins defined. [LBR-9]
        : Library cell 'ANTENNA' must have an output pin.
@file(script.tcl) 2: read_hdl "./x3_curto.v"
Warning : Cannot open file. [VLOGPT-650]
        : File './x3_curto.v'.
        : The specified file could not be opened.  Check the value of the init_hdl_search_path attribute.
@file(script.tcl) 3: elaborate
  Library has 324 usable logic and 128 usable sequential lib-cells.
UM:   flow.cputime  flow.realtime  timing.setup.tns  timing.setup.wns  snapshot
UM:*                                                                   elaborate
@file(script.tcl) 4: check_design -unresolved
Error   : No designs are available. A design must first be read in and elaborated. [TUI-10] [check_design]
        : There is no design here.
        : A design must first be read in with 'read_hdl' command and elaborated with 'elaborate' command.
#@ End verbose source ./script.tcl
Failed on check_design
Encountered problems processing file: ./script.tcl
WARNING: This version of the tool is 270 days old.
@genus:root: 2> exit

Lic Summary:
[10:21:52.267041] Cdslmd servers: ip-10-0-0-94
[10:21:52.267051] Feature usage summary:
[10:21:52.267051] Genus_Synthesis  
Normal exit.