============================================================
  Generated by:           Genus(TM) Synthesis Solution 25.12-s067_1
  Generated on:           Aug 07 2026  09:41:36 pm
  Module:                 x3_curto
  Operating conditions:   PVT_0P9V_125C (balanced_tree)
  Wireload mode:          enclosed
  Area mode:              timing library
============================================================


Path 1: VIOLATED (-785 ps) Setup Check with Pin XPower_reg[7]/CK->D
          Group: clk
     Startpoint: (R) X2_reg[0]/CK
          Clock: (R) clk
       Endpoint: (F) XPower_reg[7]/D
          Clock: (R) clk

                     Capture       Launch     
        Clock Edge:+     420            0     
       Src Latency:+       0            0     
       Net Latency:+       0 (I)        0 (I) 
           Arrival:=     420            0     
                                              
             Setup:-      97                  
     Required Time:=     323                  
      Launch Clock:-       0                  
         Data Path:-    1107                  
             Slack:=    -785                  

#------------------------------------------------------------------------------------------------
#      Timing Point       Flags   Arc   Edge   Cell     Fanout Load Trans Delay Arrival Instance 
#                                                              (fF)  (ps)  (ps)   (ps)  Location 
#------------------------------------------------------------------------------------------------
  X2_reg[0]/CK            -       -     R     (arrival)     30    -     0     0       0    (-,-) 
  X2_reg[0]/Q             -       CK->Q F     DFFHQX4        8  3.6    39   232     232    (-,-) 
  fopt3/Y                 -       A->Y  R     INVX3          4  1.8    25    34     267    (-,-) 
  mul_20_24_g1616__2398/Y -       B->Y  F     NOR2X2         4  1.0    35    32     299    (-,-) 
  mul_20_24_g1586__6783/Y -       B->Y  R     NOR2X1         1  0.4    45    49     348    (-,-) 
  mul_20_24_g1569__2883/Y -       A1->Y F     OAI21X1        1  0.5    77    81     429    (-,-) 
  g1889/Y                 -       C->Y  R     XOR3XL         1  0.4    31   170     599    (-,-) 
  mul_20_24_g1543__8428/Y -       B->Y  F     XOR2XL         1  0.5    39   140     739    (-,-) 
  mul_20_24_g1535__2398/Y -       S0->Y F     MXI2X1         2  0.8   102   109     848    (-,-) 
  g1888/Y                 -       B->Y  R     XNOR2XL        1  0.2    22   171    1019    (-,-) 
  mul_20_24_g1520__7482/Y -       B->Y  F     MXI2XL         1  0.2    85    88    1107    (-,-) 
  XPower_reg[7]/D         <<<     -     F     DFFXL          1    -     -     0    1107    (-,-) 
#------------------------------------------------------------------------------------------------

