#! /usr/local/bin/vvp
:ivl_version "14.0 (devel)" "(s20251012-116-g98391b56b)";
:ivl_delay_selection "TYPICAL";
:vpi_time_precision - 12;
:vpi_module "/usr/local/lib/ivl/system.vpi";
:vpi_module "/usr/local/lib/ivl/vhdl_sys.vpi";
:vpi_module "/usr/local/lib/ivl/vhdl_textio.vpi";
:vpi_module "/usr/local/lib/ivl/v2005_math.vpi";
:vpi_module "/usr/local/lib/ivl/va_math.vpi";
S_0x1aebf50 .scope module, "counter_estrutural_tb" "counter_estrutural_tb" 2 3;
 .timescale -9 -12;
v0x1b3d4f0_0 .var "clk_i", 0 0;
v0x1b3d5e0_0 .net "counter_o", 23 0, L_0x1b3d860;  1 drivers
v0x1b3d6a0_0 .var "rst_i", 0 0;
S_0x1b164b0 .scope module, "dut" "counter_estrutural" 2 13, 3 1 0, S_0x1aebf50;
 .timescale 0 0;
    .port_info 0 /INPUT 1 "clk_i";
    .port_info 1 /INPUT 1 "rst_i";
    .port_info 2 /OUTPUT 24 "counter_o";
v0x1b3d000_0 .net "clk_i", 0 0, v0x1b3d4f0_0;  1 drivers
v0x1b3d0c0_0 .net "counter_higher", 11 0, v0x1b3ccf0_0;  1 drivers
v0x1b3d190_0 .net "counter_lower", 11 0, v0x1b3c600_0;  1 drivers
v0x1b3d290_0 .net "counter_o", 23 0, L_0x1b3d860;  alias, 1 drivers
v0x1b3d330_0 .net "rst_i", 0 0, v0x1b3d6a0_0;  1 drivers
L_0x1b3d740 .part v0x1b3c600_0, 11, 1;
L_0x1b3d860 .concat [ 12 12 0 0], v0x1b3c600_0, v0x1b3ccf0_0;
S_0x1b16690 .scope module, "counter_inst1" "counter" 3 9, 4 1 0, S_0x1b164b0;
 .timescale 0 0;
    .port_info 0 /INPUT 1 "clk";
    .port_info 1 /INPUT 1 "rst";
    .port_info 2 /INPUT 1 "en_n";
    .port_info 3 /OUTPUT 12 "counter_o";
P_0x1b16870 .param/l "COUNTER_WIDTH" 0 4 3, +C4<00000000000000000000000000001100>;
v0x1b16910_0 .net "clk", 0 0, v0x1b3d4f0_0;  alias, 1 drivers
v0x1b3c600_0 .var "counter_o", 11 0;
L_0x7fba8125f018 .functor BUFT 1, C4<1>, C4<0>, C4<0>, C4<0>;
v0x1b3c6e0_0 .net "en_n", 0 0, L_0x7fba8125f018;  1 drivers
v0x1b3c780_0 .net "rst", 0 0, v0x1b3d6a0_0;  alias, 1 drivers
E_0x1b23400 .event posedge, v0x1b3c780_0, v0x1b16910_0;
S_0x1b3c8c0 .scope module, "counter_inst2" "counter" 3 16, 4 1 0, S_0x1b164b0;
 .timescale 0 0;
    .port_info 0 /INPUT 1 "clk";
    .port_info 1 /INPUT 1 "rst";
    .port_info 2 /INPUT 1 "en_n";
    .port_info 3 /OUTPUT 12 "counter_o";
P_0x1b3cac0 .param/l "COUNTER_WIDTH" 0 4 3, +C4<00000000000000000000000000001100>;
v0x1b3cc10_0 .net "clk", 0 0, L_0x1b3d740;  1 drivers
v0x1b3ccf0_0 .var "counter_o", 11 0;
L_0x7fba8125f060 .functor BUFT 1, C4<1>, C4<0>, C4<0>, C4<0>;
v0x1b3cdd0_0 .net "en_n", 0 0, L_0x7fba8125f060;  1 drivers
v0x1b3cea0_0 .net "rst", 0 0, v0x1b3d6a0_0;  alias, 1 drivers
E_0x1b22f70 .event posedge, v0x1b3c780_0, v0x1b3cc10_0;
    .scope S_0x1b16690;
T_0 ;
    %wait E_0x1b23400;
    %load/vec4 v0x1b3c780_0;
    %cmpi/e 1, 0, 1;
    %jmp/0xz  T_0.0, 4;
    %pushi/vec4 0, 0, 12;
    %assign/vec4 v0x1b3c600_0, 0;
    %jmp T_0.1;
T_0.0 ;
    %load/vec4 v0x1b3c6e0_0;
    %cmpi/e 1, 0, 1;
    %jmp/0xz  T_0.2, 4;
    %load/vec4 v0x1b3c600_0;
    %addi 1, 0, 12;
    %assign/vec4 v0x1b3c600_0, 0;
T_0.2 ;
T_0.1 ;
    %jmp T_0;
    .thread T_0;
    .scope S_0x1b3c8c0;
T_1 ;
    %wait E_0x1b22f70;
    %load/vec4 v0x1b3cea0_0;
    %cmpi/e 1, 0, 1;
    %jmp/0xz  T_1.0, 4;
    %pushi/vec4 0, 0, 12;
    %assign/vec4 v0x1b3ccf0_0, 0;
    %jmp T_1.1;
T_1.0 ;
    %load/vec4 v0x1b3cdd0_0;
    %cmpi/e 1, 0, 1;
    %jmp/0xz  T_1.2, 4;
    %load/vec4 v0x1b3ccf0_0;
    %addi 1, 0, 12;
    %assign/vec4 v0x1b3ccf0_0, 0;
T_1.2 ;
T_1.1 ;
    %jmp T_1;
    .thread T_1;
    .scope S_0x1aebf50;
T_2 ;
    %delay 5000, 0;
    %load/vec4 v0x1b3d4f0_0;
    %inv;
    %store/vec4 v0x1b3d4f0_0, 0, 1;
    %jmp T_2;
    .thread T_2;
    .scope S_0x1aebf50;
T_3 ;
    %pushi/vec4 0, 0, 1;
    %store/vec4 v0x1b3d4f0_0, 0, 1;
    %pushi/vec4 1, 0, 1;
    %store/vec4 v0x1b3d6a0_0, 0, 1;
    %vpi_call 2 28 "$monitor", "clk=%0b | rst=%b | counter=%b", v0x1b3d4f0_0, v0x1b3d6a0_0, v0x1b3d5e0_0 {0 0 0};
    %delay 20000, 0;
    %pushi/vec4 0, 0, 1;
    %store/vec4 v0x1b3d6a0_0, 0, 1;
    %delay 1410065408, 2;
    %vpi_call 2 39 "$finish" {0 0 0};
    %end;
    .thread T_3;
    .scope S_0x1aebf50;
T_4 ;
    %vpi_call 2 44 "$dumpfile", "counter_estrutural_tb.vcd" {0 0 0};
    %vpi_call 2 45 "$dumpvars", 32'sb00000000000000000000000000000000, S_0x1aebf50 {0 0 0};
    %end;
    .thread T_4;
# The file index is used to find the file name in the following table.
:file_names 5;
    "N/A";
    "<interactive>";
    "counter_estrutural_tb.v";
    "counter_estrutural.v";
    "counter.v";
