Cadence Genus(TM) Synthesis Solution.
Copyright 2025 Cadence Design Systems, Inc. All rights reserved worldwide.
Cadence and the Cadence logo are registered trademarks and Genus is a trademark
of Cadence Design Systems, Inc. in the United States and other countries.

[10:33:31.171865] Configured Lic search path (25.01-s002): 5280@ec2-44-229-184-69.us-west-2.compute.amazonaws.com

Version: 25.12-s067_1, built Mon Nov 17 08:10:10 PST 2025
Options: -log synth_flow.log -files ./script.tcl 
Date:    Sat Aug 15 10:33:31 2026
Host:    localhost.localdomain (x86_64 w/Linux 5.14.0-687.29.1.el9_8.x86_64) (8cores*16cpus*1physical cpu*AMD Ryzen 7 5700G with Radeon Graphics 512KB) (31967228KB)
PID:     14367
OS:      Rocky Linux 9.8 (Blue Onyx)

Checking out license: Genus_Synthesis
[10:33:34.432520] Periodic Lic check successful
[10:33:34.956817] Feature usage summary:
[10:33:34.956817] Genus_Synthesis  
License checkout complete (3 seconds elapsed).


***********************************************************************************************************
***********************************************************************************************************



Finished executable startup (8 seconds elapsed).

Loading tool scripts...
Finished loading tool scripts (13 seconds elapsed).

#@ Processing -files option
@genus:root: 1> source ./script.tcl
File './script.tcl' does not exist.
Encountered problems processing file: ./script.tcl
WARNING: This version of the tool is 270 days old.
@genus:root: 2> exit

Lic Summary:
[10:34:01.034107] Cdslmd servers: ip-10-0-0-94
[10:34:01.558410] Feature usage summary:
[10:34:01.558410] Genus_Synthesis  
Normal exit.