#! /usr/local/bin/vvp
:ivl_version "14.0 (devel)" "(s20251012-116-g98391b56b)";
:ivl_delay_selection "TYPICAL";
:vpi_time_precision + 0;
:vpi_module "/usr/local/lib/ivl/system.vpi";
:vpi_module "/usr/local/lib/ivl/vhdl_sys.vpi";
:vpi_module "/usr/local/lib/ivl/vhdl_textio.vpi";
:vpi_module "/usr/local/lib/ivl/v2005_math.vpi";
:vpi_module "/usr/local/lib/ivl/va_math.vpi";
S_0x1f65f50 .scope module, "alu_test" "alu_test" 2 1;
 .timescale 0 0;
P_0x1f785f0 .param/l "ADD" 1 2 5, +C4<00000000000000000000000000000010>;
P_0x1f78630 .param/l "AND" 1 2 5, +C4<00000000000000000000000000000011>;
P_0x1f78670 .param/l "PASS0" 1 2 5, +C4<00000000000000000000000000000000>;
P_0x1f786b0 .param/l "PASS1" 1 2 5, +C4<00000000000000000000000000000001>;
P_0x1f786f0 .param/l "PASS6" 1 2 5, +C4<00000000000000000000000000000110>;
P_0x1f78730 .param/l "PASS7" 1 2 5, +C4<00000000000000000000000000000111>;
P_0x1f78770 .param/l "PASSB" 1 2 5, +C4<00000000000000000000000000000101>;
P_0x1f787b0 .param/l "WIDTH" 1 2 3, +C4<00000000000000000000000000001000>;
P_0x1f787f0 .param/l "XOR" 1 2 5, +C4<00000000000000000000000000000100>;
v0x1fc3520_0 .net "a_is_zero", 0 0, L_0x1fc39a0;  1 drivers
v0x1fc35e0_0 .net "alu_out", 7 0, v0x1fc2d00_0;  1 drivers
v0x1fc36b0_0 .var "in_a", 7 0;
v0x1fc37b0_0 .var "in_b", 7 0;
v0x1fc3880_0 .var "opcode", 2 0;
S_0x1f94e70 .scope module, "alu_inst" "alu" 2 18, 3 1 0, S_0x1f65f50;
 .timescale 0 0;
    .port_info 0 /INPUT 8 "in_a";
    .port_info 1 /INPUT 8 "in_b";
    .port_info 2 /INPUT 3 "opcode";
    .port_info 3 /OUTPUT 8 "alu_out";
    .port_info 4 /OUTPUT 1 "a_is_zero";
P_0x1f95000 .param/l "WIDTH" 0 3 2, +C4<00000000000000000000000000001000>;
L_0x7f6161a7c018 .functor BUFT 1, C4<00000000>, C4<0>, C4<0>, C4<0>;
v0x1f951d0_0 .net/2u *"_ivl_0", 7 0, L_0x7f6161a7c018;  1 drivers
v0x1fc2c40_0 .net "a_is_zero", 0 0, L_0x1fc39a0;  alias, 1 drivers
v0x1fc2d00_0 .var "alu_out", 7 0;
v0x1fc2df0_0 .net "in_a", 7 0, v0x1fc36b0_0;  1 drivers
v0x1fc2ed0_0 .net "in_b", 7 0, v0x1fc37b0_0;  1 drivers
v0x1fc3000_0 .net "opcode", 2 0, v0x1fc3880_0;  1 drivers
E_0x1f9ddf0 .event anyedge, v0x1fc3000_0, v0x1fc2df0_0, v0x1fc2ed0_0;
L_0x1fc39a0 .cmp/eq 8, v0x1fc36b0_0, L_0x7f6161a7c018;
S_0x1fc3180 .scope task, "expect" "expect" 2 27, 2 27 0, S_0x1f65f50;
 .timescale 0 0;
v0x1fc3380_0 .var "exp_out", 7 0;
v0x1fc3460_0 .var "exp_zero", 0 0;
TD_alu_test.expect ;
    %load/vec4 v0x1fc3520_0;
    %load/vec4 v0x1fc3460_0;
    %cmp/ne;
    %jmp/1 T_0.2, 6;
    %flag_mov 8, 6;
    %load/vec4 v0x1fc35e0_0;
    %load/vec4 v0x1fc3380_0;
    %cmp/ne;
    %flag_or 6, 8;
T_0.2;
    %jmp/0xz  T_0.0, 6;
    %vpi_call 2 31 "$display", "TEST FAILED" {0 0 0};
    %vpi_call 2 32 "$display", "At time %0d opcode=%b in_a=%b in_b=%b a_is_zero=%b alu_out=%b", $time, v0x1fc3880_0, v0x1fc36b0_0, v0x1fc37b0_0, v0x1fc3520_0, v0x1fc35e0_0 {0 0 0};
    %load/vec4 v0x1fc3520_0;
    %load/vec4 v0x1fc3460_0;
    %cmp/ne;
    %jmp/0xz  T_0.3, 6;
    %vpi_call 2 35 "$display", "a_is_zero should be %b", v0x1fc3460_0 {0 0 0};
T_0.3 ;
    %load/vec4 v0x1fc35e0_0;
    %load/vec4 v0x1fc3380_0;
    %cmp/ne;
    %jmp/0xz  T_0.5, 6;
    %vpi_call 2 37 "$display", "alu_out should be %b", v0x1fc3380_0 {0 0 0};
T_0.5 ;
    %vpi_call 2 38 "$finish" {0 0 0};
    %jmp T_0.1;
T_0.0 ;
    %vpi_call 2 41 "$display", "At time %0d opcode=%b in_a=%b in_b=%b a_is_zero=%b alu_out=%b", $time, v0x1fc3880_0, v0x1fc36b0_0, v0x1fc37b0_0, v0x1fc3520_0, v0x1fc35e0_0 {0 0 0};
T_0.1 ;
    %end;
    .scope S_0x1f94e70;
T_1 ;
    %wait E_0x1f9ddf0;
    %load/vec4 v0x1fc3000_0;
    %dup/vec4;
    %pushi/vec4 0, 0, 3;
    %cmp/u;
    %jmp/1 T_1.0, 6;
    %dup/vec4;
    %pushi/vec4 1, 0, 3;
    %cmp/u;
    %jmp/1 T_1.1, 6;
    %dup/vec4;
    %pushi/vec4 2, 0, 3;
    %cmp/u;
    %jmp/1 T_1.2, 6;
    %dup/vec4;
    %pushi/vec4 3, 0, 3;
    %cmp/u;
    %jmp/1 T_1.3, 6;
    %dup/vec4;
    %pushi/vec4 4, 0, 3;
    %cmp/u;
    %jmp/1 T_1.4, 6;
    %dup/vec4;
    %pushi/vec4 5, 0, 3;
    %cmp/u;
    %jmp/1 T_1.5, 6;
    %dup/vec4;
    %pushi/vec4 6, 0, 3;
    %cmp/u;
    %jmp/1 T_1.6, 6;
    %dup/vec4;
    %pushi/vec4 7, 0, 3;
    %cmp/u;
    %jmp/1 T_1.7, 6;
    %jmp T_1.8;
T_1.0 ;
    %load/vec4 v0x1fc2df0_0;
    %store/vec4 v0x1fc2d00_0, 0, 8;
    %jmp T_1.8;
T_1.1 ;
    %load/vec4 v0x1fc2df0_0;
    %store/vec4 v0x1fc2d00_0, 0, 8;
    %jmp T_1.8;
T_1.2 ;
    %load/vec4 v0x1fc2df0_0;
    %load/vec4 v0x1fc2ed0_0;
    %add;
    %store/vec4 v0x1fc2d00_0, 0, 8;
    %jmp T_1.8;
T_1.3 ;
    %load/vec4 v0x1fc2df0_0;
    %load/vec4 v0x1fc2ed0_0;
    %and;
    %store/vec4 v0x1fc2d00_0, 0, 8;
    %jmp T_1.8;
T_1.4 ;
    %load/vec4 v0x1fc2df0_0;
    %load/vec4 v0x1fc2ed0_0;
    %xor;
    %store/vec4 v0x1fc2d00_0, 0, 8;
    %jmp T_1.8;
T_1.5 ;
    %load/vec4 v0x1fc2ed0_0;
    %store/vec4 v0x1fc2d00_0, 0, 8;
    %jmp T_1.8;
T_1.6 ;
    %load/vec4 v0x1fc2df0_0;
    %store/vec4 v0x1fc2d00_0, 0, 8;
    %jmp T_1.8;
T_1.7 ;
    %load/vec4 v0x1fc2df0_0;
    %store/vec4 v0x1fc2d00_0, 0, 8;
    %jmp T_1.8;
T_1.8 ;
    %pop/vec4 1;
    %jmp T_1;
    .thread T_1, $push;
    .scope S_0x1f65f50;
T_2 ;
    %pushi/vec4 0, 0, 3;
    %store/vec4 v0x1fc3880_0, 0, 3;
    %pushi/vec4 66, 0, 8;
    %store/vec4 v0x1fc36b0_0, 0, 8;
    %pushi/vec4 134, 0, 8;
    %store/vec4 v0x1fc37b0_0, 0, 8;
    %delay 1, 0;
    %pushi/vec4 0, 0, 1;
    %store/vec4 v0x1fc3460_0, 0, 1;
    %pushi/vec4 66, 0, 8;
    %store/vec4 v0x1fc3380_0, 0, 8;
    %fork TD_alu_test.expect, S_0x1fc3180;
    %join;
    %pushi/vec4 1, 0, 3;
    %store/vec4 v0x1fc3880_0, 0, 3;
    %pushi/vec4 66, 0, 8;
    %store/vec4 v0x1fc36b0_0, 0, 8;
    %pushi/vec4 134, 0, 8;
    %store/vec4 v0x1fc37b0_0, 0, 8;
    %delay 1, 0;
    %pushi/vec4 0, 0, 1;
    %store/vec4 v0x1fc3460_0, 0, 1;
    %pushi/vec4 66, 0, 8;
    %store/vec4 v0x1fc3380_0, 0, 8;
    %fork TD_alu_test.expect, S_0x1fc3180;
    %join;
    %pushi/vec4 2, 0, 3;
    %store/vec4 v0x1fc3880_0, 0, 3;
    %pushi/vec4 66, 0, 8;
    %store/vec4 v0x1fc36b0_0, 0, 8;
    %pushi/vec4 134, 0, 8;
    %store/vec4 v0x1fc37b0_0, 0, 8;
    %delay 1, 0;
    %pushi/vec4 0, 0, 1;
    %store/vec4 v0x1fc3460_0, 0, 1;
    %pushi/vec4 200, 0, 8;
    %store/vec4 v0x1fc3380_0, 0, 8;
    %fork TD_alu_test.expect, S_0x1fc3180;
    %join;
    %pushi/vec4 3, 0, 3;
    %store/vec4 v0x1fc3880_0, 0, 3;
    %pushi/vec4 66, 0, 8;
    %store/vec4 v0x1fc36b0_0, 0, 8;
    %pushi/vec4 134, 0, 8;
    %store/vec4 v0x1fc37b0_0, 0, 8;
    %delay 1, 0;
    %pushi/vec4 0, 0, 1;
    %store/vec4 v0x1fc3460_0, 0, 1;
    %pushi/vec4 2, 0, 8;
    %store/vec4 v0x1fc3380_0, 0, 8;
    %fork TD_alu_test.expect, S_0x1fc3180;
    %join;
    %pushi/vec4 4, 0, 3;
    %store/vec4 v0x1fc3880_0, 0, 3;
    %pushi/vec4 66, 0, 8;
    %store/vec4 v0x1fc36b0_0, 0, 8;
    %pushi/vec4 134, 0, 8;
    %store/vec4 v0x1fc37b0_0, 0, 8;
    %delay 1, 0;
    %pushi/vec4 0, 0, 1;
    %store/vec4 v0x1fc3460_0, 0, 1;
    %pushi/vec4 196, 0, 8;
    %store/vec4 v0x1fc3380_0, 0, 8;
    %fork TD_alu_test.expect, S_0x1fc3180;
    %join;
    %pushi/vec4 5, 0, 3;
    %store/vec4 v0x1fc3880_0, 0, 3;
    %pushi/vec4 66, 0, 8;
    %store/vec4 v0x1fc36b0_0, 0, 8;
    %pushi/vec4 134, 0, 8;
    %store/vec4 v0x1fc37b0_0, 0, 8;
    %delay 1, 0;
    %pushi/vec4 0, 0, 1;
    %store/vec4 v0x1fc3460_0, 0, 1;
    %pushi/vec4 134, 0, 8;
    %store/vec4 v0x1fc3380_0, 0, 8;
    %fork TD_alu_test.expect, S_0x1fc3180;
    %join;
    %pushi/vec4 6, 0, 3;
    %store/vec4 v0x1fc3880_0, 0, 3;
    %pushi/vec4 66, 0, 8;
    %store/vec4 v0x1fc36b0_0, 0, 8;
    %pushi/vec4 134, 0, 8;
    %store/vec4 v0x1fc37b0_0, 0, 8;
    %delay 1, 0;
    %pushi/vec4 0, 0, 1;
    %store/vec4 v0x1fc3460_0, 0, 1;
    %pushi/vec4 66, 0, 8;
    %store/vec4 v0x1fc3380_0, 0, 8;
    %fork TD_alu_test.expect, S_0x1fc3180;
    %join;
    %pushi/vec4 7, 0, 3;
    %store/vec4 v0x1fc3880_0, 0, 3;
    %pushi/vec4 66, 0, 8;
    %store/vec4 v0x1fc36b0_0, 0, 8;
    %pushi/vec4 134, 0, 8;
    %store/vec4 v0x1fc37b0_0, 0, 8;
    %delay 1, 0;
    %pushi/vec4 0, 0, 1;
    %store/vec4 v0x1fc3460_0, 0, 1;
    %pushi/vec4 66, 0, 8;
    %store/vec4 v0x1fc3380_0, 0, 8;
    %fork TD_alu_test.expect, S_0x1fc3180;
    %join;
    %pushi/vec4 7, 0, 3;
    %store/vec4 v0x1fc3880_0, 0, 3;
    %pushi/vec4 0, 0, 8;
    %store/vec4 v0x1fc36b0_0, 0, 8;
    %pushi/vec4 134, 0, 8;
    %store/vec4 v0x1fc37b0_0, 0, 8;
    %delay 1, 0;
    %pushi/vec4 1, 0, 1;
    %store/vec4 v0x1fc3460_0, 0, 1;
    %pushi/vec4 0, 0, 8;
    %store/vec4 v0x1fc3380_0, 0, 8;
    %fork TD_alu_test.expect, S_0x1fc3180;
    %join;
    %vpi_call 2 56 "$display", "TEST PASSED" {0 0 0};
    %vpi_call 2 57 "$finish" {0 0 0};
    %end;
    .thread T_2;
# The file index is used to find the file name in the following table.
:file_names 4;
    "N/A";
    "<interactive>";
    "./alu_test.v";
    "./alu.v";
