============================================================
  Generated by:           Genus(TM) Synthesis Solution 25.13-s071_1
  Generated on:           Sep 05 2026  01:54:00 pm
  Module:                 mac_lab9_top
  Operating conditions:   PVT_0P9V_125C (balanced_tree)
  Wireload mode:          enclosed
  Area mode:              timing library
============================================================


Path 1: VIOLATED (-60 ps) Setup Check with Pin dut/result_reg[14]/CK->D
          Group: clk
     Startpoint: (R) b[7]
          Clock: (R) clk
       Endpoint: (R) dut/result_reg[14]/D
          Clock: (R) clk

                     Capture       Launch     
        Clock Edge:+    2000            0     
        Drv Adjust:+       0            0     
       Src Latency:+       0            0     
       Net Latency:+       0 (I)        0 (I) 
           Arrival:=    2000            0     
                                              
             Setup:-     244                  
     Required Time:=    1756                  
      Launch Clock:-       0                  
       Input Delay:-     200                  
         Data Path:-    1615                  
             Slack:=     -60                  

Exceptions/Constraints:
  input_delay             200             constrain_lab9.sdc_line_3_11_1   

#-----------------------------------------------------------------------------------------------------------------------
#                Timing Point                  Flags    Arc   Edge    Cell     Fanout Load Trans Delay Arrival Instance 
#                                                                                     (fF)  (ps)  (ps)   (ps)  Location 
#-----------------------------------------------------------------------------------------------------------------------
  b[7]                                         -       -      R     (arrival)       8  4.8     0     0     200    (-,-) 
  dut/csa_tree_ADD_TC_OP_groupi_g4762/Y        -       A->Y   F     CLKINVX4        1  1.4    18    16     216    (-,-) 
  dut/csa_tree_ADD_TC_OP_groupi_g4693__2802/Y  -       A->Y   R     NOR2X4          1  1.2    38    45     261    (-,-) 
  dut/csa_tree_ADD_TC_OP_groupi_g4552__8246/S  -       B->S   F     ADDFHXL         1  1.1    56   269     530    (-,-) 
  dut/csa_tree_ADD_TC_OP_groupi_g4464__3680/CO -       B->CO  F     ADDFHXL         1  0.7    42   171     701    (-,-) 
  dut/csa_tree_ADD_TC_OP_groupi_g4459/Y        -       A->Y   R     INVX2           2  1.4    28    38     739    (-,-) 
  dut/csa_tree_ADD_TC_OP_groupi_g4437__2346/Y  -       S0->Y  R     MXI2X1          1  0.8    81    95     833    (-,-) 
  dut/csa_tree_ADD_TC_OP_groupi_g4366__1617/S  -       B->S   F     ADDFXL          2  0.6    49   292    1125    (-,-) 
  dut/csa_tree_ADD_TC_OP_groupi_g4359__6260/Y  -       B->Y   R     NAND2X1         3  0.8    44    48    1173    (-,-) 
  dut/csa_tree_ADD_TC_OP_groupi_g4342__7482/Y  -       A1->Y  F     OAI21X1         1  0.2    63    71    1244    (-,-) 
  dut/csa_tree_ADD_TC_OP_groupi_g4335__5122/Y  -       AN->Y  F     NAND2BX2        1  0.7    57   124    1368    (-,-) 
  dut/csa_tree_ADD_TC_OP_groupi_g4330__6783/Y  -       A->Y   R     NOR2X2          2  1.2    54    73    1441    (-,-) 
  dut/fopt/Y                                   -       A->Y   R     BUFX3           4  1.0    22    88    1529    (-,-) 
  dut/csa_tree_ADD_TC_OP_groupi_g4321__7410/Y  -       A1N->Y R     AOI2BB1X1       1  0.4    48    79    1609    (-,-) 
  dut/csa_tree_ADD_TC_OP_groupi_g4307__7098/Y  -       S0->Y  R     MXI2XL          1  0.2    62    84    1693    (-,-) 
  dut/g2032__1881/Y                            -       A1N->Y R     OAI2BB1XL       1  0.4    40   123    1815    (-,-) 
  dut/result_reg[14]/D                         <<<     -      R     SDFFSRHQX1      1    -     -     0    1815    (-,-) 
#-----------------------------------------------------------------------------------------------------------------------

