============================================================
  Generated by:           Genus(TM) Synthesis Solution 25.13-s071_1
  Generated on:           Sep 05 2026  01:45:59 pm
  Module:                 mac_lab9_top
  Operating conditions:   PVT_0P9V_125C (balanced_tree)
  Wireload mode:          enclosed
  Area mode:              timing library
============================================================


Path 1: MET (0 ps) Setup Check with Pin dut/result_reg[17]/CK->D
          Group: clk
     Startpoint: (R) b[4]
          Clock: (R) clk
       Endpoint: (R) dut/result_reg[17]/D
          Clock: (R) clk

                     Capture       Launch     
        Clock Edge:+    2000            0     
        Drv Adjust:+       0            0     
       Src Latency:+       0            0     
       Net Latency:+       0 (I)        0 (I) 
           Arrival:=    2000            0     
                                              
             Setup:-     128                  
     Required Time:=    1872                  
      Launch Clock:-       0                  
       Input Delay:-     200                  
         Data Path:-    1672                  
             Slack:=       0                  

Exceptions/Constraints:
  input_delay             200             constrain_lab9.sdc_line_3_14_1   

#-----------------------------------------------------------------------------------------------------------------------
#                 Timing Point                  Flags    Arc   Edge   Cell     Fanout Load Trans Delay Arrival Instance 
#                                                                                     (fF)  (ps)  (ps)   (ps)  Location 
#-----------------------------------------------------------------------------------------------------------------------
  b[4]                                          -       -      R     (arrival)      6  4.4     0     0     200    (-,-) 
  dut/csa_tree_ADD_TC_OP_groupi_g4547__1617/Y   -       A->Y   F     NAND2X4        4  1.1    48    46     246    (-,-) 
  dut/g4723/Y                                   -       B0->Y  R     AOI21X1        1  0.2    45    59     305    (-,-) 
  dut/csa_tree_ADD_TC_OP_groupi_g4494__7410/Y   -       AN->Y  R     NAND2BX1       1  0.6    36    80     386    (-,-) 
  dut/csa_tree_ADD_TC_OP_groupi_g4454__7410/Y   -       S0->Y  R     MXI2X1         1  0.8    84    99     484    (-,-) 
  dut/csa_tree_ADD_TC_OP_groupi_g4370__1881/CO  -       CI->CO R     ADDFHXL        1  0.8    40   189     673    (-,-) 
  dut/csa_tree_ADD_TC_OP_groupi_g4334__8246/S   -       CI->S  F     ADDFHXL        1  0.8    46   238     911    (-,-) 
  dut/csa_tree_ADD_TC_OP_groupi_g4304__6131/S   -       CI->S  R     ADDFHXL        2  1.2    52   260    1171    (-,-) 
  dut/csa_tree_ADD_TC_OP_groupi_g4297__5122/Y   -       B->Y   F     NAND2X2        2  0.9    63    69    1240    (-,-) 
  dut/csa_tree_ADD_TC_OP_groupi_g4281__6417/Y   -       A1->Y  R     AOI21X2        2  0.4    43    71    1312    (-,-) 
  dut/csa_tree_ADD_TC_OP_groupi_g4275__9315/Y   -       A1N->Y R     OAI2BB1X1      1  0.8    38   136    1447    (-,-) 
  dut/csa_tree_ADD_TC_OP_groupi_g4268__7098/Y   -       A->Y   F     NOR2X2         4  1.3    40    48    1496    (-,-) 
  dut/g4699/Y                                   -       B->Y   R     NOR2X2         1  1.6    63    60    1556    (-,-) 
  dut/csa_tree_ADD_TC_OP_groupi_g4262__1617/Y   -       B->Y   F     NOR2X4        12  3.4    48    56    1612    (-,-) 
  dut/csa_tree_ADD_TC_OP_groupi_g4251_0__6417/Y -       B->Y   R     NOR2BX1        1  0.4    47    56    1668    (-,-) 
  dut/csa_tree_ADD_TC_OP_groupi_g4232__3680/Y   -       S0->Y  R     MXI2XL         1  0.2    65    84    1752    (-,-) 
  dut/g1977__5115/Y                             -       A1N->Y R     OAI2BB1XL      1  0.2    34   120    1872    (-,-) 
  dut/result_reg[17]/D                          <<<     -      R     DFFRXL         1    -     -     0    1872    (-,-) 
#-----------------------------------------------------------------------------------------------------------------------

