============================================================
  Generated by:           Genus(TM) Synthesis Solution 25.13-s071_1
  Generated on:           Sep 05 2026  01:54:00 pm
  Module:                 mac_lab9_top
  Operating conditions:   PVT_0P9V_125C (balanced_tree)
  Wireload mode:          enclosed
  Area mode:              timing library
============================================================

Timing
--------

Clock Period 
-------------
clk   2000.0 


  Cost    Critical            Violating 
 Group   Path Slack    TNS      Paths   
----------------------------------------
clk           -59.5   -532.0         14 
default    No paths      0.0            
----------------------------------------
Total                 -532.0         14 

Instance Count
--------------
Leaf Instance Count             603 
Physical Instance count           0 
Sequential Instance Count        40 
Combinational Instance Count    563 
Hierarchical Instance Count       1 

Area
----
Cell Area                          1632.486
Physical Cell Area                 0.000
Total Cell Area (Cell+Physical)    1632.486
Net Area                           0.000
Total Area (Cell+Physical+Net)     1632.486

Max Fanout                         40 (clk)
Min Fanout                         0 (rst_n)
Average Fanout                     2.1
Terms to net ratio                 3.1166
Terms to instance ratio            3.3698
Runtime                            49.708460999999986 seconds
Elapsed Runtime                    56 seconds
Genus peak memory usage            2352.26 
Innovus peak memory usage          no_value 
Hostname                           cademics-cepedi.localdomain
