============================================================
  Generated by:           Genus(TM) Synthesis Solution 25.13-s071_1
  Generated on:           Sep 05 2026  01:45:59 pm
  Module:                 mac_lab9_top
  Operating conditions:   PVT_0P9V_125C (balanced_tree)
  Wireload mode:          enclosed
  Area mode:              timing library
============================================================

Timing
--------

Clock Period 
-------------
clk   2000.0 


  Cost    Critical         Violating 
 Group   Path Slack  TNS     Paths   
-------------------------------------
clk             0.1   0.0          0 
default    No paths   0.0            
-------------------------------------
Total                 0.0          0 

Instance Count
--------------
Leaf Instance Count             522 
Physical Instance count           0 
Sequential Instance Count        40 
Combinational Instance Count    482 
Hierarchical Instance Count       1 

Area
----
Cell Area                          1368.821
Physical Cell Area                 0.000
Total Cell Area (Cell+Physical)    1368.821
Net Area                           0.000
Total Area (Cell+Physical+Net)     1368.821

Max Fanout                         40 (clk)
Min Fanout                         0 (rst_n)
Average Fanout                     2.0
Terms to net ratio                 2.9777
Terms to instance ratio            3.3314
Runtime                            45.566711 seconds
Elapsed Runtime                    53 seconds
Genus peak memory usage            2352.00 
Innovus peak memory usage          no_value 
Hostname                           cademics-cepedi.localdomain
