============================================================
  Generated by:           Genus(TM) Synthesis Solution 25.12-s067_1
  Generated on:           Jul 25 2026  03:41:06 pm
  Module:                 mac_param
  Operating conditions:   PVT_1P1V_0C (balanced_tree)
  Wireload mode:          enclosed
  Area mode:              timing library
============================================================

Timing
--------

Clock Period 
-------------
clk   1040.0 


  Cost    Critical         Violating 
 Group   Path Slack  TNS     Paths   
-------------------------------------
clk           119.7   0.0          0 
default    No paths   0.0            
-------------------------------------
Total                 0.0          0 

Instance Count
--------------
Leaf Instance Count             952 
Physical Instance count           0 
Sequential Instance Count        54 
Combinational Instance Count    898 
Hierarchical Instance Count       0 

Area
----
Cell Area                          2662.812
Physical Cell Area                 0.000
Total Cell Area (Cell+Physical)    2662.812
Net Area                           0.000
Total Area (Cell+Physical+Net)     2662.812

Max Fanout                         54 (clk)
Min Fanout                         0 (rst_n)
Average Fanout                     2.4
Terms to net ratio                 3.3278
Terms to instance ratio            3.9674
Runtime                            50.82196099999996 seconds
Elapsed Runtime                    55 seconds
Genus peak memory usage            2343.23 
Innovus peak memory usage          no_value 
Hostname                           localhost
