============================================================
  Generated by:           Genus(TM) Synthesis Solution 25.12-s067_1
  Generated on:           Jul 25 2026  03:41:06 pm
  Module:                 mac_param
  Operating conditions:   PVT_1P1V_0C (balanced_tree)
  Wireload mode:          enclosed
  Area mode:              timing library
============================================================


Path 1: MET (120 ps) Setup Check with Pin result_reg[41]/CK->D
          Group: clk
     Startpoint: (R) result_reg[1]/CK
          Clock: (R) clk
       Endpoint: (R) result_reg[41]/D
          Clock: (R) clk

                     Capture       Launch     
        Clock Edge:+    1040            0     
       Src Latency:+       0            0     
       Net Latency:+       0 (I)        0 (I) 
           Arrival:=    1040            0     
                                              
             Setup:-      21                  
     Required Time:=    1019                  
      Launch Clock:-       0                  
         Data Path:-     899                  
             Slack:=     120                  

#--------------------------------------------------------------------------------------------------------------------
#               Timing Point                 Flags    Arc   Edge   Cell     Fanout Load Trans Delay Arrival Instance 
#                                                                                  (fF)  (ps)  (ps)   (ps)  Location 
#--------------------------------------------------------------------------------------------------------------------
  result_reg[1]/CK                           -       -      R     (arrival)     54    -     0     0       0    (-,-) 
  result_reg[1]/Q                            -       CK->Q  R     DFFRHQX1       4  3.6    28    66      66    (-,-) 
  WALLACE_CSA_DUMMY_OP_groupi_g8568__2398/Y  -       B->Y   R     XOR2XL         2  0.8    12    30      96    (-,-) 
  WALLACE_CSA_DUMMY_OP_groupi_g8405__7098/Y  -       B->Y   F     NAND2X1        2  0.7    18    16     111    (-,-) 
  WALLACE_CSA_DUMMY_OP_groupi_g8396__8428/Y  -       A1->Y  R     AOI21X1        2  0.6    19    19     131    (-,-) 
  WALLACE_CSA_DUMMY_OP_groupi_g8329__2883/Y  -       A1->Y  F     OAI21XL        1  0.7    25    22     153    (-,-) 
  WALLACE_CSA_DUMMY_OP_groupi_g8278__2398/CO -       CI->CO F     ADDFX1         1  0.7    12    46     199    (-,-) 
  WALLACE_CSA_DUMMY_OP_groupi_g8248__6417/CO -       CI->CO F     ADDFX1         1  0.7    12    43     243    (-,-) 
  WALLACE_CSA_DUMMY_OP_groupi_g8212__9315/CO -       CI->CO F     ADDFX1         1  0.7    12    43     286    (-,-) 
  WALLACE_CSA_DUMMY_OP_groupi_g8189__6417/CO -       CI->CO F     ADDFX1         1  0.7    12    43     329    (-,-) 
  WALLACE_CSA_DUMMY_OP_groupi_g8160__5477/CO -       CI->CO F     ADDFX1         2  0.9    13    44     373    (-,-) 
  WALLACE_CSA_DUMMY_OP_groupi_g8146__1881/Y  -       B->Y   R     NAND2BX1       2  0.8    11    11     384    (-,-) 
  WALLACE_CSA_DUMMY_OP_groupi_g8137__6783/Y  -       A1->Y  F     OAI221X1       3  1.1    46    40     425    (-,-) 
  WALLACE_CSA_DUMMY_OP_groupi_g8128__6417/Y  -       A1->Y  R     AOI21XL        1  0.5    21    29     454    (-,-) 
  WALLACE_CSA_DUMMY_OP_groupi_g8124__2883/Y  -       A1->Y  F     OAI21X1        3  1.0    24    23     476    (-,-) 
  WALLACE_CSA_DUMMY_OP_groupi_g8120__4733/Y  -       A1->Y  R     AOI21XL        1  0.3    18    20     497    (-,-) 
  WALLACE_CSA_DUMMY_OP_groupi_g8116__6131/Y  -       A1->Y  R     OA21X1         1  0.5     7    30     526    (-,-) 
  WALLACE_CSA_DUMMY_OP_groupi_g8113__5122/Y  -       A1->Y  F     OAI21X1        4  1.6    31    23     549    (-,-) 
  WALLACE_CSA_DUMMY_OP_groupi_g8108__6783/Y  -       A2->Y  R     AOI31X1        3  1.6    35    31     580    (-,-) 
  WALLACE_CSA_DUMMY_OP_groupi_g8103__5107/Y  -       A1->Y  F     OAI221X1       3  1.1    46    46     627    (-,-) 
  WALLACE_CSA_DUMMY_OP_groupi_g8093__6161/Y  -       B->Y   R     NAND2X1        1  0.5    14    20     647    (-,-) 
  WALLACE_CSA_DUMMY_OP_groupi_g8091__7482/Y  -       C0->Y  F     OAI211X1       4  1.5    47    37     684    (-,-) 
  WALLACE_CSA_DUMMY_OP_groupi_g8086__8246/Y  -       D->Y   R     NAND4BX1       1  0.5    17    22     706    (-,-) 
  WALLACE_CSA_DUMMY_OP_groupi_g8077__4319/Y  -       C0->Y  F     OAI211X1       2  0.8    35    31     736    (-,-) 
  WALLACE_CSA_DUMMY_OP_groupi_g8070__1666/Y  -       B->Y   F     AND2XL         3  0.8    11    22     758    (-,-) 
  g9105/Y                                    -       D->Y   R     NAND4BBXL      1  0.5    17    12     770    (-,-) 
  WALLACE_CSA_DUMMY_OP_groupi_g8063__7482/Y  -       C0->Y  F     OAI211X1       1  0.7    33    30     800    (-,-) 
  WALLACE_CSA_DUMMY_OP_groupi_g8056__1705/CO -       CI->CO F     ADDFX1         1  0.5    11    47     847    (-,-) 
  WALLACE_CSA_DUMMY_OP_groupi_g8054__1617/Y  -       B->Y   R     XOR2XL         1  0.3     7    25     873    (-,-) 
  g9083/Y                                    -       B1->Y  R     AO22XL         1  0.4     8    26     899    (-,-) 
  result_reg[41]/D                           <<<     -      R     DFFRHQX1       1    -     -     0     899    (-,-) 
#--------------------------------------------------------------------------------------------------------------------

