============================================================
  Generated by:           Genus(TM) Synthesis Solution 25.12-s067_1
  Generated on:           Jul 25 2026  03:39:15 pm
  Module:                 mac_param
  Operating conditions:   PVT_1P1V_0C (balanced_tree)
  Wireload mode:          enclosed
  Area mode:              timing library
============================================================

Timing
--------

Clock Period 
-------------
clk    520.0 


  Cost    Critical         Violating 
 Group   Path Slack  TNS     Paths   
-------------------------------------
clk             0.1   0.0          0 
default    No paths   0.0            
-------------------------------------
Total                 0.0          0 

Instance Count
--------------
Leaf Instance Count             1273 
Physical Instance count            0 
Sequential Instance Count         54 
Combinational Instance Count    1219 
Hierarchical Instance Count        0 

Area
----
Cell Area                          3076.290
Physical Cell Area                 0.000
Total Cell Area (Cell+Physical)    3076.290
Net Area                           0.000
Total Area (Cell+Physical+Net)     3076.290

Max Fanout                         54 (clk)
Min Fanout                         0 (n_100)
Average Fanout                     2.3
Terms to net ratio                 3.2761
Terms to instance ratio            3.6544
Runtime                            54.511023999999864 seconds
Elapsed Runtime                    61 seconds
Genus peak memory usage            2339.27 
Innovus peak memory usage          no_value 
Hostname                           localhost
