============================================================
  Generated by:           Genus(TM) Synthesis Solution 25.12-s067_1
  Generated on:           Jul 25 2026  03:39:15 pm
  Module:                 mac_param
  Operating conditions:   PVT_1P1V_0C (balanced_tree)
  Wireload mode:          enclosed
  Area mode:              timing library
============================================================


Path 1: MET (0 ps) Setup Check with Pin result_reg[34]/CK->D
          Group: clk
     Startpoint: (R) result_reg[20]/CK
          Clock: (R) clk
       Endpoint: (R) result_reg[34]/D
          Clock: (R) clk

                     Capture       Launch     
        Clock Edge:+     520            0     
       Src Latency:+       0            0     
       Net Latency:+       0 (I)        0 (I) 
           Arrival:=     520            0     
                                              
             Setup:-      20                  
     Required Time:=     500                  
      Launch Clock:-       0                  
         Data Path:-     500                  
             Slack:=       0                  

#--------------------------------------------------------------------------------------------------------------------
#               Timing Point                 Flags    Arc   Edge   Cell     Fanout Load Trans Delay Arrival Instance 
#                                                                                  (fF)  (ps)  (ps)   (ps)  Location 
#--------------------------------------------------------------------------------------------------------------------
  result_reg[20]/CK                          -       -      R     (arrival)     54    -     0     0       0    (-,-) 
  result_reg[20]/Q                           -       CK->Q  R     DFFRX4         8  5.3    18    73      73    (-,-) 
  WALLACE_CSA_DUMMY_OP_groupi_g16401__2883/Y -       A1N->Y R     OAI2BB1X1      1  0.5    14    28     100    (-,-) 
  WALLACE_CSA_DUMMY_OP_groupi_g16387__1617/Y -       B->Y   F     NAND2X1        2  0.7    16    16     116    (-,-) 
  WALLACE_CSA_DUMMY_OP_groupi_g16212__6417/Y -       S0->Y  F     MXI2XL         1  0.5    22    23     139    (-,-) 
  WALLACE_CSA_DUMMY_OP_groupi_g16166__9315/Y -       B->Y   R     XNOR2X1        1  0.7     9    37     176    (-,-) 
  WALLACE_CSA_DUMMY_OP_groupi_g16009__1881/S -       CI->S  F     ADDFXL         1  0.7    12    54     230    (-,-) 
  WALLACE_CSA_DUMMY_OP_groupi_g15869__8428/S -       CI->S  R     ADDFXL         2  0.8    13    57     287    (-,-) 
  WALLACE_CSA_DUMMY_OP_groupi_g15834__1705/Y -       B->Y   F     NOR2X1         3  0.9    12    12     299    (-,-) 
  WALLACE_CSA_DUMMY_OP_groupi_g15823__2398/Y -       AN->Y  F     NAND2BX1       2  0.6    15    24     323    (-,-) 
  WALLACE_CSA_DUMMY_OP_groupi_g15812__9315/Y -       C->Y   R     NOR3X1         2  0.8    29    22     345    (-,-) 
  WALLACE_CSA_DUMMY_OP_groupi_g15802__5122/Y -       A->Y   F     NAND2X1        1  0.8    18    23     368    (-,-) 
  WALLACE_CSA_DUMMY_OP_groupi_g15801__1705/Y -       B->Y   R     NOR2X2         1  0.9    14    15     383    (-,-) 
  WALLACE_CSA_DUMMY_OP_groupi_g15782__6161/Y -       A->Y   F     NOR2X2         5  1.9    13    14     397    (-,-) 
  WALLACE_CSA_DUMMY_OP_groupi_g15777_17031/Y -       A1N->Y F     AOI2BB1XL      1  0.4    11    24     421    (-,-) 
  fopt16992/Y                                -       A->Y   R     INVX1          4  1.2    11    11     432    (-,-) 
  g17683/Y                                   -       A1N->Y R     OAI2BB1XL      1  0.6    15    24     456    (-,-) 
  WALLACE_CSA_DUMMY_OP_groupi_g15742__5122/Y -       S0->Y  R     MXI2XL         1  0.3    20    20     476    (-,-) 
  g2364__1705/Y                              -       A1N->Y R     OAI2BB1XL      1  0.3    12    24     500    (-,-) 
  result_reg[34]/D                           <<<     -      R     DFFRXL         1    -     -     0     500    (-,-) 
#--------------------------------------------------------------------------------------------------------------------

