============================================================
  Generated by:           Genus(TM) Synthesis Solution 25.12-s067_1
  Generated on:           Jul 25 2026  03:45:42 pm
  Module:                 mac_param
  Operating conditions:   PVT_1P1V_0C (balanced_tree)
  Wireload mode:          enclosed
  Area mode:              timing library
============================================================


Path 1: MET (0 ps) Setup Check with Pin result_reg[73]/CK->D
          Group: clk
     Startpoint: (R) result_reg[30]/CK
          Clock: (R) clk
       Endpoint: (F) result_reg[73]/D
          Clock: (R) clk

                     Capture       Launch     
        Clock Edge:+     640            0     
       Src Latency:+       0            0     
       Net Latency:+       0 (I)        0 (I) 
           Arrival:=     640            0     
                                              
             Setup:-      14                  
     Required Time:=     626                  
      Launch Clock:-       0                  
         Data Path:-     626                  
             Slack:=       0                  

#---------------------------------------------------------------------------------------------------------------------
#                Timing Point                 Flags    Arc   Edge   Cell     Fanout Load Trans Delay Arrival Instance 
#                                                                                   (fF)  (ps)  (ps)   (ps)  Location 
#---------------------------------------------------------------------------------------------------------------------
  result_reg[30]/CK                           -       -      R     (arrival)     86    -     0     0       0    (-,-) 
  result_reg[30]/Q                            -       CK->Q  R     DFFRHQX1       3  3.7    28    67      67    (-,-) 
  WALLACE_CSA_DUMMY_OP_groupi_g54303/S        -       CI->S  F     ADDFHXL        1  1.0    13    59     126    (-,-) 
  WALLACE_CSA_DUMMY_OP_groupi_g53700__2398/CO -       A->CO  F     ADDFX1         1  1.0    14    46     172    (-,-) 
  WALLACE_CSA_DUMMY_OP_groupi_g53474__7410/S  -       A->S   R     ADDFXL         1  0.7    12    58     231    (-,-) 
  WALLACE_CSA_DUMMY_OP_groupi_g53224__6417/CO -       CI->CO R     ADDFX1         1  0.7    10    38     269    (-,-) 
  WALLACE_CSA_DUMMY_OP_groupi_g53150__9315/S  -       CI->S  F     ADDFXL         1  0.7    12    54     323    (-,-) 
  WALLACE_CSA_DUMMY_OP_groupi_g52948__6783/S  -       CI->S  R     ADDFXL         2  0.8    13    57     380    (-,-) 
  WALLACE_CSA_DUMMY_OP_groupi_g52938__8428/Y  -       B->Y   F     NAND2X1        3  1.4    24    21     401    (-,-) 
  WALLACE_CSA_DUMMY_OP_groupi_g52863__5107/Y  -       A0->Y  R     OAI21X2        2  1.0    19    22     423    (-,-) 
  WALLACE_CSA_DUMMY_OP_groupi_g52839__8246/Y  -       A1->Y  F     AOI21X1        2  0.6    20    22     444    (-,-) 
  WALLACE_CSA_DUMMY_OP_groupi_g52823__7410/Y  -       B->Y   R     NOR2XL         1  0.5    19    19     463    (-,-) 
  WALLACE_CSA_DUMMY_OP_groupi_g52810__7098/Y  -       B->Y   F     NOR2X1         2  0.7    12    13     476    (-,-) 
  WALLACE_CSA_DUMMY_OP_groupi_g52790__7410/Y  -       A1->Y  R     OAI21X1        1  1.9    36    28     503    (-,-) 
  WALLACE_CSA_DUMMY_OP_groupi_g52786__9945/Y  -       B->Y   F     NOR2X4         7  3.1    15    16     520    (-,-) 
  WALLACE_CSA_DUMMY_OP_groupi_g52771__6783/Y  -       B->Y   R     NOR2X2         1  2.9    27    21     541    (-,-) 
  WALLACE_CSA_DUMMY_OP_groupi_g52758__5477/Y  -       B->Y   F     NOR2X6        10  4.1    13    14     554    (-,-) 
  WALLACE_CSA_DUMMY_OP_groupi_g52743__1881/Y  -       A1->Y  R     OAI21X1        1  0.6    20    19     573    (-,-) 
  g56553/Y                                    -       B->Y   F     XOR2XL         1  0.3     6    33     606    (-,-) 
  g3535__7410/Y                               -       A1N->Y F     OAI2BB1XL      1  0.3    13    20     626    (-,-) 
  result_reg[73]/D                            <<<     -      F     DFFRXL         1    -     -     0     626    (-,-) 
#---------------------------------------------------------------------------------------------------------------------

