============================================================
  Generated by:           Genus(TM) Synthesis Solution 25.12-s067_1
  Generated on:           Aug 21 2026  06:51:58 pm
  Module:                 top
  Operating conditions:   PVT_0P9V_125C (balanced_tree)
  Wireload mode:          enclosed
  Area mode:              timing library
============================================================


Path 1: VIOLATED (-6788 ps) Late External Delay Assertion at pin cpu_rdy
          Group: clk
     Startpoint: (R) fsm_state_reg[0]/CK
          Clock: (R) clk
       Endpoint: (F) cpu_rdy
          Clock: (R) clk

                     Capture       Launch     
        Clock Edge:+   10000            0     
       Src Latency:+       0            0     
       Net Latency:+       0 (I)        0 (I) 
           Arrival:=   10000            0     
                                              
      Output Delay:-   15000                  
     Required Time:=   -5000                  
      Launch Clock:-       0                  
         Data Path:-    1788                  
             Slack:=   -6788                  

Exceptions/Constraints:
  output_delay            15000            constraints_top_base_line_6_46_1   

#--------------------------------------------------------------------------------------------
#    Timing Point     Flags   Arc   Edge   Cell     Fanout Load Trans Delay Arrival Instance 
#                                                          (fF)  (ps)  (ps)   (ps)  Location 
#--------------------------------------------------------------------------------------------
  fsm_state_reg[0]/CK -       -     R     (arrival)   4139    -  3000     0       0    (-,-) 
  fsm_state_reg[0]/Q  -       CK->Q F     SDFFSRX1       3  0.6    28  1726    1726    (-,-) 
  g50052/Y            -       AN->Y F     NOR2BXL        2  0.2    33    62    1788    (-,-) 
  cpu_rdy             <<<     -     F     (port)         -    -     -     0    1788    (-,-) 
#--------------------------------------------------------------------------------------------

