============================================================
  Generated by:           Genus(TM) Synthesis Solution 25.12-s067_1
  Generated on:           Aug 21 2026  06:51:58 pm
  Module:                 top
  Operating conditions:   PVT_0P9V_125C (balanced_tree)
  Wireload mode:          enclosed
  Area mode:              timing library
============================================================

Timing
--------

Clock  Period 
--------------
clk   10000.0 


  Cost    Critical               Violating 
 Group   Path Slack     TNS        Paths   
-------------------------------------------
clk         -6787.6   -223595.0         42 
default    No paths         0.0            
-------------------------------------------
Total                 -223595.0         42 

Instance Count
--------------
Leaf Instance Count             12159 
Physical Instance count             0 
Sequential Instance Count        4139 
Combinational Instance Count     8020 
Hierarchical Instance Count         0 

Area
----
Cell Area                          48352.302
Physical Cell Area                 0.000
Total Cell Area (Cell+Physical)    48352.302
Net Area                           0.000
Total Area (Cell+Physical+Net)     48352.302

Max Fanout                         4139 (clk)
Min Fanout                         0 (n_86)
Average Fanout                     3.5
Terms to net ratio                 4.4534
Terms to instance ratio            4.5000
Runtime                            257.0481100000003 seconds
Elapsed Runtime                    266 seconds
Genus peak memory usage            2619.56 
Innovus peak memory usage          no_value 
Hostname                           localhost
