#! /usr/local/bin/vvp
:ivl_version "14.0 (devel)" "(s20251012-116-g98391b56b)";
:ivl_delay_selection "TYPICAL";
:vpi_time_precision + 0;
:vpi_module "/usr/local/lib/ivl/system.vpi";
:vpi_module "/usr/local/lib/ivl/vhdl_sys.vpi";
:vpi_module "/usr/local/lib/ivl/vhdl_textio.vpi";
:vpi_module "/usr/local/lib/ivl/v2005_math.vpi";
:vpi_module "/usr/local/lib/ivl/va_math.vpi";
S_0xc6df50 .scope module, "counter_test" "counter_test" 2 1;
 .timescale 0 0;
v0xcb7430_0 .var "clk", 0 0;
v0xcb7500_0 .net "count", 7 0, v0xcb7230_0;  1 drivers
v0xcb75d0_0 .var "rst", 0 0;
E_0xca4e10 .event anyedge, v0xcb7230_0;
S_0xca5a50 .scope module, "counter1" "counter" 2 5, 3 1 0, S_0xc6df50;
 .timescale 0 0;
    .port_info 0 /INPUT 1 "clk";
    .port_info 1 /INPUT 1 "rst";
    .port_info 2 /OUTPUT 8 "count";
v0xca5ca0_0 .net "clk", 0 0, v0xcb7430_0;  1 drivers
v0xcb7230_0 .var "count", 7 0;
v0xcb7310_0 .net "rst", 0 0, v0xcb75d0_0;  1 drivers
E_0xca4dd0/0 .event negedge, v0xcb7310_0;
E_0xca4dd0/1 .event posedge, v0xca5ca0_0;
E_0xca4dd0 .event/or E_0xca4dd0/0, E_0xca4dd0/1;
    .scope S_0xca5a50;
T_0 ;
    %wait E_0xca4dd0;
    %load/vec4 v0xcb7310_0;
    %nor/r;
    %flag_set/vec4 8;
    %jmp/0xz  T_0.0, 8;
    %pushi/vec4 0, 0, 8;
    %assign/vec4 v0xcb7230_0, 0;
    %jmp T_0.1;
T_0.0 ;
    %load/vec4 v0xcb7230_0;
    %addi 1, 0, 8;
    %assign/vec4 v0xcb7230_0, 0;
T_0.1 ;
    %jmp T_0;
    .thread T_0;
    .scope S_0xc6df50;
T_1 ;
    %delay 5, 0;
    %load/vec4 v0xcb7430_0;
    %inv;
    %store/vec4 v0xcb7430_0, 0, 1;
    %jmp T_1;
    .thread T_1;
    .scope S_0xc6df50;
T_2 ;
    %pushi/vec4 0, 0, 1;
    %store/vec4 v0xcb7430_0, 0, 1;
    %pushi/vec4 0, 0, 1;
    %store/vec4 v0xcb75d0_0, 0, 1;
    %delay 10, 0;
    %pushi/vec4 1, 0, 1;
    %store/vec4 v0xcb75d0_0, 0, 1;
    %delay 260, 0;
    %vpi_call 2 15 "$finish" {0 0 0};
    %end;
    .thread T_2;
    .scope S_0xc6df50;
T_3 ;
    %vpi_call 2 19 "$dumpfile", "dump.vcd" {0 0 0};
    %vpi_call 2 20 "$dumpvars", 32'sb00000000000000000000000000000000, S_0xc6df50 {0 0 0};
    %end;
    .thread T_3;
    .scope S_0xc6df50;
T_4 ;
    %wait E_0xca4e10;
    %vpi_call 2 24 "$monitor", "Count Value is %d", v0xcb7500_0 {0 0 0};
    %jmp T_4;
    .thread T_4, $push;
# The file index is used to find the file name in the following table.
:file_names 4;
    "N/A";
    "<interactive>";
    "./counter_test.v";
    "./counter.v";
