#! /usr/bin/vvp
:ivl_version "12.0 (stable)";
:ivl_delay_selection "TYPICAL";
:vpi_time_precision - 12;
:vpi_module "/usr/lib/x86_64-linux-gnu/ivl/system.vpi";
:vpi_module "/usr/lib/x86_64-linux-gnu/ivl/vhdl_sys.vpi";
:vpi_module "/usr/lib/x86_64-linux-gnu/ivl/vhdl_textio.vpi";
:vpi_module "/usr/lib/x86_64-linux-gnu/ivl/v2005_math.vpi";
:vpi_module "/usr/lib/x86_64-linux-gnu/ivl/va_math.vpi";
S_0x571e74bae970 .scope module, "top_tb" "top_tb" 2 3;
 .timescale -9 -12;
v0x571e74beb940_0 .var "clk", 0 0;
v0x571e74beba00_0 .var "cs_ram", 0 0;
v0x571e74bebac0_0 .var "cs_rom", 0 0;
v0x571e74bebbb0_0 .var "dado_usuario", 7 0;
v0x571e74bebca0_0 .var "endereco_ram_in", 4 0;
v0x571e74bebde0_0 .var "endereco_rom", 4 0;
v0x571e74bebef0_0 .net "fim", 0 0, v0x571e74bea1e0_0;  1 drivers
v0x571e74bebfe0_0 .var "inicia_operacao", 0 0;
v0x571e74bec0d0_0 .var "operacao_ula", 2 0;
v0x571e74bec220_0 .net "result_ula", 7 0, v0x571e74be9690_0;  1 drivers
v0x571e74bec330_0 .net "resultado", 7 0, L_0x571e74becab0;  1 drivers
v0x571e74bec3f0_0 .var "rst", 0 0;
v0x571e74bec4e0_0 .net "sdado_ram", 7 0, v0x571e74be8820_0;  1 drivers
v0x571e74bec580_0 .net "sdado_rom", 7 0, v0x571e74be8fd0_0;  1 drivers
v0x571e74bec640_0 .var "start", 0 0;
v0x571e74bec730_0 .var "wr_en", 0 0;
S_0x571e74baeb00 .scope module, "dut" "top" 2 23, 3 1 0, S_0x571e74bae970;
 .timescale 0 0;
    .port_info 0 /INPUT 1 "clk";
    .port_info 1 /INPUT 1 "inicia_operacao";
    .port_info 2 /INPUT 1 "rst";
    .port_info 3 /INPUT 5 "endereco_ram_in";
    .port_info 4 /INPUT 1 "wr_en";
    .port_info 5 /INPUT 1 "start";
    .port_info 6 /INPUT 1 "cs_ram";
    .port_info 7 /INPUT 8 "dado_usuario";
    .port_info 8 /INPUT 3 "operacao_ula";
    .port_info 9 /INPUT 5 "endereco_rom";
    .port_info 10 /INPUT 1 "cs_rom";
    .port_info 11 /OUTPUT 1 "fim";
    .port_info 12 /OUTPUT 8 "resultado";
    .port_info 13 /OUTPUT 8 "sdado_ram";
    .port_info 14 /OUTPUT 8 "result_ula";
    .port_info 15 /OUTPUT 8 "sdado_rom";
P_0x571e74baece0 .param/l "WIDTH" 1 3 20, +C4<00000000000000000000000000001000>;
L_0x571e74ba3200 .functor AND 1, v0x571e74bec730_0, L_0x571e74bec7d0, C4<1>, C4<1>;
v0x571e74bea7b0_0 .net *"_ivl_1", 0 0, L_0x571e74bec7d0;  1 drivers
L_0x7c27e8440060 .functor BUFT 1, C4<0000000>, C4<0>, C4<0>, C4<0>;
v0x571e74bea890_0 .net *"_ivl_7", 6 0, L_0x7c27e8440060;  1 drivers
v0x571e74bea970_0 .net "clk", 0 0, v0x571e74beb940_0;  1 drivers
v0x571e74beaa10_0 .net "cs_ram", 0 0, v0x571e74beba00_0;  1 drivers
v0x571e74beaab0_0 .net "cs_rom", 0 0, v0x571e74bebac0_0;  1 drivers
v0x571e74beaba0_0 .net "dado_usuario", 7 0, v0x571e74bebbb0_0;  1 drivers
v0x571e74beac70_0 .net "endereco_ram_in", 4 0, v0x571e74bebca0_0;  1 drivers
v0x571e74bead40_0 .net "endereco_rom", 4 0, v0x571e74bebde0_0;  1 drivers
v0x571e74beae10_0 .net "fim", 0 0, v0x571e74bea1e0_0;  alias, 1 drivers
v0x571e74beaee0_0 .net "inicia_operacao", 0 0, v0x571e74bebfe0_0;  1 drivers
v0x571e74beafb0_0 .net "op_write", 0 0, v0x571e74bea340_0;  1 drivers
v0x571e74beb080_0 .net "operacao_ula", 2 0, v0x571e74bec0d0_0;  1 drivers
v0x571e74beb150_0 .net "result_ula", 7 0, v0x571e74be9690_0;  alias, 1 drivers
v0x571e74beb220_0 .net "resultado", 7 0, L_0x571e74becab0;  alias, 1 drivers
v0x571e74beb2c0_0 .var "resultado_ff", 0 0;
v0x571e74beb360_0 .net "rst", 0 0, v0x571e74bec3f0_0;  1 drivers
v0x571e74beb430_0 .net "sdado_ram", 7 0, v0x571e74be8820_0;  alias, 1 drivers
v0x571e74beb4d0_0 .net "sdado_rom", 7 0, v0x571e74be8fd0_0;  alias, 1 drivers
v0x571e74beb5c0_0 .net "start", 0 0, v0x571e74bec640_0;  1 drivers
v0x571e74beb660_0 .net "wr_en", 0 0, v0x571e74bec730_0;  1 drivers
v0x571e74beb700_0 .net "wr_en_after", 0 0, L_0x571e74ba3200;  1 drivers
L_0x571e74bec7d0 .reduce/nor v0x571e74bec640_0;
L_0x571e74becab0 .concat [ 1 7 0 0], v0x571e74beb2c0_0, L_0x7c27e8440060;
S_0x571e74b6e620 .scope module, "RAM_SP" "ram_single" 3 36, 4 1 0, S_0x571e74baeb00;
 .timescale 0 0;
    .port_info 0 /INPUT 1 "clk";
    .port_info 1 /INPUT 1 "cs";
    .port_info 2 /INPUT 1 "we";
    .port_info 3 /INPUT 5 "addr";
    .port_info 4 /INPUT 8 "data_in";
    .port_info 5 /OUTPUT 8 "data_out";
v0x571e74ba3320_0 .net "addr", 4 0, v0x571e74bebca0_0;  alias, 1 drivers
v0x571e74be85e0_0 .net "clk", 0 0, v0x571e74beb940_0;  alias, 1 drivers
v0x571e74be86a0_0 .net "cs", 0 0, v0x571e74beba00_0;  alias, 1 drivers
v0x571e74be8740_0 .net "data_in", 7 0, v0x571e74bebbb0_0;  alias, 1 drivers
v0x571e74be8820_0 .var "data_out", 7 0;
v0x571e74be8950 .array "ram", 31 0, 7 0;
v0x571e74be8a10_0 .net "we", 0 0, L_0x571e74ba3200;  alias, 1 drivers
E_0x571e74bb4d20 .event posedge, v0x571e74be85e0_0;
S_0x571e74be8b90 .scope module, "ROM" "rom" 3 54, 5 1 0, S_0x571e74baeb00;
 .timescale 0 0;
    .port_info 0 /INPUT 1 "clk";
    .port_info 1 /INPUT 1 "cs";
    .port_info 2 /INPUT 5 "addr";
    .port_info 3 /OUTPUT 8 "data_out";
v0x571e74be8d90_0 .net "addr", 4 0, v0x571e74bebde0_0;  alias, 1 drivers
v0x571e74be8e70_0 .net "clk", 0 0, v0x571e74beb940_0;  alias, 1 drivers
v0x571e74be8f30_0 .net "cs", 0 0, v0x571e74bebac0_0;  alias, 1 drivers
v0x571e74be8fd0_0 .var "data_out", 7 0;
v0x571e74be9070 .array "rom", 15 0, 7 0;
S_0x571e74be9200 .scope module, "alu_inst" "alu" 3 46, 6 1 0, S_0x571e74baeb00;
 .timescale 0 0;
    .port_info 0 /INPUT 8 "in_a";
    .port_info 1 /INPUT 8 "in_b";
    .port_info 2 /INPUT 3 "opcode";
    .port_info 3 /OUTPUT 8 "alu_out";
    .port_info 4 /OUTPUT 1 "a_is_zero";
P_0x571e74be93e0 .param/l "WIDTH" 0 6 2, +C4<00000000000000000000000000001000>;
L_0x7c27e8440018 .functor BUFT 1, C4<00000000>, C4<0>, C4<0>, C4<0>;
v0x571e74be94d0_0 .net/2u *"_ivl_0", 7 0, L_0x7c27e8440018;  1 drivers
v0x571e74be95d0_0 .net "a_is_zero", 0 0, L_0x571e74bec980;  1 drivers
v0x571e74be9690_0 .var "alu_out", 7 0;
v0x571e74be9780_0 .net "in_a", 7 0, v0x571e74be8fd0_0;  alias, 1 drivers
v0x571e74be9870_0 .net "in_b", 7 0, v0x571e74be8820_0;  alias, 1 drivers
v0x571e74be9960_0 .net "opcode", 2 0, v0x571e74bec0d0_0;  alias, 1 drivers
E_0x571e74bb4790 .event anyedge, v0x571e74be9960_0, v0x571e74be8fd0_0, v0x571e74be8820_0;
L_0x571e74bec980 .cmp/eq 8, v0x571e74be8fd0_0, L_0x7c27e8440018;
S_0x571e74be9af0 .scope module, "fsm_i" "fsm" 3 25, 7 1 0, S_0x571e74baeb00;
 .timescale 0 0;
    .port_info 0 /INPUT 1 "clk";
    .port_info 1 /INPUT 1 "rst";
    .port_info 2 /INPUT 1 "start";
    .port_info 3 /INPUT 1 "inicia_operacao";
    .port_info 4 /OUTPUT 1 "fim";
    .port_info 5 /OUTPUT 1 "op_write";
P_0x571e74be9cd0 .param/l "EXEC" 0 7 12, C4<01>;
P_0x571e74be9d10 .param/l "IDLE" 0 7 11, C4<00>;
P_0x571e74be9d50 .param/l "WRITE" 0 7 13, C4<10>;
v0x571e74be9ff0_0 .net "clk", 0 0, v0x571e74beb940_0;  alias, 1 drivers
v0x571e74bea100_0 .var "estado_atual", 1 0;
v0x571e74bea1e0_0 .var "fim", 0 0;
v0x571e74bea280_0 .net "inicia_operacao", 0 0, v0x571e74bebfe0_0;  alias, 1 drivers
v0x571e74bea340_0 .var "op_write", 0 0;
v0x571e74bea450_0 .var "proximo_estado", 1 0;
v0x571e74bea530_0 .net "rst", 0 0, v0x571e74bec3f0_0;  alias, 1 drivers
v0x571e74bea5f0_0 .net "start", 0 0, v0x571e74bec640_0;  alias, 1 drivers
E_0x571e74bcb2d0 .event anyedge, v0x571e74bea100_0, v0x571e74bea5f0_0, v0x571e74bea280_0;
E_0x571e74bcb310 .event posedge, v0x571e74bea530_0, v0x571e74be85e0_0;
    .scope S_0x571e74be9af0;
T_0 ;
    %wait E_0x571e74bcb310;
    %load/vec4 v0x571e74bea530_0;
    %flag_set/vec4 8;
    %jmp/0xz  T_0.0, 8;
    %pushi/vec4 0, 0, 2;
    %assign/vec4 v0x571e74bea100_0, 0;
    %jmp T_0.1;
T_0.0 ;
    %load/vec4 v0x571e74bea450_0;
    %assign/vec4 v0x571e74bea100_0, 0;
T_0.1 ;
    %jmp T_0;
    .thread T_0;
    .scope S_0x571e74be9af0;
T_1 ;
    %wait E_0x571e74bcb2d0;
    %load/vec4 v0x571e74bea100_0;
    %store/vec4 v0x571e74bea450_0, 0, 2;
    %pushi/vec4 0, 0, 1;
    %store/vec4 v0x571e74bea1e0_0, 0, 1;
    %pushi/vec4 0, 0, 1;
    %store/vec4 v0x571e74bea340_0, 0, 1;
    %load/vec4 v0x571e74bea100_0;
    %dup/vec4;
    %pushi/vec4 0, 0, 2;
    %cmp/u;
    %jmp/1 T_1.0, 6;
    %dup/vec4;
    %pushi/vec4 1, 0, 2;
    %cmp/u;
    %jmp/1 T_1.1, 6;
    %dup/vec4;
    %pushi/vec4 2, 0, 2;
    %cmp/u;
    %jmp/1 T_1.2, 6;
    %pushi/vec4 0, 0, 2;
    %store/vec4 v0x571e74bea450_0, 0, 2;
    %pushi/vec4 0, 0, 1;
    %store/vec4 v0x571e74bea1e0_0, 0, 1;
    %pushi/vec4 0, 0, 1;
    %store/vec4 v0x571e74bea340_0, 0, 1;
    %jmp T_1.4;
T_1.0 ;
    %pushi/vec4 0, 0, 1;
    %store/vec4 v0x571e74bea1e0_0, 0, 1;
    %load/vec4 v0x571e74bea5f0_0;
    %flag_set/vec4 9;
    %flag_get/vec4 9;
    %jmp/0 T_1.7, 9;
    %load/vec4 v0x571e74bea280_0;
    %and;
T_1.7;
    %flag_set/vec4 8;
    %jmp/0xz  T_1.5, 8;
    %pushi/vec4 1, 0, 2;
    %store/vec4 v0x571e74bea450_0, 0, 2;
    %jmp T_1.6;
T_1.5 ;
    %pushi/vec4 0, 0, 2;
    %store/vec4 v0x571e74bea450_0, 0, 2;
T_1.6 ;
    %jmp T_1.4;
T_1.1 ;
    %pushi/vec4 2, 0, 2;
    %store/vec4 v0x571e74bea450_0, 0, 2;
    %jmp T_1.4;
T_1.2 ;
    %pushi/vec4 1, 0, 1;
    %store/vec4 v0x571e74bea340_0, 0, 1;
    %pushi/vec4 1, 0, 1;
    %store/vec4 v0x571e74bea1e0_0, 0, 1;
    %pushi/vec4 0, 0, 2;
    %store/vec4 v0x571e74bea450_0, 0, 2;
    %jmp T_1.4;
T_1.4 ;
    %pop/vec4 1;
    %jmp T_1;
    .thread T_1, $push;
    .scope S_0x571e74b6e620;
T_2 ;
    %wait E_0x571e74bb4d20;
    %load/vec4 v0x571e74be86a0_0;
    %flag_set/vec4 8;
    %jmp/0xz  T_2.0, 8;
    %load/vec4 v0x571e74be8a10_0;
    %flag_set/vec4 8;
    %jmp/0xz  T_2.2, 8;
    %load/vec4 v0x571e74be8740_0;
    %load/vec4 v0x571e74ba3320_0;
    %pad/u 7;
    %ix/vec4 3;
    %ix/load 4, 0, 0; Constant delay
    %assign/vec4/a/d v0x571e74be8950, 0, 4;
    %load/vec4 v0x571e74be8740_0;
    %assign/vec4 v0x571e74be8820_0, 0;
    %jmp T_2.3;
T_2.2 ;
    %load/vec4 v0x571e74ba3320_0;
    %pad/u 7;
    %ix/vec4 4;
    %load/vec4a v0x571e74be8950, 4;
    %assign/vec4 v0x571e74be8820_0, 0;
T_2.3 ;
T_2.0 ;
    %jmp T_2;
    .thread T_2;
    .scope S_0x571e74b6e620;
T_3 ;
    %vpi_call 4 26 "$readmemh", "mem_s_dados.txt", v0x571e74be8950 {0 0 0};
    %end;
    .thread T_3;
    .scope S_0x571e74be9200;
T_4 ;
    %wait E_0x571e74bb4790;
    %load/vec4 v0x571e74be9960_0;
    %dup/vec4;
    %pushi/vec4 0, 0, 3;
    %cmp/u;
    %jmp/1 T_4.0, 6;
    %dup/vec4;
    %pushi/vec4 1, 0, 3;
    %cmp/u;
    %jmp/1 T_4.1, 6;
    %dup/vec4;
    %pushi/vec4 2, 0, 3;
    %cmp/u;
    %jmp/1 T_4.2, 6;
    %dup/vec4;
    %pushi/vec4 3, 0, 3;
    %cmp/u;
    %jmp/1 T_4.3, 6;
    %dup/vec4;
    %pushi/vec4 4, 0, 3;
    %cmp/u;
    %jmp/1 T_4.4, 6;
    %dup/vec4;
    %pushi/vec4 5, 0, 3;
    %cmp/u;
    %jmp/1 T_4.5, 6;
    %dup/vec4;
    %pushi/vec4 6, 0, 3;
    %cmp/u;
    %jmp/1 T_4.6, 6;
    %dup/vec4;
    %pushi/vec4 7, 0, 3;
    %cmp/u;
    %jmp/1 T_4.7, 6;
    %jmp T_4.8;
T_4.0 ;
    %load/vec4 v0x571e74be9780_0;
    %load/vec4 v0x571e74be9870_0;
    %add;
    %store/vec4 v0x571e74be9690_0, 0, 8;
    %jmp T_4.8;
T_4.1 ;
    %load/vec4 v0x571e74be9780_0;
    %store/vec4 v0x571e74be9690_0, 0, 8;
    %jmp T_4.8;
T_4.2 ;
    %load/vec4 v0x571e74be9780_0;
    %store/vec4 v0x571e74be9690_0, 0, 8;
    %jmp T_4.8;
T_4.3 ;
    %load/vec4 v0x571e74be9780_0;
    %load/vec4 v0x571e74be9870_0;
    %and;
    %store/vec4 v0x571e74be9690_0, 0, 8;
    %jmp T_4.8;
T_4.4 ;
    %load/vec4 v0x571e74be9780_0;
    %load/vec4 v0x571e74be9870_0;
    %xor;
    %store/vec4 v0x571e74be9690_0, 0, 8;
    %jmp T_4.8;
T_4.5 ;
    %load/vec4 v0x571e74be9870_0;
    %store/vec4 v0x571e74be9690_0, 0, 8;
    %jmp T_4.8;
T_4.6 ;
    %load/vec4 v0x571e74be9780_0;
    %store/vec4 v0x571e74be9690_0, 0, 8;
    %jmp T_4.8;
T_4.7 ;
    %load/vec4 v0x571e74be9780_0;
    %store/vec4 v0x571e74be9690_0, 0, 8;
    %jmp T_4.8;
T_4.8 ;
    %pop/vec4 1;
    %jmp T_4;
    .thread T_4, $push;
    .scope S_0x571e74be8b90;
T_5 ;
    %pushi/vec4 0, 0, 8;
    %ix/load 4, 0, 0;
    %flag_set/imm 4, 0;
    %store/vec4a v0x571e74be9070, 4, 0;
    %pushi/vec4 1, 0, 8;
    %ix/load 4, 1, 0;
    %flag_set/imm 4, 0;
    %store/vec4a v0x571e74be9070, 4, 0;
    %pushi/vec4 1, 0, 8;
    %ix/load 4, 2, 0;
    %flag_set/imm 4, 0;
    %store/vec4a v0x571e74be9070, 4, 0;
    %pushi/vec4 2, 0, 8;
    %ix/load 4, 3, 0;
    %flag_set/imm 4, 0;
    %store/vec4a v0x571e74be9070, 4, 0;
    %pushi/vec4 3, 0, 8;
    %ix/load 4, 4, 0;
    %flag_set/imm 4, 0;
    %store/vec4a v0x571e74be9070, 4, 0;
    %pushi/vec4 5, 0, 8;
    %ix/load 4, 5, 0;
    %flag_set/imm 4, 0;
    %store/vec4a v0x571e74be9070, 4, 0;
    %pushi/vec4 8, 0, 8;
    %ix/load 4, 6, 0;
    %flag_set/imm 4, 0;
    %store/vec4a v0x571e74be9070, 4, 0;
    %pushi/vec4 13, 0, 8;
    %ix/load 4, 7, 0;
    %flag_set/imm 4, 0;
    %store/vec4a v0x571e74be9070, 4, 0;
    %pushi/vec4 21, 0, 8;
    %ix/load 4, 8, 0;
    %flag_set/imm 4, 0;
    %store/vec4a v0x571e74be9070, 4, 0;
    %pushi/vec4 34, 0, 8;
    %ix/load 4, 9, 0;
    %flag_set/imm 4, 0;
    %store/vec4a v0x571e74be9070, 4, 0;
    %pushi/vec4 55, 0, 8;
    %ix/load 4, 10, 0;
    %flag_set/imm 4, 0;
    %store/vec4a v0x571e74be9070, 4, 0;
    %pushi/vec4 89, 0, 8;
    %ix/load 4, 11, 0;
    %flag_set/imm 4, 0;
    %store/vec4a v0x571e74be9070, 4, 0;
    %pushi/vec4 144, 0, 8;
    %ix/load 4, 12, 0;
    %flag_set/imm 4, 0;
    %store/vec4a v0x571e74be9070, 4, 0;
    %pushi/vec4 233, 0, 8;
    %ix/load 4, 13, 0;
    %flag_set/imm 4, 0;
    %store/vec4a v0x571e74be9070, 4, 0;
    %pushi/vec4 121, 0, 8;
    %ix/load 4, 14, 0;
    %flag_set/imm 4, 0;
    %store/vec4a v0x571e74be9070, 4, 0;
    %pushi/vec4 98, 0, 8;
    %ix/load 4, 15, 0;
    %flag_set/imm 4, 0;
    %store/vec4a v0x571e74be9070, 4, 0;
    %end;
    .thread T_5;
    .scope S_0x571e74be8b90;
T_6 ;
    %wait E_0x571e74bb4d20;
    %load/vec4 v0x571e74be8f30_0;
    %flag_set/vec4 8;
    %jmp/0xz  T_6.0, 8;
    %load/vec4 v0x571e74be8d90_0;
    %pad/u 6;
    %ix/vec4 4;
    %load/vec4a v0x571e74be9070, 4;
    %assign/vec4 v0x571e74be8fd0_0, 0;
T_6.0 ;
    %jmp T_6;
    .thread T_6;
    .scope S_0x571e74baeb00;
T_7 ;
    %wait E_0x571e74bb4d20;
    %load/vec4 v0x571e74beb360_0;
    %flag_set/vec4 8;
    %jmp/0xz  T_7.0, 8;
    %pushi/vec4 0, 0, 1;
    %store/vec4 v0x571e74beb2c0_0, 0, 1;
    %jmp T_7.1;
T_7.0 ;
    %load/vec4 v0x571e74beafb0_0;
    %flag_set/vec4 8;
    %jmp/0xz  T_7.2, 8;
    %load/vec4 v0x571e74beb150_0;
    %pad/u 1;
    %store/vec4 v0x571e74beb2c0_0, 0, 1;
T_7.2 ;
T_7.1 ;
    %jmp T_7;
    .thread T_7;
    .scope S_0x571e74bae970;
T_8 ;
    %delay 5000, 0;
    %load/vec4 v0x571e74beb940_0;
    %inv;
    %store/vec4 v0x571e74beb940_0, 0, 1;
    %jmp T_8;
    .thread T_8;
    .scope S_0x571e74bae970;
T_9 ;
    %pushi/vec4 0, 0, 1;
    %store/vec4 v0x571e74beb940_0, 0, 1;
    %pushi/vec4 1, 0, 1;
    %store/vec4 v0x571e74bec3f0_0, 0, 1;
    %pushi/vec4 0, 0, 1;
    %store/vec4 v0x571e74bebfe0_0, 0, 1;
    %pushi/vec4 0, 0, 5;
    %store/vec4 v0x571e74bebca0_0, 0, 5;
    %pushi/vec4 0, 0, 1;
    %store/vec4 v0x571e74bec730_0, 0, 1;
    %pushi/vec4 0, 0, 1;
    %store/vec4 v0x571e74bec640_0, 0, 1;
    %pushi/vec4 1, 0, 1;
    %store/vec4 v0x571e74beba00_0, 0, 1;
    %pushi/vec4 0, 0, 8;
    %store/vec4 v0x571e74bebbb0_0, 0, 8;
    %pushi/vec4 0, 0, 3;
    %store/vec4 v0x571e74bec0d0_0, 0, 3;
    %pushi/vec4 0, 0, 5;
    %store/vec4 v0x571e74bebde0_0, 0, 5;
    %pushi/vec4 1, 0, 1;
    %store/vec4 v0x571e74bebac0_0, 0, 1;
    %delay 10000, 0;
    %pushi/vec4 0, 0, 1;
    %store/vec4 v0x571e74bec3f0_0, 0, 1;
    %pushi/vec4 3, 0, 8;
    %store/vec4 v0x571e74bebbb0_0, 0, 8;
    %delay 1000, 0;
    %pushi/vec4 1, 0, 1;
    %store/vec4 v0x571e74bec730_0, 0, 1;
    %pushi/vec4 1, 0, 5;
    %store/vec4 v0x571e74bebde0_0, 0, 5;
    %delay 14000, 0;
    %pushi/vec4 4, 0, 8;
    %store/vec4 v0x571e74bebbb0_0, 0, 8;
    %pushi/vec4 0, 0, 1;
    %store/vec4 v0x571e74bec730_0, 0, 1;
    %delay 1000, 0;
    %pushi/vec4 1, 0, 5;
    %store/vec4 v0x571e74bebca0_0, 0, 5;
    %delay 1000, 0;
    %pushi/vec4 5, 0, 8;
    %store/vec4 v0x571e74bebbb0_0, 0, 8;
    %pushi/vec4 1, 0, 1;
    %store/vec4 v0x571e74bec730_0, 0, 1;
    %delay 6000, 0;
    %pushi/vec4 0, 0, 1;
    %store/vec4 v0x571e74bec730_0, 0, 1;
    %delay 10000, 0;
    %pushi/vec4 1, 0, 1;
    %store/vec4 v0x571e74bec730_0, 0, 1;
    %pushi/vec4 2, 0, 5;
    %store/vec4 v0x571e74bebca0_0, 0, 5;
    %pushi/vec4 6, 0, 5;
    %store/vec4 v0x571e74bebde0_0, 0, 5;
    %delay 7000, 0;
    %pushi/vec4 0, 0, 1;
    %store/vec4 v0x571e74bec730_0, 0, 1;
    %pushi/vec4 4, 0, 5;
    %store/vec4 v0x571e74bebca0_0, 0, 5;
    %delay 3000, 0;
    %pushi/vec4 1, 0, 1;
    %store/vec4 v0x571e74bec730_0, 0, 1;
    %pushi/vec4 1, 0, 5;
    %store/vec4 v0x571e74bebde0_0, 0, 5;
    %pushi/vec4 1, 0, 1;
    %store/vec4 v0x571e74bec640_0, 0, 1;
    %pushi/vec4 1, 0, 1;
    %store/vec4 v0x571e74bebfe0_0, 0, 1;
    %pushi/vec4 0, 0, 1;
    %store/vec4 v0x571e74bec640_0, 0, 1;
    %pushi/vec4 0, 0, 1;
    %store/vec4 v0x571e74bebfe0_0, 0, 1;
    %delay 20000, 0;
    %vpi_call 2 95 "$finish" {0 0 0};
    %end;
    .thread T_9;
    .scope S_0x571e74bae970;
T_10 ;
    %vpi_call 2 100 "$monitor", "T=%0t | rst=%b | start=%b | RAM=%d | ROM=%d | ULA=%d | RESULT=%d | fim=%b", $time, v0x571e74bec3f0_0, v0x571e74bec640_0, v0x571e74bec4e0_0, v0x571e74bec580_0, v0x571e74bec220_0, v0x571e74bec330_0, v0x571e74bebef0_0 {0 0 0};
    %end;
    .thread T_10;
    .scope S_0x571e74bae970;
T_11 ;
    %vpi_call 2 112 "$dumpfile", "wave.vcd" {0 0 0};
    %vpi_call 2 113 "$dumpvars", 32'sb00000000000000000000000000000000, S_0x571e74bae970 {0 0 0};
    %end;
    .thread T_11;
# The file index is used to find the file name in the following table.
:file_names 8;
    "N/A";
    "<interactive>";
    "top_tb.v";
    "top.v";
    "ram_single.v";
    "rom.v";
    "alu.v";
    "fsm.v";
