============================================================
  Generated by:           Genus(TM) Synthesis Solution 25.12-s067_1
  Generated on:           Aug 15 2026  09:26:06 am
  Module:                 x3_curto
  Operating conditions:   PVT_0P9V_125C (balanced_tree)
  Wireload mode:          enclosed
  Area mode:              timing library
============================================================


Path 1: MET (8415 ps) Setup Check with Pin XPower_reg[7]/CK->D
          Group: clk
     Startpoint: (R) X2_reg[0]/CK
          Clock: (R) clk
       Endpoint: (R) XPower_reg[7]/D
          Clock: (R) clk

                     Capture       Launch     
        Clock Edge:+   10000            0     
       Src Latency:+       0            0     
       Net Latency:+       0 (I)        0 (I) 
           Arrival:=   10000            0     
                                              
             Setup:-      89                  
       Uncertainty:-      10                  
     Required Time:=    9901                  
      Launch Clock:-       0                  
         Data Path:-    1486                  
             Slack:=    8415                  

#-------------------------------------------------------------------------------------------------
#      Timing Point       Flags    Arc   Edge   Cell     Fanout Load Trans Delay Arrival Instance 
#                                                               (fF)  (ps)  (ps)   (ps)  Location 
#-------------------------------------------------------------------------------------------------
  X2_reg[0]/CK            -       -      R     (arrival)     30    -   100     0       0    (-,-) 
  X2_reg[0]/Q             -       CK->Q  F     DFFHQX1       14  3.7   104   292     292    (-,-) 
  mul_20_24_g532__2398/Y  -       B->Y   R     NAND2X1        2  0.8    46    79     371    (-,-) 
  mul_20_24_g502__6417/Y  -       B->Y   F     XOR2XL         1  0.5    39   147     518    (-,-) 
  mul_20_24_g493__7482/S  -       CI->S  R     ADDFX1         1  0.6    42   288     805    (-,-) 
  mul_20_24_g484__1617/CO -       CI->CO R     ADDFX1         1  0.6    39   187     992    (-,-) 
  mul_20_24_g482__6783/CO -       CI->CO R     ADDFX1         1  0.6    39   186    1178    (-,-) 
  mul_20_24_g481__5526/CO -       CI->CO R     ADDFX1         1  0.4    35   184    1362    (-,-) 
  mul_20_24_g480__8428/Y  -       B->Y   R     XNOR2X1        1  0.3    24   124    1486    (-,-) 
  XPower_reg[7]/D         <<<     -      R     DFFHQX1        1    -     -     0    1486    (-,-) 
#-------------------------------------------------------------------------------------------------

