#! /usr/local/bin/vvp
:ivl_version "14.0 (devel)" "(s20251012-116-g98391b56b)";
:ivl_delay_selection "TYPICAL";
:vpi_time_precision + 0;
:vpi_module "/usr/local/lib/ivl/system.vpi";
:vpi_module "/usr/local/lib/ivl/vhdl_sys.vpi";
:vpi_module "/usr/local/lib/ivl/vhdl_textio.vpi";
:vpi_module "/usr/local/lib/ivl/v2005_math.vpi";
:vpi_module "/usr/local/lib/ivl/va_math.vpi";
S_0xbf8f50 .scope module, "driver_test" "driver_test" 2 1;
 .timescale 0 0;
P_0xbf88a0 .param/l "WIDTH" 1 2 3, +C4<00000000000000000000000000001000>;
v0xc47a50_0 .var "data_en", 0 0;
v0xc47b40_0 .var "data_in", 7 0;
v0xc47c10_0 .net "data_out", 7 0, v0xc47620_0;  1 drivers
S_0xc30c40 .scope module, "driver_inst" "driver" 2 13, 3 1 0, S_0xbf8f50;
 .timescale 0 0;
    .port_info 0 /INPUT 8 "data_in";
    .port_info 1 /INPUT 1 "data_en";
    .port_info 2 /OUTPUT 8 "data_out";
P_0xc30e20 .param/l "WIDTH" 0 3 3, +C4<00000000000000000000000000001000>;
v0xc30f30_0 .net "data_en", 0 0, v0xc47a50_0;  1 drivers
v0xc47540_0 .net "data_in", 7 0, v0xc47b40_0;  1 drivers
v0xc47620_0 .var "data_out", 7 0;
E_0xc303f0 .event anyedge, v0xc30f30_0, v0xc47540_0;
S_0xc47790 .scope task, "expect" "expect" 2 20, 2 20 0, S_0xbf8f50;
 .timescale 0 0;
v0xc47970_0 .var "exp_out", 7 0;
TD_driver_test.expect ;
    %load/vec4 v0xc47c10_0;
    %load/vec4 v0xc47970_0;
    %cmp/ne;
    %jmp/0xz  T_0.0, 6;
    %vpi_call 2 23 "$display", "TEST FAILED" {0 0 0};
    %vpi_call 2 24 "$display", "At time %0d data_en=%b data_in=%b data_out=%b", $time, v0xc47a50_0, v0xc47b40_0, v0xc47c10_0 {0 0 0};
    %vpi_call 2 26 "$display", "data_out should be %b", v0xc47970_0 {0 0 0};
    %vpi_call 2 27 "$finish" {0 0 0};
    %jmp T_0.1;
T_0.0 ;
    %vpi_call 2 30 "$display", "At time %0d data_en=%b data_in=%b data_out=%b", $time, v0xc47a50_0, v0xc47b40_0, v0xc47c10_0 {0 0 0};
T_0.1 ;
    %end;
    .scope S_0xc30c40;
T_1 ;
    %wait E_0xc303f0;
    %load/vec4 v0xc30f30_0;
    %flag_set/vec4 8;
    %jmp/0 T_1.0, 8;
    %load/vec4 v0xc47540_0;
    %jmp/1 T_1.1, 8;
T_1.0 ; End of true expr.
    %pushi/vec4 0, 255, 8;
    %jmp/0 T_1.1, 8;
 ; End of false expr.
    %blend;
T_1.1;
    %store/vec4 v0xc47620_0, 0, 8;
    %jmp T_1;
    .thread T_1, $push;
    .scope S_0xbf8f50;
T_2 ;
    %pushi/vec4 0, 0, 1;
    %store/vec4 v0xc47a50_0, 0, 1;
    %pushi/vec4 255, 255, 8;
    %store/vec4 v0xc47b40_0, 0, 8;
    %delay 1, 0;
    %pushi/vec4 0, 255, 8;
    %store/vec4 v0xc47970_0, 0, 8;
    %fork TD_driver_test.expect, S_0xc47790;
    %join;
    %pushi/vec4 1, 0, 1;
    %store/vec4 v0xc47a50_0, 0, 1;
    %pushi/vec4 85, 0, 8;
    %store/vec4 v0xc47b40_0, 0, 8;
    %delay 1, 0;
    %pushi/vec4 85, 0, 8;
    %store/vec4 v0xc47970_0, 0, 8;
    %fork TD_driver_test.expect, S_0xc47790;
    %join;
    %pushi/vec4 1, 0, 1;
    %store/vec4 v0xc47a50_0, 0, 1;
    %pushi/vec4 170, 0, 8;
    %store/vec4 v0xc47b40_0, 0, 8;
    %delay 1, 0;
    %pushi/vec4 170, 0, 8;
    %store/vec4 v0xc47970_0, 0, 8;
    %fork TD_driver_test.expect, S_0xc47790;
    %join;
    %vpi_call 2 39 "$display", "TEST PASSED" {0 0 0};
    %vpi_call 2 40 "$finish" {0 0 0};
    %end;
    .thread T_2;
# The file index is used to find the file name in the following table.
:file_names 4;
    "N/A";
    "<interactive>";
    "./driver_test.v";
    "./driver.v";
