============================================================
  Generated by:           Genus(TM) Synthesis Solution 25.12-s067_1
  Generated on:           Aug 22 2026  04:04:22 pm
  Module:                 aFifo
  Operating conditions:   PVT_0P9V_125C (balanced_tree)
  Wireload mode:          enclosed
  Area mode:              timing library
============================================================


Path 1: MET (7386 ps) Setup Check with Pin Mem_reg[0][7]/CK->SE
          Group: WClk
     Startpoint: (R) WriteEn_in
          Clock: (R) WClk
       Endpoint: (F) Mem_reg[0][7]/SE
          Clock: (R) WClk

                     Capture       Launch     
        Clock Edge:+   10000            0     
        Drv Adjust:+       0            0     
       Src Latency:+       0            0     
       Net Latency:+       0 (I)        0 (I) 
           Arrival:=   10000            0     
                                              
             Setup:-     275                  
       Uncertainty:-     200                  
     Required Time:=    9525                  
      Launch Clock:-       0                  
       Input Delay:-    1500                  
         Data Path:-     639                  
             Slack:=    7386                  

Exceptions/Constraints:
  input_delay             1500            constraint.sdc_line_11_8_1   

#-----------------------------------------------------------------------------------------
#  Timing Point    Flags   Arc   Edge   Cell     Fanout Load Trans Delay Arrival Instance 
#                                                       (fF)  (ps)  (ps)   (ps)  Location 
#-----------------------------------------------------------------------------------------
  WriteEn_in       -       -     R     (arrival)      1  0.4   200     0    1500    (-,-) 
  g3445__3680/Y    -       B->Y  F     NAND2BX1       2  0.6    86   158    1658    (-,-) 
  g6679__6783/Y    -       B->Y  R     NOR2X1         2  0.6    60    82    1740    (-,-) 
  g6669__1666/Y    -       AN->Y R     NOR2BX1        2  0.6    57   112    1852    (-,-) 
  g6659__5115/Y    -       B->Y  F     NAND2X1        4  0.9    86    88    1939    (-,-) 
  g6641__5107/Y    -       AN->Y F     NAND2BX1       8  3.2   210   200    2139    (-,-) 
  Mem_reg[0][7]/SE <<<     -     F     SDFFQX1        8    -     -     0    2139    (-,-) 
#-----------------------------------------------------------------------------------------

