============================================================
  Generated by:           Genus(TM) Synthesis Solution 25.12-s067_1
  Generated on:           Aug 22 2026  04:04:22 pm
  Module:                 aFifo
  Operating conditions:   PVT_0P9V_125C (balanced_tree)
  Wireload mode:          enclosed
  Area mode:              timing library
============================================================

Timing
--------

Clock  Period 
--------------
RClk  12500.0 
WClk  10000.0 


  Cost    Critical         Violating 
 Group   Path Slack  TNS     Paths   
-------------------------------------
default    No paths   0.0            
RClk         9493.4   0.0          0 
WClk         7386.1   0.0          0 
-------------------------------------
Total                 0.0          0 

Instance Count
--------------
Leaf Instance Count             416 
Physical Instance count           0 
Sequential Instance Count       176 
Combinational Instance Count    240 
Hierarchical Instance Count       2 

Area
----
Cell Area                          1622.106
Physical Cell Area                 0.000
Total Cell Area (Cell+Physical)    1622.106
Net Area                           0.000
Total Area (Cell+Physical+Net)     1622.106

Max Fanout                         148 (WClk)
Min Fanout                         1 (Next_Read_addr_2[2])
Average Fanout                     3.1
Terms to net ratio                 4.0000
Terms to instance ratio            4.1250
Runtime                            30.721503000000002 seconds
Elapsed Runtime                    37 seconds
Genus peak memory usage            2239.12 
Innovus peak memory usage          no_value 
Hostname                           localhost
