============================================================
  Generated by:           Genus(TM) Synthesis Solution 25.12-s067_1
  Generated on:           Aug 15 2026  09:40:38 am
  Module:                 x3_curto
  Operating conditions:   PVT_1P1V_0C (balanced_tree)
  Wireload mode:          enclosed
  Area mode:              timing library
============================================================

# SETUP                  WNS  TNS    FEP 
# -----------------------------------------
 View: ALL            9612.7  0.0      0 
    Group : in2out       N/A  N/A    N/A 
    Group : in2reg    9859.7  0.0      0 
    Group : reg2out   9821.5  0.0      0 
    Group : reg2reg   9612.7  0.0      0 

# -----------------------------------------
# DRV                        WNS  TNS  FEP 
# -------------------------------------------
 View: ALL                                 
    Check: max_transition    N/A  N/A    0 
    Check: max_capacitance   N/A  N/A    0 
    Check: max_fanout        N/A  N/A    0 

# -------------------------------------------
