#! /usr/local/bin/vvp
:ivl_version "14.0 (devel)" "(s20251012-116-g98391b56b)";
:ivl_delay_selection "TYPICAL";
:vpi_time_precision + 0;
:vpi_module "/usr/local/lib/ivl/system.vpi";
:vpi_module "/usr/local/lib/ivl/vhdl_sys.vpi";
:vpi_module "/usr/local/lib/ivl/vhdl_textio.vpi";
:vpi_module "/usr/local/lib/ivl/v2005_math.vpi";
:vpi_module "/usr/local/lib/ivl/va_math.vpi";
S_0x2725bf0 .scope module, "controller_test" "controller_test" 2 1;
 .timescale 0 0;
P_0x2700ac0 .param/l "ADD" 1 2 3, +C4<00000000000000000000000000000010>;
P_0x2700b00 .param/l "AND" 1 2 3, +C4<00000000000000000000000000000011>;
P_0x2700b40 .param/l "HLT" 1 2 3, +C4<00000000000000000000000000000000>;
P_0x2700b80 .param/l "JMP" 1 2 3, +C4<00000000000000000000000000000111>;
P_0x2700bc0 .param/l "LDA" 1 2 3, +C4<00000000000000000000000000000101>;
P_0x2700c00 .param/l "SKZ" 1 2 3, +C4<00000000000000000000000000000001>;
P_0x2700c40 .param/l "STO" 1 2 3, +C4<00000000000000000000000000000110>;
P_0x2700c80 .param/l "XOR" 1 2 3, +C4<00000000000000000000000000000100>;
v0x2746cc0_0 .net "data_e", 0 0, v0x2745f70_0;  1 drivers
v0x2746d80_0 .net "halt", 0 0, v0x2746030_0;  1 drivers
v0x2746e50_0 .net "inc_pc", 0 0, v0x27460f0_0;  1 drivers
v0x2746f50_0 .net "ld_ac", 0 0, v0x27461b0_0;  1 drivers
v0x2747020_0 .net "ld_ir", 0 0, v0x2746270_0;  1 drivers
v0x2747110_0 .net "ld_pc", 0 0, v0x2746330_0;  1 drivers
v0x27471e0_0 .var "opcode", 2 0;
v0x27472b0_0 .var "phase", 2 0;
v0x2747380_0 .net "rd", 0 0, v0x27465b0_0;  1 drivers
v0x2747450_0 .net "sel", 0 0, v0x2746670_0;  1 drivers
v0x2747520_0 .net "wr", 0 0, v0x2746730_0;  1 drivers
v0x27475f0_0 .var "zero", 0 0;
S_0x26f61b0 .scope module, "controller_inst" "controller" 2 18, 3 1 0, S_0x2725bf0;
 .timescale 0 0;
    .port_info 0 /INPUT 1 "zero";
    .port_info 1 /INPUT 3 "phase";
    .port_info 2 /INPUT 3 "opcode";
    .port_info 3 /OUTPUT 1 "sel";
    .port_info 4 /OUTPUT 1 "rd";
    .port_info 5 /OUTPUT 1 "ld_ir";
    .port_info 6 /OUTPUT 1 "halt";
    .port_info 7 /OUTPUT 1 "inc_pc";
    .port_info 8 /OUTPUT 1 "ld_ac";
    .port_info 9 /OUTPUT 1 "ld_pc";
    .port_info 10 /OUTPUT 1 "wr";
    .port_info 11 /OUTPUT 1 "data_e";
L_0x26efa10 .functor OR 1, L_0x27476f0, L_0x2747810, C4<0>, C4<0>;
L_0x2747a70 .functor OR 1, L_0x26efa10, L_0x27479a0, C4<0>, C4<0>;
L_0x2747ca0 .functor OR 1, L_0x2747a70, L_0x2747b80, C4<0>, C4<0>;
L_0x7fa8d26dc018 .functor BUFT 1, C4<010>, C4<0>, C4<0>, C4<0>;
v0x26f6520_0 .net/2u *"_ivl_0", 2 0, L_0x7fa8d26dc018;  1 drivers
L_0x7fa8d26dc0a8 .functor BUFT 1, C4<100>, C4<0>, C4<0>, C4<0>;
v0x27456f0_0 .net/2u *"_ivl_10", 2 0, L_0x7fa8d26dc0a8;  1 drivers
v0x27457d0_0 .net *"_ivl_12", 0 0, L_0x27479a0;  1 drivers
v0x27458a0_0 .net *"_ivl_14", 0 0, L_0x2747a70;  1 drivers
L_0x7fa8d26dc0f0 .functor BUFT 1, C4<101>, C4<0>, C4<0>, C4<0>;
v0x2745980_0 .net/2u *"_ivl_16", 2 0, L_0x7fa8d26dc0f0;  1 drivers
v0x2745ab0_0 .net *"_ivl_18", 0 0, L_0x2747b80;  1 drivers
v0x2745b70_0 .net *"_ivl_2", 0 0, L_0x27476f0;  1 drivers
L_0x7fa8d26dc060 .functor BUFT 1, C4<011>, C4<0>, C4<0>, C4<0>;
v0x2745c30_0 .net/2u *"_ivl_4", 2 0, L_0x7fa8d26dc060;  1 drivers
v0x2745d10_0 .net *"_ivl_6", 0 0, L_0x2747810;  1 drivers
v0x2745dd0_0 .net *"_ivl_8", 0 0, L_0x26efa10;  1 drivers
v0x2745eb0_0 .net "alu_op", 0 0, L_0x2747ca0;  1 drivers
v0x2745f70_0 .var "data_e", 0 0;
v0x2746030_0 .var "halt", 0 0;
v0x27460f0_0 .var "inc_pc", 0 0;
v0x27461b0_0 .var "ld_ac", 0 0;
v0x2746270_0 .var "ld_ir", 0 0;
v0x2746330_0 .var "ld_pc", 0 0;
v0x27463f0_0 .net "opcode", 2 0, v0x27471e0_0;  1 drivers
v0x27464d0_0 .net "phase", 2 0, v0x27472b0_0;  1 drivers
v0x27465b0_0 .var "rd", 0 0;
v0x2746670_0 .var "sel", 0 0;
v0x2746730_0 .var "wr", 0 0;
v0x27467f0_0 .net "zero", 0 0, v0x27475f0_0;  1 drivers
E_0x26eddd0 .event anyedge, v0x27464d0_0, v0x27463f0_0, v0x2745eb0_0, v0x27467f0_0;
L_0x27476f0 .cmp/eq 3, v0x27471e0_0, L_0x7fa8d26dc018;
L_0x2747810 .cmp/eq 3, v0x27471e0_0, L_0x7fa8d26dc060;
L_0x27479a0 .cmp/eq 3, v0x27471e0_0, L_0x7fa8d26dc0a8;
L_0x2747b80 .cmp/eq 3, v0x27471e0_0, L_0x7fa8d26dc0f0;
S_0x2746a30 .scope task, "expect" "expect" 2 34, 2 34 0, S_0x2725bf0;
 .timescale 0 0;
v0x2746be0_0 .var "exp_out", 8 0;
TD_controller_test.expect ;
    %load/vec4 v0x2747450_0;
    %load/vec4 v0x2747380_0;
    %concat/vec4; draw_concat_vec4
    %load/vec4 v0x2747020_0;
    %concat/vec4; draw_concat_vec4
    %load/vec4 v0x2746e50_0;
    %concat/vec4; draw_concat_vec4
    %load/vec4 v0x2746d80_0;
    %concat/vec4; draw_concat_vec4
    %load/vec4 v0x2747110_0;
    %concat/vec4; draw_concat_vec4
    %load/vec4 v0x2746cc0_0;
    %concat/vec4; draw_concat_vec4
    %load/vec4 v0x2746f50_0;
    %concat/vec4; draw_concat_vec4
    %load/vec4 v0x2747520_0;
    %concat/vec4; draw_concat_vec4
    %load/vec4 v0x2746be0_0;
    %cmp/ne;
    %jmp/0xz  T_0.0, 6;
    %vpi_call 2 37 "$display", "\012TEST FAILED" {0 0 0};
    %vpi_call 2 38 "$display", "time\011opcode phase zero sel rd ld_ir inc_pc halt ld_pc data_e ld_ac wr" {0 0 0};
    %vpi_call 2 39 "$display", "====\011====== ===== ==== === == ===== ====== ==== ===== ====== ===== ==" {0 0 0};
    %vpi_call 2 40 "$display", "%0d\011%d      %d     %b    %b   %b  %b     %b      %b    %b     %b      %b     %b", $time, v0x27471e0_0, v0x27472b0_0, v0x27475f0_0, v0x2747450_0, v0x2747380_0, v0x2747020_0, v0x2746e50_0, v0x2746d80_0, v0x2747110_0, v0x2746cc0_0, v0x2746f50_0, v0x2747520_0 {0 0 0};
    %vpi_call 2 43 "$display", "WANT\011                  %b   %b  %b     %b      %b    %b     %b      %b     %b", &PV<v0x2746be0_0, 8, 1>, &PV<v0x2746be0_0, 7, 1>, &PV<v0x2746be0_0, 6, 1>, &PV<v0x2746be0_0, 5, 1>, &PV<v0x2746be0_0, 4, 1>, &PV<v0x2746be0_0, 3, 1>, &PV<v0x2746be0_0, 2, 1>, &PV<v0x2746be0_0, 1, 1>, &PV<v0x2746be0_0, 0, 1> {0 0 0};
    %vpi_call 2 45 "$finish" {0 0 0};
T_0.0 ;
    %end;
    .scope S_0x26f61b0;
T_1 ;
    %wait E_0x26eddd0;
    %pushi/vec4 0, 0, 1;
    %store/vec4 v0x2746670_0, 0, 1;
    %pushi/vec4 0, 0, 1;
    %store/vec4 v0x27465b0_0, 0, 1;
    %pushi/vec4 0, 0, 1;
    %store/vec4 v0x2746270_0, 0, 1;
    %pushi/vec4 0, 0, 1;
    %store/vec4 v0x2746030_0, 0, 1;
    %pushi/vec4 0, 0, 1;
    %store/vec4 v0x27460f0_0, 0, 1;
    %pushi/vec4 0, 0, 1;
    %store/vec4 v0x27461b0_0, 0, 1;
    %pushi/vec4 0, 0, 1;
    %store/vec4 v0x2746330_0, 0, 1;
    %pushi/vec4 0, 0, 1;
    %store/vec4 v0x2746730_0, 0, 1;
    %pushi/vec4 0, 0, 1;
    %store/vec4 v0x2745f70_0, 0, 1;
    %load/vec4 v0x27464d0_0;
    %dup/vec4;
    %pushi/vec4 0, 0, 3;
    %cmp/u;
    %jmp/1 T_1.0, 6;
    %dup/vec4;
    %pushi/vec4 1, 0, 3;
    %cmp/u;
    %jmp/1 T_1.1, 6;
    %dup/vec4;
    %pushi/vec4 2, 0, 3;
    %cmp/u;
    %jmp/1 T_1.2, 6;
    %dup/vec4;
    %pushi/vec4 3, 0, 3;
    %cmp/u;
    %jmp/1 T_1.3, 6;
    %dup/vec4;
    %pushi/vec4 4, 0, 3;
    %cmp/u;
    %jmp/1 T_1.4, 6;
    %dup/vec4;
    %pushi/vec4 5, 0, 3;
    %cmp/u;
    %jmp/1 T_1.5, 6;
    %dup/vec4;
    %pushi/vec4 6, 0, 3;
    %cmp/u;
    %jmp/1 T_1.6, 6;
    %dup/vec4;
    %pushi/vec4 7, 0, 3;
    %cmp/u;
    %jmp/1 T_1.7, 6;
    %jmp T_1.8;
T_1.0 ;
    %pushi/vec4 1, 0, 1;
    %store/vec4 v0x2746670_0, 0, 1;
    %jmp T_1.8;
T_1.1 ;
    %pushi/vec4 1, 0, 1;
    %store/vec4 v0x2746670_0, 0, 1;
    %pushi/vec4 1, 0, 1;
    %store/vec4 v0x27465b0_0, 0, 1;
    %jmp T_1.8;
T_1.2 ;
    %pushi/vec4 1, 0, 1;
    %store/vec4 v0x2746670_0, 0, 1;
    %pushi/vec4 1, 0, 1;
    %store/vec4 v0x27465b0_0, 0, 1;
    %pushi/vec4 1, 0, 1;
    %store/vec4 v0x2746270_0, 0, 1;
    %jmp T_1.8;
T_1.3 ;
    %pushi/vec4 1, 0, 1;
    %store/vec4 v0x2746670_0, 0, 1;
    %pushi/vec4 1, 0, 1;
    %store/vec4 v0x27465b0_0, 0, 1;
    %pushi/vec4 1, 0, 1;
    %store/vec4 v0x2746270_0, 0, 1;
    %jmp T_1.8;
T_1.4 ;
    %load/vec4 v0x27463f0_0;
    %pushi/vec4 0, 0, 3;
    %cmp/e;
    %flag_get/vec4 4;
    %store/vec4 v0x2746030_0, 0, 1;
    %pushi/vec4 1, 0, 1;
    %store/vec4 v0x27460f0_0, 0, 1;
    %jmp T_1.8;
T_1.5 ;
    %load/vec4 v0x2745eb0_0;
    %store/vec4 v0x27465b0_0, 0, 1;
    %jmp T_1.8;
T_1.6 ;
    %load/vec4 v0x2745eb0_0;
    %store/vec4 v0x27465b0_0, 0, 1;
    %load/vec4 v0x27467f0_0;
    %flag_set/vec4 8;
    %flag_get/vec4 8;
    %jmp/0 T_1.9, 8;
    %load/vec4 v0x27463f0_0;
    %pushi/vec4 1, 0, 3;
    %cmp/e;
    %flag_get/vec4 4;
    %and;
T_1.9;
    %store/vec4 v0x27460f0_0, 0, 1;
    %load/vec4 v0x27463f0_0;
    %pushi/vec4 7, 0, 3;
    %cmp/e;
    %flag_get/vec4 4;
    %store/vec4 v0x2746330_0, 0, 1;
    %load/vec4 v0x27463f0_0;
    %pushi/vec4 6, 0, 3;
    %cmp/e;
    %flag_get/vec4 4;
    %store/vec4 v0x2745f70_0, 0, 1;
    %jmp T_1.8;
T_1.7 ;
    %load/vec4 v0x2745eb0_0;
    %store/vec4 v0x27465b0_0, 0, 1;
    %load/vec4 v0x2745eb0_0;
    %store/vec4 v0x27461b0_0, 0, 1;
    %load/vec4 v0x27463f0_0;
    %pushi/vec4 7, 0, 3;
    %cmp/e;
    %flag_get/vec4 4;
    %store/vec4 v0x2746330_0, 0, 1;
    %load/vec4 v0x27463f0_0;
    %pushi/vec4 6, 0, 3;
    %cmp/e;
    %flag_get/vec4 4;
    %store/vec4 v0x2746730_0, 0, 1;
    %load/vec4 v0x27463f0_0;
    %pushi/vec4 6, 0, 3;
    %cmp/e;
    %flag_get/vec4 4;
    %store/vec4 v0x2745f70_0, 0, 1;
    %jmp T_1.8;
T_1.8 ;
    %pop/vec4 1;
    %jmp T_1;
    .thread T_1, $push;
    .scope S_0x2725bf0;
T_2 ;
    %pushi/vec4 0, 0, 1;
    %store/vec4 v0x27475f0_0, 0, 1;
    %vpi_call 2 53 "$write", "Testing opcode HLT phase" {0 0 0};
    %pushi/vec4 0, 0, 3;
    %store/vec4 v0x27471e0_0, 0, 3;
    %vpi_call 2 54 "$write", " 0" {0 0 0};
    %pushi/vec4 0, 0, 3;
    %store/vec4 v0x27472b0_0, 0, 3;
    %delay 1, 0;
    %pushi/vec4 256, 0, 9;
    %store/vec4 v0x2746be0_0, 0, 9;
    %fork TD_controller_test.expect, S_0x2746a30;
    %join;
    %vpi_call 2 55 "$write", " 1" {0 0 0};
    %pushi/vec4 1, 0, 3;
    %store/vec4 v0x27472b0_0, 0, 3;
    %delay 1, 0;
    %pushi/vec4 384, 0, 9;
    %store/vec4 v0x2746be0_0, 0, 9;
    %fork TD_controller_test.expect, S_0x2746a30;
    %join;
    %vpi_call 2 56 "$write", " 2" {0 0 0};
    %pushi/vec4 2, 0, 3;
    %store/vec4 v0x27472b0_0, 0, 3;
    %delay 1, 0;
    %pushi/vec4 448, 0, 9;
    %store/vec4 v0x2746be0_0, 0, 9;
    %fork TD_controller_test.expect, S_0x2746a30;
    %join;
    %vpi_call 2 57 "$write", " 3" {0 0 0};
    %pushi/vec4 3, 0, 3;
    %store/vec4 v0x27472b0_0, 0, 3;
    %delay 1, 0;
    %pushi/vec4 448, 0, 9;
    %store/vec4 v0x2746be0_0, 0, 9;
    %fork TD_controller_test.expect, S_0x2746a30;
    %join;
    %vpi_call 2 58 "$write", " 4" {0 0 0};
    %pushi/vec4 4, 0, 3;
    %store/vec4 v0x27472b0_0, 0, 3;
    %delay 1, 0;
    %pushi/vec4 48, 0, 9;
    %store/vec4 v0x2746be0_0, 0, 9;
    %fork TD_controller_test.expect, S_0x2746a30;
    %join;
    %vpi_call 2 59 "$write", " 5" {0 0 0};
    %pushi/vec4 5, 0, 3;
    %store/vec4 v0x27472b0_0, 0, 3;
    %delay 1, 0;
    %pushi/vec4 0, 0, 9;
    %store/vec4 v0x2746be0_0, 0, 9;
    %fork TD_controller_test.expect, S_0x2746a30;
    %join;
    %vpi_call 2 60 "$write", " 6" {0 0 0};
    %pushi/vec4 6, 0, 3;
    %store/vec4 v0x27472b0_0, 0, 3;
    %delay 1, 0;
    %pushi/vec4 0, 0, 9;
    %store/vec4 v0x2746be0_0, 0, 9;
    %fork TD_controller_test.expect, S_0x2746a30;
    %join;
    %vpi_call 2 61 "$write", " 7" {0 0 0};
    %pushi/vec4 7, 0, 3;
    %store/vec4 v0x27472b0_0, 0, 3;
    %delay 1, 0;
    %pushi/vec4 0, 0, 9;
    %store/vec4 v0x2746be0_0, 0, 9;
    %fork TD_controller_test.expect, S_0x2746a30;
    %join;
    %vpi_call 2 62 "$write", "\012" {0 0 0};
    %vpi_call 2 64 "$write", "Testing opcode SKZ phase" {0 0 0};
    %pushi/vec4 1, 0, 3;
    %store/vec4 v0x27471e0_0, 0, 3;
    %vpi_call 2 65 "$write", " 0" {0 0 0};
    %pushi/vec4 0, 0, 3;
    %store/vec4 v0x27472b0_0, 0, 3;
    %delay 1, 0;
    %pushi/vec4 256, 0, 9;
    %store/vec4 v0x2746be0_0, 0, 9;
    %fork TD_controller_test.expect, S_0x2746a30;
    %join;
    %vpi_call 2 66 "$write", " 1" {0 0 0};
    %pushi/vec4 1, 0, 3;
    %store/vec4 v0x27472b0_0, 0, 3;
    %delay 1, 0;
    %pushi/vec4 384, 0, 9;
    %store/vec4 v0x2746be0_0, 0, 9;
    %fork TD_controller_test.expect, S_0x2746a30;
    %join;
    %vpi_call 2 67 "$write", " 2" {0 0 0};
    %pushi/vec4 2, 0, 3;
    %store/vec4 v0x27472b0_0, 0, 3;
    %delay 1, 0;
    %pushi/vec4 448, 0, 9;
    %store/vec4 v0x2746be0_0, 0, 9;
    %fork TD_controller_test.expect, S_0x2746a30;
    %join;
    %vpi_call 2 68 "$write", " 3" {0 0 0};
    %pushi/vec4 3, 0, 3;
    %store/vec4 v0x27472b0_0, 0, 3;
    %delay 1, 0;
    %pushi/vec4 448, 0, 9;
    %store/vec4 v0x2746be0_0, 0, 9;
    %fork TD_controller_test.expect, S_0x2746a30;
    %join;
    %vpi_call 2 69 "$write", " 4" {0 0 0};
    %pushi/vec4 4, 0, 3;
    %store/vec4 v0x27472b0_0, 0, 3;
    %delay 1, 0;
    %pushi/vec4 32, 0, 9;
    %store/vec4 v0x2746be0_0, 0, 9;
    %fork TD_controller_test.expect, S_0x2746a30;
    %join;
    %vpi_call 2 70 "$write", " 5" {0 0 0};
    %pushi/vec4 5, 0, 3;
    %store/vec4 v0x27472b0_0, 0, 3;
    %delay 1, 0;
    %pushi/vec4 0, 0, 9;
    %store/vec4 v0x2746be0_0, 0, 9;
    %fork TD_controller_test.expect, S_0x2746a30;
    %join;
    %vpi_call 2 71 "$write", " 6" {0 0 0};
    %pushi/vec4 6, 0, 3;
    %store/vec4 v0x27472b0_0, 0, 3;
    %delay 1, 0;
    %pushi/vec4 0, 0, 9;
    %store/vec4 v0x2746be0_0, 0, 9;
    %fork TD_controller_test.expect, S_0x2746a30;
    %join;
    %pushi/vec4 1, 0, 1;
    %store/vec4 v0x27475f0_0, 0, 1;
    %delay 1, 0;
    %pushi/vec4 32, 0, 9;
    %store/vec4 v0x2746be0_0, 0, 9;
    %fork TD_controller_test.expect, S_0x2746a30;
    %join;
    %vpi_call 2 73 "$write", " 7" {0 0 0};
    %pushi/vec4 7, 0, 3;
    %store/vec4 v0x27472b0_0, 0, 3;
    %delay 1, 0;
    %pushi/vec4 0, 0, 9;
    %store/vec4 v0x2746be0_0, 0, 9;
    %fork TD_controller_test.expect, S_0x2746a30;
    %join;
    %vpi_call 2 74 "$write", "\012" {0 0 0};
    %vpi_call 2 76 "$write", "Testing opcode ADD phase" {0 0 0};
    %pushi/vec4 2, 0, 3;
    %store/vec4 v0x27471e0_0, 0, 3;
    %vpi_call 2 77 "$write", " 0" {0 0 0};
    %pushi/vec4 0, 0, 3;
    %store/vec4 v0x27472b0_0, 0, 3;
    %delay 1, 0;
    %pushi/vec4 256, 0, 9;
    %store/vec4 v0x2746be0_0, 0, 9;
    %fork TD_controller_test.expect, S_0x2746a30;
    %join;
    %vpi_call 2 78 "$write", " 1" {0 0 0};
    %pushi/vec4 1, 0, 3;
    %store/vec4 v0x27472b0_0, 0, 3;
    %delay 1, 0;
    %pushi/vec4 384, 0, 9;
    %store/vec4 v0x2746be0_0, 0, 9;
    %fork TD_controller_test.expect, S_0x2746a30;
    %join;
    %vpi_call 2 79 "$write", " 2" {0 0 0};
    %pushi/vec4 2, 0, 3;
    %store/vec4 v0x27472b0_0, 0, 3;
    %delay 1, 0;
    %pushi/vec4 448, 0, 9;
    %store/vec4 v0x2746be0_0, 0, 9;
    %fork TD_controller_test.expect, S_0x2746a30;
    %join;
    %vpi_call 2 80 "$write", " 3" {0 0 0};
    %pushi/vec4 3, 0, 3;
    %store/vec4 v0x27472b0_0, 0, 3;
    %delay 1, 0;
    %pushi/vec4 448, 0, 9;
    %store/vec4 v0x2746be0_0, 0, 9;
    %fork TD_controller_test.expect, S_0x2746a30;
    %join;
    %vpi_call 2 81 "$write", " 4" {0 0 0};
    %pushi/vec4 4, 0, 3;
    %store/vec4 v0x27472b0_0, 0, 3;
    %delay 1, 0;
    %pushi/vec4 32, 0, 9;
    %store/vec4 v0x2746be0_0, 0, 9;
    %fork TD_controller_test.expect, S_0x2746a30;
    %join;
    %vpi_call 2 82 "$write", " 5" {0 0 0};
    %pushi/vec4 5, 0, 3;
    %store/vec4 v0x27472b0_0, 0, 3;
    %delay 1, 0;
    %pushi/vec4 128, 0, 9;
    %store/vec4 v0x2746be0_0, 0, 9;
    %fork TD_controller_test.expect, S_0x2746a30;
    %join;
    %vpi_call 2 83 "$write", " 6" {0 0 0};
    %pushi/vec4 6, 0, 3;
    %store/vec4 v0x27472b0_0, 0, 3;
    %delay 1, 0;
    %pushi/vec4 128, 0, 9;
    %store/vec4 v0x2746be0_0, 0, 9;
    %fork TD_controller_test.expect, S_0x2746a30;
    %join;
    %vpi_call 2 84 "$write", " 7" {0 0 0};
    %pushi/vec4 7, 0, 3;
    %store/vec4 v0x27472b0_0, 0, 3;
    %delay 1, 0;
    %pushi/vec4 130, 0, 9;
    %store/vec4 v0x2746be0_0, 0, 9;
    %fork TD_controller_test.expect, S_0x2746a30;
    %join;
    %vpi_call 2 85 "$write", "\012" {0 0 0};
    %vpi_call 2 87 "$write", "Testing opcode AND phase" {0 0 0};
    %pushi/vec4 3, 0, 3;
    %store/vec4 v0x27471e0_0, 0, 3;
    %vpi_call 2 88 "$write", " 0" {0 0 0};
    %pushi/vec4 0, 0, 3;
    %store/vec4 v0x27472b0_0, 0, 3;
    %delay 1, 0;
    %pushi/vec4 256, 0, 9;
    %store/vec4 v0x2746be0_0, 0, 9;
    %fork TD_controller_test.expect, S_0x2746a30;
    %join;
    %vpi_call 2 89 "$write", " 1" {0 0 0};
    %pushi/vec4 1, 0, 3;
    %store/vec4 v0x27472b0_0, 0, 3;
    %delay 1, 0;
    %pushi/vec4 384, 0, 9;
    %store/vec4 v0x2746be0_0, 0, 9;
    %fork TD_controller_test.expect, S_0x2746a30;
    %join;
    %vpi_call 2 90 "$write", " 2" {0 0 0};
    %pushi/vec4 2, 0, 3;
    %store/vec4 v0x27472b0_0, 0, 3;
    %delay 1, 0;
    %pushi/vec4 448, 0, 9;
    %store/vec4 v0x2746be0_0, 0, 9;
    %fork TD_controller_test.expect, S_0x2746a30;
    %join;
    %vpi_call 2 91 "$write", " 3" {0 0 0};
    %pushi/vec4 3, 0, 3;
    %store/vec4 v0x27472b0_0, 0, 3;
    %delay 1, 0;
    %pushi/vec4 448, 0, 9;
    %store/vec4 v0x2746be0_0, 0, 9;
    %fork TD_controller_test.expect, S_0x2746a30;
    %join;
    %vpi_call 2 92 "$write", " 4" {0 0 0};
    %pushi/vec4 4, 0, 3;
    %store/vec4 v0x27472b0_0, 0, 3;
    %delay 1, 0;
    %pushi/vec4 32, 0, 9;
    %store/vec4 v0x2746be0_0, 0, 9;
    %fork TD_controller_test.expect, S_0x2746a30;
    %join;
    %vpi_call 2 93 "$write", " 5" {0 0 0};
    %pushi/vec4 5, 0, 3;
    %store/vec4 v0x27472b0_0, 0, 3;
    %delay 1, 0;
    %pushi/vec4 128, 0, 9;
    %store/vec4 v0x2746be0_0, 0, 9;
    %fork TD_controller_test.expect, S_0x2746a30;
    %join;
    %vpi_call 2 94 "$write", " 6" {0 0 0};
    %pushi/vec4 6, 0, 3;
    %store/vec4 v0x27472b0_0, 0, 3;
    %delay 1, 0;
    %pushi/vec4 128, 0, 9;
    %store/vec4 v0x2746be0_0, 0, 9;
    %fork TD_controller_test.expect, S_0x2746a30;
    %join;
    %vpi_call 2 95 "$write", " 7" {0 0 0};
    %pushi/vec4 7, 0, 3;
    %store/vec4 v0x27472b0_0, 0, 3;
    %delay 1, 0;
    %pushi/vec4 130, 0, 9;
    %store/vec4 v0x2746be0_0, 0, 9;
    %fork TD_controller_test.expect, S_0x2746a30;
    %join;
    %vpi_call 2 96 "$write", "\012" {0 0 0};
    %vpi_call 2 98 "$write", "Testing opcode XOR phase" {0 0 0};
    %pushi/vec4 4, 0, 3;
    %store/vec4 v0x27471e0_0, 0, 3;
    %vpi_call 2 99 "$write", " 0" {0 0 0};
    %pushi/vec4 0, 0, 3;
    %store/vec4 v0x27472b0_0, 0, 3;
    %delay 1, 0;
    %pushi/vec4 256, 0, 9;
    %store/vec4 v0x2746be0_0, 0, 9;
    %fork TD_controller_test.expect, S_0x2746a30;
    %join;
    %vpi_call 2 100 "$write", " 1" {0 0 0};
    %pushi/vec4 1, 0, 3;
    %store/vec4 v0x27472b0_0, 0, 3;
    %delay 1, 0;
    %pushi/vec4 384, 0, 9;
    %store/vec4 v0x2746be0_0, 0, 9;
    %fork TD_controller_test.expect, S_0x2746a30;
    %join;
    %vpi_call 2 101 "$write", " 2" {0 0 0};
    %pushi/vec4 2, 0, 3;
    %store/vec4 v0x27472b0_0, 0, 3;
    %delay 1, 0;
    %pushi/vec4 448, 0, 9;
    %store/vec4 v0x2746be0_0, 0, 9;
    %fork TD_controller_test.expect, S_0x2746a30;
    %join;
    %vpi_call 2 102 "$write", " 3" {0 0 0};
    %pushi/vec4 3, 0, 3;
    %store/vec4 v0x27472b0_0, 0, 3;
    %delay 1, 0;
    %pushi/vec4 448, 0, 9;
    %store/vec4 v0x2746be0_0, 0, 9;
    %fork TD_controller_test.expect, S_0x2746a30;
    %join;
    %vpi_call 2 103 "$write", " 4" {0 0 0};
    %pushi/vec4 4, 0, 3;
    %store/vec4 v0x27472b0_0, 0, 3;
    %delay 1, 0;
    %pushi/vec4 32, 0, 9;
    %store/vec4 v0x2746be0_0, 0, 9;
    %fork TD_controller_test.expect, S_0x2746a30;
    %join;
    %vpi_call 2 104 "$write", " 5" {0 0 0};
    %pushi/vec4 5, 0, 3;
    %store/vec4 v0x27472b0_0, 0, 3;
    %delay 1, 0;
    %pushi/vec4 128, 0, 9;
    %store/vec4 v0x2746be0_0, 0, 9;
    %fork TD_controller_test.expect, S_0x2746a30;
    %join;
    %vpi_call 2 105 "$write", " 6" {0 0 0};
    %pushi/vec4 6, 0, 3;
    %store/vec4 v0x27472b0_0, 0, 3;
    %delay 1, 0;
    %pushi/vec4 128, 0, 9;
    %store/vec4 v0x2746be0_0, 0, 9;
    %fork TD_controller_test.expect, S_0x2746a30;
    %join;
    %vpi_call 2 106 "$write", " 7" {0 0 0};
    %pushi/vec4 7, 0, 3;
    %store/vec4 v0x27472b0_0, 0, 3;
    %delay 1, 0;
    %pushi/vec4 130, 0, 9;
    %store/vec4 v0x2746be0_0, 0, 9;
    %fork TD_controller_test.expect, S_0x2746a30;
    %join;
    %vpi_call 2 107 "$write", "\012" {0 0 0};
    %vpi_call 2 109 "$write", "Testing opcode LDA phase" {0 0 0};
    %pushi/vec4 5, 0, 3;
    %store/vec4 v0x27471e0_0, 0, 3;
    %vpi_call 2 110 "$write", " 0" {0 0 0};
    %pushi/vec4 0, 0, 3;
    %store/vec4 v0x27472b0_0, 0, 3;
    %delay 1, 0;
    %pushi/vec4 256, 0, 9;
    %store/vec4 v0x2746be0_0, 0, 9;
    %fork TD_controller_test.expect, S_0x2746a30;
    %join;
    %vpi_call 2 111 "$write", " 1" {0 0 0};
    %pushi/vec4 1, 0, 3;
    %store/vec4 v0x27472b0_0, 0, 3;
    %delay 1, 0;
    %pushi/vec4 384, 0, 9;
    %store/vec4 v0x2746be0_0, 0, 9;
    %fork TD_controller_test.expect, S_0x2746a30;
    %join;
    %vpi_call 2 112 "$write", " 2" {0 0 0};
    %pushi/vec4 2, 0, 3;
    %store/vec4 v0x27472b0_0, 0, 3;
    %delay 1, 0;
    %pushi/vec4 448, 0, 9;
    %store/vec4 v0x2746be0_0, 0, 9;
    %fork TD_controller_test.expect, S_0x2746a30;
    %join;
    %vpi_call 2 113 "$write", " 3" {0 0 0};
    %pushi/vec4 3, 0, 3;
    %store/vec4 v0x27472b0_0, 0, 3;
    %delay 1, 0;
    %pushi/vec4 448, 0, 9;
    %store/vec4 v0x2746be0_0, 0, 9;
    %fork TD_controller_test.expect, S_0x2746a30;
    %join;
    %vpi_call 2 114 "$write", " 4" {0 0 0};
    %pushi/vec4 4, 0, 3;
    %store/vec4 v0x27472b0_0, 0, 3;
    %delay 1, 0;
    %pushi/vec4 32, 0, 9;
    %store/vec4 v0x2746be0_0, 0, 9;
    %fork TD_controller_test.expect, S_0x2746a30;
    %join;
    %vpi_call 2 115 "$write", " 5" {0 0 0};
    %pushi/vec4 5, 0, 3;
    %store/vec4 v0x27472b0_0, 0, 3;
    %delay 1, 0;
    %pushi/vec4 128, 0, 9;
    %store/vec4 v0x2746be0_0, 0, 9;
    %fork TD_controller_test.expect, S_0x2746a30;
    %join;
    %vpi_call 2 116 "$write", " 6" {0 0 0};
    %pushi/vec4 6, 0, 3;
    %store/vec4 v0x27472b0_0, 0, 3;
    %delay 1, 0;
    %pushi/vec4 128, 0, 9;
    %store/vec4 v0x2746be0_0, 0, 9;
    %fork TD_controller_test.expect, S_0x2746a30;
    %join;
    %vpi_call 2 117 "$write", " 7" {0 0 0};
    %pushi/vec4 7, 0, 3;
    %store/vec4 v0x27472b0_0, 0, 3;
    %delay 1, 0;
    %pushi/vec4 130, 0, 9;
    %store/vec4 v0x2746be0_0, 0, 9;
    %fork TD_controller_test.expect, S_0x2746a30;
    %join;
    %vpi_call 2 118 "$write", "\012" {0 0 0};
    %vpi_call 2 120 "$write", "Testing opcode STO phase" {0 0 0};
    %pushi/vec4 6, 0, 3;
    %store/vec4 v0x27471e0_0, 0, 3;
    %vpi_call 2 121 "$write", " 0" {0 0 0};
    %pushi/vec4 0, 0, 3;
    %store/vec4 v0x27472b0_0, 0, 3;
    %delay 1, 0;
    %pushi/vec4 256, 0, 9;
    %store/vec4 v0x2746be0_0, 0, 9;
    %fork TD_controller_test.expect, S_0x2746a30;
    %join;
    %vpi_call 2 122 "$write", " 1" {0 0 0};
    %pushi/vec4 1, 0, 3;
    %store/vec4 v0x27472b0_0, 0, 3;
    %delay 1, 0;
    %pushi/vec4 384, 0, 9;
    %store/vec4 v0x2746be0_0, 0, 9;
    %fork TD_controller_test.expect, S_0x2746a30;
    %join;
    %vpi_call 2 123 "$write", " 2" {0 0 0};
    %pushi/vec4 2, 0, 3;
    %store/vec4 v0x27472b0_0, 0, 3;
    %delay 1, 0;
    %pushi/vec4 448, 0, 9;
    %store/vec4 v0x2746be0_0, 0, 9;
    %fork TD_controller_test.expect, S_0x2746a30;
    %join;
    %vpi_call 2 124 "$write", " 3" {0 0 0};
    %pushi/vec4 3, 0, 3;
    %store/vec4 v0x27472b0_0, 0, 3;
    %delay 1, 0;
    %pushi/vec4 448, 0, 9;
    %store/vec4 v0x2746be0_0, 0, 9;
    %fork TD_controller_test.expect, S_0x2746a30;
    %join;
    %vpi_call 2 125 "$write", " 4" {0 0 0};
    %pushi/vec4 4, 0, 3;
    %store/vec4 v0x27472b0_0, 0, 3;
    %delay 1, 0;
    %pushi/vec4 32, 0, 9;
    %store/vec4 v0x2746be0_0, 0, 9;
    %fork TD_controller_test.expect, S_0x2746a30;
    %join;
    %vpi_call 2 126 "$write", " 5" {0 0 0};
    %pushi/vec4 5, 0, 3;
    %store/vec4 v0x27472b0_0, 0, 3;
    %delay 1, 0;
    %pushi/vec4 0, 0, 9;
    %store/vec4 v0x2746be0_0, 0, 9;
    %fork TD_controller_test.expect, S_0x2746a30;
    %join;
    %vpi_call 2 127 "$write", " 6" {0 0 0};
    %pushi/vec4 6, 0, 3;
    %store/vec4 v0x27472b0_0, 0, 3;
    %delay 1, 0;
    %pushi/vec4 4, 0, 9;
    %store/vec4 v0x2746be0_0, 0, 9;
    %fork TD_controller_test.expect, S_0x2746a30;
    %join;
    %vpi_call 2 128 "$write", " 7" {0 0 0};
    %pushi/vec4 7, 0, 3;
    %store/vec4 v0x27472b0_0, 0, 3;
    %delay 1, 0;
    %pushi/vec4 5, 0, 9;
    %store/vec4 v0x2746be0_0, 0, 9;
    %fork TD_controller_test.expect, S_0x2746a30;
    %join;
    %vpi_call 2 129 "$write", "\012" {0 0 0};
    %vpi_call 2 131 "$write", "Testing opcode JMP phase" {0 0 0};
    %pushi/vec4 7, 0, 3;
    %store/vec4 v0x27471e0_0, 0, 3;
    %vpi_call 2 132 "$write", " 0" {0 0 0};
    %pushi/vec4 0, 0, 3;
    %store/vec4 v0x27472b0_0, 0, 3;
    %delay 1, 0;
    %pushi/vec4 256, 0, 9;
    %store/vec4 v0x2746be0_0, 0, 9;
    %fork TD_controller_test.expect, S_0x2746a30;
    %join;
    %vpi_call 2 133 "$write", " 1" {0 0 0};
    %pushi/vec4 1, 0, 3;
    %store/vec4 v0x27472b0_0, 0, 3;
    %delay 1, 0;
    %pushi/vec4 384, 0, 9;
    %store/vec4 v0x2746be0_0, 0, 9;
    %fork TD_controller_test.expect, S_0x2746a30;
    %join;
    %vpi_call 2 134 "$write", " 2" {0 0 0};
    %pushi/vec4 2, 0, 3;
    %store/vec4 v0x27472b0_0, 0, 3;
    %delay 1, 0;
    %pushi/vec4 448, 0, 9;
    %store/vec4 v0x2746be0_0, 0, 9;
    %fork TD_controller_test.expect, S_0x2746a30;
    %join;
    %vpi_call 2 135 "$write", " 3" {0 0 0};
    %pushi/vec4 3, 0, 3;
    %store/vec4 v0x27472b0_0, 0, 3;
    %delay 1, 0;
    %pushi/vec4 448, 0, 9;
    %store/vec4 v0x2746be0_0, 0, 9;
    %fork TD_controller_test.expect, S_0x2746a30;
    %join;
    %vpi_call 2 136 "$write", " 4" {0 0 0};
    %pushi/vec4 4, 0, 3;
    %store/vec4 v0x27472b0_0, 0, 3;
    %delay 1, 0;
    %pushi/vec4 32, 0, 9;
    %store/vec4 v0x2746be0_0, 0, 9;
    %fork TD_controller_test.expect, S_0x2746a30;
    %join;
    %vpi_call 2 137 "$write", " 5" {0 0 0};
    %pushi/vec4 5, 0, 3;
    %store/vec4 v0x27472b0_0, 0, 3;
    %delay 1, 0;
    %pushi/vec4 0, 0, 9;
    %store/vec4 v0x2746be0_0, 0, 9;
    %fork TD_controller_test.expect, S_0x2746a30;
    %join;
    %vpi_call 2 138 "$write", " 6" {0 0 0};
    %pushi/vec4 6, 0, 3;
    %store/vec4 v0x27472b0_0, 0, 3;
    %delay 1, 0;
    %pushi/vec4 8, 0, 9;
    %store/vec4 v0x2746be0_0, 0, 9;
    %fork TD_controller_test.expect, S_0x2746a30;
    %join;
    %vpi_call 2 139 "$write", " 7" {0 0 0};
    %pushi/vec4 7, 0, 3;
    %store/vec4 v0x27472b0_0, 0, 3;
    %delay 1, 0;
    %pushi/vec4 8, 0, 9;
    %store/vec4 v0x2746be0_0, 0, 9;
    %fork TD_controller_test.expect, S_0x2746a30;
    %join;
    %vpi_call 2 141 "$display", "\012TEST PASSED" {0 0 0};
    %vpi_call 2 142 "$finish" {0 0 0};
    %end;
    .thread T_2;
# The file index is used to find the file name in the following table.
:file_names 4;
    "N/A";
    "<interactive>";
    "controller_test.v";
    "controller.v";
