============================================================
  Generated by:           Genus(TM) Synthesis Solution 25.12-s067_1
  Generated on:           Aug 07 2026  08:35:34 pm
  Module:                 mac_param
  Operating conditions:   PVT_0P9V_125C (balanced_tree)
  Wireload mode:          enclosed
  Area mode:              timing library
============================================================

Timing
--------

Clock Period 
-------------
clk    420.0 


  Cost    Critical              Violating 
 Group   Path Slack     TNS       Paths   
------------------------------------------
clk         -1438.6   -36129.4         38 
default    No paths        0.0            
------------------------------------------
Total                 -36129.4         38 

Instance Count
--------------
Leaf Instance Count             531 
Physical Instance count           0 
Sequential Instance Count        38 
Combinational Instance Count    493 
Hierarchical Instance Count       0 

Area
----
Cell Area                          1365.948
Physical Cell Area                 0.000
Total Cell Area (Cell+Physical)    1365.948
Net Area                           0.000
Total Area (Cell+Physical+Net)     1365.948

Max Fanout                         38 (clk)
Min Fanout                         0 (rst_n)
Average Fanout                     1.9
Terms to net ratio                 2.8908
Terms to instance ratio            3.2392
Runtime                            39.168048000000006 seconds
Elapsed Runtime                    47 seconds
Genus peak memory usage            2253.57 
Innovus peak memory usage          no_value 
Hostname                           localhost
