============================================================
  Generated by:           Genus(TM) Synthesis Solution 25.12-s067_1
  Generated on:           Aug 07 2026  09:01:08 pm
  Module:                 mac_param
  Operating conditions:   PVT_0P9V_125C (balanced_tree)
  Wireload mode:          enclosed
  Area mode:              timing library
============================================================


Path 1: VIOLATED (-1439 ps) Setup Check with Pin result_reg[17]/CK->D
          Group: clk
     Startpoint: (R) result_reg[9]/CK
          Clock: (R) clk
       Endpoint: (R) result_reg[17]/D
          Clock: (R) clk

                     Capture       Launch     
        Clock Edge:+     420            0     
       Src Latency:+       0            0     
       Net Latency:+       0 (I)        0 (I) 
           Arrival:=     420            0     
                                              
             Setup:-     127                  
     Required Time:=     293                  
      Launch Clock:-       0                  
         Data Path:-    1732                  
             Slack:=   -1439                  

#-------------------------------------------------------------------------------------------------------------------
#               Timing Point                Flags    Arc   Edge   Cell     Fanout Load Trans Delay Arrival Instance 
#                                                                                 (fF)  (ps)  (ps)   (ps)  Location 
#-------------------------------------------------------------------------------------------------------------------
  result_reg[9]/CK                          -       -      R     (arrival)     38    -     0     0       0    (-,-) 
  result_reg[9]/Q                           -       CK->Q  R     DFFRHQX1       2  0.8    31   236     236    (-,-) 
  csa_tree_ADD_TC_OP_groupi_g6322__8246/Y   -       B->Y   F     CLKXOR2X1      1  0.8    38   152     389    (-,-) 
  csa_tree_ADD_TC_OP_groupi_g6230__1666/S   -       CI->S  R     ADDFHXL        2  1.1    49   255     643    (-,-) 
  csa_tree_ADD_TC_OP_groupi_g6192__6161/Y   -       B->Y   R     XNOR3X1        2  0.8    39   263     906    (-,-) 
  csa_tree_ADD_TC_OP_groupi_g2_0__1881/Y    -       S0->Y  F     MX2XL          1  0.3    30   139    1045    (-,-) 
  csa_tree_ADD_TC_OP_groupi_g6134__3680/Y   -       B->Y   R     NOR2BX1        2  0.4    45    46    1092    (-,-) 
  g6489/Y                                   -       A1N->Y R     AOI2BB1X1      2  0.6    55    96    1187    (-,-) 
  csa_tree_ADD_TC_OP_groupi_g6113__4733/Y   -       B->Y   F     NAND2X1        1  0.7    76    80    1268    (-,-) 
  csa_tree_ADD_TC_OP_groupi_g6112__7482/Y   -       B->Y   R     NAND2X2        1  0.8    33    55    1323    (-,-) 
  csa_tree_ADD_TC_OP_groupi_g6108__7098/Y   -       B->Y   F     NOR2X2         2  1.0    38    37    1360    (-,-) 
  csa_tree_ADD_TC_OP_groupi_g6105__1705/Y   -       B->Y   R     NOR2X2         1  1.6    64    59    1419    (-,-) 
  csa_tree_ADD_TC_OP_groupi_g6102__3680/Y   -       B->Y   F     NOR2X4        10  3.1    46    55    1474    (-,-) 
  csa_tree_ADD_TC_OP_groupi_g6092__7410_1/Y -       B->Y   R     NOR2BX1        1  0.4    47    55    1529    (-,-) 
  csa_tree_ADD_TC_OP_groupi_g6075__1617/Y   -       S0->Y  R     MXI2XL         1  0.2    62    84    1613    (-,-) 
  g2319__1705/Y                             -       A1N->Y R     OAI2BB1XL      1  0.2    32   119    1732    (-,-) 
  result_reg[17]/D                          <<<     -      R     DFFRXL         1    -     -     0    1732    (-,-) 
#-------------------------------------------------------------------------------------------------------------------

