============================================================
  Generated by:           Genus(TM) Synthesis Solution 25.12-s067_1
  Generated on:           Aug 15 2026  09:26:06 am
  Module:                 x3_curto
  Operating conditions:   PVT_0P9V_125C (balanced_tree)
  Wireload mode:          enclosed
  Area mode:              timing library
============================================================

Timing
--------

Clock  Period 
--------------
clk   10000.0 


  Cost    Critical         Violating 
 Group   Path Slack  TNS     Paths   
-------------------------------------
clk          8414.8   0.0          0 
default    No paths   0.0            
-------------------------------------
Total                 0.0          0 

Instance Count
--------------
Leaf Instance Count             126 
Physical Instance count           0 
Sequential Instance Count        30 
Combinational Instance Count     96 
Hierarchical Instance Count       0 

Area
----
Cell Area                          343.368
Physical Cell Area                 0.000
Total Cell Area (Cell+Physical)    343.368
Net Area                           0.000
Total Area (Cell+Physical+Net)     343.368

Max Fanout                         30 (clk)
Min Fanout                         1 (X2[6])
Average Fanout                     2.0
Terms to net ratio                 2.8345
Terms to instance ratio            3.2619
Runtime                            26.519079 seconds
Elapsed Runtime                    32 seconds
Genus peak memory usage            2172.47 
Innovus peak memory usage          no_value 
Hostname                           localhost
