#! /usr/bin/vvp
:ivl_version "12.0 (stable)";
:ivl_delay_selection "TYPICAL";
:vpi_time_precision - 12;
:vpi_module "/usr/lib/x86_64-linux-gnu/ivl/system.vpi";
:vpi_module "/usr/lib/x86_64-linux-gnu/ivl/vhdl_sys.vpi";
:vpi_module "/usr/lib/x86_64-linux-gnu/ivl/vhdl_textio.vpi";
:vpi_module "/usr/lib/x86_64-linux-gnu/ivl/v2005_math.vpi";
:vpi_module "/usr/lib/x86_64-linux-gnu/ivl/va_math.vpi";
S_0x598472567230 .scope module, "tb_fifo" "tb_fifo" 2 3;
 .timescale -9 -12;
v0x59847259e700_0 .var "clk", 0 0;
v0x59847259e7c0_0 .var "data_in", 7 0;
v0x59847259e890_0 .net "data_out", 7 0, v0x59847259de00_0;  1 drivers
v0x59847259e990_0 .net "empty", 0 0, L_0x5984725aefb0;  1 drivers
v0x59847259ea60_0 .net "error", 0 0, v0x59847259dfa0_0;  1 drivers
v0x59847259eb00_0 .net "full", 0 0, L_0x5984725af280;  1 drivers
v0x59847259ebd0_0 .var "pop_i", 0 0;
v0x59847259eca0_0 .var "push_i", 0 0;
v0x59847259ed70_0 .var "rst", 0 0;
S_0x598472579510 .scope module, "dut" "fifo" 2 16, 3 1 0, S_0x598472567230;
 .timescale 0 0;
    .port_info 0 /INPUT 1 "clk";
    .port_info 1 /INPUT 1 "rst";
    .port_info 2 /INPUT 1 "push_i";
    .port_info 3 /INPUT 1 "pop_i";
    .port_info 4 /INPUT 8 "data_in";
    .port_info 5 /OUTPUT 8 "data_out";
    .port_info 6 /OUTPUT 1 "empty";
    .port_info 7 /OUTPUT 1 "full";
    .port_info 8 /OUTPUT 1 "error";
v0x5984725797f0_0 .net *"_ivl_0", 31 0, L_0x59847259ee40;  1 drivers
L_0x7d47433b70a8 .functor BUFT 1, C4<000000000000000000000000000>, C4<0>, C4<0>, C4<0>;
v0x59847259d6f0_0 .net *"_ivl_11", 26 0, L_0x7d47433b70a8;  1 drivers
L_0x7d47433b70f0 .functor BUFT 1, C4<00000000000000000000000000010000>, C4<0>, C4<0>, C4<0>;
v0x59847259d7d0_0 .net/2u *"_ivl_12", 31 0, L_0x7d47433b70f0;  1 drivers
L_0x7d47433b7018 .functor BUFT 1, C4<000000000000000000000000000>, C4<0>, C4<0>, C4<0>;
v0x59847259d890_0 .net *"_ivl_3", 26 0, L_0x7d47433b7018;  1 drivers
L_0x7d47433b7060 .functor BUFT 1, C4<00000000000000000000000000000000>, C4<0>, C4<0>, C4<0>;
v0x59847259d970_0 .net/2u *"_ivl_4", 31 0, L_0x7d47433b7060;  1 drivers
v0x59847259daa0_0 .net *"_ivl_8", 31 0, L_0x5984725af140;  1 drivers
v0x59847259db80_0 .net "clk", 0 0, v0x59847259e700_0;  1 drivers
v0x59847259dc40_0 .var "count", 4 0;
v0x59847259dd20_0 .net "data_in", 7 0, v0x59847259e7c0_0;  1 drivers
v0x59847259de00_0 .var "data_out", 7 0;
v0x59847259dee0_0 .net "empty", 0 0, L_0x5984725aefb0;  alias, 1 drivers
v0x59847259dfa0_0 .var "error", 0 0;
v0x59847259e060_0 .net "full", 0 0, L_0x5984725af280;  alias, 1 drivers
v0x59847259e120 .array "mem", 15 0, 7 0;
v0x59847259e1e0_0 .net "pop_i", 0 0, v0x59847259ebd0_0;  1 drivers
v0x59847259e2a0_0 .net "push_i", 0 0, v0x59847259eca0_0;  1 drivers
v0x59847259e360_0 .var "rd_ptr", 3 0;
v0x59847259e440_0 .net "rst", 0 0, v0x59847259ed70_0;  1 drivers
v0x59847259e500_0 .var "wr_ptr", 3 0;
E_0x59847253aff0 .event posedge, v0x59847259e440_0, v0x59847259db80_0;
L_0x59847259ee40 .concat [ 5 27 0 0], v0x59847259dc40_0, L_0x7d47433b7018;
L_0x5984725aefb0 .cmp/eq 32, L_0x59847259ee40, L_0x7d47433b7060;
L_0x5984725af140 .concat [ 5 27 0 0], v0x59847259dc40_0, L_0x7d47433b70a8;
L_0x5984725af280 .cmp/eq 32, L_0x5984725af140, L_0x7d47433b70f0;
    .scope S_0x598472579510;
T_0 ;
    %wait E_0x59847253aff0;
    %load/vec4 v0x59847259e440_0;
    %flag_set/vec4 8;
    %jmp/0xz  T_0.0, 8;
    %pushi/vec4 0, 0, 4;
    %assign/vec4 v0x59847259e500_0, 0;
    %pushi/vec4 0, 0, 4;
    %assign/vec4 v0x59847259e360_0, 0;
    %pushi/vec4 0, 0, 5;
    %assign/vec4 v0x59847259dc40_0, 0;
    %pushi/vec4 0, 0, 8;
    %assign/vec4 v0x59847259de00_0, 0;
    %pushi/vec4 0, 0, 1;
    %assign/vec4 v0x59847259dfa0_0, 0;
    %jmp T_0.1;
T_0.0 ;
    %pushi/vec4 0, 0, 1;
    %assign/vec4 v0x59847259dfa0_0, 0;
    %load/vec4 v0x59847259e2a0_0;
    %flag_set/vec4 8;
    %jmp/0xz  T_0.2, 8;
    %load/vec4 v0x59847259e060_0;
    %flag_set/vec4 8;
    %jmp/0xz  T_0.4, 8;
    %pushi/vec4 1, 0, 1;
    %assign/vec4 v0x59847259dfa0_0, 0;
    %jmp T_0.5;
T_0.4 ;
    %load/vec4 v0x59847259dd20_0;
    %load/vec4 v0x59847259e500_0;
    %pad/u 6;
    %ix/vec4 3;
    %ix/load 4, 0, 0; Constant delay
    %assign/vec4/a/d v0x59847259e120, 0, 4;
    %load/vec4 v0x59847259e500_0;
    %addi 1, 0, 4;
    %assign/vec4 v0x59847259e500_0, 0;
    %load/vec4 v0x59847259dc40_0;
    %addi 1, 0, 5;
    %assign/vec4 v0x59847259dc40_0, 0;
T_0.5 ;
T_0.2 ;
    %load/vec4 v0x59847259e1e0_0;
    %flag_set/vec4 8;
    %jmp/0xz  T_0.6, 8;
    %load/vec4 v0x59847259dee0_0;
    %flag_set/vec4 8;
    %jmp/0xz  T_0.8, 8;
    %pushi/vec4 1, 0, 1;
    %assign/vec4 v0x59847259dfa0_0, 0;
    %jmp T_0.9;
T_0.8 ;
    %load/vec4 v0x59847259e360_0;
    %pad/u 6;
    %ix/vec4 4;
    %load/vec4a v0x59847259e120, 4;
    %assign/vec4 v0x59847259de00_0, 0;
    %load/vec4 v0x59847259e360_0;
    %addi 1, 0, 4;
    %assign/vec4 v0x59847259e360_0, 0;
    %load/vec4 v0x59847259dc40_0;
    %subi 1, 0, 5;
    %assign/vec4 v0x59847259dc40_0, 0;
T_0.9 ;
T_0.6 ;
T_0.1 ;
    %jmp T_0;
    .thread T_0;
    .scope S_0x598472567230;
T_1 ;
    %delay 5000, 0;
    %load/vec4 v0x59847259e700_0;
    %inv;
    %store/vec4 v0x59847259e700_0, 0, 1;
    %jmp T_1;
    .thread T_1;
    .scope S_0x598472567230;
T_2 ;
    %vpi_call 2 31 "$dumpfile", "fifo_tb.vcd" {0 0 0};
    %vpi_call 2 32 "$dumpvars", 32'sb00000000000000000000000000000000, S_0x598472567230 {0 0 0};
    %pushi/vec4 0, 0, 1;
    %store/vec4 v0x59847259e700_0, 0, 1;
    %pushi/vec4 1, 0, 1;
    %store/vec4 v0x59847259ed70_0, 0, 1;
    %pushi/vec4 0, 0, 1;
    %store/vec4 v0x59847259eca0_0, 0, 1;
    %pushi/vec4 0, 0, 1;
    %store/vec4 v0x59847259ebd0_0, 0, 1;
    %pushi/vec4 0, 0, 8;
    %store/vec4 v0x59847259e7c0_0, 0, 8;
    %delay 20000, 0;
    %pushi/vec4 0, 0, 1;
    %store/vec4 v0x59847259ed70_0, 0, 1;
    %vpi_call 2 43 "$display", "==========================================" {0 0 0};
    %vpi_call 2 44 "$display", " TESTE" {0 0 0};
    %vpi_call 2 45 "$display", "==========================================" {0 0 0};
    %vpi_call 2 47 "$display", "Tempo\011WR\011RD\011DIN\011DOUT\011EMPTY\011FULL\011ERROR" {0 0 0};
    %vpi_call 2 49 "$monitor", "%0t\011%b\011%b\011%0d\011%0d\011%b\011%b\011%b", $time, v0x59847259eca0_0, v0x59847259ebd0_0, v0x59847259e7c0_0, v0x59847259e890_0, v0x59847259e990_0, v0x59847259eb00_0, v0x59847259ea60_0 {0 0 0};
    %vpi_call 2 59 "$display", "\012--- TESTE EMPTY ---" {0 0 0};
    %delay 10000, 0;
    %pushi/vec4 1, 0, 1;
    %store/vec4 v0x59847259ebd0_0, 0, 1;
    %delay 10000, 0;
    %pushi/vec4 0, 0, 1;
    %store/vec4 v0x59847259ebd0_0, 0, 1;
    %vpi_call 2 67 "$display", "\012--- TESTE ESCRITA ---" {0 0 0};
    %delay 10000, 0;
    %pushi/vec4 1, 0, 1;
    %store/vec4 v0x59847259eca0_0, 0, 1;
    %pushi/vec4 0, 0, 8;
    %store/vec4 v0x59847259e7c0_0, 0, 8;
    %delay 10000, 0;
    %pushi/vec4 1, 0, 8;
    %store/vec4 v0x59847259e7c0_0, 0, 8;
    %delay 10000, 0;
    %pushi/vec4 2, 0, 8;
    %store/vec4 v0x59847259e7c0_0, 0, 8;
    %delay 10000, 0;
    %pushi/vec4 4, 0, 8;
    %store/vec4 v0x59847259e7c0_0, 0, 8;
    %delay 10000, 0;
    %pushi/vec4 0, 0, 1;
    %store/vec4 v0x59847259eca0_0, 0, 1;
    %vpi_call 2 79 "$display", "\012--- TESTE LEITURA ---" {0 0 0};
    %delay 10000, 0;
    %pushi/vec4 1, 0, 1;
    %store/vec4 v0x59847259ebd0_0, 0, 1;
    %delay 40000, 0;
    %pushi/vec4 0, 0, 1;
    %store/vec4 v0x59847259ebd0_0, 0, 1;
    %vpi_call 2 87 "$display", "\012--- TESTE signal FULL ---" {0 0 0};
    %delay 10000, 0;
    %pushi/vec4 1, 0, 1;
    %store/vec4 v0x59847259eca0_0, 0, 1;
    %pushi/vec4 1, 0, 8;
    %store/vec4 v0x59847259e7c0_0, 0, 8;
    %delay 10000, 0;
    %pushi/vec4 2, 0, 8;
    %store/vec4 v0x59847259e7c0_0, 0, 8;
    %delay 10000, 0;
    %pushi/vec4 3, 0, 8;
    %store/vec4 v0x59847259e7c0_0, 0, 8;
    %delay 10000, 0;
    %pushi/vec4 4, 0, 8;
    %store/vec4 v0x59847259e7c0_0, 0, 8;
    %delay 10000, 0;
    %pushi/vec4 5, 0, 8;
    %store/vec4 v0x59847259e7c0_0, 0, 8;
    %delay 10000, 0;
    %pushi/vec4 6, 0, 8;
    %store/vec4 v0x59847259e7c0_0, 0, 8;
    %delay 10000, 0;
    %pushi/vec4 7, 0, 8;
    %store/vec4 v0x59847259e7c0_0, 0, 8;
    %delay 10000, 0;
    %pushi/vec4 8, 0, 8;
    %store/vec4 v0x59847259e7c0_0, 0, 8;
    %delay 10000, 0;
    %pushi/vec4 9, 0, 8;
    %store/vec4 v0x59847259e7c0_0, 0, 8;
    %delay 10000, 0;
    %pushi/vec4 10, 0, 8;
    %store/vec4 v0x59847259e7c0_0, 0, 8;
    %delay 10000, 0;
    %pushi/vec4 11, 0, 8;
    %store/vec4 v0x59847259e7c0_0, 0, 8;
    %delay 10000, 0;
    %pushi/vec4 12, 0, 8;
    %store/vec4 v0x59847259e7c0_0, 0, 8;
    %delay 10000, 0;
    %pushi/vec4 13, 0, 8;
    %store/vec4 v0x59847259e7c0_0, 0, 8;
    %delay 10000, 0;
    %pushi/vec4 14, 0, 8;
    %store/vec4 v0x59847259e7c0_0, 0, 8;
    %delay 10000, 0;
    %pushi/vec4 15, 0, 8;
    %store/vec4 v0x59847259e7c0_0, 0, 8;
    %delay 10000, 0;
    %pushi/vec4 16, 0, 8;
    %store/vec4 v0x59847259e7c0_0, 0, 8;
    %delay 10000, 0;
    %pushi/vec4 0, 0, 1;
    %store/vec4 v0x59847259eca0_0, 0, 1;
    %vpi_call 2 111 "$display", " FIM DA SIMULACAO " {0 0 0};
    %vpi_call 2 113 "$finish" {0 0 0};
    %end;
    .thread T_2;
# The file index is used to find the file name in the following table.
:file_names 4;
    "N/A";
    "<interactive>";
    "tb_fifo.v";
    "fifo.v";
