============================================================
  Generated by:           Genus(TM) Synthesis Solution 25.12-s067_1
  Generated on:           Aug 15 2026  10:37:04 am
  Module:                 mac_param
  Operating conditions:   PVT_0P9V_125C (balanced_tree)
  Wireload mode:          enclosed
  Area mode:              timing library
============================================================

Timing
--------

Clock  Period 
--------------
clk   10000.0 


  Cost    Critical         Violating 
 Group   Path Slack  TNS     Paths   
-------------------------------------
clk          5245.1   0.0          0 
default    No paths   0.0            
-------------------------------------
Total                 0.0          0 

Instance Count
--------------
Leaf Instance Count             266 
Physical Instance count           0 
Sequential Instance Count        38 
Combinational Instance Count    228 
Hierarchical Instance Count       0 

Area
----
Cell Area                          832.770
Physical Cell Area                 0.000
Total Cell Area (Cell+Physical)    832.770
Net Area                           0.000
Total Area (Cell+Physical+Net)     832.770

Max Fanout                         38 (clk)
Min Fanout                         0 (rst_n)
Average Fanout                     2.0
Terms to net ratio                 2.9603
Terms to instance ratio            3.9286
Runtime                            33.182140000000004 seconds
Elapsed Runtime                    39 seconds
Genus peak memory usage            2254.21 
Innovus peak memory usage          no_value 
Hostname                           localhost
