============================================================
  Generated by:           Genus(TM) Synthesis Solution 25.12-s067_1
  Generated on:           Jul 25 2026  02:39:48 pm
  Module:                 mac_param
  Operating conditions:   PVT_1P1V_0C (balanced_tree)
  Wireload mode:          enclosed
  Area mode:              timing library
============================================================

Timing
--------

Clock Period 
-------------
clk   1000.0 


  Cost    Critical         Violating 
 Group   Path Slack  TNS     Paths   
-------------------------------------
clk           313.6   0.0          0 
default    No paths   0.0            
-------------------------------------
Total                 0.0          0 

Instance Count
--------------
Leaf Instance Count             314 
Physical Instance count           0 
Sequential Instance Count        38 
Combinational Instance Count    276 
Hierarchical Instance Count       0 

Area
----
Cell Area                          875.178
Physical Cell Area                 0.000
Total Cell Area (Cell+Physical)    875.178
Net Area                           0.000
Total Area (Cell+Physical+Net)     875.178

Max Fanout                         38 (clk)
Min Fanout                         0 (rst_n)
Average Fanout                     2.1
Terms to net ratio                 3.0256
Terms to instance ratio            3.7580
Runtime                            35.612396 seconds
Elapsed Runtime                    43 seconds
Genus peak memory usage            2315.64 
Innovus peak memory usage          no_value 
Hostname                           localhost
