============================================================
  Generated by:           Genus(TM) Synthesis Solution 25.12-s067_1
  Generated on:           Jul 25 2026  03:19:44 pm
  Module:                 mac_param
  Operating conditions:   PVT_1P1V_0C (balanced_tree)
  Wireload mode:          enclosed
  Area mode:              timing library
============================================================


Path 1: MET (0 ps) Setup Check with Pin result_reg[18]/CK->D
          Group: clk
     Startpoint: (R) result_reg[6]/CK
          Clock: (R) clk
       Endpoint: (R) result_reg[18]/D
          Clock: (R) clk

                     Capture       Launch     
        Clock Edge:+     420            0     
       Src Latency:+       0            0     
       Net Latency:+       0 (I)        0 (I) 
           Arrival:=     420            0     
                                              
             Setup:-      22                  
     Required Time:=     398                  
      Launch Clock:-       0                  
         Data Path:-     398                  
             Slack:=       0                  

#-----------------------------------------------------------------------------------------------------------------
#              Timing Point               Flags    Arc   Edge   Cell     Fanout Load Trans Delay Arrival Instance 
#                                                                               (fF)  (ps)  (ps)   (ps)  Location 
#-----------------------------------------------------------------------------------------------------------------
  result_reg[6]/CK                        -       -      R     (arrival)     38    -     0     0       0    (-,-) 
  result_reg[6]/Q                         -       CK->Q  R     DFFRHQX1       5  4.1    31    68      68    (-,-) 
  csa_tree_ADD_TC_OP_groupi_g4615__8428/Y -       B->Y   F     NOR2BX1        1  0.2     9    15      83    (-,-) 
  csa_tree_ADD_TC_OP_groupi_g4464__5107/Y -       B->Y   R     NOR2XL         1  0.5    18    15      98    (-,-) 
  csa_tree_ADD_TC_OP_groupi_g4459__7410/Y -       B->Y   F     NOR2X1         2  0.8    12    13     111    (-,-) 
  csa_tree_ADD_TC_OP_groupi_g4354__5526/Y -       A0->Y  R     OAI21X1        1  0.7    21    21     132    (-,-) 
  csa_tree_ADD_TC_OP_groupi_g4319__5526/S -       CI->S  F     ADDFXL         2  0.7    12    56     188    (-,-) 
  csa_tree_ADD_TC_OP_groupi_g4298__5115/Y -       B0->Y  R     OAI21XL        1  0.5    23    11     200    (-,-) 
  csa_tree_ADD_TC_OP_groupi_g4292__1705/Y -       B0->Y  F     OAI2BB1X1      2  0.7    17    21     220    (-,-) 
  csa_tree_ADD_TC_OP_groupi_g4259__7098/Y -       A->Y   R     NOR2X1         2  0.6    15    18     238    (-,-) 
  csa_tree_ADD_TC_OP_groupi_g4248__5526/Y -       B->Y   F     NOR2XL         1  0.4    10    11     250    (-,-) 
  csa_tree_ADD_TC_OP_groupi_g4244__6260/Y -       B->Y   R     NOR2BX1        2  0.6    15    14     264    (-,-) 
  csa_tree_ADD_TC_OP_groupi_g4236__1666/Y -       A1->Y  F     OAI21XL        1  0.3    18    17     280    (-,-) 
  csa_tree_ADD_TC_OP_groupi_g4230__6161/Y -       AN->Y  F     NAND2BX2       3  1.3    16    31     312    (-,-) 
  csa_tree_ADD_TC_OP_groupi_g4228__4733/Y -       B->Y   R     NAND2X2        1  1.9    14    12     324    (-,-) 
  csa_tree_ADD_TC_OP_groupi_g4224__6131/Y -       B->Y   F     NAND2X4       10  2.5    17    16     340    (-,-) 
  csa_tree_ADD_TC_OP_groupi_g4212__5526/Y -       B->Y   R     NAND2BXL       1  0.6    13    14     354    (-,-) 
  csa_tree_ADD_TC_OP_groupi_g4203__1666/Y -       S0->Y  R     MXI2XL         1  0.3    20    20     374    (-,-) 
  g1880__7098/Y                           -       A1N->Y R     OAI2BB1XL      1  0.4    12    24     398    (-,-) 
  result_reg[18]/D                        -       -      R     DFFRHQX1       1    -     -     0     398    (-,-) 
#-----------------------------------------------------------------------------------------------------------------

