#! /usr/local/bin/vvp
:ivl_version "14.0 (devel)" "(s20251012-116-g98391b56b)";
:ivl_delay_selection "TYPICAL";
:vpi_time_precision + 0;
:vpi_module "/usr/local/lib/ivl/system.vpi";
:vpi_module "/usr/local/lib/ivl/vhdl_sys.vpi";
:vpi_module "/usr/local/lib/ivl/vhdl_textio.vpi";
:vpi_module "/usr/local/lib/ivl/v2005_math.vpi";
:vpi_module "/usr/local/lib/ivl/va_math.vpi";
S_0x1eb0f50 .scope module, "task_mux_tb" "task_mux_tb" 2 1;
 .timescale 0 0;
v0x1efa6e0_0 .net "mux_indice", 2 0, L_0x1efa7d0;  1 drivers
S_0x1ec35f0 .scope module, "dut" "task_mux" 2 5, 3 1 0, S_0x1eb0f50;
 .timescale 0 0;
    .port_info 0 /OUTPUT 3 "mux_indice";
L_0x1efa7d0 .functor BUFZ 3, v0x1efa5c0_0, C4<000>, C4<000>, C4<000>;
v0x1efa4c0_0 .net "mux_indice", 2 0, L_0x1efa7d0;  alias, 1 drivers
v0x1efa5c0_0 .var "mux_indice_reg", 2 0;
S_0x1ec37d0 .scope task, "get_index" "get_index" 3 7, 3 7 0, S_0x1ec35f0;
 .timescale 0 0;
v0x1ec39b0_0 .var "mux_indice", 2 0;
TD_task_mux_tb.dut.get_index ;
    %load/vec4 v0x1ec39b0_0;
    %addi 1, 0, 3;
    %assign/vec4 v0x1efa5c0_0, 0;
    %delay 5, 0;
    %end;
    .scope S_0x1ec35f0;
T_1 ;
    %pushi/vec4 0, 0, 3;
    %store/vec4 v0x1efa5c0_0, 0, 3;
    %end;
    .thread T_1;
    .scope S_0x1ec35f0;
T_2 ;
    %load/vec4 v0x1efa5c0_0;
    %store/vec4 v0x1ec39b0_0, 0, 3;
    %fork TD_task_mux_tb.dut.get_index, S_0x1ec37d0;
    %join;
    %jmp T_2;
    .thread T_2;
    .scope S_0x1eb0f50;
T_3 ;
    %vpi_call 2 10 "$display", "Tempo\011mux_indice" {0 0 0};
    %vpi_call 2 11 "$monitor", "%0t\011%b", $time, v0x1efa6e0_0 {0 0 0};
    %delay 50, 0;
    %vpi_call 2 15 "$display", "Finalizando teste." {0 0 0};
    %vpi_call 2 16 "$finish" {0 0 0};
    %end;
    .thread T_3;
# The file index is used to find the file name in the following table.
:file_names 4;
    "N/A";
    "<interactive>";
    "task_mux_tb.v";
    "task_mux.v";
