============================================================
  Generated by:           Genus(TM) Synthesis Solution 25.12-s067_1
  Generated on:           Jul 25 2026  12:02:37 pm
  Module:                 x3_curto
  Operating conditions:   PVT_1P1V_0C (balanced_tree)
  Wireload mode:          enclosed
  Area mode:              timing library
============================================================

Timing
--------

Clock  Period 
--------------
clk   10000.0 


  Cost    Critical         Violating 
 Group   Path Slack  TNS     Paths   
-------------------------------------
clk          9512.5   0.0          0 
default    No paths   0.0            
-------------------------------------
Total                 0.0          0 

Instance Count
--------------
Leaf Instance Count             125 
Physical Instance count           0 
Sequential Instance Count        30 
Combinational Instance Count     95 
Hierarchical Instance Count       0 

Area
----
Cell Area                          343.710
Physical Cell Area                 0.000
Total Cell Area (Cell+Physical)    343.710
Net Area                           0.000
Total Area (Cell+Physical+Net)     343.710

Max Fanout                         30 (clk)
Min Fanout                         1 (X2[6])
Average Fanout                     1.9
Terms to net ratio                 2.8125
Terms to instance ratio            3.2400
Runtime                            29.513693 seconds
Elapsed Runtime                    34 seconds
Genus peak memory usage            2233.90 
Innovus peak memory usage          no_value 
Hostname                           localhost
