============================================================
  Generated by:           Genus(TM) Synthesis Solution 25.12-s067_1
  Generated on:           Jul 25 2026  12:02:37 pm
  Module:                 x3_curto
  Operating conditions:   PVT_1P1V_0C (balanced_tree)
  Wireload mode:          enclosed
  Area mode:              timing library
============================================================


Path 1: MET (9512 ps) Setup Check with Pin XPower_reg[7]/CK->D
          Group: clk
     Startpoint: (R) X2_reg[0]/CK
          Clock: (R) clk
       Endpoint: (R) XPower_reg[7]/D
          Clock: (R) clk

                     Capture       Launch     
        Clock Edge:+   10000            0     
       Src Latency:+       0            0     
       Net Latency:+       0 (I)        0 (I) 
           Arrival:=   10000            0     
                                              
             Setup:-       6                  
       Uncertainty:-     100                  
     Required Time:=    9894                  
      Launch Clock:-       0                  
         Data Path:-     381                  
             Slack:=    9512                  

#-------------------------------------------------------------------------------------------------
#      Timing Point       Flags    Arc   Edge   Cell     Fanout Load Trans Delay Arrival Instance 
#                                                               (fF)  (ps)  (ps)   (ps)  Location 
#-------------------------------------------------------------------------------------------------
  X2_reg[0]/CK            -       -      R     (arrival)     30    -   200     0       0    (-,-) 
  X2_reg[0]/Q             -       CK->Q  R     DFFHQX1       14  4.4    32    94      94    (-,-) 
  mul_20_24_g532__5477/Y  -       B->Y   F     NAND2XL        2  0.9    27    27     121    (-,-) 
  mul_20_24_g502__7410/Y  -       B->Y   R     XOR2XL         1  0.7    11    30     151    (-,-) 
  mul_20_24_g493__5115/S  -       CI->S  F     ADDFX1         1  0.7    12    61     212    (-,-) 
  mul_20_24_g484__3680/CO -       CI->CO F     ADDFX1         1  1.0    14    44     257    (-,-) 
  mul_20_24_g482__5526/CO -       B->CO  F     ADDFX1         1  1.0    14    46     303    (-,-) 
  mul_20_24_g481__8428/CO -       B->CO  F     ADDFX1         1  0.5    10    44     347    (-,-) 
  mul_20_24_g480__4319/Y  -       B->Y   R     XNOR2X1        1  0.3     6    34     381    (-,-) 
  XPower_reg[7]/D         <<<     -      R     DFFQXL         1    -     -     0     381    (-,-) 
#-------------------------------------------------------------------------------------------------

